<?xml version="1.0" encoding="ISO-8859-1" ?>
<link_info>
   <banner>TI ARM Linker Unix v18.12.2.LTS</banner>
   <copyright>Copyright (c) 1996-2018 Texas Instruments Incorporated</copyright>
   <link_time>0x5dbb3010</link_time>
   <link_errors>0x0</link_errors>
   <output_file>ece3849_lab0_starter.out</output_file>
   <entry_point>
      <name>_c_int00_noargs</name>
      <address>0x37a5</address>
   </entry_point>
   <input_file_list>
      <input_file id="fl-1">
         <path>./</path>
         <kind>object</kind>
         <file>Crystalfontz128x128_ST7735.obj</file>
         <name>Crystalfontz128x128_ST7735.obj</name>
      </input_file>
      <input_file id="fl-2">
         <path>./</path>
         <kind>object</kind>
         <file>HAL_EK_TM4C1294XL_Crystalfontz128x128_ST7735.obj</file>
         <name>HAL_EK_TM4C1294XL_Crystalfontz128x128_ST7735.obj</name>
      </input_file>
      <input_file id="fl-3">
         <path>./</path>
         <kind>object</kind>
         <file>buttons.obj</file>
         <name>buttons.obj</name>
      </input_file>
      <input_file id="fl-4">
         <path>./</path>
         <kind>object</kind>
         <file>main.obj</file>
         <name>main.obj</name>
      </input_file>
      <input_file id="fl-5">
         <path>./</path>
         <kind>object</kind>
         <file>sysctl_pll.obj</file>
         <name>sysctl_pll.obj</name>
      </input_file>
      <input_file id="fl-6">
         <path>./</path>
         <kind>object</kind>
         <file>tm4c1294ncpdt_startup_ccs.obj</file>
         <name>tm4c1294ncpdt_startup_ccs.obj</name>
      </input_file>
      <input_file id="fl-c">
         <kind>object</kind>
         <file>&lt;internal&gt;</file>
         <name>&lt;internal&gt;</name>
      </input_file>
      <input_file id="fl-c2">
         <path>/Applications/ti/ccs910/ccs/tools/compiler/ti-cgt-arm_18.12.2.LTS/lib/</path>
         <kind>archive</kind>
         <file>rtsv7M4_T_le_v4SPD16_eabi.lib</file>
         <name>snprintf.c.obj</name>
      </input_file>
      <input_file id="fl-c3">
         <path>/Applications/ti/ccs910/ccs/tools/compiler/ti-cgt-arm_18.12.2.LTS/lib/</path>
         <kind>archive</kind>
         <file>rtsv7M4_T_le_v4SPD16_eabi.lib</file>
         <name>fd_add_t2.asm.obj</name>
      </input_file>
      <input_file id="fl-c4">
         <path>/Applications/ti/ccs910/ccs/tools/compiler/ti-cgt-arm_18.12.2.LTS/lib/</path>
         <kind>archive</kind>
         <file>rtsv7M4_T_le_v4SPD16_eabi.lib</file>
         <name>fd_div_t2.asm.obj</name>
      </input_file>
      <input_file id="fl-c5">
         <path>/Applications/ti/ccs910/ccs/tools/compiler/ti-cgt-arm_18.12.2.LTS/lib/</path>
         <kind>archive</kind>
         <file>rtsv7M4_T_le_v4SPD16_eabi.lib</file>
         <name>fd_mul_t2.asm.obj</name>
      </input_file>
      <input_file id="fl-c6">
         <path>/Applications/ti/ccs910/ccs/tools/compiler/ti-cgt-arm_18.12.2.LTS/lib/</path>
         <kind>archive</kind>
         <file>rtsv7M4_T_le_v4SPD16_eabi.lib</file>
         <name>fd_toi_t2.asm.obj</name>
      </input_file>
      <input_file id="fl-c7">
         <path>/Applications/ti/ccs910/ccs/tools/compiler/ti-cgt-arm_18.12.2.LTS/lib/</path>
         <kind>archive</kind>
         <file>rtsv7M4_T_le_v4SPD16_eabi.lib</file>
         <name>fd_tou_t2.asm.obj</name>
      </input_file>
      <input_file id="fl-c8">
         <path>/Applications/ti/ccs910/ccs/tools/compiler/ti-cgt-arm_18.12.2.LTS/lib/</path>
         <kind>archive</kind>
         <file>rtsv7M4_T_le_v4SPD16_eabi.lib</file>
         <name>i_tofd_t2.asm.obj</name>
      </input_file>
      <input_file id="fl-c9">
         <path>/Applications/ti/ccs910/ccs/tools/compiler/ti-cgt-arm_18.12.2.LTS/lib/</path>
         <kind>archive</kind>
         <file>rtsv7M4_T_le_v4SPD16_eabi.lib</file>
         <name>memcpy_t2.asm.obj</name>
      </input_file>
      <input_file id="fl-ca">
         <path>/Applications/ti/ccs910/ccs/tools/compiler/ti-cgt-arm_18.12.2.LTS/lib/</path>
         <kind>archive</kind>
         <file>rtsv7M4_T_le_v4SPD16_eabi.lib</file>
         <name>u_tofd_t2.asm.obj</name>
      </input_file>
      <input_file id="fl-cb">
         <path>/Applications/ti/ccs910/ccs/tools/compiler/ti-cgt-arm_18.12.2.LTS/lib/</path>
         <kind>archive</kind>
         <file>rtsv7M4_T_le_v4SPD16_eabi.lib</file>
         <name>copy_zero_init.c.obj</name>
      </input_file>
      <input_file id="fl-cc">
         <path>/Applications/ti/ccs910/ccs/tools/compiler/ti-cgt-arm_18.12.2.LTS/lib/</path>
         <kind>archive</kind>
         <file>rtsv7M4_T_le_v4SPD16_eabi.lib</file>
         <name>copy_decompress_none.c.obj</name>
      </input_file>
      <input_file id="fl-cd">
         <path>/Applications/ti/ccs910/ccs/tools/compiler/ti-cgt-arm_18.12.2.LTS/lib/</path>
         <kind>archive</kind>
         <file>rtsv7M4_T_le_v4SPD16_eabi.lib</file>
         <name>copy_decompress_lzss.c.obj</name>
      </input_file>
      <input_file id="fl-ce">
         <path>/Applications/ti/ccs910/ccs/tools/compiler/ti-cgt-arm_18.12.2.LTS/lib/</path>
         <kind>archive</kind>
         <file>rtsv7M4_T_le_v4SPD16_eabi.lib</file>
         <name>memory.c.obj</name>
      </input_file>
      <input_file id="fl-cf">
         <path>/Applications/ti/ccs910/ccs/tools/compiler/ti-cgt-arm_18.12.2.LTS/lib/</path>
         <kind>archive</kind>
         <file>rtsv7M4_T_le_v4SPD16_eabi.lib</file>
         <name>boot_cortex_m.c.obj</name>
      </input_file>
      <input_file id="fl-d0">
         <path>/Applications/ti/ccs910/ccs/tools/compiler/ti-cgt-arm_18.12.2.LTS/lib/</path>
         <kind>archive</kind>
         <file>rtsv7M4_T_le_v4SPD16_eabi.lib</file>
         <name>_printfi.c.obj</name>
      </input_file>
      <input_file id="fl-d1">
         <path>/Applications/ti/ccs910/ccs/tools/compiler/ti-cgt-arm_18.12.2.LTS/lib/</path>
         <kind>archive</kind>
         <file>rtsv7M4_T_le_v4SPD16_eabi.lib</file>
         <name>s_frexp.c.obj</name>
      </input_file>
      <input_file id="fl-d2">
         <path>/Applications/ti/ccs910/ccs/tools/compiler/ti-cgt-arm_18.12.2.LTS/lib/</path>
         <kind>archive</kind>
         <file>rtsv7M4_T_le_v4SPD16_eabi.lib</file>
         <name>s_scalbn.c.obj</name>
      </input_file>
      <input_file id="fl-d3">
         <path>/Applications/ti/ccs910/ccs/tools/compiler/ti-cgt-arm_18.12.2.LTS/lib/</path>
         <kind>archive</kind>
         <file>rtsv7M4_T_le_v4SPD16_eabi.lib</file>
         <name>ull_div_t2.asm.obj</name>
      </input_file>
      <input_file id="fl-d4">
         <path>/Applications/ti/ccs910/ccs/tools/compiler/ti-cgt-arm_18.12.2.LTS/lib/</path>
         <kind>archive</kind>
         <file>rtsv7M4_T_le_v4SPD16_eabi.lib</file>
         <name>memset_t2.asm.obj</name>
      </input_file>
      <input_file id="fl-d5">
         <path>/Applications/ti/ccs910/ccs/tools/compiler/ti-cgt-arm_18.12.2.LTS/lib/</path>
         <kind>archive</kind>
         <file>rtsv7M4_T_le_v4SPD16_eabi.lib</file>
         <name>fd_cmp_t2.asm.obj</name>
      </input_file>
      <input_file id="fl-d6">
         <path>/Applications/ti/ccs910/ccs/tools/compiler/ti-cgt-arm_18.12.2.LTS/lib/</path>
         <kind>archive</kind>
         <file>rtsv7M4_T_le_v4SPD16_eabi.lib</file>
         <name>autoinit.c.obj</name>
      </input_file>
      <input_file id="fl-d7">
         <path>/Applications/ti/ccs910/ccs/tools/compiler/ti-cgt-arm_18.12.2.LTS/lib/</path>
         <kind>archive</kind>
         <file>rtsv7M4_T_le_v4SPD16_eabi.lib</file>
         <name>pre_init.c.obj</name>
      </input_file>
      <input_file id="fl-d8">
         <path>/Applications/ti/ccs910/ccs/tools/compiler/ti-cgt-arm_18.12.2.LTS/lib/</path>
         <kind>archive</kind>
         <file>rtsv7M4_T_le_v4SPD16_eabi.lib</file>
         <name>cpy_tbl.c.obj</name>
      </input_file>
      <input_file id="fl-d9">
         <path>/Applications/ti/ccs910/ccs/tools/compiler/ti-cgt-arm_18.12.2.LTS/lib/</path>
         <kind>archive</kind>
         <file>rtsv7M4_T_le_v4SPD16_eabi.lib</file>
         <name>exit.c.obj</name>
      </input_file>
      <input_file id="fl-da">
         <path>/Applications/ti/ccs910/ccs/tools/compiler/ti-cgt-arm_18.12.2.LTS/lib/</path>
         <kind>archive</kind>
         <file>rtsv7M4_T_le_v4SPD16_eabi.lib</file>
         <name>_lock.c.obj</name>
      </input_file>
      <input_file id="fl-db">
         <path>/Applications/ti/ccs910/ccs/tools/compiler/ti-cgt-arm_18.12.2.LTS/lib/</path>
         <kind>archive</kind>
         <file>rtsv7M4_T_le_v4SPD16_eabi.lib</file>
         <name>args_main.c.obj</name>
      </input_file>
      <input_file id="fl-dc">
         <path>/Applications/ti/ccs910/ccs/tools/compiler/ti-cgt-arm_18.12.2.LTS/lib/</path>
         <kind>archive</kind>
         <file>rtsv7M4_T_le_v4SPD16_eabi.lib</file>
         <name>atoi.c.obj</name>
      </input_file>
      <input_file id="fl-dd">
         <path>/Applications/ti/ccs910/ccs/tools/compiler/ti-cgt-arm_18.12.2.LTS/lib/</path>
         <kind>archive</kind>
         <file>rtsv7M4_T_le_v4SPD16_eabi.lib</file>
         <name>ctype.c.obj</name>
      </input_file>
      <input_file id="fl-de">
         <path>/Applications/ti/ccs910/ccs/tools/compiler/ti-cgt-arm_18.12.2.LTS/lib/</path>
         <kind>archive</kind>
         <file>rtsv7M4_T_le_v4SPD16_eabi.lib</file>
         <name>ltoa.c.obj</name>
      </input_file>
      <input_file id="fl-df">
         <path>/Applications/ti/ccs910/ccs/tools/compiler/ti-cgt-arm_18.12.2.LTS/lib/</path>
         <kind>archive</kind>
         <file>rtsv7M4_T_le_v4SPD16_eabi.lib</file>
         <name>memccpy.c.obj</name>
      </input_file>
      <input_file id="fl-e0">
         <path>/Applications/ti/ccs910/ccs/tools/compiler/ti-cgt-arm_18.12.2.LTS/lib/</path>
         <kind>archive</kind>
         <file>rtsv7M4_T_le_v4SPD16_eabi.lib</file>
         <name>strchr.c.obj</name>
      </input_file>
      <input_file id="fl-e1">
         <path>/Applications/ti/ccs910/ccs/tools/compiler/ti-cgt-arm_18.12.2.LTS/lib/</path>
         <kind>archive</kind>
         <file>rtsv7M4_T_le_v4SPD16_eabi.lib</file>
         <name>strlen.c.obj</name>
      </input_file>
      <input_file id="fl-e2">
         <path>/Applications/ti/ccs910/ccs/tools/compiler/ti-cgt-arm_18.12.2.LTS/lib/</path>
         <kind>archive</kind>
         <file>rtsv7M4_T_le_v4SPD16_eabi.lib</file>
         <name>errno.c.obj</name>
      </input_file>
      <input_file id="fl-e3">
         <path>/Applications/ti/ccs910/ccs/tools/compiler/ti-cgt-arm_18.12.2.LTS/lib/</path>
         <kind>archive</kind>
         <file>rtsv7M4_T_le_v4SPD16_eabi.lib</file>
         <name>wcslen.c.obj</name>
      </input_file>
      <input_file id="fl-e4">
         <path>/Applications/ti/ccs910/ccs/tools/compiler/ti-cgt-arm_18.12.2.LTS/lib/</path>
         <kind>archive</kind>
         <file>rtsv7M4_T_le_v4SPD16_eabi.lib</file>
         <name>s_copysign.c.obj</name>
      </input_file>
      <input_file id="fl-e5">
         <path>/Applications/ti/ccs910/ccs/tools/compiler/ti-cgt-arm_18.12.2.LTS/lib/</path>
         <kind>archive</kind>
         <file>rtsv7M4_T_le_v4SPD16_eabi.lib</file>
         <name>div0.asm.obj</name>
      </input_file>
      <input_file id="fl-e6">
         <path>/Applications/ti/tirtos_tivac_2_16_00_08/products/TivaWare_C_Series-2.1.1.71b/grlib/ccs/Debug/</path>
         <kind>archive</kind>
         <file>grlib.lib</file>
         <name>context.obj</name>
      </input_file>
      <input_file id="fl-e7">
         <path>/Applications/ti/tirtos_tivac_2_16_00_08/products/TivaWare_C_Series-2.1.1.71b/grlib/ccs/Debug/</path>
         <kind>archive</kind>
         <file>grlib.lib</file>
         <name>rectangle.obj</name>
      </input_file>
      <input_file id="fl-e8">
         <path>/Applications/ti/tirtos_tivac_2_16_00_08/products/TivaWare_C_Series-2.1.1.71b/grlib/ccs/Debug/</path>
         <kind>archive</kind>
         <file>grlib.lib</file>
         <name>string.obj</name>
      </input_file>
      <input_file id="fl-e9">
         <path>/Applications/ti/tirtos_tivac_2_16_00_08/products/TivaWare_C_Series-2.1.1.71b/grlib/ccs/Debug/</path>
         <kind>archive</kind>
         <file>grlib.lib</file>
         <name>fontfixed6x8.obj</name>
      </input_file>
      <input_file id="fl-ea">
         <path>/Applications/ti/tirtos_tivac_2_16_00_08/products/TivaWare_C_Series-2.1.1.71b/grlib/ccs/Debug/</path>
         <kind>archive</kind>
         <file>grlib.lib</file>
         <name>charmap.obj</name>
      </input_file>
      <input_file id="fl-eb">
         <path>/Applications/ti/tirtos_tivac_2_16_00_08/products/TivaWare_C_Series-2.1.1.71b/grlib/ccs/Debug/</path>
         <kind>archive</kind>
         <file>grlib.lib</file>
         <name>line.obj</name>
      </input_file>
      <input_file id="fl-ec">
         <path>/Applications/ti/tirtos_tivac_2_16_00_08/products/TivaWare_C_Series-2.1.1.71b/driverlib/ccs/Debug/</path>
         <kind>archive</kind>
         <file>driverlib.lib</file>
         <name>adc.obj</name>
      </input_file>
      <input_file id="fl-ed">
         <path>/Applications/ti/tirtos_tivac_2_16_00_08/products/TivaWare_C_Series-2.1.1.71b/driverlib/ccs/Debug/</path>
         <kind>archive</kind>
         <file>driverlib.lib</file>
         <name>fpu.obj</name>
      </input_file>
      <input_file id="fl-ee">
         <path>/Applications/ti/tirtos_tivac_2_16_00_08/products/TivaWare_C_Series-2.1.1.71b/driverlib/ccs/Debug/</path>
         <kind>archive</kind>
         <file>driverlib.lib</file>
         <name>gpio.obj</name>
      </input_file>
      <input_file id="fl-ef">
         <path>/Applications/ti/tirtos_tivac_2_16_00_08/products/TivaWare_C_Series-2.1.1.71b/driverlib/ccs/Debug/</path>
         <kind>archive</kind>
         <file>driverlib.lib</file>
         <name>interrupt.obj</name>
      </input_file>
      <input_file id="fl-f0">
         <path>/Applications/ti/tirtos_tivac_2_16_00_08/products/TivaWare_C_Series-2.1.1.71b/driverlib/ccs/Debug/</path>
         <kind>archive</kind>
         <file>driverlib.lib</file>
         <name>ssi.obj</name>
      </input_file>
      <input_file id="fl-f1">
         <path>/Applications/ti/tirtos_tivac_2_16_00_08/products/TivaWare_C_Series-2.1.1.71b/driverlib/ccs/Debug/</path>
         <kind>archive</kind>
         <file>driverlib.lib</file>
         <name>sysctl.obj</name>
      </input_file>
      <input_file id="fl-f2">
         <path>/Applications/ti/tirtos_tivac_2_16_00_08/products/TivaWare_C_Series-2.1.1.71b/driverlib/ccs/Debug/</path>
         <kind>archive</kind>
         <file>driverlib.lib</file>
         <name>timer.obj</name>
      </input_file>
      <input_file id="fl-f3">
         <path>/Applications/ti/tirtos_tivac_2_16_00_08/products/TivaWare_C_Series-2.1.1.71b/driverlib/ccs/Debug/</path>
         <kind>archive</kind>
         <file>driverlib.lib</file>
         <name>cpu.obj</name>
      </input_file>
   </input_file_list>
   <object_component_list>
      <object_component id="oc-f">
         <name>.intvecs</name>
         <load_address>0x0</load_address>
         <run_address>0x0</run_address>
         <size>0x208</size>
         <input_file_ref idref="fl-6"/>
      </object_component>
      <object_component id="oc-2f3">
         <name>.text:__TI_printfi</name>
         <load_address>0x208</load_address>
         <run_address>0x208</run_address>
         <size>0xa4e</size>
         <input_file_ref idref="fl-d0"/>
      </object_component>
      <object_component id="oc-413">
         <name>.text:_nop</name>
         <load_address>0xc56</load_address>
         <run_address>0xc56</run_address>
         <size>0x2</size>
         <input_file_ref idref="fl-da"/>
      </object_component>
      <object_component id="oc-2d">
         <name>.text</name>
         <load_address>0xc58</load_address>
         <run_address>0xc58</run_address>
         <size>0x46a</size>
         <input_file_ref idref="fl-3"/>
      </object_component>
      <object_component id="oc-10a">
         <name>.text:GPIOPinRead</name>
         <load_address>0x10c2</load_address>
         <run_address>0x10c2</run_address>
         <size>0x6</size>
         <input_file_ref idref="fl-ee"/>
      </object_component>
      <object_component id="oc-1da">
         <name>.text</name>
         <load_address>0x10c8</load_address>
         <run_address>0x10c8</run_address>
         <size>0x3f0</size>
         <input_file_ref idref="fl-1"/>
      </object_component>
      <object_component id="oc-3e9">
         <name>.text:_pconv_a</name>
         <load_address>0x14b8</load_address>
         <run_address>0x14b8</run_address>
         <size>0x270</size>
         <input_file_ref idref="fl-d0"/>
      </object_component>
      <object_component id="oc-389">
         <name>.text:GrFontGlyphRender</name>
         <load_address>0x1728</load_address>
         <run_address>0x1728</run_address>
         <size>0x256</size>
         <input_file_ref idref="fl-e8"/>
      </object_component>
      <object_component id="oc-4d9">
         <name>.text</name>
         <load_address>0x197e</load_address>
         <run_address>0x197e</run_address>
         <size>0x2</size>
         <input_file_ref idref="fl-e5"/>
      </object_component>
      <object_component id="oc-146">
         <name>.text</name>
         <load_address>0x1980</load_address>
         <run_address>0x1980</run_address>
         <size>0x220</size>
         <input_file_ref idref="fl-4"/>
      </object_component>
      <object_component id="oc-1d4">
         <name>.text:SysCtlClockFreqSet</name>
         <load_address>0x1ba0</load_address>
         <run_address>0x1ba0</run_address>
         <size>0x204</size>
         <input_file_ref idref="fl-f1"/>
      </object_component>
      <object_component id="oc-3d7">
         <name>.text:_pconv_g</name>
         <load_address>0x1da4</load_address>
         <run_address>0x1da4</run_address>
         <size>0x1d0</size>
         <input_file_ref idref="fl-d0"/>
      </object_component>
      <object_component id="oc-218">
         <name>.text</name>
         <load_address>0x1f74</load_address>
         <run_address>0x1f74</run_address>
         <size>0x1b6</size>
         <input_file_ref idref="fl-c3"/>
      </object_component>
      <object_component id="oc-34f">
         <name>.text:GPIOPinWrite</name>
         <load_address>0x212a</load_address>
         <run_address>0x212a</run_address>
         <size>0x6</size>
         <input_file_ref idref="fl-ee"/>
      </object_component>
      <object_component id="oc-2a8">
         <name>.text</name>
         <load_address>0x2130</load_address>
         <run_address>0x2130</run_address>
         <size>0x17e</size>
         <input_file_ref idref="fl-2"/>
      </object_component>
      <object_component id="oc-3e3">
         <name>.text:_pconv_e</name>
         <load_address>0x22b0</load_address>
         <run_address>0x22b0</run_address>
         <size>0x13c</size>
         <input_file_ref idref="fl-d0"/>
      </object_component>
      <object_component id="oc-203">
         <name>.text</name>
         <load_address>0x23ec</load_address>
         <run_address>0x23ec</run_address>
         <size>0x136</size>
         <input_file_ref idref="fl-c4"/>
      </object_component>
      <object_component id="oc-cf">
         <name>.text:GPIOPadConfigSet</name>
         <load_address>0x2522</load_address>
         <run_address>0x2522</run_address>
         <size>0x130</size>
         <input_file_ref idref="fl-ee"/>
      </object_component>
      <object_component id="oc-480">
         <name>.text:fcvt</name>
         <load_address>0x2654</load_address>
         <run_address>0x2654</run_address>
         <size>0x124</size>
         <input_file_ref idref="fl-d0"/>
      </object_component>
      <object_component id="oc-494">
         <name>.text:scalbn</name>
         <load_address>0x2778</load_address>
         <run_address>0x2778</run_address>
         <size>0x110</size>
         <input_file_ref idref="fl-d2"/>
      </object_component>
      <object_component id="oc-21d">
         <name>.text</name>
         <load_address>0x2888</load_address>
         <run_address>0x2888</run_address>
         <size>0xfc</size>
         <input_file_ref idref="fl-c5"/>
      </object_component>
      <object_component id="oc-2e7">
         <name>.text:aligned_alloc</name>
         <load_address>0x2984</load_address>
         <run_address>0x2984</run_address>
         <size>0xf4</size>
         <input_file_ref idref="fl-ce"/>
      </object_component>
      <object_component id="oc-2bb">
         <name>.text:GrDefaultStringRenderer</name>
         <load_address>0x2a78</load_address>
         <run_address>0x2a78</run_address>
         <size>0xc4</size>
         <input_file_ref idref="fl-e8"/>
      </object_component>
      <object_component id="oc-3cc">
         <name>.text:_ltostr</name>
         <load_address>0x2b3c</load_address>
         <run_address>0x2b3c</run_address>
         <size>0xb1</size>
         <input_file_ref idref="fl-d0"/>
      </object_component>
      <object_component id="oc-41">
         <name>.text</name>
         <load_address>0x2bee</load_address>
         <run_address>0x2bee</run_address>
         <size>0x9c</size>
         <input_file_ref idref="fl-c9"/>
      </object_component>
      <object_component id="oc-461">
         <name>.text</name>
         <load_address>0x2c8a</load_address>
         <run_address>0x2c8a</run_address>
         <size>0x96</size>
         <input_file_ref idref="fl-d3"/>
      </object_component>
      <object_component id="oc-1f8">
         <name>.text:GrRectFill</name>
         <load_address>0x2d20</load_address>
         <run_address>0x2d20</run_address>
         <size>0x86</size>
         <input_file_ref idref="fl-e7"/>
      </object_component>
      <object_component id="oc-3d2">
         <name>.text:__aeabi_cdcmple</name>
         <load_address>0x2da6</load_address>
         <run_address>0x2da6</run_address>
         <size>0x86</size>
         <input_file_ref idref="fl-d5"/>
      </object_component>
      <object_component id="oc-468">
         <name>.text:__aeabi_cdrcmple</name>
         <load_address>0x2e2c</load_address>
         <run_address>0x2e2c</run_address>
         <size>0x86</size>
         <input_file_ref idref="fl-d5"/>
      </object_component>
      <object_component id="oc-3b6">
         <name>.text:split</name>
         <load_address>0x2eb4</load_address>
         <run_address>0x2eb4</run_address>
         <size>0x7c</size>
         <input_file_ref idref="fl-ce"/>
      </object_component>
      <object_component id="oc-f6">
         <name>.text:ADCSequenceStepConfigure</name>
         <load_address>0x2f30</load_address>
         <run_address>0x2f30</run_address>
         <size>0x7a</size>
         <input_file_ref idref="fl-ec"/>
      </object_component>
      <object_component id="oc-13a">
         <name>.text</name>
         <load_address>0x2faa</load_address>
         <run_address>0x2faa</run_address>
         <size>0x7a</size>
         <input_file_ref idref="fl-d4"/>
      </object_component>
      <object_component id="oc-479">
         <name>.text:_mcpy</name>
         <load_address>0x3024</load_address>
         <run_address>0x3024</run_address>
         <size>0x6e</size>
         <input_file_ref idref="fl-d0"/>
      </object_component>
      <object_component id="oc-1e3">
         <name>.text:GrContextInit</name>
         <load_address>0x3094</load_address>
         <run_address>0x3094</run_address>
         <size>0x68</size>
         <input_file_ref idref="fl-e6"/>
      </object_component>
      <object_component id="oc-c3">
         <name>.text:IntEnable</name>
         <load_address>0x30fc</load_address>
         <run_address>0x30fc</run_address>
         <size>0x68</size>
         <input_file_ref idref="fl-ef"/>
      </object_component>
      <object_component id="oc-12">
         <name>.text:decompress:lzss:__TI_decompress_lzss</name>
         <load_address>0x3164</load_address>
         <run_address>0x3164</run_address>
         <size>0x68</size>
         <input_file_ref idref="fl-cd"/>
      </object_component>
      <object_component id="oc-48e">
         <name>.text:frexp</name>
         <load_address>0x31cc</load_address>
         <run_address>0x31cc</run_address>
         <size>0x64</size>
         <input_file_ref idref="fl-d1"/>
      </object_component>
      <object_component id="oc-a2">
         <name>.text:TimerConfigure</name>
         <load_address>0x3230</load_address>
         <run_address>0x3230</run_address>
         <size>0x60</size>
         <input_file_ref idref="fl-f2"/>
      </object_component>
      <object_component id="oc-444">
         <name>.text:FontWideGlyphDataGet</name>
         <load_address>0x3290</load_address>
         <run_address>0x3290</run_address>
         <size>0x5a</size>
         <input_file_ref idref="fl-e8"/>
      </object_component>
      <object_component id="oc-3dd">
         <name>.text:_pconv_f</name>
         <load_address>0x32ea</load_address>
         <run_address>0x32ea</run_address>
         <size>0x56</size>
         <input_file_ref idref="fl-d0"/>
      </object_component>
      <object_component id="oc-46d">
         <name>.text:ltoa</name>
         <load_address>0x3340</load_address>
         <run_address>0x3340</run_address>
         <size>0x54</size>
         <input_file_ref idref="fl-de"/>
      </object_component>
      <object_component id="oc-473">
         <name>.text:_ecpy</name>
         <load_address>0x3394</load_address>
         <run_address>0x3394</run_address>
         <size>0x52</size>
         <input_file_ref idref="fl-d0"/>
      </object_component>
      <object_component id="oc-3c6">
         <name>.text:atoi</name>
         <load_address>0x33e8</load_address>
         <run_address>0x33e8</run_address>
         <size>0x4c</size>
         <input_file_ref idref="fl-dc"/>
      </object_component>
      <object_component id="oc-227">
         <name>.text:snprintf</name>
         <load_address>0x3434</load_address>
         <run_address>0x3434</run_address>
         <size>0x4c</size>
         <input_file_ref idref="fl-c2"/>
      </object_component>
      <object_component id="oc-2ce">
         <name>.text:UpdateContextCharMapping</name>
         <load_address>0x3480</load_address>
         <run_address>0x3480</run_address>
         <size>0x4a</size>
         <input_file_ref idref="fl-e8"/>
      </object_component>
      <object_component id="oc-1ec">
         <name>.text:GrContextFontSet</name>
         <load_address>0x34ca</load_address>
         <run_address>0x34ca</run_address>
         <size>0x6</size>
         <input_file_ref idref="fl-e8"/>
      </object_component>
      <object_component id="oc-db">
         <name>.text</name>
         <load_address>0x34d0</load_address>
         <run_address>0x34d0</run_address>
         <size>0x4a</size>
         <input_file_ref idref="fl-5"/>
      </object_component>
      <object_component id="oc-367">
         <name>.text:GPIOPinConfigure</name>
         <load_address>0x351c</load_address>
         <run_address>0x351c</run_address>
         <size>0x48</size>
         <input_file_ref idref="fl-ee"/>
      </object_component>
      <object_component id="oc-297">
         <name>.text:_SysCtlFrequencyGet</name>
         <load_address>0x3564</load_address>
         <run_address>0x3564</run_address>
         <size>0x48</size>
         <input_file_ref idref="fl-f1"/>
      </object_component>
      <object_component id="oc-20e">
         <name>.text</name>
         <load_address>0x35ac</load_address>
         <run_address>0x35ac</run_address>
         <size>0x48</size>
         <input_file_ref idref="fl-c6"/>
      </object_component>
      <object_component id="oc-240">
         <name>.text:__TI_auto_init_nobinit_nopinit:__TI_auto_init_nobinit_nopinit</name>
         <load_address>0x35f4</load_address>
         <run_address>0x35f4</run_address>
         <size>0x44</size>
         <input_file_ref idref="fl-d6"/>
      </object_component>
      <object_component id="oc-222">
         <name>.text</name>
         <load_address>0x3638</load_address>
         <run_address>0x3638</run_address>
         <size>0x44</size>
         <input_file_ref idref="fl-c7"/>
      </object_component>
      <object_component id="oc-f0">
         <name>.text:ADCSequenceConfigure</name>
         <load_address>0x367c</load_address>
         <run_address>0x367c</run_address>
         <size>0x3e</size>
         <input_file_ref idref="fl-ec"/>
      </object_component>
      <object_component id="oc-486">
         <name>.text:_fcpy</name>
         <load_address>0x36ba</load_address>
         <run_address>0x36ba</run_address>
         <size>0x3e</size>
         <input_file_ref idref="fl-d0"/>
      </object_component>
      <object_component id="oc-355">
         <name>.text:SSIConfigSetExpClk</name>
         <load_address>0x36f8</load_address>
         <run_address>0x36f8</run_address>
         <size>0x3c</size>
         <input_file_ref idref="fl-f0"/>
      </object_component>
      <object_component id="oc-44a">
         <name>.text:FontGlyphDataGet</name>
         <load_address>0x3734</load_address>
         <run_address>0x3734</run_address>
         <size>0x3a</size>
         <input_file_ref idref="fl-e8"/>
      </object_component>
      <object_component id="oc-96">
         <name>.text:SysCtlPeripheralEnable</name>
         <load_address>0x3770</load_address>
         <run_address>0x3770</run_address>
         <size>0x34</size>
         <input_file_ref idref="fl-f1"/>
      </object_component>
      <object_component id="oc-5f">
         <name>.text:_c_int00_noargs:_c_int00_noargs</name>
         <load_address>0x37a4</load_address>
         <run_address>0x37a4</run_address>
         <size>0x34</size>
         <input_file_ref idref="fl-cf"/>
      </object_component>
      <object_component id="oc-2f9">
         <name>.text:_outs</name>
         <load_address>0x37d8</load_address>
         <run_address>0x37d8</run_address>
         <size>0x30</size>
         <input_file_ref idref="fl-c2"/>
      </object_component>
      <object_component id="oc-7e">
         <name>.text:ADCIntStatus</name>
         <load_address>0x3808</load_address>
         <run_address>0x3808</run_address>
         <size>0x2e</size>
         <input_file_ref idref="fl-ec"/>
      </object_component>
      <object_component id="oc-37d">
         <name>.text:GrStringNextCharGet</name>
         <load_address>0x3836</load_address>
         <run_address>0x3836</run_address>
         <size>0x2e</size>
         <input_file_ref idref="fl-e8"/>
      </object_component>
      <object_component id="oc-213">
         <name>.text</name>
         <load_address>0x3864</load_address>
         <run_address>0x3864</run_address>
         <size>0x2e</size>
         <input_file_ref idref="fl-c8"/>
      </object_component>
      <object_component id="oc-190">
         <name>.text:GPIODirModeSet</name>
         <load_address>0x3892</load_address>
         <run_address>0x3892</run_address>
         <size>0x2a</size>
         <input_file_ref idref="fl-ee"/>
      </object_component>
      <object_component id="oc-3b0">
         <name>.text:free_list_insert</name>
         <load_address>0x38bc</load_address>
         <run_address>0x38bc</run_address>
         <size>0x28</size>
         <input_file_ref idref="fl-ce"/>
      </object_component>
      <object_component id="oc-377">
         <name>.text:GrFontInfoGet</name>
         <load_address>0x38e4</load_address>
         <run_address>0x38e4</run_address>
         <size>0x26</size>
         <input_file_ref idref="fl-e8"/>
      </object_component>
      <object_component id="oc-bd">
         <name>.text:IntPrioritySet</name>
         <load_address>0x390c</load_address>
         <run_address>0x390c</run_address>
         <size>0x24</size>
         <input_file_ref idref="fl-ef"/>
      </object_component>
      <object_component id="oc-383">
         <name>.text:GrFontGlyphDataGet</name>
         <load_address>0x3930</load_address>
         <run_address>0x3930</run_address>
         <size>0x22</size>
         <input_file_ref idref="fl-e8"/>
      </object_component>
      <object_component id="oc-1fe">
         <name>.text</name>
         <load_address>0x3952</load_address>
         <run_address>0x3952</run_address>
         <size>0x20</size>
         <input_file_ref idref="fl-ca"/>
      </object_component>
      <object_component id="oc-87">
         <name>.text:ADCSequenceDataGet</name>
         <load_address>0x3972</load_address>
         <run_address>0x3972</run_address>
         <size>0x1e</size>
         <input_file_ref idref="fl-ec"/>
      </object_component>
      <object_component id="oc-39e">
         <name>.text:GrFontCodepageGet</name>
         <load_address>0x3990</load_address>
         <run_address>0x3990</run_address>
         <size>0x1e</size>
         <input_file_ref idref="fl-e8"/>
      </object_component>
      <object_component id="oc-291">
         <name>.text:_SysCtlMemTimingGet</name>
         <load_address>0x39b0</load_address>
         <run_address>0x39b0</run_address>
         <size>0x1c</size>
         <input_file_ref idref="fl-f1"/>
      </object_component>
      <object_component id="oc-4d">
         <name>.text:decompress:ZI:__TI_zero_init_nomemset:__TI_zero_init_nomemset</name>
         <load_address>0x39cc</load_address>
         <run_address>0x39cc</run_address>
         <size>0x1c</size>
         <input_file_ref idref="fl-cb"/>
      </object_component>
      <object_component id="oc-3aa">
         <name>.text:free_list_remove</name>
         <load_address>0x39e8</load_address>
         <run_address>0x39e8</run_address>
         <size>0x1c</size>
         <input_file_ref idref="fl-ce"/>
      </object_component>
      <object_component id="oc-3ef">
         <name>.text:memccpy</name>
         <load_address>0x3a04</load_address>
         <run_address>0x3a04</run_address>
         <size>0x1c</size>
         <input_file_ref idref="fl-df"/>
      </object_component>
      <object_component id="oc-4ed">
         <name>.text:copysign</name>
         <load_address>0x3a20</load_address>
         <run_address>0x3a20</run_address>
         <size>0x1a</size>
         <input_file_ref idref="fl-e4"/>
      </object_component>
      <object_component id="oc-2b1">
         <name>.text:SysCtlDelay</name>
         <load_address>0x3a3a</load_address>
         <run_address>0x3a3a</run_address>
         <size>0x6</size>
         <input_file_ref idref="fl-f1"/>
      </object_component>
      <object_component id="oc-27">
         <name>.text</name>
         <load_address>0x3a40</load_address>
         <run_address>0x3a40</run_address>
         <size>0x1a</size>
         <input_file_ref idref="fl-6"/>
      </object_component>
      <object_component id="oc-e4">
         <name>.text:ADCClockConfigSet</name>
         <load_address>0x3a5a</load_address>
         <run_address>0x3a5a</run_address>
         <size>0x18</size>
         <input_file_ref idref="fl-ec"/>
      </object_component>
      <object_component id="oc-78">
         <name>.text:ADCProcessorTrigger</name>
         <load_address>0x3a72</load_address>
         <run_address>0x3a72</run_address>
         <size>0x18</size>
         <input_file_ref idref="fl-ec"/>
      </object_component>
      <object_component id="oc-36d">
         <name>.text:GPIOPinTypeGPIOOutput</name>
         <load_address>0x3a8a</load_address>
         <run_address>0x3a8a</run_address>
         <size>0x18</size>
         <input_file_ref idref="fl-ee"/>
      </object_component>
      <object_component id="oc-2ff">
         <name>.text:_outc</name>
         <load_address>0x3aa2</load_address>
         <run_address>0x3aa2</run_address>
         <size>0x18</size>
         <input_file_ref idref="fl-c2"/>
      </object_component>
      <object_component id="oc-22d">
         <name>.text:GrStringDraw</name>
         <load_address>0x3aba</load_address>
         <run_address>0x3aba</run_address>
         <size>0x16</size>
         <input_file_ref idref="fl-e8"/>
      </object_component>
      <object_component id="oc-49a">
         <name>.text:strchr</name>
         <load_address>0x3ad0</load_address>
         <run_address>0x3ad0</run_address>
         <size>0x16</size>
         <input_file_ref idref="fl-e0"/>
      </object_component>
      <object_component id="oc-9c">
         <name>.text:TimerDisable</name>
         <load_address>0x3ae8</load_address>
         <run_address>0x3ae8</run_address>
         <size>0x14</size>
         <input_file_ref idref="fl-f2"/>
      </object_component>
      <object_component id="oc-3c0">
         <name>.text:strlen</name>
         <load_address>0x3afc</load_address>
         <run_address>0x3afc</run_address>
         <size>0x14</size>
         <input_file_ref idref="fl-e1"/>
      </object_component>
      <object_component id="oc-d5">
         <name>.text:GPIOPinTypeADC</name>
         <load_address>0x3b10</load_address>
         <run_address>0x3b10</run_address>
         <size>0x12</size>
         <input_file_ref idref="fl-ee"/>
      </object_component>
      <object_component id="oc-c9">
         <name>.text:GPIOPinTypeGPIOInput</name>
         <load_address>0x3b22</load_address>
         <run_address>0x3b22</run_address>
         <size>0x12</size>
         <input_file_ref idref="fl-ee"/>
      </object_component>
      <object_component id="oc-361">
         <name>.text:GPIOPinTypeSSI</name>
         <load_address>0x3b34</load_address>
         <run_address>0x3b34</run_address>
         <size>0x12</size>
         <input_file_ref idref="fl-ee"/>
      </object_component>
      <object_component id="oc-ab">
         <name>.text:TimerLoadSet</name>
         <load_address>0x3b46</load_address>
         <run_address>0x3b46</run_address>
         <size>0x12</size>
         <input_file_ref idref="fl-f2"/>
      </object_component>
      <object_component id="oc-3f5">
         <name>.text:wcslen</name>
         <load_address>0x3b58</load_address>
         <run_address>0x3b58</run_address>
         <size>0x12</size>
         <input_file_ref idref="fl-e3"/>
      </object_component>
      <object_component id="oc-1c8">
         <name>.text:FPUEnable</name>
         <load_address>0x3b6c</load_address>
         <run_address>0x3b6c</run_address>
         <size>0x10</size>
         <input_file_ref idref="fl-ed"/>
      </object_component>
      <object_component id="oc-1ce">
         <name>.text:FPULazyStackingEnable</name>
         <load_address>0x3b7c</load_address>
         <run_address>0x3b7c</run_address>
         <size>0x10</size>
         <input_file_ref idref="fl-ed"/>
      </object_component>
      <object_component id="oc-1c2">
         <name>.text:IntMasterDisable</name>
         <load_address>0x3b8c</load_address>
         <run_address>0x3b8c</run_address>
         <size>0x10</size>
         <input_file_ref idref="fl-ef"/>
      </object_component>
      <object_component id="oc-1f2">
         <name>.text:IntMasterEnable</name>
         <load_address>0x3b9c</load_address>
         <run_address>0x3b9c</run_address>
         <size>0x10</size>
         <input_file_ref idref="fl-ef"/>
      </object_component>
      <object_component id="oc-ea">
         <name>.text:ADCSequenceDisable</name>
         <load_address>0x3bac</load_address>
         <run_address>0x3bac</run_address>
         <size>0xe</size>
         <input_file_ref idref="fl-ec"/>
      </object_component>
      <object_component id="oc-fc">
         <name>.text:ADCSequenceEnable</name>
         <load_address>0x3bba</load_address>
         <run_address>0x3bba</run_address>
         <size>0xe</size>
         <input_file_ref idref="fl-ec"/>
      </object_component>
      <object_component id="oc-b7">
         <name>.text:TimerEnable</name>
         <load_address>0x3bc8</load_address>
         <run_address>0x3bc8</run_address>
         <size>0xe</size>
         <input_file_ref idref="fl-f2"/>
      </object_component>
      <object_component id="oc-18">
         <name>.text:decompress:none:__TI_decompress_none</name>
         <load_address>0x3bd6</load_address>
         <run_address>0x3bd6</run_address>
         <size>0xe</size>
         <input_file_ref idref="fl-cc"/>
      </object_component>
      <object_component id="oc-288">
         <name>.text:CPUcpsid</name>
         <load_address>0x3be4</load_address>
         <run_address>0x3be4</run_address>
         <size>0xc</size>
         <input_file_ref idref="fl-f3"/>
      </object_component>
      <object_component id="oc-2d7">
         <name>.text:CPUcpsie</name>
         <load_address>0x3bf0</load_address>
         <run_address>0x3bf0</run_address>
         <size>0xc</size>
         <input_file_ref idref="fl-f3"/>
      </object_component>
      <object_component id="oc-8d">
         <name>.text:ADCIntClear</name>
         <load_address>0x3bfc</load_address>
         <run_address>0x3bfc</run_address>
         <size>0xa</size>
         <input_file_ref idref="fl-ec"/>
      </object_component>
      <object_component id="oc-343">
         <name>.text:SSIDataPut</name>
         <load_address>0x3c06</load_address>
         <run_address>0x3c06</run_address>
         <size>0xa</size>
         <input_file_ref idref="fl-f0"/>
      </object_component>
      <object_component id="oc-35b">
         <name>.text:SSIEnable</name>
         <load_address>0x3c10</load_address>
         <run_address>0x3c10</run_address>
         <size>0xa</size>
         <input_file_ref idref="fl-f0"/>
      </object_component>
      <object_component id="oc-390">
         <name>.text:GrMapISO8859_1_Unicode</name>
         <load_address>0x3c1a</load_address>
         <run_address>0x3c1a</run_address>
         <size>0x8</size>
         <input_file_ref idref="fl-ea"/>
      </object_component>
      <object_component id="oc-349">
         <name>.text:SSIBusy</name>
         <load_address>0x3c22</load_address>
         <run_address>0x3c22</run_address>
         <size>0x8</size>
         <input_file_ref idref="fl-f0"/>
      </object_component>
      <object_component id="oc-b1">
         <name>.text:TimerIntEnable</name>
         <load_address>0x3c2a</load_address>
         <run_address>0x3c2a</run_address>
         <size>0x8</size>
         <input_file_ref idref="fl-f2"/>
      </object_component>
      <object_component id="oc-3fb">
         <name>.text:__aeabi_errno_addr</name>
         <load_address>0x3c34</load_address>
         <run_address>0x3c34</run_address>
         <size>0x8</size>
         <input_file_ref idref="fl-e2"/>
      </object_component>
      <object_component id="oc-208">
         <name>.text:malloc</name>
         <load_address>0x3c3c</load_address>
         <run_address>0x3c3c</run_address>
         <size>0x8</size>
         <input_file_ref idref="fl-ce"/>
      </object_component>
      <object_component id="oc-104">
         <name>.text:TimerIntClear</name>
         <load_address>0x3c44</load_address>
         <run_address>0x3c44</run_address>
         <size>0x4</size>
         <input_file_ref idref="fl-f2"/>
      </object_component>
      <object_component id="oc-140">
         <name>.text:_system_pre_init</name>
         <load_address>0x3c48</load_address>
         <run_address>0x3c48</run_address>
         <size>0x4</size>
         <input_file_ref idref="fl-d7"/>
      </object_component>
      <object_component id="oc-234">
         <name>.text:abort:abort</name>
         <load_address>0x3c4c</load_address>
         <run_address>0x3c4c</run_address>
         <size>0x4</size>
         <input_file_ref idref="fl-d9"/>
      </object_component>
      <object_component id="oc-2c8">
         <name>.const:.string:g_pui8FontFixed6x8Data</name>
         <load_address>0x3c50</load_address>
         <run_address>0x3c50</run_address>
         <size>0x2f8</size>
         <input_file_ref idref="fl-e9"/>
      </object_component>
      <object_component id="oc-2a0">
         <name>.const:g_pppui32XTALtoVCO</name>
         <load_address>0x3f48</load_address>
         <run_address>0x3f48</run_address>
         <size>0x120</size>
         <input_file_ref idref="fl-f1"/>
      </object_component>
      <object_component id="oc-45c">
         <name>.const:.string:_ctypes_</name>
         <load_address>0x4068</load_address>
         <run_address>0x4068</run_address>
         <size>0x101</size>
         <input_file_ref idref="fl-dd"/>
      </object_component>
      <object_component id="oc-1e9">
         <name>.const:g_sFontFixed6x8</name>
         <load_address>0x416c</load_address>
         <run_address>0x416c</run_address>
         <size>0xc8</size>
         <input_file_ref idref="fl-e9"/>
      </object_component>
      <object_component id="oc-187">
         <name>.const:g_pui32Regs</name>
         <load_address>0x4234</load_address>
         <run_address>0x4234</run_address>
         <size>0x9c</size>
         <input_file_ref idref="fl-ef"/>
      </object_component>
      <object_component id="oc-43b">
         <name>.const:g_pui32GPIOBaseAddrs</name>
         <load_address>0x42d0</load_address>
         <run_address>0x42d0</run_address>
         <size>0x90</size>
         <input_file_ref idref="fl-ee"/>
      </object_component>
      <object_component id="oc-18c">
         <name>.const</name>
         <load_address>0x4360</load_address>
         <run_address>0x4360</run_address>
         <size>0x70</size>
         <input_file_ref idref="fl-ef"/>
      </object_component>
      <object_component id="oc-29d">
         <name>.const:g_pui32Xtals</name>
         <load_address>0x43d0</load_address>
         <run_address>0x43d0</run_address>
         <size>0x6c</size>
         <input_file_ref idref="fl-f1"/>
      </object_component>
      <object_component id="oc-338">
         <name>.const:g_sXTALtoMEMTIM</name>
         <load_address>0x443c</load_address>
         <run_address>0x443c</run_address>
         <size>0x30</size>
         <input_file_ref idref="fl-f1"/>
      </object_component>
      <object_component id="oc-1e0">
         <name>.const:g_sCrystalfontz128x128</name>
         <load_address>0x446c</load_address>
         <run_address>0x446c</run_address>
         <size>0x28</size>
         <input_file_ref idref="fl-1"/>
      </object_component>
      <object_component id="oc-2c1">
         <name>.const</name>
         <load_address>0x4494</load_address>
         <run_address>0x4494</run_address>
         <size>0x10</size>
         <input_file_ref idref="fl-e6"/>
      </object_component>
      <object_component id="oc-2a3">
         <name>.const</name>
         <load_address>0x44a4</load_address>
         <run_address>0x44a4</run_address>
         <size>0x8</size>
         <input_file_ref idref="fl-f1"/>
      </object_component>
      <object_component id="oc-543">
         <name>.cinit..data.load</name>
         <load_address>0x44b0</load_address>
         <run_address>0x44b0</run_address>
         <size>0x1b</size>
      </object_component>
      <object_component id="oc-541">
         <name>__TI_handler_table</name>
         <load_address>0x44cc</load_address>
         <run_address>0x44cc</run_address>
         <size>0xc</size>
      </object_component>
      <object_component id="oc-544">
         <name>.cinit..bss.load</name>
         <load_address>0x44d8</load_address>
         <run_address>0x44d8</run_address>
         <size>0x8</size>
      </object_component>
      <object_component id="oc-542">
         <name>__TI_cinit_table</name>
         <load_address>0x44e0</load_address>
         <run_address>0x44e0</run_address>
         <size>0x10</size>
      </object_component>
      <object_component id="oc-2ae">
         <name>.data:Lcd_buffer</name>
         <load_address>0x20000000</load_address>
         <run_address>0x20000000</run_address>
         <size>0x8000</size>
         <input_file_ref idref="fl-1"/>
      </object_component>
      <object_component id="oc-93">
         <name>.data</name>
         <load_address>0x2000803c</load_address>
         <run_address>0x2000803c</run_address>
         <size>0x6</size>
         <input_file_ref idref="fl-3"/>
      </object_component>
      <object_component id="oc-84">
         <name>.data:gJoystick</name>
         <load_address>0x20008034</load_address>
         <run_address>0x20008034</run_address>
         <size>0x8</size>
         <input_file_ref idref="fl-3"/>
      </object_component>
      <object_component id="oc-103">
         <name>.data:count$2</name>
         <load_address>0x20008000</load_address>
         <run_address>0x20008000</run_address>
         <size>0x24</size>
         <input_file_ref idref="fl-3"/>
      </object_component>
      <object_component id="oc-110">
         <name>.data</name>
         <load_address>0x20008044</load_address>
         <run_address>0x20008044</run_address>
         <size>0x4</size>
         <input_file_ref idref="fl-4"/>
      </object_component>
      <object_component id="oc-3bc">
         <name>.data:$O1$$</name>
         <load_address>0x2000802c</load_address>
         <run_address>0x2000802c</run_address>
         <size>0x8</size>
         <input_file_ref idref="fl-ce"/>
      </object_component>
      <object_component id="oc-31b">
         <name>.data:$O1$$</name>
         <load_address>0x20008024</load_address>
         <run_address>0x20008024</run_address>
         <size>0x8</size>
         <input_file_ref idref="fl-da"/>
      </object_component>
      <object_component id="oc-4aa">
         <name>.data</name>
         <load_address>0x20008048</load_address>
         <run_address>0x20008048</run_address>
         <size>0x4</size>
         <input_file_ref idref="fl-e2"/>
      </object_component>
      <object_component id="oc-102">
         <name>.bss:state$1</name>
         <uninitialized>true</uninitialized>
         <run_address>0x20008850</run_address>
         <size>0x14</size>
         <input_file_ref idref="fl-3"/>
      </object_component>
      <object_component id="oc-2a7">
         <name>.common:Lcd_Orientation</name>
         <uninitialized>true</uninitialized>
         <run_address>0x20008878</run_address>
         <size>0x1</size>
      </object_component>
      <object_component id="oc-2b3">
         <name>.common:Lcd_ScreenWidth</name>
         <uninitialized>true</uninitialized>
         <run_address>0x20008872</run_address>
         <size>0x2</size>
      </object_component>
      <object_component id="oc-2b2">
         <name>.common:Lcd_ScreenHeigth</name>
         <uninitialized>true</uninitialized>
         <run_address>0x20008870</run_address>
         <size>0x2</size>
      </object_component>
      <object_component id="oc-2b4">
         <name>.common:Lcd_PenSolid</name>
         <uninitialized>true</uninitialized>
         <run_address>0x20008879</run_address>
         <size>0x1</size>
      </object_component>
      <object_component id="oc-2b5">
         <name>.common:Lcd_FontSolid</name>
         <uninitialized>true</uninitialized>
         <run_address>0x20008877</run_address>
         <size>0x1</size>
      </object_component>
      <object_component id="oc-2b6">
         <name>.common:Lcd_FlagRead</name>
         <uninitialized>true</uninitialized>
         <run_address>0x20008876</run_address>
         <size>0x1</size>
      </object_component>
      <object_component id="oc-2b7">
         <name>.common:Lcd_TouchTrim</name>
         <uninitialized>true</uninitialized>
         <run_address>0x20008874</run_address>
         <size>0x2</size>
      </object_component>
      <object_component id="oc-e1">
         <name>.common:gADCSamplingRate</name>
         <uninitialized>true</uninitialized>
         <run_address>0x20008864</run_address>
         <size>0x4</size>
      </object_component>
      <object_component id="oc-a8">
         <name>.common:gSystemClock</name>
         <uninitialized>true</uninitialized>
         <run_address>0x20008868</run_address>
         <size>0x4</size>
      </object_component>
      <object_component id="oc-2c4">
         <name>.common:g_psGrLibDefaults</name>
         <uninitialized>true</uninitialized>
         <run_address>0x2000886c</run_address>
         <size>0x4</size>
      </object_component>
      <object_component id="oc-21">
         <name>.sysmem</name>
         <uninitialized>true</uninitialized>
         <run_address>0x20008880</run_address>
         <size>0x10</size>
         <input_file_ref idref="fl-ce"/>
      </object_component>
      <object_component id="oc-546">
         <name>.sysmem</name>
         <uninitialized>true</uninitialized>
         <run_address>0x20008880</run_address>
         <size>0x0</size>
      </object_component>
      <object_component id="oc-24">
         <name>.stack</name>
         <uninitialized>true</uninitialized>
         <run_address>0x20008050</run_address>
         <size>0x4</size>
         <input_file_ref idref="fl-cf"/>
      </object_component>
      <object_component id="oc-545">
         <name>.stack</name>
         <uninitialized>true</uninitialized>
         <run_address>0x20008050</run_address>
         <size>0x0</size>
      </object_component>
      <object_component id="oc-1b0">
         <name>.debug_info</name>
         <load_address>0x0</load_address>
         <run_address>0x0</run_address>
         <size>0x6ef</size>
         <input_file_ref idref="fl-1"/>
      </object_component>
      <object_component id="oc-2af">
         <name>.debug_info</name>
         <load_address>0x6ef</load_address>
         <run_address>0x6ef</run_address>
         <size>0xf5</size>
         <input_file_ref idref="fl-1"/>
      </object_component>
      <object_component id="oc-1e1">
         <name>.debug_info</name>
         <load_address>0x7e4</load_address>
         <run_address>0x7e4</run_address>
         <size>0x10e</size>
         <input_file_ref idref="fl-1"/>
      </object_component>
      <object_component id="oc-1db">
         <name>.debug_info</name>
         <load_address>0x8f2</load_address>
         <run_address>0x8f2</run_address>
         <size>0x10ea</size>
         <input_file_ref idref="fl-1"/>
      </object_component>
      <object_component id="oc-17a">
         <name>.debug_info</name>
         <load_address>0x19dc</load_address>
         <run_address>0x19dc</run_address>
         <size>0x6bd</size>
         <input_file_ref idref="fl-1"/>
      </object_component>
      <object_component id="oc-120">
         <name>.debug_info</name>
         <load_address>0x2099</load_address>
         <run_address>0x2099</run_address>
         <size>0x26b</size>
         <input_file_ref idref="fl-1"/>
      </object_component>
      <object_component id="oc-119">
         <name>.debug_info</name>
         <load_address>0x2304</load_address>
         <run_address>0x2304</run_address>
         <size>0x8b</size>
         <input_file_ref idref="fl-1"/>
      </object_component>
      <object_component id="oc-1ab">
         <name>.debug_info</name>
         <load_address>0x238f</load_address>
         <run_address>0x238f</run_address>
         <size>0x297</size>
         <input_file_ref idref="fl-1"/>
      </object_component>
      <object_component id="oc-19b">
         <name>.debug_info</name>
         <load_address>0x2626</load_address>
         <run_address>0x2626</run_address>
         <size>0xef</size>
         <input_file_ref idref="fl-1"/>
      </object_component>
      <object_component id="oc-114">
         <name>.debug_info</name>
         <load_address>0x2715</load_address>
         <run_address>0x2715</run_address>
         <size>0xbb</size>
         <input_file_ref idref="fl-1"/>
      </object_component>
      <object_component id="oc-374">
         <name>.debug_info</name>
         <load_address>0x27d0</load_address>
         <run_address>0x27d0</run_address>
         <size>0x6af</size>
         <input_file_ref idref="fl-2"/>
      </object_component>
      <object_component id="oc-2a9">
         <name>.debug_info</name>
         <load_address>0x2e7f</load_address>
         <run_address>0x2e7f</run_address>
         <size>0x60f</size>
         <input_file_ref idref="fl-2"/>
      </object_component>
      <object_component id="oc-e2">
         <name>.debug_info</name>
         <load_address>0x348e</load_address>
         <run_address>0x348e</run_address>
         <size>0x826</size>
         <input_file_ref idref="fl-3"/>
      </object_component>
      <object_component id="oc-94">
         <name>.debug_info</name>
         <load_address>0x3cb4</load_address>
         <run_address>0x3cb4</run_address>
         <size>0xde</size>
         <input_file_ref idref="fl-3"/>
      </object_component>
      <object_component id="oc-85">
         <name>.debug_info</name>
         <load_address>0x3d92</load_address>
         <run_address>0x3d92</run_address>
         <size>0xe0</size>
         <input_file_ref idref="fl-3"/>
      </object_component>
      <object_component id="oc-2e">
         <name>.debug_info</name>
         <load_address>0x3e72</load_address>
         <run_address>0x3e72</run_address>
         <size>0x7cb</size>
         <input_file_ref idref="fl-3"/>
      </object_component>
      <object_component id="oc-a9">
         <name>.debug_info</name>
         <load_address>0x463d</load_address>
         <run_address>0x463d</run_address>
         <size>0x864</size>
         <input_file_ref idref="fl-4"/>
      </object_component>
      <object_component id="oc-111">
         <name>.debug_info</name>
         <load_address>0x4ea1</load_address>
         <run_address>0x4ea1</run_address>
         <size>0xd5</size>
         <input_file_ref idref="fl-4"/>
      </object_component>
      <object_component id="oc-147">
         <name>.debug_info</name>
         <load_address>0x4f76</load_address>
         <run_address>0x4f76</run_address>
         <size>0x48e</size>
         <input_file_ref idref="fl-4"/>
      </object_component>
      <object_component id="oc-17f">
         <name>.debug_info</name>
         <load_address>0x5404</load_address>
         <run_address>0x5404</run_address>
         <size>0xcc</size>
         <input_file_ref idref="fl-4"/>
      </object_component>
      <object_component id="oc-311">
         <name>.debug_info</name>
         <load_address>0x54d0</load_address>
         <run_address>0x54d0</run_address>
         <size>0x2c</size>
         <input_file_ref idref="fl-4"/>
      </object_component>
      <object_component id="oc-dc">
         <name>.debug_info</name>
         <load_address>0x54fc</load_address>
         <run_address>0x54fc</run_address>
         <size>0x1b9</size>
         <input_file_ref idref="fl-5"/>
      </object_component>
      <object_component id="oc-3c">
         <name>.debug_info</name>
         <load_address>0x56b5</load_address>
         <run_address>0x56b5</run_address>
         <size>0x84</size>
         <input_file_ref idref="fl-5"/>
      </object_component>
      <object_component id="oc-35">
         <name>.debug_info</name>
         <load_address>0x5739</load_address>
         <run_address>0x5739</run_address>
         <size>0x2d3</size>
         <input_file_ref idref="fl-6"/>
      </object_component>
      <object_component id="oc-10">
         <name>.debug_info</name>
         <load_address>0x5a0c</load_address>
         <run_address>0x5a0c</run_address>
         <size>0xf8</size>
         <input_file_ref idref="fl-6"/>
      </object_component>
      <object_component id="oc-28">
         <name>.debug_info</name>
         <load_address>0x5b04</load_address>
         <run_address>0x5b04</run_address>
         <size>0x277</size>
         <input_file_ref idref="fl-6"/>
      </object_component>
      <object_component id="oc-306">
         <name>.debug_info</name>
         <load_address>0x5d7b</load_address>
         <run_address>0x5d7b</run_address>
         <size>0x33b</size>
         <input_file_ref idref="fl-c2"/>
      </object_component>
      <object_component id="oc-22b">
         <name>.debug_info</name>
         <load_address>0x60b6</load_address>
         <run_address>0x60b6</run_address>
         <size>0x1ef</size>
         <input_file_ref idref="fl-c2"/>
      </object_component>
      <object_component id="oc-2fd">
         <name>.debug_info</name>
         <load_address>0x62a5</load_address>
         <run_address>0x62a5</run_address>
         <size>0x1c4</size>
         <input_file_ref idref="fl-c2"/>
      </object_component>
      <object_component id="oc-303">
         <name>.debug_info</name>
         <load_address>0x6469</load_address>
         <run_address>0x6469</run_address>
         <size>0x177</size>
         <input_file_ref idref="fl-c2"/>
      </object_component>
      <object_component id="oc-307">
         <name>.debug_info</name>
         <load_address>0x65e0</load_address>
         <run_address>0x65e0</run_address>
         <size>0x2c</size>
         <input_file_ref idref="fl-c2"/>
      </object_component>
      <object_component id="oc-30c">
         <name>.debug_info</name>
         <load_address>0x660c</load_address>
         <run_address>0x660c</run_address>
         <size>0x69</size>
         <input_file_ref idref="fl-c2"/>
      </object_component>
      <object_component id="oc-219">
         <name>.debug_info</name>
         <load_address>0x6675</load_address>
         <run_address>0x6675</run_address>
         <size>0x14d</size>
         <input_file_ref idref="fl-c3"/>
      </object_component>
      <object_component id="oc-204">
         <name>.debug_info</name>
         <load_address>0x67c2</load_address>
         <run_address>0x67c2</run_address>
         <size>0x13b</size>
         <input_file_ref idref="fl-c4"/>
      </object_component>
      <object_component id="oc-21e">
         <name>.debug_info</name>
         <load_address>0x68fd</load_address>
         <run_address>0x68fd</run_address>
         <size>0x13b</size>
         <input_file_ref idref="fl-c5"/>
      </object_component>
      <object_component id="oc-20f">
         <name>.debug_info</name>
         <load_address>0x6a38</load_address>
         <run_address>0x6a38</run_address>
         <size>0x12f</size>
         <input_file_ref idref="fl-c6"/>
      </object_component>
      <object_component id="oc-223">
         <name>.debug_info</name>
         <load_address>0x6b67</load_address>
         <run_address>0x6b67</run_address>
         <size>0x13a</size>
         <input_file_ref idref="fl-c7"/>
      </object_component>
      <object_component id="oc-214">
         <name>.debug_info</name>
         <load_address>0x6ca1</load_address>
         <run_address>0x6ca1</run_address>
         <size>0x12d</size>
         <input_file_ref idref="fl-c8"/>
      </object_component>
      <object_component id="oc-42">
         <name>.debug_info</name>
         <load_address>0x6dce</load_address>
         <run_address>0x6dce</run_address>
         <size>0x11a</size>
         <input_file_ref idref="fl-c9"/>
      </object_component>
      <object_component id="oc-1ff">
         <name>.debug_info</name>
         <load_address>0x6ee8</load_address>
         <run_address>0x6ee8</run_address>
         <size>0x12f</size>
         <input_file_ref idref="fl-ca"/>
      </object_component>
      <object_component id="oc-139">
         <name>.debug_info</name>
         <load_address>0x7017</load_address>
         <run_address>0x7017</run_address>
         <size>0x2d5</size>
         <input_file_ref idref="fl-cb"/>
      </object_component>
      <object_component id="oc-4e">
         <name>.debug_info</name>
         <load_address>0x72ec</load_address>
         <run_address>0x72ec</run_address>
         <size>0x1d3</size>
         <input_file_ref idref="fl-cb"/>
      </object_component>
      <object_component id="oc-134">
         <name>.debug_info</name>
         <load_address>0x74bf</load_address>
         <run_address>0x74bf</run_address>
         <size>0x46</size>
         <input_file_ref idref="fl-cb"/>
      </object_component>
      <object_component id="oc-1b9">
         <name>.debug_info</name>
         <load_address>0x7505</load_address>
         <run_address>0x7505</run_address>
         <size>0x2c</size>
         <input_file_ref idref="fl-cb"/>
      </object_component>
      <object_component id="oc-4c">
         <name>.debug_info</name>
         <load_address>0x7531</load_address>
         <run_address>0x7531</run_address>
         <size>0x2a9</size>
         <input_file_ref idref="fl-cc"/>
      </object_component>
      <object_component id="oc-19">
         <name>.debug_info</name>
         <load_address>0x77da</load_address>
         <run_address>0x77da</run_address>
         <size>0x1eb</size>
         <input_file_ref idref="fl-cc"/>
      </object_component>
      <object_component id="oc-47">
         <name>.debug_info</name>
         <load_address>0x79c5</load_address>
         <run_address>0x79c5</run_address>
         <size>0x46</size>
         <input_file_ref idref="fl-cc"/>
      </object_component>
      <object_component id="oc-12c">
         <name>.debug_info</name>
         <load_address>0x7a0b</load_address>
         <run_address>0x7a0b</run_address>
         <size>0x2c</size>
         <input_file_ref idref="fl-cc"/>
      </object_component>
      <object_component id="oc-12a">
         <name>.debug_info</name>
         <load_address>0x7a37</load_address>
         <run_address>0x7a37</run_address>
         <size>0x29f</size>
         <input_file_ref idref="fl-cd"/>
      </object_component>
      <object_component id="oc-13">
         <name>.debug_info</name>
         <load_address>0x7cd6</load_address>
         <run_address>0x7cd6</run_address>
         <size>0x251</size>
         <input_file_ref idref="fl-cd"/>
      </object_component>
      <object_component id="oc-37">
         <name>.debug_info</name>
         <load_address>0x7f27</load_address>
         <run_address>0x7f27</run_address>
         <size>0x60</size>
         <input_file_ref idref="fl-cd"/>
      </object_component>
      <object_component id="oc-1b2">
         <name>.debug_info</name>
         <load_address>0x7f87</load_address>
         <run_address>0x7f87</run_address>
         <size>0x46</size>
         <input_file_ref idref="fl-cd"/>
      </object_component>
      <object_component id="oc-125">
         <name>.debug_info</name>
         <load_address>0x7fcd</load_address>
         <run_address>0x7fcd</run_address>
         <size>0x39</size>
         <input_file_ref idref="fl-cd"/>
      </object_component>
      <object_component id="oc-73">
         <name>.debug_info</name>
         <load_address>0x8006</load_address>
         <run_address>0x8006</run_address>
         <size>0x3b3</size>
         <input_file_ref idref="fl-ce"/>
      </object_component>
      <object_component id="oc-22">
         <name>.debug_info</name>
         <load_address>0x83b9</load_address>
         <run_address>0x83b9</run_address>
         <size>0x10d</size>
         <input_file_ref idref="fl-ce"/>
      </object_component>
      <object_component id="oc-3bd">
         <name>.debug_info</name>
         <load_address>0x84c6</load_address>
         <run_address>0x84c6</run_address>
         <size>0x140</size>
         <input_file_ref idref="fl-ce"/>
      </object_component>
      <object_component id="oc-209">
         <name>.debug_info</name>
         <load_address>0x8606</load_address>
         <run_address>0x8606</run_address>
         <size>0x169</size>
         <input_file_ref idref="fl-ce"/>
      </object_component>
      <object_component id="oc-3ab">
         <name>.debug_info</name>
         <load_address>0x876f</load_address>
         <run_address>0x876f</run_address>
         <size>0x18f</size>
         <input_file_ref idref="fl-ce"/>
      </object_component>
      <object_component id="oc-3b1">
         <name>.debug_info</name>
         <load_address>0x88fe</load_address>
         <run_address>0x88fe</run_address>
         <size>0x1a0</size>
         <input_file_ref idref="fl-ce"/>
      </object_component>
      <object_component id="oc-3b7">
         <name>.debug_info</name>
         <load_address>0x8a9e</load_address>
         <run_address>0x8a9e</run_address>
         <size>0x1dc</size>
         <input_file_ref idref="fl-ce"/>
      </object_component>
      <object_component id="oc-2e8">
         <name>.debug_info</name>
         <load_address>0x8c7a</load_address>
         <run_address>0x8c7a</run_address>
         <size>0x29a</size>
         <input_file_ref idref="fl-ce"/>
      </object_component>
      <object_component id="oc-15f">
         <name>.debug_info</name>
         <load_address>0x8f14</load_address>
         <run_address>0x8f14</run_address>
         <size>0xb2</size>
         <input_file_ref idref="fl-ce"/>
      </object_component>
      <object_component id="oc-15a">
         <name>.debug_info</name>
         <load_address>0x8fc6</load_address>
         <run_address>0x8fc6</run_address>
         <size>0x2c</size>
         <input_file_ref idref="fl-ce"/>
      </object_component>
      <object_component id="oc-25">
         <name>.debug_info</name>
         <load_address>0x8ff2</load_address>
         <run_address>0x8ff2</run_address>
         <size>0x10c</size>
         <input_file_ref idref="fl-cf"/>
      </object_component>
      <object_component id="oc-60">
         <name>.debug_info</name>
         <load_address>0x90fe</load_address>
         <run_address>0x90fe</run_address>
         <size>0x1aa</size>
         <input_file_ref idref="fl-cf"/>
      </object_component>
      <object_component id="oc-402">
         <name>.debug_info</name>
         <load_address>0x92a8</load_address>
         <run_address>0x92a8</run_address>
         <size>0x57c</size>
         <input_file_ref idref="fl-d0"/>
      </object_component>
      <object_component id="oc-3ce">
         <name>.debug_info</name>
         <load_address>0x9824</load_address>
         <run_address>0x9824</run_address>
         <size>0x21f</size>
         <input_file_ref idref="fl-d0"/>
      </object_component>
      <object_component id="oc-475">
         <name>.debug_info</name>
         <load_address>0x9a43</load_address>
         <run_address>0x9a43</run_address>
         <size>0x1b4</size>
         <input_file_ref idref="fl-d0"/>
      </object_component>
      <object_component id="oc-47b">
         <name>.debug_info</name>
         <load_address>0x9bf7</load_address>
         <run_address>0x9bf7</run_address>
         <size>0x21c</size>
         <input_file_ref idref="fl-d0"/>
      </object_component>
      <object_component id="oc-3d9">
         <name>.debug_info</name>
         <load_address>0x9e13</load_address>
         <run_address>0x9e13</run_address>
         <size>0x3bc</size>
         <input_file_ref idref="fl-d0"/>
      </object_component>
      <object_component id="oc-482">
         <name>.debug_info</name>
         <load_address>0xa1cf</load_address>
         <run_address>0xa1cf</run_address>
         <size>0x306</size>
         <input_file_ref idref="fl-d0"/>
      </object_component>
      <object_component id="oc-488">
         <name>.debug_info</name>
         <load_address>0xa4d5</load_address>
         <run_address>0xa4d5</run_address>
         <size>0x216</size>
         <input_file_ref idref="fl-d0"/>
      </object_component>
      <object_component id="oc-3df">
         <name>.debug_info</name>
         <load_address>0xa6eb</load_address>
         <run_address>0xa6eb</run_address>
         <size>0x216</size>
         <input_file_ref idref="fl-d0"/>
      </object_component>
      <object_component id="oc-3e5">
         <name>.debug_info</name>
         <load_address>0xa901</load_address>
         <run_address>0xa901</run_address>
         <size>0x305</size>
         <input_file_ref idref="fl-d0"/>
      </object_component>
      <object_component id="oc-3eb">
         <name>.debug_info</name>
         <load_address>0xac06</load_address>
         <run_address>0xac06</run_address>
         <size>0x4b1</size>
         <input_file_ref idref="fl-d0"/>
      </object_component>
      <object_component id="oc-2f5">
         <name>.debug_info</name>
         <load_address>0xb0b7</load_address>
         <run_address>0xb0b7</run_address>
         <size>0x5f5</size>
         <input_file_ref idref="fl-d0"/>
      </object_component>
      <object_component id="oc-403">
         <name>.debug_info</name>
         <load_address>0xb6ac</load_address>
         <run_address>0xb6ac</run_address>
         <size>0x86</size>
         <input_file_ref idref="fl-d0"/>
      </object_component>
      <object_component id="oc-4b1">
         <name>.debug_info</name>
         <load_address>0xb732</load_address>
         <run_address>0xb732</run_address>
         <size>0x39</size>
         <input_file_ref idref="fl-d0"/>
      </object_component>
      <object_component id="oc-504">
         <name>.debug_info</name>
         <load_address>0xb76b</load_address>
         <run_address>0xb76b</run_address>
         <size>0xb6</size>
         <input_file_ref idref="fl-d0"/>
      </object_component>
      <object_component id="oc-4b6">
         <name>.debug_info</name>
         <load_address>0xb821</load_address>
         <run_address>0xb821</run_address>
         <size>0x46</size>
         <input_file_ref idref="fl-d0"/>
      </object_component>
      <object_component id="oc-408">
         <name>.debug_info</name>
         <load_address>0xb867</load_address>
         <run_address>0xb867</run_address>
         <size>0x46</size>
         <input_file_ref idref="fl-d0"/>
      </object_component>
      <object_component id="oc-4e7">
         <name>.debug_info</name>
         <load_address>0xb8ad</load_address>
         <run_address>0xb8ad</run_address>
         <size>0x29b</size>
         <input_file_ref idref="fl-d1"/>
      </object_component>
      <object_component id="oc-48f">
         <name>.debug_info</name>
         <load_address>0xbb48</load_address>
         <run_address>0xbb48</run_address>
         <size>0x196</size>
         <input_file_ref idref="fl-d1"/>
      </object_component>
      <object_component id="oc-510">
         <name>.debug_info</name>
         <load_address>0xbcde</load_address>
         <run_address>0xbcde</run_address>
         <size>0x39</size>
         <input_file_ref idref="fl-d1"/>
      </object_component>
      <object_component id="oc-4e8">
         <name>.debug_info</name>
         <load_address>0xbd17</load_address>
         <run_address>0xbd17</run_address>
         <size>0x2c</size>
         <input_file_ref idref="fl-d1"/>
      </object_component>
      <object_component id="oc-4f4">
         <name>.debug_info</name>
         <load_address>0xbd43</load_address>
         <run_address>0xbd43</run_address>
         <size>0x2fe</size>
         <input_file_ref idref="fl-d2"/>
      </object_component>
      <object_component id="oc-497">
         <name>.debug_info</name>
         <load_address>0xc041</load_address>
         <run_address>0xc041</run_address>
         <size>0x226</size>
         <input_file_ref idref="fl-d2"/>
      </object_component>
      <object_component id="oc-462">
         <name>.debug_info</name>
         <load_address>0xc267</load_address>
         <run_address>0xc267</run_address>
         <size>0x135</size>
         <input_file_ref idref="fl-d3"/>
      </object_component>
      <object_component id="oc-13d">
         <name>.debug_info</name>
         <load_address>0xc39c</load_address>
         <run_address>0xc39c</run_address>
         <size>0x148</size>
         <input_file_ref idref="fl-d4"/>
      </object_component>
      <object_component id="oc-3d3">
         <name>.debug_info</name>
         <load_address>0xc4e4</load_address>
         <run_address>0xc4e4</run_address>
         <size>0x129</size>
         <input_file_ref idref="fl-d5"/>
      </object_component>
      <object_component id="oc-469">
         <name>.debug_info</name>
         <load_address>0xc60d</load_address>
         <run_address>0xc60d</run_address>
         <size>0x12b</size>
         <input_file_ref idref="fl-d5"/>
      </object_component>
      <object_component id="oc-322">
         <name>.debug_info</name>
         <load_address>0xc738</load_address>
         <run_address>0xc738</run_address>
         <size>0x4b4</size>
         <input_file_ref idref="fl-d6"/>
      </object_component>
      <object_component id="oc-242">
         <name>.debug_info</name>
         <load_address>0xcbec</load_address>
         <run_address>0xcbec</run_address>
         <size>0x1a7</size>
         <input_file_ref idref="fl-d6"/>
      </object_component>
      <object_component id="oc-421">
         <name>.debug_info</name>
         <load_address>0xcd93</load_address>
         <run_address>0xcd93</run_address>
         <size>0x39</size>
         <input_file_ref idref="fl-d6"/>
      </object_component>
      <object_component id="oc-4be">
         <name>.debug_info</name>
         <load_address>0xcdcc</load_address>
         <run_address>0xcdcc</run_address>
         <size>0x39</size>
         <input_file_ref idref="fl-d6"/>
      </object_component>
      <object_component id="oc-426">
         <name>.debug_info</name>
         <load_address>0xce05</load_address>
         <run_address>0xce05</run_address>
         <size>0x39</size>
         <input_file_ref idref="fl-d6"/>
      </object_component>
      <object_component id="oc-42b">
         <name>.debug_info</name>
         <load_address>0xce3e</load_address>
         <run_address>0xce3e</run_address>
         <size>0xcd</size>
         <input_file_ref idref="fl-d6"/>
      </object_component>
      <object_component id="oc-141">
         <name>.debug_info</name>
         <load_address>0xcf0b</load_address>
         <run_address>0xcf0b</run_address>
         <size>0x154</size>
         <input_file_ref idref="fl-d7"/>
      </object_component>
      <object_component id="oc-235">
         <name>.debug_info</name>
         <load_address>0xd05f</load_address>
         <run_address>0xd05f</run_address>
         <size>0x123</size>
         <input_file_ref idref="fl-d9"/>
      </object_component>
      <object_component id="oc-41b">
         <name>.debug_info</name>
         <load_address>0xd182</load_address>
         <run_address>0xd182</run_address>
         <size>0x2ca</size>
         <input_file_ref idref="fl-da"/>
      </object_component>
      <object_component id="oc-31c">
         <name>.debug_info</name>
         <load_address>0xd44c</load_address>
         <run_address>0xd44c</run_address>
         <size>0x11f</size>
         <input_file_ref idref="fl-da"/>
      </object_component>
      <object_component id="oc-414">
         <name>.debug_info</name>
         <load_address>0xd56b</load_address>
         <run_address>0xd56b</run_address>
         <size>0x12f</size>
         <input_file_ref idref="fl-da"/>
      </object_component>
      <object_component id="oc-460">
         <name>.debug_info</name>
         <load_address>0xd69a</load_address>
         <run_address>0xd69a</run_address>
         <size>0x2ba</size>
         <input_file_ref idref="fl-dc"/>
      </object_component>
      <object_component id="oc-3c7">
         <name>.debug_info</name>
         <load_address>0xd954</load_address>
         <run_address>0xd954</run_address>
         <size>0x17d</size>
         <input_file_ref idref="fl-dc"/>
      </object_component>
      <object_component id="oc-4d6">
         <name>.debug_info</name>
         <load_address>0xdad1</load_address>
         <run_address>0xdad1</run_address>
         <size>0xfa</size>
         <input_file_ref idref="fl-dd"/>
      </object_component>
      <object_component id="oc-45d">
         <name>.debug_info</name>
[...]
         <value>0xc59</value>
         <object_component_ref idref="oc-2d"/>
      </symbol>
      <symbol id="sm-e9">
         <name>ButtonAutoRepeat</name>
         <value>0xf69</value>
         <object_component_ref idref="oc-2d"/>
      </symbol>
      <symbol id="sm-ea">
         <name>gButtons</name>
         <value>0x2000803c</value>
         <object_component_ref idref="oc-93"/>
      </symbol>
      <symbol id="sm-eb">
         <name>ButtonISR</name>
         <value>0xfe9</value>
         <object_component_ref idref="oc-2d"/>
      </symbol>
      <symbol id="sm-ec">
         <name>ButtonInit</name>
         <value>0xd39</value>
         <object_component_ref idref="oc-2d"/>
      </symbol>
      <symbol id="sm-ed">
         <name>gJoystick</name>
         <value>0x20008034</value>
         <object_component_ref idref="oc-84"/>
      </symbol>
      <symbol id="sm-11f">
         <name>gSystemClock</name>
         <value>0x20008868</value>
      </symbol>
      <symbol id="sm-120">
         <name>gTime</name>
         <value>0x20008044</value>
         <object_component_ref idref="oc-110"/>
      </symbol>
      <symbol id="sm-121">
         <name>main</name>
         <value>0x19d9</value>
         <object_component_ref idref="oc-146"/>
      </symbol>
      <symbol id="sm-122">
         <name>toBinary</name>
         <value>0x1981</value>
         <object_component_ref idref="oc-146"/>
      </symbol>
      <symbol id="sm-131">
         <name>SysCtlFrequencyGet</name>
         <value>0x34d1</value>
         <object_component_ref idref="oc-db"/>
      </symbol>
      <symbol id="sm-14d">
         <name>ResetISR</name>
         <value>0x3a41</value>
         <object_component_ref idref="oc-27"/>
      </symbol>
      <symbol id="sm-14e">
         <name>g_pfnVectors</name>
         <value>0x0</value>
         <object_component_ref idref="oc-f"/>
      </symbol>
      <symbol id="sm-17d">
         <name>snprintf</name>
         <value>0x3435</value>
         <object_component_ref idref="oc-227"/>
      </symbol>
      <symbol id="sm-194">
         <name>__aeabi_dsub</name>
         <value>0x1f75</value>
         <object_component_ref idref="oc-218"/>
      </symbol>
      <symbol id="sm-195">
         <name>__aeabi_dadd</name>
         <value>0x1f7f</value>
         <object_component_ref idref="oc-218"/>
      </symbol>
      <symbol id="sm-1a9">
         <name>__aeabi_ddiv</name>
         <value>0x23ed</value>
         <object_component_ref idref="oc-203"/>
      </symbol>
      <symbol id="sm-1b4">
         <name>__aeabi_dmul</name>
         <value>0x2889</value>
         <object_component_ref idref="oc-21d"/>
      </symbol>
      <symbol id="sm-1be">
         <name>__aeabi_d2iz</name>
         <value>0x35ad</value>
         <object_component_ref idref="oc-20e"/>
      </symbol>
      <symbol id="sm-1c8">
         <name>__aeabi_d2uiz</name>
         <value>0x3639</value>
         <object_component_ref idref="oc-222"/>
      </symbol>
      <symbol id="sm-1d2">
         <name>__aeabi_i2d</name>
         <value>0x3865</value>
         <object_component_ref idref="oc-213"/>
      </symbol>
      <symbol id="sm-1ed">
         <name>memcpy</name>
         <value>0x2bef</value>
         <object_component_ref idref="oc-41"/>
      </symbol>
      <symbol id="sm-1ee">
         <name>__aeabi_memcpy</name>
         <value>0x2bef</value>
         <object_component_ref idref="oc-41"/>
      </symbol>
      <symbol id="sm-1ef">
         <name>__aeabi_memcpy8</name>
         <value>0x2bef</value>
         <object_component_ref idref="oc-41"/>
      </symbol>
      <symbol id="sm-1f0">
         <name>__aeabi_memcpy4</name>
         <value>0x2bef</value>
         <object_component_ref idref="oc-41"/>
      </symbol>
      <symbol id="sm-1fa">
         <name>__aeabi_ui2d</name>
         <value>0x3953</value>
         <object_component_ref idref="oc-1fe"/>
      </symbol>
      <symbol id="sm-213">
         <name>__TI_zero_init_nomemset</name>
         <value>0x39cd</value>
         <object_component_ref idref="oc-4d"/>
      </symbol>
      <symbol id="sm-22a">
         <name>__TI_decompress_none</name>
         <value>0x3bd7</value>
         <object_component_ref idref="oc-18"/>
      </symbol>
      <symbol id="sm-24d">
         <name>__TI_decompress_lzss</name>
         <value>0x3165</value>
         <object_component_ref idref="oc-12"/>
      </symbol>
      <symbol id="sm-2b9">
         <name>_sys_memory</name>
         <value>0x20008880</value>
         <object_component_ref idref="oc-21"/>
      </symbol>
      <symbol id="sm-2ba">
         <name>memalign</name>
         <value>0x2985</value>
         <object_component_ref idref="oc-2e7"/>
      </symbol>
      <symbol id="sm-2bb">
         <name>malloc</name>
         <value>0x3c3d</value>
         <object_component_ref idref="oc-208"/>
      </symbol>
      <symbol id="sm-2bc">
         <name>aligned_alloc</name>
         <value>0x2985</value>
         <object_component_ref idref="oc-2e7"/>
      </symbol>
      <symbol id="sm-2cf">
         <name>__stack</name>
         <value>0x20008050</value>
         <object_component_ref idref="oc-24"/>
      </symbol>
      <symbol id="sm-2d0">
         <name>_c_int00_noargs</name>
         <value>0x37a5</value>
         <object_component_ref idref="oc-5f"/>
      </symbol>
      <symbol id="sm-435">
         <name>__TI_printfi</name>
         <value>0x209</value>
         <object_component_ref idref="oc-2f3"/>
      </symbol>
      <symbol id="sm-455">
         <name>frexpl</name>
         <value>0x31cd</value>
         <object_component_ref idref="oc-48e"/>
      </symbol>
      <symbol id="sm-456">
         <name>frexp</name>
         <value>0x31cd</value>
         <object_component_ref idref="oc-48e"/>
      </symbol>
      <symbol id="sm-473">
         <name>scalbn</name>
         <value>0x2779</value>
         <object_component_ref idref="oc-494"/>
      </symbol>
      <symbol id="sm-474">
         <name>scalbnl</name>
         <value>0x2779</value>
         <object_component_ref idref="oc-494"/>
      </symbol>
      <symbol id="sm-475">
         <name>ldexpl</name>
         <value>0x2779</value>
         <object_component_ref idref="oc-494"/>
      </symbol>
      <symbol id="sm-476">
         <name>ldexp</name>
         <value>0x2779</value>
         <object_component_ref idref="oc-494"/>
      </symbol>
      <symbol id="sm-483">
         <name>__aeabi_uldivmod</name>
         <value>0x2c8b</value>
         <object_component_ref idref="oc-461"/>
      </symbol>
      <symbol id="sm-492">
         <name>__aeabi_memset</name>
         <value>0x2fad</value>
         <object_component_ref idref="oc-13a"/>
      </symbol>
      <symbol id="sm-493">
         <name>memset</name>
         <value>0x2fb3</value>
         <object_component_ref idref="oc-13a"/>
      </symbol>
      <symbol id="sm-494">
         <name>__aeabi_memset8</name>
         <value>0x2fad</value>
         <object_component_ref idref="oc-13a"/>
      </symbol>
      <symbol id="sm-495">
         <name>__aeabi_memset4</name>
         <value>0x2fad</value>
         <object_component_ref idref="oc-13a"/>
      </symbol>
      <symbol id="sm-496">
         <name>__aeabi_memclr8</name>
         <value>0x2fab</value>
         <object_component_ref idref="oc-13a"/>
      </symbol>
      <symbol id="sm-497">
         <name>__aeabi_memclr4</name>
         <value>0x2fab</value>
         <object_component_ref idref="oc-13a"/>
      </symbol>
      <symbol id="sm-498">
         <name>__aeabi_memclr</name>
         <value>0x2fab</value>
         <object_component_ref idref="oc-13a"/>
      </symbol>
      <symbol id="sm-4ba">
         <name>__aeabi_cdcmpeq</name>
         <value>0x2da7</value>
         <object_component_ref idref="oc-3d2"/>
      </symbol>
      <symbol id="sm-4bb">
         <name>__aeabi_cdcmple</name>
         <value>0x2da7</value>
         <object_component_ref idref="oc-3d2"/>
      </symbol>
      <symbol id="sm-4bc">
         <name>__aeabi_cdrcmple</name>
         <value>0x2e2d</value>
         <object_component_ref idref="oc-468"/>
      </symbol>
      <symbol id="sm-4e4">
         <name>__TI_auto_init_nobinit_nopinit</name>
         <value>0x35f5</value>
         <object_component_ref idref="oc-240"/>
      </symbol>
      <symbol id="sm-4ee">
         <name>_system_pre_init</name>
         <value>0x3c49</value>
         <object_component_ref idref="oc-140"/>
      </symbol>
      <symbol id="sm-4fa">
         <name>C$$EXIT</name>
         <value>0x3c4d</value>
         <object_component_ref idref="oc-234"/>
      </symbol>
      <symbol id="sm-4fb">
         <name>abort</name>
         <value>0x3c4d</value>
         <object_component_ref idref="oc-234"/>
      </symbol>
      <symbol id="sm-510">
         <name>_nop</name>
         <value>0xc57</value>
         <object_component_ref idref="oc-413"/>
      </symbol>
      <symbol id="sm-511">
         <name>_lock</name>
         <value>0x20008024</value>
         <object_component_ref idref="oc-31b"/>
      </symbol>
      <symbol id="sm-512">
         <name>_unlock</name>
         <value>0x20008028</value>
         <object_component_ref idref="oc-31b"/>
      </symbol>
      <symbol id="sm-529">
         <name>atoi</name>
         <value>0x33e9</value>
         <object_component_ref idref="oc-3c6"/>
      </symbol>
      <symbol id="sm-534">
         <name>_ctypes_</name>
         <value>0x4068</value>
         <object_component_ref idref="oc-45c"/>
      </symbol>
      <symbol id="sm-543">
         <name>ltoa</name>
         <value>0x3341</value>
         <object_component_ref idref="oc-46d"/>
      </symbol>
      <symbol id="sm-553">
         <name>memccpy</name>
         <value>0x3a05</value>
         <object_component_ref idref="oc-3ef"/>
      </symbol>
      <symbol id="sm-563">
         <name>strchr</name>
         <value>0x3ad1</value>
         <object_component_ref idref="oc-49a"/>
      </symbol>
      <symbol id="sm-571">
         <name>strlen</name>
         <value>0x3afd</value>
         <object_component_ref idref="oc-3c0"/>
      </symbol>
      <symbol id="sm-587">
         <name>__aeabi_errno_addr</name>
         <value>0x3c35</value>
         <object_component_ref idref="oc-3fb"/>
      </symbol>
      <symbol id="sm-588">
         <name>errno</name>
         <value>0x20008048</value>
         <object_component_ref idref="oc-4aa"/>
      </symbol>
      <symbol id="sm-5a1">
         <name>wcslen</name>
         <value>0x3b59</value>
         <object_component_ref idref="oc-3f5"/>
      </symbol>
      <symbol id="sm-5ab">
         <name>copysign</name>
         <value>0x3a21</value>
         <object_component_ref idref="oc-4ed"/>
      </symbol>
      <symbol id="sm-5ac">
         <name>copysignl</name>
         <value>0x3a21</value>
         <object_component_ref idref="oc-4ed"/>
      </symbol>
      <symbol id="sm-5b6">
         <name>__aeabi_idiv0</name>
         <value>0x197f</value>
         <object_component_ref idref="oc-4d9"/>
      </symbol>
      <symbol id="sm-5b7">
         <name>__aeabi_ldiv0</name>
         <value>0x197f</value>
         <object_component_ref idref="oc-4d9"/>
      </symbol>
      <symbol id="sm-5dc">
         <name>GrContextInit</name>
         <value>0x3095</value>
         <object_component_ref idref="oc-1e3"/>
      </symbol>
      <symbol id="sm-5dd">
         <name>g_psDefaultCodePointMapTable</name>
         <value>0x4494</value>
         <object_component_ref idref="oc-2c1"/>
      </symbol>
      <symbol id="sm-5eb">
         <name>GrRectFill</name>
         <value>0x2d21</value>
         <object_component_ref idref="oc-1f8"/>
      </symbol>
      <symbol id="sm-67a">
         <name>GrFontInfoGet</name>
         <value>0x38e5</value>
         <object_component_ref idref="oc-377"/>
      </symbol>
      <symbol id="sm-67b">
         <name>GrDefaultStringRenderer</name>
         <value>0x2a79</value>
         <object_component_ref idref="oc-2bb"/>
      </symbol>
      <symbol id="sm-67c">
         <name>GrFontGlyphRender</name>
         <value>0x1729</value>
         <object_component_ref idref="oc-389"/>
      </symbol>
      <symbol id="sm-67d">
         <name>GrContextFontSet</name>
         <value>0x34cb</value>
         <object_component_ref idref="oc-1ec"/>
      </symbol>
      <symbol id="sm-67e">
         <name>GrFontGlyphDataGet</name>
         <value>0x3931</value>
         <object_component_ref idref="oc-383"/>
      </symbol>
      <symbol id="sm-67f">
         <name>GrStringDraw</name>
         <value>0x3abb</value>
         <object_component_ref idref="oc-22d"/>
      </symbol>
      <symbol id="sm-680">
         <name>GrFontCodepageGet</name>
         <value>0x3991</value>
         <object_component_ref idref="oc-39e"/>
      </symbol>
      <symbol id="sm-681">
         <name>GrStringNextCharGet</name>
         <value>0x3837</value>
         <object_component_ref idref="oc-37d"/>
      </symbol>
      <symbol id="sm-693">
         <name>g_sFontFixed6x8</name>
         <value>0x416c</value>
         <object_component_ref idref="oc-1e9"/>
      </symbol>
      <symbol id="sm-6a0">
         <name>GrMapISO8859_1_Unicode</name>
         <value>0x3c1b</value>
         <object_component_ref idref="oc-390"/>
      </symbol>
      <symbol id="sm-6f6">
         <name>ADCProcessorTrigger</name>
         <value>0x3a73</value>
         <object_component_ref idref="oc-78"/>
      </symbol>
      <symbol id="sm-6f7">
         <name>ADCSequenceEnable</name>
         <value>0x3bbb</value>
         <object_component_ref idref="oc-fc"/>
      </symbol>
      <symbol id="sm-6f8">
         <name>ADCSequenceConfigure</name>
         <value>0x367d</value>
         <object_component_ref idref="oc-f0"/>
      </symbol>
      <symbol id="sm-6f9">
         <name>ADCSequenceStepConfigure</name>
         <value>0x2f31</value>
         <object_component_ref idref="oc-f6"/>
      </symbol>
      <symbol id="sm-6fa">
         <name>ADCIntClear</name>
         <value>0x3bfd</value>
         <object_component_ref idref="oc-8d"/>
      </symbol>
      <symbol id="sm-6fb">
         <name>ADCIntStatus</name>
         <value>0x3809</value>
         <object_component_ref idref="oc-7e"/>
      </symbol>
      <symbol id="sm-6fc">
         <name>ADCSequenceDisable</name>
         <value>0x3bad</value>
         <object_component_ref idref="oc-ea"/>
      </symbol>
      <symbol id="sm-6fd">
         <name>ADCClockConfigSet</name>
         <value>0x3a5b</value>
         <object_component_ref idref="oc-e4"/>
      </symbol>
      <symbol id="sm-6fe">
         <name>ADCSequenceDataGet</name>
         <value>0x3973</value>
         <object_component_ref idref="oc-87"/>
      </symbol>
      <symbol id="sm-714">
         <name>FPULazyStackingEnable</name>
         <value>0x3b7d</value>
         <object_component_ref idref="oc-1ce"/>
      </symbol>
      <symbol id="sm-715">
         <name>FPUEnable</name>
         <value>0x3b6d</value>
         <object_component_ref idref="oc-1c8"/>
      </symbol>
      <symbol id="sm-76f">
         <name>GPIOPinConfigure</name>
         <value>0x351d</value>
         <object_component_ref idref="oc-367"/>
      </symbol>
      <symbol id="sm-770">
         <name>GPIOPinTypeADC</name>
         <value>0x3b11</value>
         <object_component_ref idref="oc-d5"/>
      </symbol>
      <symbol id="sm-771">
         <name>GPIOPinTypeGPIOInput</name>
         <value>0x3b23</value>
         <object_component_ref idref="oc-c9"/>
      </symbol>
      <symbol id="sm-772">
         <name>GPIOPinTypeGPIOOutput</name>
         <value>0x3a8b</value>
         <object_component_ref idref="oc-36d"/>
      </symbol>
      <symbol id="sm-773">
         <name>GPIOPinRead</name>
         <value>0x10c3</value>
         <object_component_ref idref="oc-10a"/>
      </symbol>
      <symbol id="sm-774">
         <name>GPIODirModeSet</name>
         <value>0x3893</value>
         <object_component_ref idref="oc-190"/>
      </symbol>
      <symbol id="sm-775">
         <name>GPIOPinWrite</name>
         <value>0x212b</value>
         <object_component_ref idref="oc-34f"/>
      </symbol>
      <symbol id="sm-776">
         <name>GPIOPadConfigSet</name>
         <value>0x2523</value>
         <object_component_ref idref="oc-cf"/>
      </symbol>
      <symbol id="sm-777">
         <name>GPIOPinTypeSSI</name>
         <value>0x3b35</value>
         <object_component_ref idref="oc-361"/>
      </symbol>
      <symbol id="sm-7c1">
         <name>IntPrioritySet</name>
         <value>0x390d</value>
         <object_component_ref idref="oc-bd"/>
      </symbol>
      <symbol id="sm-7c2">
         <name>IntEnable</name>
         <value>0x30fd</value>
         <object_component_ref idref="oc-c3"/>
      </symbol>
      <symbol id="sm-7c3">
         <name>IntMasterDisable</name>
         <value>0x3b8d</value>
         <object_component_ref idref="oc-1c2"/>
      </symbol>
      <symbol id="sm-7c4">
         <name>IntMasterEnable</name>
         <value>0x3b9d</value>
         <object_component_ref idref="oc-1f2"/>
      </symbol>
      <symbol id="sm-7eb">
         <name>SSIDataPut</name>
         <value>0x3c07</value>
         <object_component_ref idref="oc-343"/>
      </symbol>
      <symbol id="sm-7ec">
         <name>SSIConfigSetExpClk</name>
         <value>0x36f9</value>
         <object_component_ref idref="oc-355"/>
      </symbol>
      <symbol id="sm-7ed">
         <name>SSIEnable</name>
         <value>0x3c11</value>
         <object_component_ref idref="oc-35b"/>
      </symbol>
      <symbol id="sm-7ee">
         <name>SSIBusy</name>
         <value>0x3c23</value>
         <object_component_ref idref="oc-349"/>
      </symbol>
      <symbol id="sm-85e">
         <name>SysCtlDelay</name>
         <value>0x3a3b</value>
         <object_component_ref idref="oc-2b1"/>
      </symbol>
      <symbol id="sm-85f">
         <name>SysCtlPeripheralEnable</name>
         <value>0x3771</value>
         <object_component_ref idref="oc-96"/>
      </symbol>
      <symbol id="sm-860">
         <name>SysCtlClockFreqSet</name>
         <value>0x1ba1</value>
         <object_component_ref idref="oc-1d4"/>
      </symbol>
      <symbol id="sm-89e">
         <name>TimerLoadSet</name>
         <value>0x3b47</value>
         <object_component_ref idref="oc-ab"/>
      </symbol>
      <symbol id="sm-89f">
         <name>TimerDisable</name>
         <value>0x3ae9</value>
         <object_component_ref idref="oc-9c"/>
      </symbol>
      <symbol id="sm-8a0">
         <name>TimerEnable</name>
         <value>0x3bc9</value>
         <object_component_ref idref="oc-b7"/>
      </symbol>
      <symbol id="sm-8a1">
         <name>TimerIntEnable</name>
         <value>0x3c2b</value>
         <object_component_ref idref="oc-b1"/>
      </symbol>
      <symbol id="sm-8a2">
         <name>TimerConfigure</name>
         <value>0x3231</value>
         <object_component_ref idref="oc-a2"/>
      </symbol>
      <symbol id="sm-8a3">
         <name>TimerIntClear</name>
         <value>0x3c45</value>
         <object_component_ref idref="oc-104"/>
      </symbol>
      <symbol id="sm-8b5">
         <name>CPUcpsie</name>
         <value>0x3bf1</value>
         <object_component_ref idref="oc-2d7"/>
      </symbol>
      <symbol id="sm-8b6">
         <name>CPUcpsid</name>
         <value>0x3be5</value>
         <object_component_ref idref="oc-288"/>
      </symbol>
      <symbol id="sm-8b7">
         <name>__TI_static_base__</name>
         <value>0x0</value>
      </symbol>
      <symbol id="sm-8ba">
         <name>__mpu_init</name>
         <value>0x0</value>
      </symbol>
      <symbol id="sm-8bb">
         <name>_system_post_cinit</name>
         <value>0x0</value>
      </symbol>
   </symbol_table>
   <title>Link successful</title>
</link_info>
