<?xml version="1.0" encoding="ISO-8859-1" ?>
<link_info>
   <banner>TI ARM Linker PC v18.12.2.LTS</banner>
   <copyright>Copyright (c) 1996-2018 Texas Instruments Incorporated</copyright>
   <link_time>0x5dbb4ee0</link_time>
   <link_errors>0x0</link_errors>
   <output_file>ece3849_lab1_kjsmith_2.out</output_file>
   <entry_point>
      <name>_c_int00_noargs</name>
      <address>0x3f31</address>
   </entry_point>
   <input_file_list>
      <input_file id="fl-2">
         <path>.\</path>
         <kind>object</kind>
         <file>Crystalfontz128x128_ST7735.obj</file>
         <name>Crystalfontz128x128_ST7735.obj</name>
      </input_file>
      <input_file id="fl-3">
         <path>.\</path>
         <kind>object</kind>
         <file>HAL_EK_TM4C1294XL_Crystalfontz128x128_ST7735.obj</file>
         <name>HAL_EK_TM4C1294XL_Crystalfontz128x128_ST7735.obj</name>
      </input_file>
      <input_file id="fl-4">
         <path>.\</path>
         <kind>object</kind>
         <file>buttons.obj</file>
         <name>buttons.obj</name>
      </input_file>
      <input_file id="fl-5">
         <path>.\</path>
         <kind>object</kind>
         <file>main.obj</file>
         <name>main.obj</name>
      </input_file>
      <input_file id="fl-6">
         <path>.\</path>
         <kind>object</kind>
         <file>sampling.obj</file>
         <name>sampling.obj</name>
      </input_file>
      <input_file id="fl-7">
         <path>.\</path>
         <kind>object</kind>
         <file>sysctl_pll.obj</file>
         <name>sysctl_pll.obj</name>
      </input_file>
      <input_file id="fl-8">
         <path>.\</path>
         <kind>object</kind>
         <file>tm4c1294ncpdt_startup_ccs.obj</file>
         <name>tm4c1294ncpdt_startup_ccs.obj</name>
      </input_file>
      <input_file id="fl-e">
         <kind>object</kind>
         <file>&lt;internal&gt;</file>
         <name>&lt;internal&gt;</name>
      </input_file>
      <input_file id="fl-c4">
         <path>C:\ti\ccs910\ccs\tools\compiler\ti-cgt-arm_18.12.2.LTS\lib\</path>
         <kind>archive</kind>
         <file>rtsv7M4_T_le_v4SPD16_eabi.lib</file>
         <name>s_roundf.c.obj</name>
      </input_file>
      <input_file id="fl-c5">
         <path>C:\ti\ccs910\ccs\tools\compiler\ti-cgt-arm_18.12.2.LTS\lib\</path>
         <kind>archive</kind>
         <file>rtsv7M4_T_le_v4SPD16_eabi.lib</file>
         <name>snprintf.c.obj</name>
      </input_file>
      <input_file id="fl-c6">
         <path>C:\ti\ccs910\ccs\tools\compiler\ti-cgt-arm_18.12.2.LTS\lib\</path>
         <kind>archive</kind>
         <file>rtsv7M4_T_le_v4SPD16_eabi.lib</file>
         <name>fd_mul_t2.asm.obj</name>
      </input_file>
      <input_file id="fl-c7">
         <path>C:\ti\ccs910\ccs\tools\compiler\ti-cgt-arm_18.12.2.LTS\lib\</path>
         <kind>archive</kind>
         <file>rtsv7M4_T_le_v4SPD16_eabi.lib</file>
         <name>fs_tod_t2.asm.obj</name>
      </input_file>
      <input_file id="fl-c8">
         <path>C:\ti\ccs910\ccs\tools\compiler\ti-cgt-arm_18.12.2.LTS\lib\</path>
         <kind>archive</kind>
         <file>rtsv7M4_T_le_v4SPD16_eabi.lib</file>
         <name>memcpy_t2.asm.obj</name>
      </input_file>
      <input_file id="fl-c9">
         <path>C:\ti\ccs910\ccs\tools\compiler\ti-cgt-arm_18.12.2.LTS\lib\</path>
         <kind>archive</kind>
         <file>rtsv7M4_T_le_v4SPD16_eabi.lib</file>
         <name>copy_zero_init.c.obj</name>
      </input_file>
      <input_file id="fl-ca">
         <path>C:\ti\ccs910\ccs\tools\compiler\ti-cgt-arm_18.12.2.LTS\lib\</path>
         <kind>archive</kind>
         <file>rtsv7M4_T_le_v4SPD16_eabi.lib</file>
         <name>copy_decompress_none.c.obj</name>
      </input_file>
      <input_file id="fl-cb">
         <path>C:\ti\ccs910\ccs\tools\compiler\ti-cgt-arm_18.12.2.LTS\lib\</path>
         <kind>archive</kind>
         <file>rtsv7M4_T_le_v4SPD16_eabi.lib</file>
         <name>copy_decompress_lzss.c.obj</name>
      </input_file>
      <input_file id="fl-cc">
         <path>C:\ti\ccs910\ccs\tools\compiler\ti-cgt-arm_18.12.2.LTS\lib\</path>
         <kind>archive</kind>
         <file>rtsv7M4_T_le_v4SPD16_eabi.lib</file>
         <name>boot_cortex_m.c.obj</name>
      </input_file>
      <input_file id="fl-cd">
         <path>C:\ti\ccs910\ccs\tools\compiler\ti-cgt-arm_18.12.2.LTS\lib\</path>
         <kind>archive</kind>
         <file>rtsv7M4_T_le_v4SPD16_eabi.lib</file>
         <name>s_floorf.c.obj</name>
      </input_file>
      <input_file id="fl-ce">
         <path>C:\ti\ccs910\ccs\tools\compiler\ti-cgt-arm_18.12.2.LTS\lib\</path>
         <kind>archive</kind>
         <file>rtsv7M4_T_le_v4SPD16_eabi.lib</file>
         <name>_printfi.c.obj</name>
      </input_file>
      <input_file id="fl-cf">
         <path>C:\ti\ccs910\ccs\tools\compiler\ti-cgt-arm_18.12.2.LTS\lib\</path>
         <kind>archive</kind>
         <file>rtsv7M4_T_le_v4SPD16_eabi.lib</file>
         <name>s_frexp.c.obj</name>
      </input_file>
      <input_file id="fl-d0">
         <path>C:\ti\ccs910\ccs\tools\compiler\ti-cgt-arm_18.12.2.LTS\lib\</path>
         <kind>archive</kind>
         <file>rtsv7M4_T_le_v4SPD16_eabi.lib</file>
         <name>s_scalbn.c.obj</name>
      </input_file>
      <input_file id="fl-d1">
         <path>C:\ti\ccs910\ccs\tools\compiler\ti-cgt-arm_18.12.2.LTS\lib\</path>
         <kind>archive</kind>
         <file>rtsv7M4_T_le_v4SPD16_eabi.lib</file>
         <name>ull_div_t2.asm.obj</name>
      </input_file>
      <input_file id="fl-d2">
         <path>C:\ti\ccs910\ccs\tools\compiler\ti-cgt-arm_18.12.2.LTS\lib\</path>
         <kind>archive</kind>
         <file>rtsv7M4_T_le_v4SPD16_eabi.lib</file>
         <name>memset_t2.asm.obj</name>
      </input_file>
      <input_file id="fl-d3">
         <path>C:\ti\ccs910\ccs\tools\compiler\ti-cgt-arm_18.12.2.LTS\lib\</path>
         <kind>archive</kind>
         <file>rtsv7M4_T_le_v4SPD16_eabi.lib</file>
         <name>fd_add_t2.asm.obj</name>
      </input_file>
      <input_file id="fl-d4">
         <path>C:\ti\ccs910\ccs\tools\compiler\ti-cgt-arm_18.12.2.LTS\lib\</path>
         <kind>archive</kind>
         <file>rtsv7M4_T_le_v4SPD16_eabi.lib</file>
         <name>fd_cmp_t2.asm.obj</name>
      </input_file>
      <input_file id="fl-d5">
         <path>C:\ti\ccs910\ccs\tools\compiler\ti-cgt-arm_18.12.2.LTS\lib\</path>
         <kind>archive</kind>
         <file>rtsv7M4_T_le_v4SPD16_eabi.lib</file>
         <name>fd_div_t2.asm.obj</name>
      </input_file>
      <input_file id="fl-d6">
         <path>C:\ti\ccs910\ccs\tools\compiler\ti-cgt-arm_18.12.2.LTS\lib\</path>
         <kind>archive</kind>
         <file>rtsv7M4_T_le_v4SPD16_eabi.lib</file>
         <name>fd_toi_t2.asm.obj</name>
      </input_file>
      <input_file id="fl-d7">
         <path>C:\ti\ccs910\ccs\tools\compiler\ti-cgt-arm_18.12.2.LTS\lib\</path>
         <kind>archive</kind>
         <file>rtsv7M4_T_le_v4SPD16_eabi.lib</file>
         <name>i_tofd_t2.asm.obj</name>
      </input_file>
      <input_file id="fl-d8">
         <path>C:\ti\ccs910\ccs\tools\compiler\ti-cgt-arm_18.12.2.LTS\lib\</path>
         <kind>archive</kind>
         <file>rtsv7M4_T_le_v4SPD16_eabi.lib</file>
         <name>autoinit.c.obj</name>
      </input_file>
      <input_file id="fl-d9">
         <path>C:\ti\ccs910\ccs\tools\compiler\ti-cgt-arm_18.12.2.LTS\lib\</path>
         <kind>archive</kind>
         <file>rtsv7M4_T_le_v4SPD16_eabi.lib</file>
         <name>pre_init.c.obj</name>
      </input_file>
      <input_file id="fl-da">
         <path>C:\ti\ccs910\ccs\tools\compiler\ti-cgt-arm_18.12.2.LTS\lib\</path>
         <kind>archive</kind>
         <file>rtsv7M4_T_le_v4SPD16_eabi.lib</file>
         <name>cpy_tbl.c.obj</name>
      </input_file>
      <input_file id="fl-db">
         <path>C:\ti\ccs910\ccs\tools\compiler\ti-cgt-arm_18.12.2.LTS\lib\</path>
         <kind>archive</kind>
         <file>rtsv7M4_T_le_v4SPD16_eabi.lib</file>
         <name>exit.c.obj</name>
      </input_file>
      <input_file id="fl-dc">
         <path>C:\ti\ccs910\ccs\tools\compiler\ti-cgt-arm_18.12.2.LTS\lib\</path>
         <kind>archive</kind>
         <file>rtsv7M4_T_le_v4SPD16_eabi.lib</file>
         <name>_lock.c.obj</name>
      </input_file>
      <input_file id="fl-dd">
         <path>C:\ti\ccs910\ccs\tools\compiler\ti-cgt-arm_18.12.2.LTS\lib\</path>
         <kind>archive</kind>
         <file>rtsv7M4_T_le_v4SPD16_eabi.lib</file>
         <name>args_main.c.obj</name>
      </input_file>
      <input_file id="fl-de">
         <path>C:\ti\ccs910\ccs\tools\compiler\ti-cgt-arm_18.12.2.LTS\lib\</path>
         <kind>archive</kind>
         <file>rtsv7M4_T_le_v4SPD16_eabi.lib</file>
         <name>atoi.c.obj</name>
      </input_file>
      <input_file id="fl-df">
         <path>C:\ti\ccs910\ccs\tools\compiler\ti-cgt-arm_18.12.2.LTS\lib\</path>
         <kind>archive</kind>
         <file>rtsv7M4_T_le_v4SPD16_eabi.lib</file>
         <name>ctype.c.obj</name>
      </input_file>
      <input_file id="fl-e0">
         <path>C:\ti\ccs910\ccs\tools\compiler\ti-cgt-arm_18.12.2.LTS\lib\</path>
         <kind>archive</kind>
         <file>rtsv7M4_T_le_v4SPD16_eabi.lib</file>
         <name>ltoa.c.obj</name>
      </input_file>
      <input_file id="fl-e1">
         <path>C:\ti\ccs910\ccs\tools\compiler\ti-cgt-arm_18.12.2.LTS\lib\</path>
         <kind>archive</kind>
         <file>rtsv7M4_T_le_v4SPD16_eabi.lib</file>
         <name>memccpy.c.obj</name>
      </input_file>
      <input_file id="fl-e2">
         <path>C:\ti\ccs910\ccs\tools\compiler\ti-cgt-arm_18.12.2.LTS\lib\</path>
         <kind>archive</kind>
         <file>rtsv7M4_T_le_v4SPD16_eabi.lib</file>
         <name>strchr.c.obj</name>
      </input_file>
      <input_file id="fl-e3">
         <path>C:\ti\ccs910\ccs\tools\compiler\ti-cgt-arm_18.12.2.LTS\lib\</path>
         <kind>archive</kind>
         <file>rtsv7M4_T_le_v4SPD16_eabi.lib</file>
         <name>strlen.c.obj</name>
      </input_file>
      <input_file id="fl-e4">
         <path>C:\ti\ccs910\ccs\tools\compiler\ti-cgt-arm_18.12.2.LTS\lib\</path>
         <kind>archive</kind>
         <file>rtsv7M4_T_le_v4SPD16_eabi.lib</file>
         <name>errno.c.obj</name>
      </input_file>
      <input_file id="fl-e5">
         <path>C:\ti\ccs910\ccs\tools\compiler\ti-cgt-arm_18.12.2.LTS\lib\</path>
         <kind>archive</kind>
         <file>rtsv7M4_T_le_v4SPD16_eabi.lib</file>
         <name>wcslen.c.obj</name>
      </input_file>
      <input_file id="fl-e6">
         <path>C:\ti\ccs910\ccs\tools\compiler\ti-cgt-arm_18.12.2.LTS\lib\</path>
         <kind>archive</kind>
         <file>rtsv7M4_T_le_v4SPD16_eabi.lib</file>
         <name>s_copysign.c.obj</name>
      </input_file>
      <input_file id="fl-e7">
         <path>C:\ti\ccs910\ccs\tools\compiler\ti-cgt-arm_18.12.2.LTS\lib\</path>
         <kind>archive</kind>
         <file>rtsv7M4_T_le_v4SPD16_eabi.lib</file>
         <name>div0.asm.obj</name>
      </input_file>
      <input_file id="fl-e8">
         <path>C:\ti\tirtos_tivac_2_16_00_08\products\TivaWare_C_Series-2.1.1.71b\grlib\ccs\Debug\</path>
         <kind>archive</kind>
         <file>grlib.lib</file>
         <name>context.obj</name>
      </input_file>
      <input_file id="fl-e9">
         <path>C:\ti\tirtos_tivac_2_16_00_08\products\TivaWare_C_Series-2.1.1.71b\grlib\ccs\Debug\</path>
         <kind>archive</kind>
         <file>grlib.lib</file>
         <name>line.obj</name>
      </input_file>
      <input_file id="fl-ea">
         <path>C:\ti\tirtos_tivac_2_16_00_08\products\TivaWare_C_Series-2.1.1.71b\grlib\ccs\Debug\</path>
         <kind>archive</kind>
         <file>grlib.lib</file>
         <name>rectangle.obj</name>
      </input_file>
      <input_file id="fl-eb">
         <path>C:\ti\tirtos_tivac_2_16_00_08\products\TivaWare_C_Series-2.1.1.71b\grlib\ccs\Debug\</path>
         <kind>archive</kind>
         <file>grlib.lib</file>
         <name>string.obj</name>
      </input_file>
      <input_file id="fl-ec">
         <path>C:\ti\tirtos_tivac_2_16_00_08\products\TivaWare_C_Series-2.1.1.71b\grlib\ccs\Debug\</path>
         <kind>archive</kind>
         <file>grlib.lib</file>
         <name>fontfixed6x8.obj</name>
      </input_file>
      <input_file id="fl-ed">
         <path>C:\ti\tirtos_tivac_2_16_00_08\products\TivaWare_C_Series-2.1.1.71b\grlib\ccs\Debug\</path>
         <kind>archive</kind>
         <file>grlib.lib</file>
         <name>charmap.obj</name>
      </input_file>
      <input_file id="fl-ee">
         <path>C:\ti\tirtos_tivac_2_16_00_08\products\TivaWare_C_Series-2.1.1.71b\driverlib\ccs\Debug\</path>
         <kind>archive</kind>
         <file>driverlib.lib</file>
         <name>adc.obj</name>
      </input_file>
      <input_file id="fl-ef">
         <path>C:\ti\tirtos_tivac_2_16_00_08\products\TivaWare_C_Series-2.1.1.71b\driverlib\ccs\Debug\</path>
         <kind>archive</kind>
         <file>driverlib.lib</file>
         <name>fpu.obj</name>
      </input_file>
      <input_file id="fl-f0">
         <path>C:\ti\tirtos_tivac_2_16_00_08\products\TivaWare_C_Series-2.1.1.71b\driverlib\ccs\Debug\</path>
         <kind>archive</kind>
         <file>driverlib.lib</file>
         <name>gpio.obj</name>
      </input_file>
      <input_file id="fl-f1">
         <path>C:\ti\tirtos_tivac_2_16_00_08\products\TivaWare_C_Series-2.1.1.71b\driverlib\ccs\Debug\</path>
         <kind>archive</kind>
         <file>driverlib.lib</file>
         <name>interrupt.obj</name>
      </input_file>
      <input_file id="fl-f2">
         <path>C:\ti\tirtos_tivac_2_16_00_08\products\TivaWare_C_Series-2.1.1.71b\driverlib\ccs\Debug\</path>
         <kind>archive</kind>
         <file>driverlib.lib</file>
         <name>ssi.obj</name>
      </input_file>
      <input_file id="fl-f3">
         <path>C:\ti\tirtos_tivac_2_16_00_08\products\TivaWare_C_Series-2.1.1.71b\driverlib\ccs\Debug\</path>
         <kind>archive</kind>
         <file>driverlib.lib</file>
         <name>sysctl.obj</name>
      </input_file>
      <input_file id="fl-f4">
         <path>C:\ti\tirtos_tivac_2_16_00_08\products\TivaWare_C_Series-2.1.1.71b\driverlib\ccs\Debug\</path>
         <kind>archive</kind>
         <file>driverlib.lib</file>
         <name>timer.obj</name>
      </input_file>
      <input_file id="fl-f5">
         <path>C:\ti\tirtos_tivac_2_16_00_08\products\TivaWare_C_Series-2.1.1.71b\driverlib\ccs\Debug\</path>
         <kind>archive</kind>
         <file>driverlib.lib</file>
         <name>cpu.obj</name>
      </input_file>
   </input_file_list>
   <object_component_list>
      <object_component id="oc-f">
         <name>.intvecs</name>
         <load_address>0x0</load_address>
         <run_address>0x0</run_address>
         <size>0x208</size>
         <input_file_ref idref="fl-8"/>
      </object_component>
      <object_component id="oc-320">
         <name>.text:__TI_printfi</name>
         <load_address>0x208</load_address>
         <run_address>0x208</run_address>
         <size>0xa4e</size>
         <input_file_ref idref="fl-ce"/>
      </object_component>
      <object_component id="oc-511">
         <name>.text</name>
         <load_address>0xc56</load_address>
         <run_address>0xc56</run_address>
         <size>0x2</size>
         <input_file_ref idref="fl-e7"/>
      </object_component>
      <object_component id="oc-2a">
         <name>.text</name>
         <load_address>0xc58</load_address>
         <run_address>0xc58</run_address>
         <size>0x648</size>
         <input_file_ref idref="fl-4"/>
      </object_component>
      <object_component id="oc-15c">
         <name>.text</name>
         <load_address>0x12a0</load_address>
         <run_address>0x12a0</run_address>
         <size>0x420</size>
         <input_file_ref idref="fl-5"/>
      </object_component>
      <object_component id="oc-1fc">
         <name>.text</name>
         <load_address>0x16c0</load_address>
         <run_address>0x16c0</run_address>
         <size>0x3f0</size>
         <input_file_ref idref="fl-2"/>
      </object_component>
      <object_component id="oc-411">
         <name>.text:_pconv_a</name>
         <load_address>0x1ab0</load_address>
         <run_address>0x1ab0</run_address>
         <size>0x270</size>
         <input_file_ref idref="fl-ce"/>
      </object_component>
      <object_component id="oc-3be">
         <name>.text:GrFontGlyphRender</name>
         <load_address>0x1d20</load_address>
         <run_address>0x1d20</run_address>
         <size>0x256</size>
         <input_file_ref idref="fl-eb"/>
      </object_component>
      <object_component id="oc-1f6">
         <name>.text:SysCtlClockFreqSet</name>
         <load_address>0x1f78</load_address>
         <run_address>0x1f78</run_address>
         <size>0x204</size>
         <input_file_ref idref="fl-f3"/>
      </object_component>
      <object_component id="oc-3ff">
         <name>.text:_pconv_g</name>
         <load_address>0x217c</load_address>
         <run_address>0x217c</run_address>
         <size>0x1d0</size>
         <input_file_ref idref="fl-ce"/>
      </object_component>
      <object_component id="oc-4a6">
         <name>.text</name>
         <load_address>0x234c</load_address>
         <run_address>0x234c</run_address>
         <size>0x1b6</size>
         <input_file_ref idref="fl-d3"/>
      </object_component>
      <object_component id="oc-111">
         <name>.text:GPIOPinRead</name>
         <load_address>0x2502</load_address>
         <run_address>0x2502</run_address>
         <size>0x6</size>
         <input_file_ref idref="fl-f0"/>
      </object_component>
      <object_component id="oc-2d3">
         <name>.text</name>
         <load_address>0x2508</load_address>
         <run_address>0x2508</run_address>
         <size>0x17e</size>
         <input_file_ref idref="fl-3"/>
      </object_component>
      <object_component id="oc-30">
         <name>.text</name>
         <load_address>0x2688</load_address>
         <run_address>0x2688</run_address>
         <size>0x156</size>
         <input_file_ref idref="fl-6"/>
      </object_component>
      <object_component id="oc-40b">
         <name>.text:_pconv_e</name>
         <load_address>0x27e0</load_address>
         <run_address>0x27e0</run_address>
         <size>0x13c</size>
         <input_file_ref idref="fl-ce"/>
      </object_component>
      <object_component id="oc-48c">
         <name>.text</name>
         <load_address>0x291c</load_address>
         <run_address>0x291c</run_address>
         <size>0x136</size>
         <input_file_ref idref="fl-d5"/>
      </object_component>
      <object_component id="oc-b0">
         <name>.text:GPIOPadConfigSet</name>
         <load_address>0x2a52</load_address>
         <run_address>0x2a52</run_address>
         <size>0x130</size>
         <input_file_ref idref="fl-f0"/>
      </object_component>
      <object_component id="oc-4b8">
         <name>.text:fcvt</name>
         <load_address>0x2b84</load_address>
         <run_address>0x2b84</run_address>
         <size>0x124</size>
         <input_file_ref idref="fl-ce"/>
      </object_component>
      <object_component id="oc-4cc">
         <name>.text:scalbn</name>
         <load_address>0x2ca8</load_address>
         <run_address>0x2ca8</run_address>
         <size>0x110</size>
         <input_file_ref idref="fl-d0"/>
      </object_component>
      <object_component id="oc-238">
         <name>.text:GrLineDraw</name>
         <load_address>0x2db8</load_address>
         <run_address>0x2db8</run_address>
         <size>0x106</size>
         <input_file_ref idref="fl-e9"/>
      </object_component>
      <object_component id="oc-24f">
         <name>.text</name>
         <load_address>0x2ebe</load_address>
         <run_address>0x2ebe</run_address>
         <size>0xfc</size>
         <input_file_ref idref="fl-c6"/>
      </object_component>
      <object_component id="oc-2e6">
         <name>.text:GrDefaultStringRenderer</name>
         <load_address>0x2fba</load_address>
         <run_address>0x2fba</run_address>
         <size>0xc4</size>
         <input_file_ref idref="fl-eb"/>
      </object_component>
      <object_component id="oc-318">
         <name>.text:GrLineClip</name>
         <load_address>0x307e</load_address>
         <run_address>0x307e</run_address>
         <size>0xc0</size>
         <input_file_ref idref="fl-e9"/>
      </object_component>
      <object_component id="oc-3f4">
         <name>.text:_ltostr</name>
         <load_address>0x3140</load_address>
         <run_address>0x3140</run_address>
         <size>0xb1</size>
         <input_file_ref idref="fl-ce"/>
      </object_component>
      <object_component id="oc-44">
         <name>.text</name>
         <load_address>0x31f2</load_address>
         <run_address>0x31f2</run_address>
         <size>0x9c</size>
         <input_file_ref idref="fl-c8"/>
      </object_component>
      <object_component id="oc-485">
         <name>.text</name>
         <load_address>0x328e</load_address>
         <run_address>0x328e</run_address>
         <size>0x96</size>
         <input_file_ref idref="fl-d1"/>
      </object_component>
      <object_component id="oc-226">
         <name>.text:GrRectFill</name>
         <load_address>0x3324</load_address>
         <run_address>0x3324</run_address>
         <size>0x86</size>
         <input_file_ref idref="fl-ea"/>
      </object_component>
      <object_component id="oc-3fa">
         <name>.text:__aeabi_cdcmple</name>
         <load_address>0x33aa</load_address>
         <run_address>0x33aa</run_address>
         <size>0x86</size>
         <input_file_ref idref="fl-d4"/>
      </object_component>
      <object_component id="oc-491">
         <name>.text:__aeabi_cdrcmple</name>
         <load_address>0x3430</load_address>
         <run_address>0x3430</run_address>
         <size>0x86</size>
         <input_file_ref idref="fl-d4"/>
      </object_component>
      <object_component id="oc-1c2">
         <name>.text:floorf</name>
         <load_address>0x34b8</load_address>
         <run_address>0x34b8</run_address>
         <size>0x80</size>
         <input_file_ref idref="fl-cd"/>
      </object_component>
      <object_component id="oc-d4">
         <name>.text:ADCSequenceStepConfigure</name>
         <load_address>0x3538</load_address>
         <run_address>0x3538</run_address>
         <size>0x7a</size>
         <input_file_ref idref="fl-ee"/>
      </object_component>
      <object_component id="oc-150">
         <name>.text</name>
         <load_address>0x35b2</load_address>
         <run_address>0x35b2</run_address>
         <size>0x7a</size>
         <input_file_ref idref="fl-d2"/>
      </object_component>
      <object_component id="oc-4b1">
         <name>.text:_mcpy</name>
         <load_address>0x362c</load_address>
         <run_address>0x362c</run_address>
         <size>0x6e</size>
         <input_file_ref idref="fl-ce"/>
      </object_component>
      <object_component id="oc-129">
         <name>.text:roundf</name>
         <load_address>0x369a</load_address>
         <run_address>0x369a</run_address>
         <size>0x6e</size>
         <input_file_ref idref="fl-c4"/>
      </object_component>
      <object_component id="oc-205">
         <name>.text:GrContextInit</name>
         <load_address>0x3708</load_address>
         <run_address>0x3708</run_address>
         <size>0x68</size>
         <input_file_ref idref="fl-e8"/>
      </object_component>
      <object_component id="oc-220">
         <name>.text:IntDisable</name>
         <load_address>0x3770</load_address>
         <run_address>0x3770</run_address>
         <size>0x68</size>
         <input_file_ref idref="fl-f1"/>
      </object_component>
      <object_component id="oc-a4">
         <name>.text:IntEnable</name>
         <load_address>0x37d8</load_address>
         <run_address>0x37d8</run_address>
         <size>0x68</size>
         <input_file_ref idref="fl-f1"/>
      </object_component>
      <object_component id="oc-12">
         <name>.text:decompress:lzss:__TI_decompress_lzss</name>
         <load_address>0x3840</load_address>
         <run_address>0x3840</run_address>
         <size>0x68</size>
         <input_file_ref idref="fl-cb"/>
      </object_component>
      <object_component id="oc-4c6">
         <name>.text:frexp</name>
         <load_address>0x38a8</load_address>
         <run_address>0x38a8</run_address>
         <size>0x64</size>
         <input_file_ref idref="fl-cf"/>
      </object_component>
      <object_component id="oc-83">
         <name>.text:TimerConfigure</name>
         <load_address>0x390c</load_address>
         <run_address>0x390c</run_address>
         <size>0x60</size>
         <input_file_ref idref="fl-f4"/>
      </object_component>
      <object_component id="oc-46c">
         <name>.text:FontWideGlyphDataGet</name>
         <load_address>0x396c</load_address>
         <run_address>0x396c</run_address>
         <size>0x5a</size>
         <input_file_ref idref="fl-eb"/>
      </object_component>
      <object_component id="oc-405">
         <name>.text:_pconv_f</name>
         <load_address>0x39c6</load_address>
         <run_address>0x39c6</run_address>
         <size>0x56</size>
         <input_file_ref idref="fl-ce"/>
      </object_component>
      <object_component id="oc-49b">
         <name>.text:ltoa</name>
         <load_address>0x3a1c</load_address>
         <run_address>0x3a1c</run_address>
         <size>0x54</size>
         <input_file_ref idref="fl-e0"/>
      </object_component>
      <object_component id="oc-4ab">
         <name>.text:_ecpy</name>
         <load_address>0x3a70</load_address>
         <run_address>0x3a70</run_address>
         <size>0x52</size>
         <input_file_ref idref="fl-ce"/>
      </object_component>
      <object_component id="oc-3ee">
         <name>.text:atoi</name>
         <load_address>0x3ac4</load_address>
         <run_address>0x3ac4</run_address>
         <size>0x4c</size>
         <input_file_ref idref="fl-de"/>
      </object_component>
      <object_component id="oc-244">
         <name>.text:snprintf</name>
         <load_address>0x3b10</load_address>
         <run_address>0x3b10</run_address>
         <size>0x4c</size>
         <input_file_ref idref="fl-c5"/>
      </object_component>
      <object_component id="oc-2f9">
         <name>.text:UpdateContextCharMapping</name>
         <load_address>0x3b5c</load_address>
         <run_address>0x3b5c</run_address>
         <size>0x4a</size>
         <input_file_ref idref="fl-eb"/>
      </object_component>
      <object_component id="oc-bc">
         <name>.text</name>
         <load_address>0x3ba8</load_address>
         <run_address>0x3ba8</run_address>
         <size>0x4a</size>
         <input_file_ref idref="fl-7"/>
      </object_component>
      <object_component id="oc-39c">
         <name>.text:GPIOPinConfigure</name>
         <load_address>0x3bf4</load_address>
         <run_address>0x3bf4</run_address>
         <size>0x48</size>
         <input_file_ref idref="fl-f0"/>
      </object_component>
      <object_component id="oc-2c2">
         <name>.text:_SysCtlFrequencyGet</name>
         <load_address>0x3c3c</load_address>
         <run_address>0x3c3c</run_address>
         <size>0x48</size>
         <input_file_ref idref="fl-f3"/>
      </object_component>
      <object_component id="oc-496">
         <name>.text</name>
         <load_address>0x3c84</load_address>
         <run_address>0x3c84</run_address>
         <size>0x48</size>
         <input_file_ref idref="fl-d6"/>
      </object_component>
      <object_component id="oc-232">
         <name>.text:GrLineDrawH</name>
         <load_address>0x3ccc</load_address>
         <run_address>0x3ccc</run_address>
         <size>0x46</size>
         <input_file_ref idref="fl-e9"/>
      </object_component>
      <object_component id="oc-22c">
         <name>.text:GrLineDrawV</name>
         <load_address>0x3d12</load_address>
         <run_address>0x3d12</run_address>
         <size>0x46</size>
         <input_file_ref idref="fl-e9"/>
      </object_component>
      <object_component id="oc-261">
         <name>.text:__TI_auto_init_nobinit_nopinit:__TI_auto_init_nobinit_nopinit</name>
         <load_address>0x3d58</load_address>
         <run_address>0x3d58</run_address>
         <size>0x44</size>
         <input_file_ref idref="fl-d8"/>
      </object_component>
      <object_component id="oc-ce">
         <name>.text:ADCSequenceConfigure</name>
         <load_address>0x3d9c</load_address>
         <run_address>0x3d9c</run_address>
         <size>0x3e</size>
         <input_file_ref idref="fl-ee"/>
      </object_component>
      <object_component id="oc-4be">
         <name>.text:_fcpy</name>
         <load_address>0x3dda</load_address>
         <run_address>0x3dda</run_address>
         <size>0x3e</size>
         <input_file_ref idref="fl-ce"/>
      </object_component>
      <object_component id="oc-38a">
         <name>.text:SSIConfigSetExpClk</name>
         <load_address>0x3e18</load_address>
         <run_address>0x3e18</run_address>
         <size>0x3c</size>
         <input_file_ref idref="fl-f2"/>
      </object_component>
      <object_component id="oc-472">
         <name>.text:FontGlyphDataGet</name>
         <load_address>0x3e54</load_address>
         <run_address>0x3e54</run_address>
         <size>0x3a</size>
         <input_file_ref idref="fl-eb"/>
      </object_component>
      <object_component id="oc-24a">
         <name>.text</name>
         <load_address>0x3e8e</load_address>
         <run_address>0x3e8e</run_address>
         <size>0x38</size>
         <input_file_ref idref="fl-c7"/>
      </object_component>
      <object_component id="oc-3e1">
         <name>.text:GrClipCodeGet</name>
         <load_address>0x3ec6</load_address>
         <run_address>0x3ec6</run_address>
         <size>0x36</size>
         <input_file_ref idref="fl-e9"/>
      </object_component>
      <object_component id="oc-77">
         <name>.text:SysCtlPeripheralEnable</name>
         <load_address>0x3efc</load_address>
         <run_address>0x3efc</run_address>
         <size>0x34</size>
         <input_file_ref idref="fl-f3"/>
      </object_component>
      <object_component id="oc-62">
         <name>.text:_c_int00_noargs:_c_int00_noargs</name>
         <load_address>0x3f30</load_address>
         <run_address>0x3f30</run_address>
         <size>0x34</size>
         <input_file_ref idref="fl-cc"/>
      </object_component>
      <object_component id="oc-326">
         <name>.text:_outs</name>
         <load_address>0x3f64</load_address>
         <run_address>0x3f64</run_address>
         <size>0x30</size>
         <input_file_ref idref="fl-c5"/>
      </object_component>
      <object_component id="oc-f1">
         <name>.text:ADCIntStatus</name>
         <load_address>0x3f94</load_address>
         <run_address>0x3f94</run_address>
         <size>0x2e</size>
         <input_file_ref idref="fl-ee"/>
      </object_component>
      <object_component id="oc-3b2">
         <name>.text:GrStringNextCharGet</name>
         <load_address>0x3fc2</load_address>
         <run_address>0x3fc2</run_address>
         <size>0x2e</size>
         <input_file_ref idref="fl-eb"/>
      </object_component>
      <object_component id="oc-4a1">
         <name>.text</name>
         <load_address>0x3ff0</load_address>
         <run_address>0x3ff0</run_address>
         <size>0x2e</size>
         <input_file_ref idref="fl-d7"/>
      </object_component>
      <object_component id="oc-195">
         <name>.text:GPIODirModeSet</name>
         <load_address>0x401e</load_address>
         <run_address>0x401e</run_address>
         <size>0x2a</size>
         <input_file_ref idref="fl-f0"/>
      </object_component>
      <object_component id="oc-3ac">
         <name>.text:GrFontInfoGet</name>
         <load_address>0x4048</load_address>
         <run_address>0x4048</run_address>
         <size>0x26</size>
         <input_file_ref idref="fl-eb"/>
      </object_component>
      <object_component id="oc-9e">
         <name>.text:IntPrioritySet</name>
         <load_address>0x4070</load_address>
         <run_address>0x4070</run_address>
         <size>0x24</size>
         <input_file_ref idref="fl-f1"/>
      </object_component>
      <object_component id="oc-3b8">
         <name>.text:GrFontGlyphDataGet</name>
         <load_address>0x4094</load_address>
         <run_address>0x4094</run_address>
         <size>0x22</size>
         <input_file_ref idref="fl-eb"/>
      </object_component>
      <object_component id="oc-fa">
         <name>.text:ADCSequenceDataGet</name>
         <load_address>0x40b6</load_address>
         <run_address>0x40b6</run_address>
         <size>0x1e</size>
         <input_file_ref idref="fl-ee"/>
      </object_component>
      <object_component id="oc-3d3">
         <name>.text:GrFontCodepageGet</name>
         <load_address>0x40d4</load_address>
         <run_address>0x40d4</run_address>
         <size>0x1e</size>
         <input_file_ref idref="fl-eb"/>
      </object_component>
      <object_component id="oc-2bc">
         <name>.text:_SysCtlMemTimingGet</name>
         <load_address>0x40f4</load_address>
         <run_address>0x40f4</run_address>
         <size>0x1c</size>
         <input_file_ref idref="fl-f3"/>
      </object_component>
      <object_component id="oc-417">
         <name>.text:memccpy</name>
         <load_address>0x4110</load_address>
         <run_address>0x4110</run_address>
         <size>0x1c</size>
         <input_file_ref idref="fl-e1"/>
      </object_component>
      <object_component id="oc-529">
         <name>.text:copysign</name>
         <load_address>0x412c</load_address>
         <run_address>0x412c</run_address>
         <size>0x1a</size>
         <input_file_ref idref="fl-e6"/>
      </object_component>
      <object_component id="oc-24">
         <name>.text</name>
         <load_address>0x4148</load_address>
         <run_address>0x4148</run_address>
         <size>0x1a</size>
         <input_file_ref idref="fl-8"/>
      </object_component>
      <object_component id="oc-c2">
         <name>.text:ADCClockConfigSet</name>
         <load_address>0x4162</load_address>
         <run_address>0x4162</run_address>
         <size>0x18</size>
         <input_file_ref idref="fl-ee"/>
      </object_component>
      <object_component id="oc-eb">
         <name>.text:ADCProcessorTrigger</name>
         <load_address>0x417a</load_address>
         <run_address>0x417a</run_address>
         <size>0x18</size>
         <input_file_ref idref="fl-ee"/>
      </object_component>
      <object_component id="oc-3a2">
         <name>.text:GPIOPinTypeGPIOOutput</name>
         <load_address>0x4192</load_address>
         <run_address>0x4192</run_address>
         <size>0x18</size>
         <input_file_ref idref="fl-f0"/>
      </object_component>
      <object_component id="oc-32c">
         <name>.text:_outc</name>
         <load_address>0x41aa</load_address>
         <run_address>0x41aa</run_address>
         <size>0x18</size>
         <input_file_ref idref="fl-c5"/>
      </object_component>
      <object_component id="oc-23e">
         <name>.text:GrStringDraw</name>
         <load_address>0x41c2</load_address>
         <run_address>0x41c2</run_address>
         <size>0x16</size>
         <input_file_ref idref="fl-eb"/>
      </object_component>
      <object_component id="oc-4d2">
         <name>.text:strchr</name>
         <load_address>0x41d8</load_address>
         <run_address>0x41d8</run_address>
         <size>0x16</size>
         <input_file_ref idref="fl-e2"/>
      </object_component>
      <object_component id="oc-7d">
         <name>.text:TimerDisable</name>
         <load_address>0x41f0</load_address>
         <run_address>0x41f0</run_address>
         <size>0x14</size>
         <input_file_ref idref="fl-f4"/>
      </object_component>
      <object_component id="oc-3e8">
         <name>.text:strlen</name>
         <load_address>0x4204</load_address>
         <run_address>0x4204</run_address>
         <size>0x14</size>
         <input_file_ref idref="fl-e3"/>
      </object_component>
      <object_component id="oc-b6">
         <name>.text:GPIOPinTypeADC</name>
         <load_address>0x4218</load_address>
         <run_address>0x4218</run_address>
         <size>0x12</size>
         <input_file_ref idref="fl-f0"/>
      </object_component>
      <object_component id="oc-aa">
         <name>.text:GPIOPinTypeGPIOInput</name>
         <load_address>0x422a</load_address>
         <run_address>0x422a</run_address>
         <size>0x12</size>
         <input_file_ref idref="fl-f0"/>
      </object_component>
      <object_component id="oc-396">
         <name>.text:GPIOPinTypeSSI</name>
         <load_address>0x423c</load_address>
         <run_address>0x423c</run_address>
         <size>0x12</size>
         <input_file_ref idref="fl-f0"/>
      </object_component>
      <object_component id="oc-8c">
         <name>.text:TimerLoadSet</name>
         <load_address>0x424e</load_address>
         <run_address>0x424e</run_address>
         <size>0x12</size>
         <input_file_ref idref="fl-f4"/>
      </object_component>
      <object_component id="oc-41d">
         <name>.text:wcslen</name>
         <load_address>0x4260</load_address>
         <run_address>0x4260</run_address>
         <size>0x12</size>
         <input_file_ref idref="fl-e5"/>
      </object_component>
      <object_component id="oc-e0">
         <name>.text:ADCIntEnable</name>
         <load_address>0x4272</load_address>
         <run_address>0x4272</run_address>
         <size>0x10</size>
         <input_file_ref idref="fl-ee"/>
      </object_component>
      <object_component id="oc-1ea">
         <name>.text:FPUEnable</name>
         <load_address>0x4284</load_address>
         <run_address>0x4284</run_address>
         <size>0x10</size>
         <input_file_ref idref="fl-ef"/>
      </object_component>
      <object_component id="oc-1f0">
         <name>.text:FPULazyStackingEnable</name>
         <load_address>0x4294</load_address>
         <run_address>0x4294</run_address>
         <size>0x10</size>
         <input_file_ref idref="fl-ef"/>
      </object_component>
      <object_component id="oc-1e4">
         <name>.text:IntMasterDisable</name>
         <load_address>0x42a4</load_address>
         <run_address>0x42a4</run_address>
         <size>0x10</size>
         <input_file_ref idref="fl-f1"/>
      </object_component>
      <object_component id="oc-214">
         <name>.text:IntMasterEnable</name>
         <load_address>0x42b4</load_address>
         <run_address>0x42b4</run_address>
         <size>0x10</size>
         <input_file_ref idref="fl-f1"/>
      </object_component>
      <object_component id="oc-c8">
         <name>.text:ADCSequenceDisable</name>
         <load_address>0x42c4</load_address>
         <run_address>0x42c4</run_address>
         <size>0xe</size>
         <input_file_ref idref="fl-ee"/>
      </object_component>
      <object_component id="oc-da">
         <name>.text:ADCSequenceEnable</name>
         <load_address>0x42d2</load_address>
         <run_address>0x42d2</run_address>
         <size>0xe</size>
         <input_file_ref idref="fl-ee"/>
      </object_component>
      <object_component id="oc-98">
         <name>.text:TimerEnable</name>
         <load_address>0x42e0</load_address>
         <run_address>0x42e0</run_address>
         <size>0xe</size>
         <input_file_ref idref="fl-f4"/>
      </object_component>
      <object_component id="oc-18">
         <name>.text:decompress:none:__TI_decompress_none</name>
         <load_address>0x42ee</load_address>
         <run_address>0x42ee</run_address>
         <size>0xe</size>
         <input_file_ref idref="fl-ca"/>
      </object_component>
      <object_component id="oc-2b3">
         <name>.text:CPUcpsid</name>
         <load_address>0x42fc</load_address>
         <run_address>0x42fc</run_address>
         <size>0xc</size>
         <input_file_ref idref="fl-f5"/>
      </object_component>
      <object_component id="oc-302">
         <name>.text:CPUcpsie</name>
         <load_address>0x4308</load_address>
         <run_address>0x4308</run_address>
         <size>0xc</size>
         <input_file_ref idref="fl-f5"/>
      </object_component>
      <object_component id="oc-56">
         <name>.text:decompress:ZI:__TI_zero_init</name>
         <load_address>0x4314</load_address>
         <run_address>0x4314</run_address>
         <size>0xc</size>
         <input_file_ref idref="fl-c9"/>
      </object_component>
      <object_component id="oc-100">
         <name>.text:ADCIntClear</name>
         <load_address>0x4320</load_address>
         <run_address>0x4320</run_address>
         <size>0xa</size>
         <input_file_ref idref="fl-ee"/>
      </object_component>
      <object_component id="oc-378">
         <name>.text:SSIDataPut</name>
         <load_address>0x432a</load_address>
         <run_address>0x432a</run_address>
         <size>0xa</size>
         <input_file_ref idref="fl-f2"/>
      </object_component>
      <object_component id="oc-390">
         <name>.text:SSIEnable</name>
         <load_address>0x4334</load_address>
         <run_address>0x4334</run_address>
         <size>0xa</size>
         <input_file_ref idref="fl-f2"/>
      </object_component>
      <object_component id="oc-1de">
         <name>.text:TimerIntStatus</name>
         <load_address>0x433e</load_address>
         <run_address>0x433e</run_address>
         <size>0xa</size>
         <input_file_ref idref="fl-f4"/>
      </object_component>
      <object_component id="oc-3c5">
         <name>.text:GrMapISO8859_1_Unicode</name>
         <load_address>0x4348</load_address>
         <run_address>0x4348</run_address>
         <size>0x8</size>
         <input_file_ref idref="fl-ed"/>
      </object_component>
      <object_component id="oc-37e">
         <name>.text:SSIBusy</name>
         <load_address>0x4350</load_address>
         <run_address>0x4350</run_address>
         <size>0x8</size>
         <input_file_ref idref="fl-f2"/>
      </object_component>
      <object_component id="oc-92">
         <name>.text:TimerIntEnable</name>
         <load_address>0x4358</load_address>
         <run_address>0x4358</run_address>
         <size>0x8</size>
         <input_file_ref idref="fl-f4"/>
      </object_component>
      <object_component id="oc-423">
         <name>.text:__aeabi_errno_addr</name>
         <load_address>0x4360</load_address>
         <run_address>0x4360</run_address>
         <size>0x8</size>
         <input_file_ref idref="fl-e4"/>
      </object_component>
      <object_component id="oc-384">
         <name>.text:GPIOPinWrite</name>
         <load_address>0x4368</load_address>
         <run_address>0x4368</run_address>
         <size>0x6</size>
         <input_file_ref idref="fl-f0"/>
      </object_component>
      <object_component id="oc-20e">
         <name>.text:GrContextFontSet</name>
         <load_address>0x436e</load_address>
         <run_address>0x436e</run_address>
         <size>0x6</size>
         <input_file_ref idref="fl-eb"/>
      </object_component>
      <object_component id="oc-2dc">
         <name>.text:SysCtlDelay</name>
         <load_address>0x4374</load_address>
         <run_address>0x4374</run_address>
         <size>0x6</size>
         <input_file_ref idref="fl-f3"/>
      </object_component>
      <object_component id="oc-10b">
         <name>.text:TimerIntClear</name>
         <load_address>0x437a</load_address>
         <run_address>0x437a</run_address>
         <size>0x4</size>
         <input_file_ref idref="fl-f4"/>
      </object_component>
      <object_component id="oc-156">
         <name>.text:_system_pre_init</name>
         <load_address>0x437e</load_address>
         <run_address>0x437e</run_address>
         <size>0x4</size>
         <input_file_ref idref="fl-d9"/>
      </object_component>
      <object_component id="oc-255">
         <name>.text:abort:abort</name>
         <load_address>0x4382</load_address>
         <run_address>0x4382</run_address>
         <size>0x4</size>
         <input_file_ref idref="fl-db"/>
      </object_component>
      <object_component id="oc-2f3">
         <name>.const:.string:g_pui8FontFixed6x8Data</name>
         <load_address>0x4388</load_address>
         <run_address>0x4388</run_address>
         <size>0x2f8</size>
         <input_file_ref idref="fl-ec"/>
      </object_component>
      <object_component id="oc-2cb">
         <name>.const:g_pppui32XTALtoVCO</name>
         <load_address>0x4680</load_address>
         <run_address>0x4680</run_address>
         <size>0x120</size>
         <input_file_ref idref="fl-f3"/>
      </object_component>
      <object_component id="oc-480">
         <name>.const:.string:_ctypes_</name>
         <load_address>0x47a0</load_address>
         <run_address>0x47a0</run_address>
         <size>0x101</size>
         <input_file_ref idref="fl-df"/>
      </object_component>
      <object_component id="oc-20b">
         <name>.const:g_sFontFixed6x8</name>
         <load_address>0x48a4</load_address>
         <run_address>0x48a4</run_address>
         <size>0xc8</size>
         <input_file_ref idref="fl-ec"/>
      </object_component>
      <object_component id="oc-18c">
         <name>.const:g_pui32Regs</name>
         <load_address>0x496c</load_address>
         <run_address>0x496c</run_address>
         <size>0x9c</size>
         <input_file_ref idref="fl-f1"/>
      </object_component>
      <object_component id="oc-463">
         <name>.const:g_pui32GPIOBaseAddrs</name>
         <load_address>0x4a08</load_address>
         <run_address>0x4a08</run_address>
         <size>0x90</size>
         <input_file_ref idref="fl-f0"/>
      </object_component>
      <object_component id="oc-191">
         <name>.const</name>
         <load_address>0x4a98</load_address>
         <run_address>0x4a98</run_address>
         <size>0x70</size>
         <input_file_ref idref="fl-f1"/>
      </object_component>
      <object_component id="oc-2c8">
         <name>.const:g_pui32Xtals</name>
         <load_address>0x4b08</load_address>
         <run_address>0x4b08</run_address>
         <size>0x6c</size>
         <input_file_ref idref="fl-f3"/>
      </object_component>
      <object_component id="oc-36d">
         <name>.const:g_sXTALtoMEMTIM</name>
         <load_address>0x4b74</load_address>
         <run_address>0x4b74</run_address>
         <size>0x30</size>
         <input_file_ref idref="fl-f3"/>
      </object_component>
      <object_component id="oc-202">
         <name>.const:g_sCrystalfontz128x128</name>
         <load_address>0x4ba4</load_address>
         <run_address>0x4ba4</run_address>
         <size>0x28</size>
         <input_file_ref idref="fl-2"/>
      </object_component>
      <object_component id="oc-21a">
         <name>.const:us_divs</name>
         <load_address>0x4bcc</load_address>
         <run_address>0x4bcc</run_address>
         <size>0x28</size>
         <input_file_ref idref="fl-5"/>
      </object_component>
      <object_component id="oc-2ec">
         <name>.const</name>
         <load_address>0x4bf4</load_address>
         <run_address>0x4bf4</run_address>
         <size>0x10</size>
         <input_file_ref idref="fl-e8"/>
      </object_component>
      <object_component id="oc-21d">
         <name>.const:mV_divs</name>
         <load_address>0x4c04</load_address>
         <run_address>0x4c04</run_address>
         <size>0x10</size>
         <input_file_ref idref="fl-5"/>
      </object_component>
      <object_component id="oc-2ce">
         <name>.const</name>
         <load_address>0x4c14</load_address>
         <run_address>0x4c14</run_address>
         <size>0x8</size>
         <input_file_ref idref="fl-f3"/>
      </object_component>
      <object_component id="oc-57f">
         <name>.cinit..data.load</name>
         <load_address>0x4c20</load_address>
         <run_address>0x4c20</run_address>
         <size>0x15</size>
      </object_component>
      <object_component id="oc-57d">
         <name>__TI_handler_table</name>
         <load_address>0x4c38</load_address>
         <run_address>0x4c38</run_address>
         <size>0xc</size>
      </object_component>
      <object_component id="oc-580">
         <name>.cinit..bss.load</name>
         <load_address>0x4c48</load_address>
         <run_address>0x4c48</run_address>
         <size>0x8</size>
      </object_component>
      <object_component id="oc-57e">
         <name>__TI_cinit_table</name>
         <load_address>0x4c50</load_address>
         <run_address>0x4c50</run_address>
         <size>0x10</size>
      </object_component>
      <object_component id="oc-2d9">
         <name>.data:Lcd_buffer</name>
         <load_address>0x20000000</load_address>
         <run_address>0x20000000</run_address>
         <size>0x8000</size>
         <input_file_ref idref="fl-2"/>
      </object_component>
      <object_component id="oc-106">
         <name>.data</name>
         <load_address>0x20008034</load_address>
         <run_address>0x20008034</run_address>
         <size>0x5</size>
         <input_file_ref idref="fl-4"/>
      </object_component>
      <object_component id="oc-f7">
         <name>.data:gJoystick</name>
         <load_address>0x20008024</load_address>
         <run_address>0x20008024</run_address>
         <size>0x8</size>
         <input_file_ref idref="fl-4"/>
      </object_component>
      <object_component id="oc-10a">
         <name>.data:count$2</name>
         <load_address>0x20008000</load_address>
         <run_address>0x20008000</run_address>
         <size>0x24</size>
         <input_file_ref idref="fl-4"/>
      </object_component>
      <object_component id="oc-117">
         <name>.data</name>
         <load_address>0x2000803c</load_address>
         <run_address>0x2000803c</run_address>
         <size>0x4</size>
         <input_file_ref idref="fl-5"/>
      </object_component>
      <object_component id="oc-126">
         <name>.data</name>
         <load_address>0x2000802c</load_address>
         <run_address>0x2000802c</run_address>
         <size>0x8</size>
         <input_file_ref idref="fl-6"/>
      </object_component>
      <object_component id="oc-4e2">
         <name>.data</name>
         <load_address>0x20008040</load_address>
         <run_address>0x20008040</run_address>
         <size>0x4</size>
         <input_file_ref idref="fl-e4"/>
      </object_component>
      <object_component id="oc-109">
         <name>.bss:state$1</name>
         <uninitialized>true</uninitialized>
         <run_address>0x20009044</run_address>
         <size>0x14</size>
         <input_file_ref idref="fl-4"/>
      </object_component>
      <object_component id="oc-125">
         <name>.bss</name>
         <uninitialized>true</uninitialized>
         <run_address>0x20009078</run_address>
         <size>0x4</size>
         <input_file_ref idref="fl-6"/>
      </object_component>
      <object_component id="oc-2d2">
         <name>.common:Lcd_Orientation</name>
         <uninitialized>true</uninitialized>
         <run_address>0x20009094</run_address>
         <size>0x1</size>
      </object_component>
      <object_component id="oc-2de">
         <name>.common:Lcd_ScreenWidth</name>
         <uninitialized>true</uninitialized>
         <run_address>0x2000908e</run_address>
         <size>0x2</size>
      </object_component>
      <object_component id="oc-2dd">
         <name>.common:Lcd_ScreenHeigth</name>
         <uninitialized>true</uninitialized>
         <run_address>0x2000908c</run_address>
         <size>0x2</size>
      </object_component>
      <object_component id="oc-2df">
         <name>.common:Lcd_PenSolid</name>
         <uninitialized>true</uninitialized>
         <run_address>0x20009095</run_address>
         <size>0x1</size>
      </object_component>
      <object_component id="oc-2e0">
         <name>.common:Lcd_FontSolid</name>
         <uninitialized>true</uninitialized>
         <run_address>0x20009093</run_address>
         <size>0x1</size>
      </object_component>
      <object_component id="oc-2e1">
         <name>.common:Lcd_FlagRead</name>
         <uninitialized>true</uninitialized>
         <run_address>0x20009092</run_address>
         <size>0x1</size>
      </object_component>
      <object_component id="oc-2e2">
         <name>.common:Lcd_TouchTrim</name>
         <uninitialized>true</uninitialized>
         <run_address>0x20009090</run_address>
         <size>0x2</size>
      </object_component>
      <object_component id="oc-e6">
         <name>.common:gADCSamplingRate</name>
         <uninitialized>true</uninitialized>
         <run_address>0x20009080</run_address>
         <size>0x4</size>
      </object_component>
      <object_component id="oc-e9">
         <name>.common:gBtnStack</name>
         <uninitialized>true</uninitialized>
         <run_address>0x20009058</run_address>
         <size>0x10</size>
      </object_component>
      <object_component id="oc-ea">
         <name>.common:gBtnStackBuf</name>
         <uninitialized>true</uninitialized>
         <run_address>0x20009068</run_address>
         <size>0x10</size>
      </object_component>
      <object_component id="oc-89">
         <name>.common:gSystemClock</name>
         <uninitialized>true</uninitialized>
         <run_address>0x20009084</run_address>
         <size>0x4</size>
      </object_component>
      <object_component id="oc-12f">
         <name>.common:gADCBuffer</name>
         <uninitialized>true</uninitialized>
         <run_address>0x20008044</run_address>
         <size>0x1000</size>
      </object_component>
      <object_component id="oc-132">
         <name>.common:gADCErrors</name>
         <uninitialized>true</uninitialized>
         <run_address>0x2000907c</run_address>
         <size>0x4</size>
      </object_component>
      <object_component id="oc-2ef">
         <name>.common:g_psGrLibDefaults</name>
         <uninitialized>true</uninitialized>
         <run_address>0x20009088</run_address>
         <size>0x4</size>
      </object_component>
      <object_component id="oc-21">
         <name>.stack</name>
         <uninitialized>true</uninitialized>
         <run_address>0x20009098</run_address>
         <size>0x4</size>
         <input_file_ref idref="fl-cc"/>
      </object_component>
      <object_component id="oc-581">
         <name>.stack</name>
         <uninitialized>true</uninitialized>
         <run_address>0x20009098</run_address>
         <size>0x0</size>
      </object_component>
      <object_component id="oc-1cc">
         <name>.debug_info</name>
         <load_address>0x0</load_address>
         <run_address>0x0</run_address>
         <size>0x6e6</size>
         <input_file_ref idref="fl-2"/>
      </object_component>
      <object_component id="oc-2da">
         <name>.debug_info</name>
         <load_address>0x6e6</load_address>
         <run_address>0x6e6</run_address>
         <size>0xec</size>
         <input_file_ref idref="fl-2"/>
      </object_component>
      <object_component id="oc-203">
         <name>.debug_info</name>
         <load_address>0x7d2</load_address>
         <run_address>0x7d2</run_address>
         <size>0x105</size>
         <input_file_ref idref="fl-2"/>
      </object_component>
      <object_component id="oc-1fd">
         <name>.debug_info</name>
         <load_address>0x8d7</load_address>
         <run_address>0x8d7</run_address>
         <size>0x10e1</size>
         <input_file_ref idref="fl-2"/>
      </object_component>
      <object_component id="oc-17a">
         <name>.debug_info</name>
         <load_address>0x19b8</load_address>
         <run_address>0x19b8</run_address>
         <size>0x6bd</size>
         <input_file_ref idref="fl-2"/>
      </object_component>
      <object_component id="oc-136">
         <name>.debug_info</name>
         <load_address>0x2075</load_address>
         <run_address>0x2075</run_address>
         <size>0x26b</size>
         <input_file_ref idref="fl-2"/>
      </object_component>
      <object_component id="oc-120">
         <name>.debug_info</name>
         <load_address>0x22e0</load_address>
         <run_address>0x22e0</run_address>
         <size>0x8b</size>
         <input_file_ref idref="fl-2"/>
      </object_component>
      <object_component id="oc-1bb">
         <name>.debug_info</name>
         <load_address>0x236b</load_address>
         <run_address>0x236b</run_address>
         <size>0x297</size>
         <input_file_ref idref="fl-2"/>
      </object_component>
      <object_component id="oc-1a0">
         <name>.debug_info</name>
         <load_address>0x2602</load_address>
         <run_address>0x2602</run_address>
         <size>0xef</size>
         <input_file_ref idref="fl-2"/>
      </object_component>
      <object_component id="oc-11b">
         <name>.debug_info</name>
         <load_address>0x26f1</load_address>
         <run_address>0x26f1</run_address>
         <size>0xbb</size>
         <input_file_ref idref="fl-2"/>
      </object_component>
      <object_component id="oc-3a9">
         <name>.debug_info</name>
         <load_address>0x27ac</load_address>
         <run_address>0x27ac</run_address>
         <size>0x6a6</size>
         <input_file_ref idref="fl-3"/>
      </object_component>
      <object_component id="oc-2d4">
         <name>.debug_info</name>
         <load_address>0x2e52</load_address>
         <run_address>0x2e52</run_address>
         <size>0x606</size>
         <input_file_ref idref="fl-3"/>
      </object_component>
      <object_component id="oc-e7">
         <name>.debug_info</name>
         <load_address>0x3458</load_address>
         <run_address>0x3458</run_address>
         <size>0x8c8</size>
         <input_file_ref idref="fl-4"/>
      </object_component>
      <object_component id="oc-107">
         <name>.debug_info</name>
         <load_address>0x3d20</load_address>
         <run_address>0x3d20</run_address>
         <size>0xd5</size>
         <input_file_ref idref="fl-4"/>
      </object_component>
      <object_component id="oc-f8">
         <name>.debug_info</name>
         <load_address>0x3df5</load_address>
         <run_address>0x3df5</run_address>
         <size>0xd7</size>
         <input_file_ref idref="fl-4"/>
      </object_component>
      <object_component id="oc-2c">
         <name>.debug_info</name>
         <load_address>0x3ecc</load_address>
         <run_address>0x3ecc</run_address>
         <size>0xbef</size>
         <input_file_ref idref="fl-4"/>
      </object_component>
      <object_component id="oc-17f">
         <name>.debug_info</name>
         <load_address>0x4abb</load_address>
         <run_address>0x4abb</run_address>
         <size>0x7d</size>
         <input_file_ref idref="fl-4"/>
      </object_component>
      <object_component id="oc-8a">
         <name>.debug_info</name>
         <load_address>0x4b38</load_address>
         <run_address>0x4b38</run_address>
         <size>0xb31</size>
         <input_file_ref idref="fl-5"/>
      </object_component>
      <object_component id="oc-118">
         <name>.debug_info</name>
         <load_address>0x5669</load_address>
         <run_address>0x5669</run_address>
         <size>0xcc</size>
         <input_file_ref idref="fl-5"/>
      </object_component>
      <object_component id="oc-21e">
         <name>.debug_info</name>
         <load_address>0x5735</load_address>
         <run_address>0x5735</run_address>
         <size>0xd0</size>
         <input_file_ref idref="fl-5"/>
      </object_component>
      <object_component id="oc-21b">
         <name>.debug_info</name>
         <load_address>0x5805</load_address>
         <run_address>0x5805</run_address>
         <size>0xd0</size>
         <input_file_ref idref="fl-5"/>
      </object_component>
      <object_component id="oc-15e">
         <name>.debug_info</name>
         <load_address>0x58d5</load_address>
         <run_address>0x58d5</run_address>
         <size>0x5f4</size>
         <input_file_ref idref="fl-5"/>
      </object_component>
      <object_component id="oc-184">
         <name>.debug_info</name>
         <load_address>0x5ec9</load_address>
         <run_address>0x5ec9</run_address>
         <size>0xcc</size>
         <input_file_ref idref="fl-5"/>
      </object_component>
      <object_component id="oc-33e">
         <name>.debug_info</name>
         <load_address>0x5f95</load_address>
         <run_address>0x5f95</run_address>
         <size>0x2c</size>
         <input_file_ref idref="fl-5"/>
      </object_component>
      <object_component id="oc-130">
         <name>.debug_info</name>
         <load_address>0x5fc1</load_address>
         <run_address>0x5fc1</run_address>
         <size>0x381</size>
         <input_file_ref idref="fl-6"/>
      </object_component>
      <object_component id="oc-127">
         <name>.debug_info</name>
         <load_address>0x6342</load_address>
         <run_address>0x6342</run_address>
         <size>0x100</size>
         <input_file_ref idref="fl-6"/>
      </object_component>
      <object_component id="oc-32">
         <name>.debug_info</name>
         <load_address>0x6442</load_address>
         <run_address>0x6442</run_address>
         <size>0x353</size>
         <input_file_ref idref="fl-6"/>
      </object_component>
      <object_component id="oc-be">
         <name>.debug_info</name>
         <load_address>0x6795</load_address>
         <run_address>0x6795</run_address>
         <size>0x1b0</size>
         <input_file_ref idref="fl-7"/>
      </object_component>
      <object_component id="oc-3f">
         <name>.debug_info</name>
         <load_address>0x6945</load_address>
         <run_address>0x6945</run_address>
         <size>0x84</size>
         <input_file_ref idref="fl-7"/>
      </object_component>
      <object_component id="oc-38">
         <name>.debug_info</name>
         <load_address>0x69c9</load_address>
         <run_address>0x69c9</run_address>
         <size>0x30c</size>
         <input_file_ref idref="fl-8"/>
      </object_component>
      <object_component id="oc-10">
         <name>.debug_info</name>
         <load_address>0x6cd5</load_address>
         <run_address>0x6cd5</run_address>
         <size>0xef</size>
         <input_file_ref idref="fl-8"/>
      </object_component>
      <object_component id="oc-25">
         <name>.debug_info</name>
         <load_address>0x6dc4</load_address>
         <run_address>0x6dc4</run_address>
         <size>0x26e</size>
         <input_file_ref idref="fl-8"/>
      </object_component>
      <object_component id="oc-1c9">
         <name>.debug_info</name>
         <load_address>0x7032</load_address>
         <run_address>0x7032</run_address>
         <size>0x2b4</size>
         <input_file_ref idref="fl-c4"/>
      </object_component>
      <object_component id="oc-12b">
         <name>.debug_info</name>
         <load_address>0x72e6</load_address>
         <run_address>0x72e6</run_address>
         <size>0x18a</size>
         <input_file_ref idref="fl-c4"/>
      </object_component>
      <object_component id="oc-333">
         <name>.debug_info</name>
         <load_address>0x7470</load_address>
         <run_address>0x7470</run_address>
         <size>0x33b</size>
         <input_file_ref idref="fl-c5"/>
      </object_component>
      <object_component id="oc-248">
         <name>.debug_info</name>
         <load_address>0x77ab</load_address>
         <run_address>0x77ab</run_address>
         <size>0x1ef</size>
         <input_file_ref idref="fl-c5"/>
      </object_component>
      <object_component id="oc-32a">
         <name>.debug_info</name>
         <load_address>0x799a</load_address>
         <run_address>0x799a</run_address>
         <size>0x1c4</size>
         <input_file_ref idref="fl-c5"/>
      </object_component>
      <object_component id="oc-330">
         <name>.debug_info</name>
         <load_address>0x7b5e</load_address>
         <run_address>0x7b5e</run_address>
         <size>0x177</size>
         <input_file_ref idref="fl-c5"/>
      </object_component>
      <object_component id="oc-334">
         <name>.debug_info</name>
         <load_address>0x7cd5</load_address>
         <run_address>0x7cd5</run_address>
         <size>0x2c</size>
         <input_file_ref idref="fl-c5"/>
      </object_component>
      <object_component id="oc-339">
         <name>.debug_info</name>
         <load_address>0x7d01</load_address>
         <run_address>0x7d01</run_address>
         <size>0x69</size>
         <input_file_ref idref="fl-c5"/>
      </object_component>
      <object_component id="oc-251">
         <name>.debug_info</name>
         <load_address>0x7d6a</load_address>
         <run_address>0x7d6a</run_address>
         <size>0x13b</size>
         <input_file_ref idref="fl-c6"/>
      </object_component>
      <object_component id="oc-24c">
         <name>.debug_info</name>
         <load_address>0x7ea5</load_address>
         <run_address>0x7ea5</run_address>
         <size>0x12d</size>
         <input_file_ref idref="fl-c7"/>
      </object_component>
      <object_component id="oc-46">
         <name>.debug_info</name>
         <load_address>0x7fd2</load_address>
         <run_address>0x7fd2</run_address>
         <size>0x11a</size>
         <input_file_ref idref="fl-c8"/>
      </object_component>
      <object_component id="oc-14f">
         <name>.debug_info</name>
         <load_address>0x80ec</load_address>
         <run_address>0x80ec</run_address>
         <size>0x2d5</size>
         <input_file_ref idref="fl-c9"/>
      </object_component>
      <object_component id="oc-57">
         <name>.debug_info</name>
         <load_address>0x83c1</load_address>
         <run_address>0x83c1</run_address>
         <size>0x1b6</size>
         <input_file_ref idref="fl-c9"/>
      </object_component>
      <object_component id="oc-14a">
         <name>.debug_info</name>
         <load_address>0x8577</load_address>
         <run_address>0x8577</run_address>
         <size>0x46</size>
         <input_file_ref idref="fl-c9"/>
      </object_component>
      <object_component id="oc-1d5">
         <name>.debug_info</name>
         <load_address>0x85bd</load_address>
         <run_address>0x85bd</run_address>
         <size>0x2c</size>
         <input_file_ref idref="fl-c9"/>
      </object_component>
      <object_component id="oc-4f">
         <name>.debug_info</name>
         <load_address>0x85e9</load_address>
         <run_address>0x85e9</run_address>
         <size>0x2a9</size>
         <input_file_ref idref="fl-ca"/>
      </object_component>
      <object_component id="oc-1c">
         <name>.debug_info</name>
         <load_address>0x8892</load_address>
         <run_address>0x8892</run_address>
         <size>0x1eb</size>
         <input_file_ref idref="fl-ca"/>
      </object_component>
      <object_component id="oc-4a">
         <name>.debug_info</name>
         <load_address>0x8a7d</load_address>
         <run_address>0x8a7d</run_address>
         <size>0x46</size>
         <input_file_ref idref="fl-ca"/>
      </object_component>
      <object_component id="oc-142">
         <name>.debug_info</name>
         <load_address>0x8ac3</load_address>
         <run_address>0x8ac3</run_address>
         <size>0x2c</size>
         <input_file_ref idref="fl-ca"/>
      </object_component>
      <object_component id="oc-140">
         <name>.debug_info</name>
         <load_address>0x8aef</load_address>
         <run_address>0x8aef</run_address>
         <size>0x29f</size>
         <input_file_ref idref="fl-cb"/>
      </object_component>
      <object_component id="oc-16">
         <name>.debug_info</name>
         <load_address>0x8d8e</load_address>
         <run_address>0x8d8e</run_address>
         <size>0x251</size>
         <input_file_ref idref="fl-cb"/>
      </object_component>
      <object_component id="oc-3a">
         <name>.debug_info</name>
         <load_address>0x8fdf</load_address>
         <run_address>0x8fdf</run_address>
         <size>0x60</size>
         <input_file_ref idref="fl-cb"/>
      </object_component>
      <object_component id="oc-1ce">
         <name>.debug_info</name>
         <load_address>0x903f</load_address>
         <run_address>0x903f</run_address>
         <size>0x46</size>
         <input_file_ref idref="fl-cb"/>
      </object_component>
      <object_component id="oc-13b">
         <name>.debug_info</name>
         <load_address>0x9085</load_address>
         <run_address>0x9085</run_address>
         <size>0x39</size>
         <input_file_ref idref="fl-cb"/>
      </object_component>
      <object_component id="oc-22">
         <name>.debug_info</name>
         <load_address>0x90be</load_address>
         <run_address>0x90be</run_address>
         <size>0x10c</size>
         <input_file_ref idref="fl-cc"/>
      </object_component>
      <object_component id="oc-65">
         <name>.debug_info</name>
         <load_address>0x91ca</load_address>
         <run_address>0x91ca</run_address>
         <size>0x1aa</size>
         <input_file_ref idref="fl-cc"/>
      </object_component>
      <object_component id="oc-2a8">
         <name>.debug_info</name>
         <load_address>0x9374</load_address>
         <run_address>0x9374</run_address>
         <size>0x291</size>
         <input_file_ref idref="fl-cd"/>
      </object_component>
      <object_component id="oc-1c3">
         <name>.debug_info</name>
         <load_address>0x9605</load_address>
         <run_address>0x9605</run_address>
         <size>0x183</size>
         <input_file_ref idref="fl-cd"/>
      </object_component>
      <object_component id="oc-367">
         <name>.debug_info</name>
         <load_address>0x9788</load_address>
         <run_address>0x9788</run_address>
         <size>0x46</size>
         <input_file_ref idref="fl-cd"/>
      </object_component>
      <object_component id="oc-2a9">
         <name>.debug_info</name>
         <load_address>0x97ce</load_address>
         <run_address>0x97ce</run_address>
         <size>0x39</size>
         <input_file_ref idref="fl-cd"/>
      </object_component>
      <object_component id="oc-42a">
         <name>.debug_info</name>
         <load_address>0x9807</load_address>
         <run_address>0x9807</run_address>
         <size>0x57c</size>
         <input_file_ref idref="fl-ce"/>
      </object_component>
      <object_component id="oc-3f8">
         <name>.debug_info</name>
         <load_address>0x9d83</load_address>
         <run_address>0x9d83</run_address>
         <size>0x21f</size>
         <input_file_ref idref="fl-ce"/>
      </object_component>
      <object_component id="oc-4ae">
         <name>.debug_info</name>
         <load_address>0x9fa2</load_address>
         <run_address>0x9fa2</run_address>
         <size>0x1b4</size>
         <input_file_ref idref="fl-ce"/>
      </object_component>
      <object_component id="oc-4b5">
         <name>.debug_info</name>
         <load_address>0xa156</load_address>
         <run_address>0xa156</run_address>
         <size>0x21c</size>
         <input_file_ref idref="fl-ce"/>
      </object_component>
      <object_component id="oc-402">
         <name>.debug_info</name>
         <load_address>0xa372</load_address>
         <run_address>0xa372</run_address>
         <size>0x3bc</size>
         <input_file_ref idref="fl-ce"/>
      </object_component>
      <object_component id="oc-4bb">
         <name>.debug_info</name>
         <load_address>0xa72e</load_address>
         <run_address>0xa72e</run_address>
         <size>0x306</size>
         <input_file_ref idref="fl-ce"/>
      </object_component>
      <object_component id="oc-4c2">
         <name>.debug_info</name>
         <load_address>0xaa34</load_address>
         <run_address>0xaa34</run_address>
         <size>0x216</size>
         <input_file_ref idref="fl-ce"/>
      </object_component>
      <object_component id="oc-409">
         <name>.debug_info</name>
         <load_address>0xac4a</load_address>
         <run_address>0xac4a</run_address>
         <size>0x216</size>
         <input_file_ref idref="fl-ce"/>
      </object_component>
      <object_component id="oc-40f">
         <name>.debug_info</name>
         <load_address>0xae60</load_address>
         <run_address>0xae60</run_address>
         <size>0x305</size>
         <input_file_ref idref="fl-ce"/>
      </object_component>
      <object_component id="oc-415">
         <name>.debug_info</name>
         <load_address>0xb165</load_address>
         <run_address>0xb165</run_address>
         <size>0x4b1</size>
         <input_file_ref idref="fl-ce"/>
      </object_component>
      <object_component id="oc-324">
         <name>.debug_info</name>
         <load_address>0xb616</load_address>
         <run_address>0xb616</run_address>
         <size>0x5f5</size>
         <input_file_ref idref="fl-ce"/>
      </object_component>
      <object_component id="oc-42b">
         <name>.debug_info</name>
         <load_address>0xbc0b</load_address>
         <run_address>0xbc0b</run_address>
         <size>0x86</size>
         <input_file_ref idref="fl-ce"/>
      </object_component>
      <object_component id="oc-4e9">
         <name>.debug_info</name>
         <load_address>0xbc91</load_address>
         <run_address>0xbc91</run_address>
         <size>0x39</size>
         <input_file_ref idref="fl-ce"/>
      </object_component>
      <object_component id="oc-540">
         <name>.debug_info</name>
         <load_address>0xbcca</load_address>
         <run_address>0xbcca</run_address>
         <size>0xb6</size>
         <input_file_ref idref="fl-ce"/>
      </object_component>
      <object_component id="oc-4ee">
         <name>.debug_info</name>
         <load_address>0xbd80</load_address>
         <run_address>0xbd80</run_address>
         <size>0x46</size>
         <input_file_ref idref="fl-ce"/>
      </object_component>
      <object_component id="oc-430">
         <name>.debug_info</name>
         <load_address>0xbdc6</load_address>
         <run_address>0xbdc6</run_address>
         <size>0x46</size>
         <input_file_ref idref="fl-ce"/>
      </object_component>
      <object_component id="oc-523">
         <name>.debug_info</name>
         <load_address>0xbe0c</load_address>
         <run_address>0xbe0c</run_address>
         <size>0x29b</size>
         <input_file_ref idref="fl-cf"/>
      </object_component>
      <object_component id="oc-4c9">
         <name>.debug_info</name>
         <load_address>0xc0a7</load_address>
         <run_address>0xc0a7</run_address>
         <size>0x196</size>
         <input_file_ref idref="fl-cf"/>
      </object_component>
      <object_component id="oc-54c">
         <name>.debug_info</name>
         <load_address>0xc23d</load_address>
         <run_address>0xc23d</run_address>
         <size>0x39</size>
         <input_file_ref idref="fl-cf"/>
      </object_component>
      <object_component id="oc-524">
         <name>.debug_info</name>
         <load_address>0xc276</load_address>
         <run_address>0xc276</run_address>
         <size>0x2c</size>
         <input_file_ref idref="fl-cf"/>
      </object_component>
      <object_component id="oc-530">
         <name>.debug_info</name>
         <load_address>0xc2a2</load_address>
         <run_address>0xc2a2</run_address>
         <size>0x2fe</size>
         <input_file_ref idref="fl-d0"/>
      </object_component>
      <object_component id="oc-4ce">
         <name>.debug_info</name>
         <load_address>0xc5a0</load_address>
         <run_address>0xc5a0</run_address>
         <size>0x226</size>
         <input_file_ref idref="fl-d0"/>
      </object_component>
      <object_component id="oc-486">
         <name>.debug_info</name>
         <load_address>0xc7c6</load_address>
         <run_address>0xc7c6</run_address>
         <size>0x135</size>
         <input_file_ref idref="fl-d1"/>
      </object_component>
      <object_component id="oc-152">
         <name>.debug_info</name>
         <load_address>0xc8fb</load_address>
         <run_address>0xc8fb</run_address>
         <size>0x148</size>
         <input_file_ref idref="fl-d2"/>
      </object_component>
      <object_component id="oc-4a8">
         <name>.debug_info</name>
         <load_address>0xca43</load_address>
         <run_address>0xca43</run_address>
         <size>0x14d</size>
         <input_file_ref idref="fl-d3"/>
      </object_component>
      <object_component id="oc-3fb">
         <name>.debug_info</name>
         <load_address>0xcb90</load_address>
         <run_address>0xcb90</run_address>
         <size>0x129</size>
         <input_file_ref idref="fl-d4"/>
      </object_component>
      <object_component id="oc-492">
         <name>.debug_info</name>
         <load_address>0xccb9</load_address>
         <run_address>0xccb9</run_address>
         <size>0x12b</size>
         <input_file_ref idref="fl-d4"/>
      </object_component>
      <object_component id="oc-48e">
         <name>.debug_info</name>
         <load_address>0xcde4</load_address>
         <run_address>0xcde4</run_address>
         <size>0x13b</size>
         <input_file_ref idref="fl-d5"/>
      </object_component>
      <object_component id="oc-498">
         <name>.debug_info</name>
         <load_address>0xcf1f</load_address>
         <run_address>0xcf1f</run_address>
         <size>0x12f</size>
         <input_file_ref idref="fl-d6"/>
      </object_component>
      <object_component id="oc-4a2">
         <name>.debug_info</name>
         <load_address>0xd04e</load_address>
         <run_address>0xd04e</run_address>
         <size>0x12d</size>
         <input_file_ref idref="fl-d7"/>
      </object_component>
      <object_component id="oc-350">
         <name>.debug_info</name>
         <load_address>0xd17b</load_address>
         <run_address>0xd17b</run_address>
         <size>0x4b4</size>
         <input_file_ref idref="fl-d8"/>
      </object_component>
      <object_component id="oc-262">
         <name>.debug_info</name>
         <load_address>0xd62f</load_address>
         <run_address>0xd62f</run_address>
         <size>0x1a7</size>
         <input_file_ref idref="fl-d8"/>
      </object_component>
      <object_component id="oc-449">
         <name>.debug_info</name>
         <load_address>0xd7d6</load_address>
         <run_address>0xd7d6</run_address>
         <size>0x39</size>
         <input_file_ref idref="fl-d8"/>
      </object_component>
      <object_component id="oc-4f6">
         <name>.debug_info</name>
         <load_address>0xd80f</load_address>
         <run_address>0xd80f</run_address>
         <size>0x39</size>
         <input_file_ref idref="fl-d8"/>
      </object_component>
      <object_component id="oc-44e">
         <name>.debug_info</name>
         <load_address>0xd848</load_address>
         <run_address>0xd848</run_address>
         <size>0x39</size>
         <input_file_ref idref="fl-d8"/>
      </object_component>
      <object_component id="oc-453">
         <name>.debug_info</name>
         <load_address>0xd881</load_address>
         <run_address>0xd881</run_address>
         <size>0xcd</size>
         <input_file_ref idref="fl-d8"/>
      </object_component>
      <object_component id="oc-157">
         <name>.debug_info</name>
         <load_address>0xd94e</load_address>
         <run_address>0xd94e</run_address>
         <size>0x154</size>
         <input_file_ref idref="fl-d9"/>
      </object_component>
      <object_component id="oc-257">
[...]
      <symbol id="sm-156">
         <name>main</name>
         <value>0x12d9</value>
         <object_component_ref idref="oc-15c"/>
      </symbol>
      <symbol id="sm-157">
         <name>cpu_load</name>
         <value>0x12a1</value>
         <object_component_ref idref="oc-15c"/>
      </symbol>
      <symbol id="sm-158">
         <name>mV_divs</name>
         <value>0x4c04</value>
         <object_component_ref idref="oc-21d"/>
      </symbol>
      <symbol id="sm-179">
         <name>gADCBuffer</name>
         <value>0x20008044</value>
      </symbol>
      <symbol id="sm-17a">
         <name>gADCErrors</name>
         <value>0x2000907c</value>
      </symbol>
      <symbol id="sm-17b">
         <name>gADCBufferIndex</name>
         <value>0x20008030</value>
         <object_component_ref idref="oc-126"/>
      </symbol>
      <symbol id="sm-17c">
         <name>ADC_ISR</name>
         <value>0x2791</value>
         <object_component_ref idref="oc-30"/>
      </symbol>
      <symbol id="sm-17d">
         <name>ADC_TRIGGER_ISR</name>
         <value>0x2771</value>
         <object_component_ref idref="oc-30"/>
      </symbol>
      <symbol id="sm-17e">
         <name>scale_voltage</name>
         <value>0x2689</value>
         <object_component_ref idref="oc-30"/>
      </symbol>
      <symbol id="sm-17f">
         <name>findTrigger</name>
         <value>0x26e9</value>
         <object_component_ref idref="oc-30"/>
      </symbol>
      <symbol id="sm-18e">
         <name>SysCtlFrequencyGet</name>
         <value>0x3ba9</value>
         <object_component_ref idref="oc-bc"/>
      </symbol>
      <symbol id="sm-1aa">
         <name>ResetISR</name>
         <value>0x4149</value>
         <object_component_ref idref="oc-24"/>
      </symbol>
      <symbol id="sm-1ab">
         <name>g_pfnVectors</name>
         <value>0x0</value>
         <object_component_ref idref="oc-f"/>
      </symbol>
      <symbol id="sm-1ba">
         <name>roundf</name>
         <value>0x369b</value>
         <object_component_ref idref="oc-129"/>
      </symbol>
      <symbol id="sm-1e9">
         <name>snprintf</name>
         <value>0x3b11</value>
         <object_component_ref idref="oc-244"/>
      </symbol>
      <symbol id="sm-1f4">
         <name>__aeabi_dmul</name>
         <value>0x2ebf</value>
         <object_component_ref idref="oc-24f"/>
      </symbol>
      <symbol id="sm-1ff">
         <name>__aeabi_f2d</name>
         <value>0x3e8f</value>
         <object_component_ref idref="oc-24a"/>
      </symbol>
      <symbol id="sm-21a">
         <name>memcpy</name>
         <value>0x31f3</value>
         <object_component_ref idref="oc-44"/>
      </symbol>
      <symbol id="sm-21b">
         <name>__aeabi_memcpy</name>
         <value>0x31f3</value>
         <object_component_ref idref="oc-44"/>
      </symbol>
      <symbol id="sm-21c">
         <name>__aeabi_memcpy8</name>
         <value>0x31f3</value>
         <object_component_ref idref="oc-44"/>
      </symbol>
      <symbol id="sm-21d">
         <name>__aeabi_memcpy4</name>
         <value>0x31f3</value>
         <object_component_ref idref="oc-44"/>
      </symbol>
      <symbol id="sm-234">
         <name>__TI_zero_init</name>
         <value>0x4315</value>
         <object_component_ref idref="oc-56"/>
      </symbol>
      <symbol id="sm-24b">
         <name>__TI_decompress_none</name>
         <value>0x42ef</value>
         <object_component_ref idref="oc-18"/>
      </symbol>
      <symbol id="sm-26e">
         <name>__TI_decompress_lzss</name>
         <value>0x3841</value>
         <object_component_ref idref="oc-12"/>
      </symbol>
      <symbol id="sm-281">
         <name>__stack</name>
         <value>0x20009098</value>
         <object_component_ref idref="oc-21"/>
      </symbol>
      <symbol id="sm-282">
         <name>_c_int00_noargs</name>
         <value>0x3f31</value>
         <object_component_ref idref="oc-62"/>
      </symbol>
      <symbol id="sm-2a4">
         <name>floorf</name>
         <value>0x34b9</value>
         <object_component_ref idref="oc-1c2"/>
      </symbol>
      <symbol id="sm-409">
         <name>__TI_printfi</name>
         <value>0x209</value>
         <object_component_ref idref="oc-320"/>
      </symbol>
      <symbol id="sm-429">
         <name>frexpl</name>
         <value>0x38a9</value>
         <object_component_ref idref="oc-4c6"/>
      </symbol>
      <symbol id="sm-42a">
         <name>frexp</name>
         <value>0x38a9</value>
         <object_component_ref idref="oc-4c6"/>
      </symbol>
      <symbol id="sm-447">
         <name>scalbn</name>
         <value>0x2ca9</value>
         <object_component_ref idref="oc-4cc"/>
      </symbol>
      <symbol id="sm-448">
         <name>scalbnl</name>
         <value>0x2ca9</value>
         <object_component_ref idref="oc-4cc"/>
      </symbol>
      <symbol id="sm-449">
         <name>ldexpl</name>
         <value>0x2ca9</value>
         <object_component_ref idref="oc-4cc"/>
      </symbol>
      <symbol id="sm-44a">
         <name>ldexp</name>
         <value>0x2ca9</value>
         <object_component_ref idref="oc-4cc"/>
      </symbol>
      <symbol id="sm-457">
         <name>__aeabi_uldivmod</name>
         <value>0x328f</value>
         <object_component_ref idref="oc-485"/>
      </symbol>
      <symbol id="sm-466">
         <name>__aeabi_memset</name>
         <value>0x35b5</value>
         <object_component_ref idref="oc-150"/>
      </symbol>
      <symbol id="sm-467">
         <name>memset</name>
         <value>0x35bb</value>
         <object_component_ref idref="oc-150"/>
      </symbol>
      <symbol id="sm-468">
         <name>__aeabi_memset8</name>
         <value>0x35b5</value>
         <object_component_ref idref="oc-150"/>
      </symbol>
      <symbol id="sm-469">
         <name>__aeabi_memset4</name>
         <value>0x35b5</value>
         <object_component_ref idref="oc-150"/>
      </symbol>
      <symbol id="sm-46a">
         <name>__aeabi_memclr8</name>
         <value>0x35b3</value>
         <object_component_ref idref="oc-150"/>
      </symbol>
      <symbol id="sm-46b">
         <name>__aeabi_memclr4</name>
         <value>0x35b3</value>
         <object_component_ref idref="oc-150"/>
      </symbol>
      <symbol id="sm-46c">
         <name>__aeabi_memclr</name>
         <value>0x35b3</value>
         <object_component_ref idref="oc-150"/>
      </symbol>
      <symbol id="sm-483">
         <name>__aeabi_dsub</name>
         <value>0x234d</value>
         <object_component_ref idref="oc-4a6"/>
      </symbol>
      <symbol id="sm-484">
         <name>__aeabi_dadd</name>
         <value>0x2357</value>
         <object_component_ref idref="oc-4a6"/>
      </symbol>
      <symbol id="sm-4a6">
         <name>__aeabi_cdcmpeq</name>
         <value>0x33ab</value>
         <object_component_ref idref="oc-3fa"/>
      </symbol>
      <symbol id="sm-4a7">
         <name>__aeabi_cdcmple</name>
         <value>0x33ab</value>
         <object_component_ref idref="oc-3fa"/>
      </symbol>
      <symbol id="sm-4a8">
         <name>__aeabi_cdrcmple</name>
         <value>0x3431</value>
         <object_component_ref idref="oc-491"/>
      </symbol>
      <symbol id="sm-4bc">
         <name>__aeabi_ddiv</name>
         <value>0x291d</value>
         <object_component_ref idref="oc-48c"/>
      </symbol>
      <symbol id="sm-4c6">
         <name>__aeabi_d2iz</name>
         <value>0x3c85</value>
         <object_component_ref idref="oc-496"/>
      </symbol>
      <symbol id="sm-4d0">
         <name>__aeabi_i2d</name>
         <value>0x3ff1</value>
         <object_component_ref idref="oc-4a1"/>
      </symbol>
      <symbol id="sm-4f8">
         <name>__TI_auto_init_nobinit_nopinit</name>
         <value>0x3d59</value>
         <object_component_ref idref="oc-261"/>
      </symbol>
      <symbol id="sm-502">
         <name>_system_pre_init</name>
         <value>0x437f</value>
         <object_component_ref idref="oc-156"/>
      </symbol>
      <symbol id="sm-50e">
         <name>C$$EXIT</name>
         <value>0x4383</value>
         <object_component_ref idref="oc-255"/>
      </symbol>
      <symbol id="sm-50f">
         <name>abort</name>
         <value>0x4383</value>
         <object_component_ref idref="oc-255"/>
      </symbol>
      <symbol id="sm-527">
         <name>atoi</name>
         <value>0x3ac5</value>
         <object_component_ref idref="oc-3ee"/>
      </symbol>
      <symbol id="sm-532">
         <name>_ctypes_</name>
         <value>0x47a0</value>
         <object_component_ref idref="oc-480"/>
      </symbol>
      <symbol id="sm-541">
         <name>ltoa</name>
         <value>0x3a1d</value>
         <object_component_ref idref="oc-49b"/>
      </symbol>
      <symbol id="sm-551">
         <name>memccpy</name>
         <value>0x4111</value>
         <object_component_ref idref="oc-417"/>
      </symbol>
      <symbol id="sm-561">
         <name>strchr</name>
         <value>0x41d9</value>
         <object_component_ref idref="oc-4d2"/>
      </symbol>
      <symbol id="sm-56f">
         <name>strlen</name>
         <value>0x4205</value>
         <object_component_ref idref="oc-3e8"/>
      </symbol>
      <symbol id="sm-585">
         <name>__aeabi_errno_addr</name>
         <value>0x4361</value>
         <object_component_ref idref="oc-423"/>
      </symbol>
      <symbol id="sm-586">
         <name>errno</name>
         <value>0x20008040</value>
         <object_component_ref idref="oc-4e2"/>
      </symbol>
      <symbol id="sm-59f">
         <name>wcslen</name>
         <value>0x4261</value>
         <object_component_ref idref="oc-41d"/>
      </symbol>
      <symbol id="sm-5a9">
         <name>copysign</name>
         <value>0x412d</value>
         <object_component_ref idref="oc-529"/>
      </symbol>
      <symbol id="sm-5aa">
         <name>copysignl</name>
         <value>0x412d</value>
         <object_component_ref idref="oc-529"/>
      </symbol>
      <symbol id="sm-5b4">
         <name>__aeabi_idiv0</name>
         <value>0xc57</value>
         <object_component_ref idref="oc-511"/>
      </symbol>
      <symbol id="sm-5b5">
         <name>__aeabi_ldiv0</name>
         <value>0xc57</value>
         <object_component_ref idref="oc-511"/>
      </symbol>
      <symbol id="sm-5da">
         <name>GrContextInit</name>
         <value>0x3709</value>
         <object_component_ref idref="oc-205"/>
      </symbol>
      <symbol id="sm-5db">
         <name>g_psDefaultCodePointMapTable</name>
         <value>0x4bf4</value>
         <object_component_ref idref="oc-2ec"/>
      </symbol>
      <symbol id="sm-61f">
         <name>GrLineDrawH</name>
         <value>0x3ccd</value>
         <object_component_ref idref="oc-232"/>
      </symbol>
      <symbol id="sm-620">
         <name>GrLineDrawV</name>
         <value>0x3d13</value>
         <object_component_ref idref="oc-22c"/>
      </symbol>
      <symbol id="sm-621">
         <name>GrLineDraw</name>
         <value>0x2db9</value>
         <object_component_ref idref="oc-238"/>
      </symbol>
      <symbol id="sm-62f">
         <name>GrRectFill</name>
         <value>0x3325</value>
         <object_component_ref idref="oc-226"/>
      </symbol>
      <symbol id="sm-6be">
         <name>GrFontInfoGet</name>
         <value>0x4049</value>
         <object_component_ref idref="oc-3ac"/>
      </symbol>
      <symbol id="sm-6bf">
         <name>GrDefaultStringRenderer</name>
         <value>0x2fbb</value>
         <object_component_ref idref="oc-2e6"/>
      </symbol>
      <symbol id="sm-6c0">
         <name>GrFontGlyphRender</name>
         <value>0x1d21</value>
         <object_component_ref idref="oc-3be"/>
      </symbol>
      <symbol id="sm-6c1">
         <name>GrContextFontSet</name>
         <value>0x436f</value>
         <object_component_ref idref="oc-20e"/>
      </symbol>
      <symbol id="sm-6c2">
         <name>GrFontGlyphDataGet</name>
         <value>0x4095</value>
         <object_component_ref idref="oc-3b8"/>
      </symbol>
      <symbol id="sm-6c3">
         <name>GrStringDraw</name>
         <value>0x41c3</value>
         <object_component_ref idref="oc-23e"/>
      </symbol>
      <symbol id="sm-6c4">
         <name>GrFontCodepageGet</name>
         <value>0x40d5</value>
         <object_component_ref idref="oc-3d3"/>
      </symbol>
      <symbol id="sm-6c5">
         <name>GrStringNextCharGet</name>
         <value>0x3fc3</value>
         <object_component_ref idref="oc-3b2"/>
      </symbol>
      <symbol id="sm-6d7">
         <name>g_sFontFixed6x8</name>
         <value>0x48a4</value>
         <object_component_ref idref="oc-20b"/>
      </symbol>
      <symbol id="sm-6e4">
         <name>GrMapISO8859_1_Unicode</name>
         <value>0x4349</value>
         <object_component_ref idref="oc-3c5"/>
      </symbol>
      <symbol id="sm-741">
         <name>ADCProcessorTrigger</name>
         <value>0x417b</value>
         <object_component_ref idref="oc-eb"/>
      </symbol>
      <symbol id="sm-742">
         <name>ADCSequenceEnable</name>
         <value>0x42d3</value>
         <object_component_ref idref="oc-da"/>
      </symbol>
      <symbol id="sm-743">
         <name>ADCSequenceConfigure</name>
         <value>0x3d9d</value>
         <object_component_ref idref="oc-ce"/>
      </symbol>
      <symbol id="sm-744">
         <name>ADCIntEnable</name>
         <value>0x4273</value>
         <object_component_ref idref="oc-e0"/>
      </symbol>
      <symbol id="sm-745">
         <name>ADCSequenceStepConfigure</name>
         <value>0x3539</value>
         <object_component_ref idref="oc-d4"/>
      </symbol>
      <symbol id="sm-746">
         <name>ADCIntClear</name>
         <value>0x4321</value>
         <object_component_ref idref="oc-100"/>
      </symbol>
      <symbol id="sm-747">
         <name>ADCIntStatus</name>
         <value>0x3f95</value>
         <object_component_ref idref="oc-f1"/>
      </symbol>
      <symbol id="sm-748">
         <name>ADCSequenceDisable</name>
         <value>0x42c5</value>
         <object_component_ref idref="oc-c8"/>
      </symbol>
      <symbol id="sm-749">
         <name>ADCClockConfigSet</name>
         <value>0x4163</value>
         <object_component_ref idref="oc-c2"/>
      </symbol>
      <symbol id="sm-74a">
         <name>ADCSequenceDataGet</name>
         <value>0x40b7</value>
         <object_component_ref idref="oc-fa"/>
      </symbol>
      <symbol id="sm-760">
         <name>FPULazyStackingEnable</name>
         <value>0x4295</value>
         <object_component_ref idref="oc-1f0"/>
      </symbol>
      <symbol id="sm-761">
         <name>FPUEnable</name>
         <value>0x4285</value>
         <object_component_ref idref="oc-1ea"/>
      </symbol>
      <symbol id="sm-7bb">
         <name>GPIOPinConfigure</name>
         <value>0x3bf5</value>
         <object_component_ref idref="oc-39c"/>
      </symbol>
      <symbol id="sm-7bc">
         <name>GPIOPinTypeADC</name>
         <value>0x4219</value>
         <object_component_ref idref="oc-b6"/>
      </symbol>
      <symbol id="sm-7bd">
         <name>GPIOPinTypeGPIOInput</name>
         <value>0x422b</value>
         <object_component_ref idref="oc-aa"/>
      </symbol>
      <symbol id="sm-7be">
         <name>GPIOPinTypeGPIOOutput</name>
         <value>0x4193</value>
         <object_component_ref idref="oc-3a2"/>
      </symbol>
      <symbol id="sm-7bf">
         <name>GPIOPinRead</name>
         <value>0x2503</value>
         <object_component_ref idref="oc-111"/>
      </symbol>
      <symbol id="sm-7c0">
         <name>GPIODirModeSet</name>
         <value>0x401f</value>
         <object_component_ref idref="oc-195"/>
      </symbol>
      <symbol id="sm-7c1">
         <name>GPIOPinWrite</name>
         <value>0x4369</value>
         <object_component_ref idref="oc-384"/>
      </symbol>
      <symbol id="sm-7c2">
         <name>GPIOPadConfigSet</name>
         <value>0x2a53</value>
         <object_component_ref idref="oc-b0"/>
      </symbol>
      <symbol id="sm-7c3">
         <name>GPIOPinTypeSSI</name>
         <value>0x423d</value>
         <object_component_ref idref="oc-396"/>
      </symbol>
      <symbol id="sm-820">
         <name>IntPrioritySet</name>
         <value>0x4071</value>
         <object_component_ref idref="oc-9e"/>
      </symbol>
      <symbol id="sm-821">
         <name>IntEnable</name>
         <value>0x37d9</value>
         <object_component_ref idref="oc-a4"/>
      </symbol>
      <symbol id="sm-822">
         <name>IntDisable</name>
         <value>0x3771</value>
         <object_component_ref idref="oc-220"/>
      </symbol>
      <symbol id="sm-823">
         <name>IntMasterDisable</name>
         <value>0x42a5</value>
         <object_component_ref idref="oc-1e4"/>
      </symbol>
      <symbol id="sm-824">
         <name>IntMasterEnable</name>
         <value>0x42b5</value>
         <object_component_ref idref="oc-214"/>
      </symbol>
      <symbol id="sm-84b">
         <name>SSIDataPut</name>
         <value>0x432b</value>
         <object_component_ref idref="oc-378"/>
      </symbol>
      <symbol id="sm-84c">
         <name>SSIConfigSetExpClk</name>
         <value>0x3e19</value>
         <object_component_ref idref="oc-38a"/>
      </symbol>
      <symbol id="sm-84d">
         <name>SSIEnable</name>
         <value>0x4335</value>
         <object_component_ref idref="oc-390"/>
      </symbol>
      <symbol id="sm-84e">
         <name>SSIBusy</name>
         <value>0x4351</value>
         <object_component_ref idref="oc-37e"/>
      </symbol>
      <symbol id="sm-8be">
         <name>SysCtlDelay</name>
         <value>0x4375</value>
         <object_component_ref idref="oc-2dc"/>
      </symbol>
      <symbol id="sm-8bf">
         <name>SysCtlPeripheralEnable</name>
         <value>0x3efd</value>
         <object_component_ref idref="oc-77"/>
      </symbol>
      <symbol id="sm-8c0">
         <name>SysCtlClockFreqSet</name>
         <value>0x1f79</value>
         <object_component_ref idref="oc-1f6"/>
      </symbol>
      <symbol id="sm-906">
         <name>TimerLoadSet</name>
         <value>0x424f</value>
         <object_component_ref idref="oc-8c"/>
      </symbol>
      <symbol id="sm-907">
         <name>TimerDisable</name>
         <value>0x41f1</value>
         <object_component_ref idref="oc-7d"/>
      </symbol>
      <symbol id="sm-908">
         <name>TimerEnable</name>
         <value>0x42e1</value>
         <object_component_ref idref="oc-98"/>
      </symbol>
      <symbol id="sm-909">
         <name>TimerIntStatus</name>
         <value>0x433f</value>
         <object_component_ref idref="oc-1de"/>
      </symbol>
      <symbol id="sm-90a">
         <name>TimerIntEnable</name>
         <value>0x4359</value>
         <object_component_ref idref="oc-92"/>
      </symbol>
      <symbol id="sm-90b">
         <name>TimerConfigure</name>
         <value>0x390d</value>
         <object_component_ref idref="oc-83"/>
      </symbol>
      <symbol id="sm-90c">
         <name>TimerIntClear</name>
         <value>0x437b</value>
         <object_component_ref idref="oc-10b"/>
      </symbol>
      <symbol id="sm-91e">
         <name>CPUcpsie</name>
         <value>0x4309</value>
         <object_component_ref idref="oc-302"/>
      </symbol>
      <symbol id="sm-91f">
         <name>CPUcpsid</name>
         <value>0x42fd</value>
         <object_component_ref idref="oc-2b3"/>
      </symbol>
      <symbol id="sm-920">
         <name>__TI_static_base__</name>
         <value>0x0</value>
      </symbol>
      <symbol id="sm-923">
         <name>__mpu_init</name>
         <value>0x0</value>
      </symbol>
      <symbol id="sm-924">
         <name>_system_post_cinit</name>
         <value>0x0</value>
      </symbol>
   </symbol_table>
   <title>Link successful</title>
</link_info>
