******************************************************************************
                  TI ARM Linker Unix v18.12.2                  
******************************************************************************
>> Linked Thu Oct 31 15:03:44 2019

OUTPUT FILE NAME:   <ece3849_lab0_starter.out>
ENTRY POINT SYMBOL: "_c_int00_noargs"  address: 000037a5


MEMORY CONFIGURATION

         name            origin    length      used     unused   attr    fill
----------------------  --------  ---------  --------  --------  ----  --------
  FLASH                 00000000   00100000  000044ec  000fbb14  R  X
  SRAM                  20000000   00040000  00008886  0003777a  RW X


SEGMENT ALLOCATION MAP

run origin  load origin   length   init length attrs members
----------  ----------- ---------- ----------- ----- -------
00000000    00000000    000044f0   000044f0    r-x
  00000000    00000000    00000208   00000208    r-- .intvecs
  00000208    00000208    00003a48   00003a48    r-x .text
  00003c50    00003c50    0000085c   0000085c    r-- .const
  000044b0    000044b0    00000040   00000040    r-- .cinit
20000000    20000000    00008890   00000000    rw-
  20000000    20000000    0000804c   00000000    rw- .data
  20008050    20008050    00000800   00000000    rw- .stack
  20008850    20008850    0000002a   00000000    rw- .bss
  20008880    20008880    00000010   00000000    rw- .sysmem


SECTION ALLOCATION MAP

 output                                  attributes/
section   page    origin      length       input sections
--------  ----  ----------  ----------   ----------------
.intvecs   0    00000000    00000208     
                  00000000    00000208     tm4c1294ncpdt_startup_ccs.obj (.intvecs)

.text      0    00000208    00003a48     
                  00000208    00000a4e     rtsv7M4_T_le_v4SPD16_eabi.lib : _printfi.c.obj (.text:__TI_printfi)
                  00000c56    00000002                                   : _lock.c.obj (.text:_nop)
                  00000c58    0000046a     buttons.obj (.text)
                  000010c2    00000006     driverlib.lib : gpio.obj (.text:GPIOPinRead)
                  000010c8    000003f0     Crystalfontz128x128_ST7735.obj (.text)
                  000014b8    00000270     rtsv7M4_T_le_v4SPD16_eabi.lib : _printfi.c.obj (.text:_pconv_a)
                  00001728    00000256     grlib.lib : string.obj (.text:GrFontGlyphRender)
                  0000197e    00000002     rtsv7M4_T_le_v4SPD16_eabi.lib : div0.asm.obj (.text)
                  00001980    00000220     main.obj (.text)
                  00001ba0    00000204     driverlib.lib : sysctl.obj (.text:SysCtlClockFreqSet)
                  00001da4    000001d0     rtsv7M4_T_le_v4SPD16_eabi.lib : _printfi.c.obj (.text:_pconv_g)
                  00001f74    000001b6                                   : fd_add_t2.asm.obj (.text)
                  0000212a    00000006     driverlib.lib : gpio.obj (.text:GPIOPinWrite)
                  00002130    0000017e     HAL_EK_TM4C1294XL_Crystalfontz128x128_ST7735.obj (.text)
                  000022ae    00000002     --HOLE-- [fill = 0]
                  000022b0    0000013c     rtsv7M4_T_le_v4SPD16_eabi.lib : _printfi.c.obj (.text:_pconv_e)
                  000023ec    00000136                                   : fd_div_t2.asm.obj (.text)
                  00002522    00000130     driverlib.lib : gpio.obj (.text:GPIOPadConfigSet)
                  00002652    00000002     --HOLE-- [fill = 0]
                  00002654    00000124     rtsv7M4_T_le_v4SPD16_eabi.lib : _printfi.c.obj (.text:fcvt)
                  00002778    00000110                                   : s_scalbn.c.obj (.text:scalbn)
                  00002888    000000fc                                   : fd_mul_t2.asm.obj (.text)
                  00002984    000000f4                                   : memory.c.obj (.text:aligned_alloc)
                  00002a78    000000c4     grlib.lib : string.obj (.text:GrDefaultStringRenderer)
                  00002b3c    000000b1     rtsv7M4_T_le_v4SPD16_eabi.lib : _printfi.c.obj (.text:_ltostr)
                  00002bed    00000001     --HOLE-- [fill = 0]
                  00002bee    0000009c                                   : memcpy_t2.asm.obj (.text)
                  00002c8a    00000096                                   : ull_div_t2.asm.obj (.text)
                  00002d20    00000086     grlib.lib : rectangle.obj (.text:GrRectFill)
                  00002da6    00000086     rtsv7M4_T_le_v4SPD16_eabi.lib : fd_cmp_t2.asm.obj (.text:__aeabi_cdcmple)
                  00002e2c    00000086                                   : fd_cmp_t2.asm.obj (.text:__aeabi_cdrcmple)
                  00002eb2    00000002     --HOLE-- [fill = 0]
                  00002eb4    0000007c                                   : memory.c.obj (.text:split)
                  00002f30    0000007a     driverlib.lib : adc.obj (.text:ADCSequenceStepConfigure)
                  00002faa    0000007a     rtsv7M4_T_le_v4SPD16_eabi.lib : memset_t2.asm.obj (.text)
                  00003024    0000006e                                   : _printfi.c.obj (.text:_mcpy)
                  00003092    00000002     --HOLE-- [fill = 0]
                  00003094    00000068     grlib.lib : context.obj (.text:GrContextInit)
                  000030fc    00000068     driverlib.lib : interrupt.obj (.text:IntEnable)
                  00003164    00000068     rtsv7M4_T_le_v4SPD16_eabi.lib : copy_decompress_lzss.c.obj (.text:decompress:lzss:__TI_decompress_lzss)
                  000031cc    00000064                                   : s_frexp.c.obj (.text:frexp)
                  00003230    00000060     driverlib.lib : timer.obj (.text:TimerConfigure)
                  00003290    0000005a     grlib.lib : string.obj (.text:FontWideGlyphDataGet)
                  000032ea    00000056     rtsv7M4_T_le_v4SPD16_eabi.lib : _printfi.c.obj (.text:_pconv_f)
                  00003340    00000054                                   : ltoa.c.obj (.text:ltoa)
                  00003394    00000052                                   : _printfi.c.obj (.text:_ecpy)
                  000033e6    00000002     --HOLE-- [fill = 0]
                  000033e8    0000004c                                   : atoi.c.obj (.text:atoi)
                  00003434    0000004c                                   : snprintf.c.obj (.text:snprintf)
                  00003480    0000004a     grlib.lib : string.obj (.text:UpdateContextCharMapping)
                  000034ca    00000006               : string.obj (.text:GrContextFontSet)
                  000034d0    0000004a     sysctl_pll.obj (.text)
                  0000351a    00000002     --HOLE-- [fill = 0]
                  0000351c    00000048     driverlib.lib : gpio.obj (.text:GPIOPinConfigure)
                  00003564    00000048                   : sysctl.obj (.text:_SysCtlFrequencyGet)
                  000035ac    00000048     rtsv7M4_T_le_v4SPD16_eabi.lib : fd_toi_t2.asm.obj (.text)
                  000035f4    00000044                                   : autoinit.c.obj (.text:__TI_auto_init_nobinit_nopinit:__TI_auto_init_nobinit_nopinit)
                  00003638    00000044                                   : fd_tou_t2.asm.obj (.text)
                  0000367c    0000003e     driverlib.lib : adc.obj (.text:ADCSequenceConfigure)
                  000036ba    0000003e     rtsv7M4_T_le_v4SPD16_eabi.lib : _printfi.c.obj (.text:_fcpy)
                  000036f8    0000003c     driverlib.lib : ssi.obj (.text:SSIConfigSetExpClk)
                  00003734    0000003a     grlib.lib : string.obj (.text:FontGlyphDataGet)
                  0000376e    00000002     --HOLE-- [fill = 0]
                  00003770    00000034     driverlib.lib : sysctl.obj (.text:SysCtlPeripheralEnable)
                  000037a4    00000034     rtsv7M4_T_le_v4SPD16_eabi.lib : boot_cortex_m.c.obj (.text:_c_int00_noargs:_c_int00_noargs)
                  000037d8    00000030                                   : snprintf.c.obj (.text:_outs)
                  00003808    0000002e     driverlib.lib : adc.obj (.text:ADCIntStatus)
                  00003836    0000002e     grlib.lib : string.obj (.text:GrStringNextCharGet)
                  00003864    0000002e     rtsv7M4_T_le_v4SPD16_eabi.lib : i_tofd_t2.asm.obj (.text)
                  00003892    0000002a     driverlib.lib : gpio.obj (.text:GPIODirModeSet)
                  000038bc    00000028     rtsv7M4_T_le_v4SPD16_eabi.lib : memory.c.obj (.text:free_list_insert)
                  000038e4    00000026     grlib.lib : string.obj (.text:GrFontInfoGet)
                  0000390a    00000002     --HOLE-- [fill = 0]
                  0000390c    00000024     driverlib.lib : interrupt.obj (.text:IntPrioritySet)
                  00003930    00000022     grlib.lib : string.obj (.text:GrFontGlyphDataGet)
                  00003952    00000020     rtsv7M4_T_le_v4SPD16_eabi.lib : u_tofd_t2.asm.obj (.text)
                  00003972    0000001e     driverlib.lib : adc.obj (.text:ADCSequenceDataGet)
                  00003990    0000001e     grlib.lib : string.obj (.text:GrFontCodepageGet)
                  000039ae    00000002     --HOLE-- [fill = 0]
                  000039b0    0000001c     driverlib.lib : sysctl.obj (.text:_SysCtlMemTimingGet)
                  000039cc    0000001c     rtsv7M4_T_le_v4SPD16_eabi.lib : copy_zero_init.c.obj (.text:decompress:ZI:__TI_zero_init_nomemset:__TI_zero_init_nomemset)
                  000039e8    0000001c                                   : memory.c.obj (.text:free_list_remove)
                  00003a04    0000001c                                   : memccpy.c.obj (.text:memccpy)
                  00003a20    0000001a                                   : s_copysign.c.obj (.text:copysign)
                  00003a3a    00000006     driverlib.lib : sysctl.obj (.text:SysCtlDelay)
                  00003a40    0000001a     tm4c1294ncpdt_startup_ccs.obj (.text)
                  00003a5a    00000018     driverlib.lib : adc.obj (.text:ADCClockConfigSet)
                  00003a72    00000018                   : adc.obj (.text:ADCProcessorTrigger)
                  00003a8a    00000018                   : gpio.obj (.text:GPIOPinTypeGPIOOutput)
                  00003aa2    00000018     rtsv7M4_T_le_v4SPD16_eabi.lib : snprintf.c.obj (.text:_outc)
                  00003aba    00000016     grlib.lib : string.obj (.text:GrStringDraw)
                  00003ad0    00000016     rtsv7M4_T_le_v4SPD16_eabi.lib : strchr.c.obj (.text:strchr)
                  00003ae6    00000002     --HOLE-- [fill = 0]
                  00003ae8    00000014     driverlib.lib : timer.obj (.text:TimerDisable)
                  00003afc    00000014     rtsv7M4_T_le_v4SPD16_eabi.lib : strlen.c.obj (.text:strlen)
                  00003b10    00000012     driverlib.lib : gpio.obj (.text:GPIOPinTypeADC)
                  00003b22    00000012                   : gpio.obj (.text:GPIOPinTypeGPIOInput)
                  00003b34    00000012                   : gpio.obj (.text:GPIOPinTypeSSI)
                  00003b46    00000012                   : timer.obj (.text:TimerLoadSet)
                  00003b58    00000012     rtsv7M4_T_le_v4SPD16_eabi.lib : wcslen.c.obj (.text:wcslen)
                  00003b6a    00000002     --HOLE-- [fill = 0]
                  00003b6c    00000010     driverlib.lib : fpu.obj (.text:FPUEnable)
                  00003b7c    00000010                   : fpu.obj (.text:FPULazyStackingEnable)
                  00003b8c    00000010                   : interrupt.obj (.text:IntMasterDisable)
                  00003b9c    00000010                   : interrupt.obj (.text:IntMasterEnable)
                  00003bac    0000000e                   : adc.obj (.text:ADCSequenceDisable)
                  00003bba    0000000e                   : adc.obj (.text:ADCSequenceEnable)
                  00003bc8    0000000e                   : timer.obj (.text:TimerEnable)
                  00003bd6    0000000e     rtsv7M4_T_le_v4SPD16_eabi.lib : copy_decompress_none.c.obj (.text:decompress:none:__TI_decompress_none)
                  00003be4    0000000c     driverlib.lib : cpu.obj (.text:CPUcpsid)
                  00003bf0    0000000c                   : cpu.obj (.text:CPUcpsie)
                  00003bfc    0000000a                   : adc.obj (.text:ADCIntClear)
                  00003c06    0000000a                   : ssi.obj (.text:SSIDataPut)
                  00003c10    0000000a                   : ssi.obj (.text:SSIEnable)
                  00003c1a    00000008     grlib.lib : charmap.obj (.text:GrMapISO8859_1_Unicode)
                  00003c22    00000008     driverlib.lib : ssi.obj (.text:SSIBusy)
                  00003c2a    00000008                   : timer.obj (.text:TimerIntEnable)
                  00003c32    00000002     --HOLE-- [fill = 0]
                  00003c34    00000008     rtsv7M4_T_le_v4SPD16_eabi.lib : errno.c.obj (.text:__aeabi_errno_addr)
                  00003c3c    00000008                                   : memory.c.obj (.text:malloc)
                  00003c44    00000004     driverlib.lib : timer.obj (.text:TimerIntClear)
                  00003c48    00000004     rtsv7M4_T_le_v4SPD16_eabi.lib : pre_init.c.obj (.text:_system_pre_init)
                  00003c4c    00000004                                   : exit.c.obj (.text:abort:abort)

.const     0    00003c50    0000085c     
                  00003c50    000002f8     grlib.lib : fontfixed6x8.obj (.const:.string:g_pui8FontFixed6x8Data)
                  00003f48    00000120     driverlib.lib : sysctl.obj (.const:g_pppui32XTALtoVCO)
                  00004068    00000101     rtsv7M4_T_le_v4SPD16_eabi.lib : ctype.c.obj (.const:.string:_ctypes_)
                  00004169    00000003     --HOLE-- [fill = 0]
                  0000416c    000000c8     grlib.lib : fontfixed6x8.obj (.const:g_sFontFixed6x8)
                  00004234    0000009c     driverlib.lib : interrupt.obj (.const:g_pui32Regs)
                  000042d0    00000090                   : gpio.obj (.const:g_pui32GPIOBaseAddrs)
                  00004360    00000070                   : interrupt.obj (.const)
                  000043d0    0000006c                   : sysctl.obj (.const:g_pui32Xtals)
                  0000443c    00000030                   : sysctl.obj (.const:g_sXTALtoMEMTIM)
                  0000446c    00000028     Crystalfontz128x128_ST7735.obj (.const:g_sCrystalfontz128x128)
                  00004494    00000010     grlib.lib : context.obj (.const)
                  000044a4    00000008     driverlib.lib : sysctl.obj (.const)

.cinit     0    000044b0    00000040     
                  000044b0    0000001b     (.cinit..data.load) [load image, compression = lzss]
                  000044cb    00000001     --HOLE-- [fill = 0]
                  000044cc    0000000c     (__TI_handler_table)
                  000044d8    00000008     (.cinit..bss.load) [load image, compression = zero_init]
                  000044e0    00000010     (__TI_cinit_table)

.init_array 
*          0    00000000    00000000     UNINITIALIZED

.data      0    20000000    0000804c     UNINITIALIZED
                  20000000    00008000     Crystalfontz128x128_ST7735.obj (.data:Lcd_buffer)
                  20008000    00000024     buttons.obj (.data:count$2)
                  20008024    00000008     rtsv7M4_T_le_v4SPD16_eabi.lib : _lock.c.obj (.data:$O1$$)
                  2000802c    00000008                                   : memory.c.obj (.data:$O1$$)
                  20008034    00000008     buttons.obj (.data:gJoystick)
                  2000803c    00000006     buttons.obj (.data)
                  20008042    00000002     --HOLE--
                  20008044    00000004     main.obj (.data)
                  20008048    00000004     rtsv7M4_T_le_v4SPD16_eabi.lib : errno.c.obj (.data)

.stack     0    20008050    00000800     UNINITIALIZED
                  20008050    00000004     rtsv7M4_T_le_v4SPD16_eabi.lib : boot_cortex_m.c.obj (.stack)
                  20008054    000007fc     --HOLE--

.bss       0    20008850    0000002a     UNINITIALIZED
                  20008850    00000014     buttons.obj (.bss:state$1)
                  20008864    00000004     (.common:gADCSamplingRate)
                  20008868    00000004     (.common:gSystemClock)
                  2000886c    00000004     (.common:g_psGrLibDefaults)
                  20008870    00000002     (.common:Lcd_ScreenHeigth)
                  20008872    00000002     (.common:Lcd_ScreenWidth)
                  20008874    00000002     (.common:Lcd_TouchTrim)
                  20008876    00000001     (.common:Lcd_FlagRead)
                  20008877    00000001     (.common:Lcd_FontSolid)
                  20008878    00000001     (.common:Lcd_Orientation)
                  20008879    00000001     (.common:Lcd_PenSolid)

.sysmem    0    20008880    00000010     UNINITIALIZED
                  20008880    00000010     rtsv7M4_T_le_v4SPD16_eabi.lib : memory.c.obj (.sysmem)

MODULE SUMMARY

       Module                                             code    ro data   rw data
       ------                                             ----    -------   -------
    ./
       Crystalfontz128x128_ST7735.obj                     1008    40        32778  
       buttons.obj                                        1130    0         74     
       main.obj                                           544     0         8      
       tm4c1294ncpdt_startup_ccs.obj                      26      520       0      
       HAL_EK_TM4C1294XL_Crystalfontz128x128_ST7735.obj   382     0         0      
       sysctl_pll.obj                                     74      0         0      
    +--+--------------------------------------------------+-------+---------+---------+
       Total:                                             3164    560       32860  
                                                                                   
    /Applications/ti/ccs910/ccs/tools/compiler/ti-cgt-arm_18.12.2.LTS/lib/rtsv7M4_T_le_v4SPD16_eabi.lib
       _printfi.c.obj                                     4851    0         0      
       memory.c.obj                                       444     0         8      
       fd_add_t2.asm.obj                                  438     0         0      
       fd_div_t2.asm.obj                                  310     0         0      
       s_scalbn.c.obj                                     272     0         0      
       fd_cmp_t2.asm.obj                                  268     0         0      
       ctype.c.obj                                        0       257       0      
       fd_mul_t2.asm.obj                                  252     0         0      
       memcpy_t2.asm.obj                                  156     0         0      
       ull_div_t2.asm.obj                                 150     0         0      
       snprintf.c.obj                                     148     0         0      
       memset_t2.asm.obj                                  122     0         0      
       copy_decompress_lzss.c.obj                         104     0         0      
       s_frexp.c.obj                                      100     0         0      
       ltoa.c.obj                                         84      0         0      
       atoi.c.obj                                         76      0         0      
       fd_toi_t2.asm.obj                                  72      0         0      
       autoinit.c.obj                                     68      0         0      
       fd_tou_t2.asm.obj                                  68      0         0      
       boot_cortex_m.c.obj                                52      0         0      
       i_tofd_t2.asm.obj                                  46      0         0      
       u_tofd_t2.asm.obj                                  32      0         0      
       copy_zero_init.c.obj                               28      0         0      
       memccpy.c.obj                                      28      0         0      
       s_copysign.c.obj                                   26      0         0      
       strchr.c.obj                                       22      0         0      
       strlen.c.obj                                       20      0         0      
       wcslen.c.obj                                       18      0         0      
       copy_decompress_none.c.obj                         14      0         0      
       errno.c.obj                                        8       0         4      
       _lock.c.obj                                        2       0         8      
       exit.c.obj                                         4       0         0      
       pre_init.c.obj                                     4       0         0      
       div0.asm.obj                                       2       0         0      
    +--+--------------------------------------------------+-------+---------+---------+
       Total:                                             8289    257       20     
                                                                                   
    /Applications/ti/tirtos_tivac_2_16_00_08/products/TivaWare_C_Series-2.1.1.71b/driverlib/ccs/Debug/driverlib.lib
       sysctl.obj                                         674     452       0      
       gpio.obj                                           508     144       0      
       interrupt.obj                                      172     268       0      
       adc.obj                                            346     0         0      
       timer.obj                                          160     0         0      
       ssi.obj                                            88      0         0      
       fpu.obj                                            32      0         0      
       cpu.obj                                            24      0         0      
    +--+--------------------------------------------------+-------+---------+---------+
       Total:                                             2004    864       0      
                                                                                   
    /Applications/ti/tirtos_tivac_2_16_00_08/products/TivaWare_C_Series-2.1.1.71b/grlib/ccs/Debug/grlib.lib
       string.obj                                         1192    0         0      
       fontfixed6x8.obj                                   0       960       0      
       rectangle.obj                                      134     0         0      
       context.obj                                        104     16        4      
       charmap.obj                                        8       0         0      
    +--+--------------------------------------------------+-------+---------+---------+
       Total:                                             1438    976       4      
                                                                                   
       Heap:                                              0       0         16     
       Stack:                                             0       0         2048   
       Linker Generated:                                  0       63        0      
    +--+--------------------------------------------------+-------+---------+---------+
       Grand Total:                                       14895   2720      34948  


LINKER GENERATED COPY TABLES

__TI_cinit_table @ 000044e0 records: 2, size/record: 8, table size: 16
	.data: load addr=000044b0, load size=0000001b bytes, run addr=20000000, run size=0000804c bytes, compression=lzss
	.bss: load addr=000044d8, load size=00000008 bytes, run addr=20008850, run size=0000002a bytes, compression=zero_init


LINKER GENERATED HANDLER TABLE

__TI_handler_table @ 000044cc records: 3, size/record: 4, table size: 12
	index: 0, handler: __TI_decompress_lzss
	index: 1, handler: __TI_decompress_none
	index: 2, handler: __TI_zero_init


GLOBAL SYMBOLS: SORTED ALPHABETICALLY BY Name 

address   name                              
-------   ----                              
00003a5b  ADCClockConfigSet                 
00003bfd  ADCIntClear                       
00003809  ADCIntStatus                      
00003a73  ADCProcessorTrigger               
0000367d  ADCSequenceConfigure              
00003973  ADCSequenceDataGet                
00003bad  ADCSequenceDisable                
00003bbb  ADCSequenceEnable                 
00002f31  ADCSequenceStepConfigure          
00000f69  ButtonAutoRepeat                  
00000ef9  ButtonDebounce                    
00000fe9  ButtonISR                         
00000d39  ButtonInit                        
00000c59  ButtonReadJoystick                
00003c4d  C$$EXIT                           
00003be5  CPUcpsid                          
00003bf1  CPUcpsie                          
000013f1  Crystalfontz128x128_Init          
00001111  Crystalfontz128x128_SetDrawFrame  
000010c9  Crystalfontz128x128_SetOrientation
00003b6d  FPUEnable                         
00003b7d  FPULazyStackingEnable             
00003893  GPIODirModeSet                    
00002523  GPIOPadConfigSet                  
0000351d  GPIOPinConfigure                  
000010c3  GPIOPinRead                       
00003b11  GPIOPinTypeADC                    
00003b23  GPIOPinTypeGPIOInput              
00003a8b  GPIOPinTypeGPIOOutput             
00003b35  GPIOPinTypeSSI                    
0000212b  GPIOPinWrite                      
000034cb  GrContextFontSet                  
00003095  GrContextInit                     
00002a79  GrDefaultStringRenderer           
00003991  GrFontCodepageGet                 
00003931  GrFontGlyphDataGet                
00001729  GrFontGlyphRender                 
000038e5  GrFontInfoGet                     
00003c1b  GrMapISO8859_1_Unicode            
00002d21  GrRectFill                        
00003abb  GrStringDraw                      
00003837  GrStringNextCharGet               
00002221  HAL_LCD_PortInit                  
00002191  HAL_LCD_SpiInit                   
00002141  HAL_LCD_writeCommand              
00002131  HAL_LCD_writeData                 
000030fd  IntEnable                         
00003b8d  IntMasterDisable                  
00003b9d  IntMasterEnable                   
0000390d  IntPrioritySet                    
20008876  Lcd_FlagRead                      
20008877  Lcd_FontSolid                     
20008878  Lcd_Orientation                   
20008879  Lcd_PenSolid                      
20008870  Lcd_ScreenHeigth                  
20008872  Lcd_ScreenWidth                   
20008874  Lcd_TouchTrim                     
20000000  Lcd_buffer                        
00003a41  ResetISR                          
00003c23  SSIBusy                           
000036f9  SSIConfigSetExpClk                
00003c07  SSIDataPut                        
00003c11  SSIEnable                         
00001ba1  SysCtlClockFreqSet                
00003a3b  SysCtlDelay                       
000034d1  SysCtlFrequencyGet                
00003771  SysCtlPeripheralEnable            
00003231  TimerConfigure                    
00003ae9  TimerDisable                      
00003bc9  TimerEnable                       
00003c45  TimerIntClear                     
00003c2b  TimerIntEnable                    
00003b47  TimerLoadSet                      
20008850  __STACK_END                       
00000800  __STACK_SIZE                      
20008250  __STACK_TOP                       
00000010  __SYSMEM_SIZE                     
000044e0  __TI_CINIT_Base                   
000044f0  __TI_CINIT_Limit                  
000044cc  __TI_Handler_Table_Base           
000044d8  __TI_Handler_Table_Limit          
000035f5  __TI_auto_init_nobinit_nopinit    
00003165  __TI_decompress_lzss              
00003bd7  __TI_decompress_none              
ffffffff  __TI_pprof_out_hndl               
00000209  __TI_printfi                      
ffffffff  __TI_prof_data_size               
ffffffff  __TI_prof_data_start              
00000000  __TI_static_base__                
000039cd  __TI_zero_init_nomemset           
00002da7  __aeabi_cdcmpeq                   
00002da7  __aeabi_cdcmple                   
00002e2d  __aeabi_cdrcmple                  
000035ad  __aeabi_d2iz                      
00003639  __aeabi_d2uiz                     
00001f7f  __aeabi_dadd                      
000023ed  __aeabi_ddiv                      
00002889  __aeabi_dmul                      
00001f75  __aeabi_dsub                      
00003c35  __aeabi_errno_addr                
00003865  __aeabi_i2d                       
0000197f  __aeabi_idiv0                     
0000197f  __aeabi_ldiv0                     
00002fab  __aeabi_memclr                    
00002fab  __aeabi_memclr4                   
00002fab  __aeabi_memclr8                   
00002bef  __aeabi_memcpy                    
00002bef  __aeabi_memcpy4                   
00002bef  __aeabi_memcpy8                   
00002fad  __aeabi_memset                    
00002fad  __aeabi_memset4                   
00002fad  __aeabi_memset8                   
00003953  __aeabi_ui2d                      
00002c8b  __aeabi_uldivmod                  
ffffffff  __binit__                         
ffffffff  __c_args__                        
UNDEFED   __mpu_init                        
20008050  __stack                           
000037a5  _c_int00_noargs                   
00004068  _ctypes_                          
20008024  _lock                             
00000c57  _nop                              
20008880  _sys_memory                       
UNDEFED   _system_post_cinit                
00003c49  _system_pre_init                  
20008028  _unlock                           
00003c4d  abort                             
00002985  aligned_alloc                     
000033e9  atoi                              
ffffffff  binit                             
00003a21  copysign                          
00003a21  copysignl                         
20008048  errno                             
000031cd  frexp                             
000031cd  frexpl                            
20008864  gADCSamplingRate                  
2000803c  gButtons                          
20008034  gJoystick                         
20008868  gSystemClock                      
20008044  gTime                             
00000000  g_pfnVectors                      
00004494  g_psDefaultCodePointMapTable      
0000446c  g_sCrystalfontz128x128            
0000416c  g_sFontFixed6x8                   
00002779  ldexp                             
00002779  ldexpl                            
00003341  ltoa                              
000019d9  main                              
00003c3d  malloc                            
00002985  memalign                          
00003a05  memccpy                           
00002bef  memcpy                            
00002fb3  memset                            
00002779  scalbn                            
00002779  scalbnl                           
00003435  snprintf                          
00003ad1  strchr                            
00003afd  strlen                            
00001981  toBinary                          
00003b59  wcslen                            


GLOBAL SYMBOLS: SORTED BY Symbol Address 

address   name                              
-------   ----                              
00000000  __TI_static_base__                
00000000  g_pfnVectors                      
00000010  __SYSMEM_SIZE                     
00000209  __TI_printfi                      
00000800  __STACK_SIZE                      
00000c57  _nop                              
00000c59  ButtonReadJoystick                
00000d39  ButtonInit                        
00000ef9  ButtonDebounce                    
00000f69  ButtonAutoRepeat                  
00000fe9  ButtonISR                         
000010c3  GPIOPinRead                       
000010c9  Crystalfontz128x128_SetOrientation
00001111  Crystalfontz128x128_SetDrawFrame  
000013f1  Crystalfontz128x128_Init          
00001729  GrFontGlyphRender                 
0000197f  __aeabi_idiv0                     
0000197f  __aeabi_ldiv0                     
00001981  toBinary                          
000019d9  main                              
00001ba1  SysCtlClockFreqSet                
00001f75  __aeabi_dsub                      
00001f7f  __aeabi_dadd                      
0000212b  GPIOPinWrite                      
00002131  HAL_LCD_writeData                 
00002141  HAL_LCD_writeCommand              
00002191  HAL_LCD_SpiInit                   
00002221  HAL_LCD_PortInit                  
000023ed  __aeabi_ddiv                      
00002523  GPIOPadConfigSet                  
00002779  ldexp                             
00002779  ldexpl                            
00002779  scalbn                            
00002779  scalbnl                           
00002889  __aeabi_dmul                      
00002985  aligned_alloc                     
00002985  memalign                          
00002a79  GrDefaultStringRenderer           
00002bef  __aeabi_memcpy                    
00002bef  __aeabi_memcpy4                   
00002bef  __aeabi_memcpy8                   
00002bef  memcpy                            
00002c8b  __aeabi_uldivmod                  
00002d21  GrRectFill                        
00002da7  __aeabi_cdcmpeq                   
00002da7  __aeabi_cdcmple                   
00002e2d  __aeabi_cdrcmple                  
00002f31  ADCSequenceStepConfigure          
00002fab  __aeabi_memclr                    
00002fab  __aeabi_memclr4                   
00002fab  __aeabi_memclr8                   
00002fad  __aeabi_memset                    
00002fad  __aeabi_memset4                   
00002fad  __aeabi_memset8                   
00002fb3  memset                            
00003095  GrContextInit                     
000030fd  IntEnable                         
00003165  __TI_decompress_lzss              
000031cd  frexp                             
000031cd  frexpl                            
00003231  TimerConfigure                    
00003341  ltoa                              
000033e9  atoi                              
00003435  snprintf                          
000034cb  GrContextFontSet                  
000034d1  SysCtlFrequencyGet                
0000351d  GPIOPinConfigure                  
000035ad  __aeabi_d2iz                      
000035f5  __TI_auto_init_nobinit_nopinit    
00003639  __aeabi_d2uiz                     
0000367d  ADCSequenceConfigure              
000036f9  SSIConfigSetExpClk                
00003771  SysCtlPeripheralEnable            
000037a5  _c_int00_noargs                   
00003809  ADCIntStatus                      
00003837  GrStringNextCharGet               
00003865  __aeabi_i2d                       
00003893  GPIODirModeSet                    
000038e5  GrFontInfoGet                     
0000390d  IntPrioritySet                    
00003931  GrFontGlyphDataGet                
00003953  __aeabi_ui2d                      
00003973  ADCSequenceDataGet                
00003991  GrFontCodepageGet                 
000039cd  __TI_zero_init_nomemset           
00003a05  memccpy                           
00003a21  copysign                          
00003a21  copysignl                         
00003a3b  SysCtlDelay                       
00003a41  ResetISR                          
00003a5b  ADCClockConfigSet                 
00003a73  ADCProcessorTrigger               
00003a8b  GPIOPinTypeGPIOOutput             
00003abb  GrStringDraw                      
00003ad1  strchr                            
00003ae9  TimerDisable                      
00003afd  strlen                            
00003b11  GPIOPinTypeADC                    
00003b23  GPIOPinTypeGPIOInput              
00003b35  GPIOPinTypeSSI                    
00003b47  TimerLoadSet                      
00003b59  wcslen                            
00003b6d  FPUEnable                         
00003b7d  FPULazyStackingEnable             
00003b8d  IntMasterDisable                  
00003b9d  IntMasterEnable                   
00003bad  ADCSequenceDisable                
00003bbb  ADCSequenceEnable                 
00003bc9  TimerEnable                       
00003bd7  __TI_decompress_none              
00003be5  CPUcpsid                          
00003bf1  CPUcpsie                          
00003bfd  ADCIntClear                       
00003c07  SSIDataPut                        
00003c11  SSIEnable                         
00003c1b  GrMapISO8859_1_Unicode            
00003c23  SSIBusy                           
00003c2b  TimerIntEnable                    
00003c35  __aeabi_errno_addr                
00003c3d  malloc                            
00003c45  TimerIntClear                     
00003c49  _system_pre_init                  
00003c4d  C$$EXIT                           
00003c4d  abort                             
00004068  _ctypes_                          
0000416c  g_sFontFixed6x8                   
0000446c  g_sCrystalfontz128x128            
00004494  g_psDefaultCodePointMapTable      
000044cc  __TI_Handler_Table_Base           
000044d8  __TI_Handler_Table_Limit          
000044e0  __TI_CINIT_Base                   
000044f0  __TI_CINIT_Limit                  
20000000  Lcd_buffer                        
20008024  _lock                             
20008028  _unlock                           
20008034  gJoystick                         
2000803c  gButtons                          
20008044  gTime                             
20008048  errno                             
20008050  __stack                           
20008250  __STACK_TOP                       
20008850  __STACK_END                       
20008864  gADCSamplingRate                  
20008868  gSystemClock                      
20008870  Lcd_ScreenHeigth                  
20008872  Lcd_ScreenWidth                   
20008874  Lcd_TouchTrim                     
20008876  Lcd_FlagRead                      
20008877  Lcd_FontSolid                     
20008878  Lcd_Orientation                   
20008879  Lcd_PenSolid                      
20008880  _sys_memory                       
ffffffff  __TI_pprof_out_hndl               
ffffffff  __TI_prof_data_size               
ffffffff  __TI_prof_data_start              
ffffffff  __binit__                         
ffffffff  __c_args__                        
ffffffff  binit                             
UNDEFED   __mpu_init                        
UNDEFED   _system_post_cinit                

[160 symbols]
