******************************************************************************
                  TI ARM Linker PC v18.12.2                    
******************************************************************************
>> Linked Thu Oct 31 17:15:12 2019

OUTPUT FILE NAME:   <ece3849_lab1_kjsmith_2.out>
ENTRY POINT SYMBOL: "_c_int00_noargs"  address: 00003f31


MEMORY CONFIGURATION

         name            origin    length      used     unused   attr    fill
----------------------  --------  ---------  --------  --------  ----  --------
  FLASH                 00000000   00100000  00004c5a  000fb3a6  R  X
  SRAM                  20000000   00040000  00009896  0003676a  RW X


SEGMENT ALLOCATION MAP

run origin  load origin   length   init length attrs members
----------  ----------- ---------- ----------- ----- -------
00000000    00000000    00004c60   00004c60    r-x
  00000000    00000000    00000208   00000208    r-- .intvecs
  00000208    00000208    0000417e   0000417e    r-x .text
  00004388    00004388    00000894   00000894    r-- .const
  00004c20    00004c20    00000040   00000040    r-- .cinit
20000000    20000000    00009898   00000000    rw-
  20000000    20000000    00008044   00000000    rw- .data
  20008044    20008044    00001052   00000000    rw- .bss
  20009098    20009098    00000800   00000000    rw- .stack


SECTION ALLOCATION MAP

 output                                  attributes/
section   page    origin      length       input sections
--------  ----  ----------  ----------   ----------------
.intvecs   0    00000000    00000208     
                  00000000    00000208     tm4c1294ncpdt_startup_ccs.obj (.intvecs)

.text      0    00000208    0000417e     
                  00000208    00000a4e     rtsv7M4_T_le_v4SPD16_eabi.lib : _printfi.c.obj (.text:__TI_printfi)
                  00000c56    00000002                                   : div0.asm.obj (.text)
                  00000c58    00000648     buttons.obj (.text)
                  000012a0    00000420     main.obj (.text)
                  000016c0    000003f0     Crystalfontz128x128_ST7735.obj (.text)
                  00001ab0    00000270     rtsv7M4_T_le_v4SPD16_eabi.lib : _printfi.c.obj (.text:_pconv_a)
                  00001d20    00000256     grlib.lib : string.obj (.text:GrFontGlyphRender)
                  00001f76    00000002     --HOLE-- [fill = 0]
                  00001f78    00000204     driverlib.lib : sysctl.obj (.text:SysCtlClockFreqSet)
                  0000217c    000001d0     rtsv7M4_T_le_v4SPD16_eabi.lib : _printfi.c.obj (.text:_pconv_g)
                  0000234c    000001b6                                   : fd_add_t2.asm.obj (.text)
                  00002502    00000006     driverlib.lib : gpio.obj (.text:GPIOPinRead)
                  00002508    0000017e     HAL_EK_TM4C1294XL_Crystalfontz128x128_ST7735.obj (.text)
                  00002686    00000002     --HOLE-- [fill = 0]
                  00002688    00000156     sampling.obj (.text)
                  000027de    00000002     --HOLE-- [fill = 0]
                  000027e0    0000013c     rtsv7M4_T_le_v4SPD16_eabi.lib : _printfi.c.obj (.text:_pconv_e)
                  0000291c    00000136                                   : fd_div_t2.asm.obj (.text)
                  00002a52    00000130     driverlib.lib : gpio.obj (.text:GPIOPadConfigSet)
                  00002b82    00000002     --HOLE-- [fill = 0]
                  00002b84    00000124     rtsv7M4_T_le_v4SPD16_eabi.lib : _printfi.c.obj (.text:fcvt)
                  00002ca8    00000110                                   : s_scalbn.c.obj (.text:scalbn)
                  00002db8    00000106     grlib.lib : line.obj (.text:GrLineDraw)
                  00002ebe    000000fc     rtsv7M4_T_le_v4SPD16_eabi.lib : fd_mul_t2.asm.obj (.text)
                  00002fba    000000c4     grlib.lib : string.obj (.text:GrDefaultStringRenderer)
                  0000307e    000000c0               : line.obj (.text:GrLineClip)
                  0000313e    00000002     --HOLE-- [fill = 0]
                  00003140    000000b1     rtsv7M4_T_le_v4SPD16_eabi.lib : _printfi.c.obj (.text:_ltostr)
                  000031f1    00000001     --HOLE-- [fill = 0]
                  000031f2    0000009c                                   : memcpy_t2.asm.obj (.text)
                  0000328e    00000096                                   : ull_div_t2.asm.obj (.text)
                  00003324    00000086     grlib.lib : rectangle.obj (.text:GrRectFill)
                  000033aa    00000086     rtsv7M4_T_le_v4SPD16_eabi.lib : fd_cmp_t2.asm.obj (.text:__aeabi_cdcmple)
                  00003430    00000086                                   : fd_cmp_t2.asm.obj (.text:__aeabi_cdrcmple)
                  000034b6    00000002     --HOLE-- [fill = 0]
                  000034b8    00000080                                   : s_floorf.c.obj (.text:floorf)
                  00003538    0000007a     driverlib.lib : adc.obj (.text:ADCSequenceStepConfigure)
                  000035b2    0000007a     rtsv7M4_T_le_v4SPD16_eabi.lib : memset_t2.asm.obj (.text)
                  0000362c    0000006e                                   : _printfi.c.obj (.text:_mcpy)
                  0000369a    0000006e                                   : s_roundf.c.obj (.text:roundf)
                  00003708    00000068     grlib.lib : context.obj (.text:GrContextInit)
                  00003770    00000068     driverlib.lib : interrupt.obj (.text:IntDisable)
                  000037d8    00000068                   : interrupt.obj (.text:IntEnable)
                  00003840    00000068     rtsv7M4_T_le_v4SPD16_eabi.lib : copy_decompress_lzss.c.obj (.text:decompress:lzss:__TI_decompress_lzss)
                  000038a8    00000064                                   : s_frexp.c.obj (.text:frexp)
                  0000390c    00000060     driverlib.lib : timer.obj (.text:TimerConfigure)
                  0000396c    0000005a     grlib.lib : string.obj (.text:FontWideGlyphDataGet)
                  000039c6    00000056     rtsv7M4_T_le_v4SPD16_eabi.lib : _printfi.c.obj (.text:_pconv_f)
                  00003a1c    00000054                                   : ltoa.c.obj (.text:ltoa)
                  00003a70    00000052                                   : _printfi.c.obj (.text:_ecpy)
                  00003ac2    00000002     --HOLE-- [fill = 0]
                  00003ac4    0000004c                                   : atoi.c.obj (.text:atoi)
                  00003b10    0000004c                                   : snprintf.c.obj (.text:snprintf)
                  00003b5c    0000004a     grlib.lib : string.obj (.text:UpdateContextCharMapping)
                  00003ba6    00000002     --HOLE-- [fill = 0]
                  00003ba8    0000004a     sysctl_pll.obj (.text)
                  00003bf2    00000002     --HOLE-- [fill = 0]
                  00003bf4    00000048     driverlib.lib : gpio.obj (.text:GPIOPinConfigure)
                  00003c3c    00000048                   : sysctl.obj (.text:_SysCtlFrequencyGet)
                  00003c84    00000048     rtsv7M4_T_le_v4SPD16_eabi.lib : fd_toi_t2.asm.obj (.text)
                  00003ccc    00000046     grlib.lib : line.obj (.text:GrLineDrawH)
                  00003d12    00000046               : line.obj (.text:GrLineDrawV)
                  00003d58    00000044     rtsv7M4_T_le_v4SPD16_eabi.lib : autoinit.c.obj (.text:__TI_auto_init_nobinit_nopinit:__TI_auto_init_nobinit_nopinit)
                  00003d9c    0000003e     driverlib.lib : adc.obj (.text:ADCSequenceConfigure)
                  00003dda    0000003e     rtsv7M4_T_le_v4SPD16_eabi.lib : _printfi.c.obj (.text:_fcpy)
                  00003e18    0000003c     driverlib.lib : ssi.obj (.text:SSIConfigSetExpClk)
                  00003e54    0000003a     grlib.lib : string.obj (.text:FontGlyphDataGet)
                  00003e8e    00000038     rtsv7M4_T_le_v4SPD16_eabi.lib : fs_tod_t2.asm.obj (.text)
                  00003ec6    00000036     grlib.lib : line.obj (.text:GrClipCodeGet)
                  00003efc    00000034     driverlib.lib : sysctl.obj (.text:SysCtlPeripheralEnable)
                  00003f30    00000034     rtsv7M4_T_le_v4SPD16_eabi.lib : boot_cortex_m.c.obj (.text:_c_int00_noargs:_c_int00_noargs)
                  00003f64    00000030                                   : snprintf.c.obj (.text:_outs)
                  00003f94    0000002e     driverlib.lib : adc.obj (.text:ADCIntStatus)
                  00003fc2    0000002e     grlib.lib : string.obj (.text:GrStringNextCharGet)
                  00003ff0    0000002e     rtsv7M4_T_le_v4SPD16_eabi.lib : i_tofd_t2.asm.obj (.text)
                  0000401e    0000002a     driverlib.lib : gpio.obj (.text:GPIODirModeSet)
                  00004048    00000026     grlib.lib : string.obj (.text:GrFontInfoGet)
                  0000406e    00000002     --HOLE-- [fill = 0]
                  00004070    00000024     driverlib.lib : interrupt.obj (.text:IntPrioritySet)
                  00004094    00000022     grlib.lib : string.obj (.text:GrFontGlyphDataGet)
                  000040b6    0000001e     driverlib.lib : adc.obj (.text:ADCSequenceDataGet)
                  000040d4    0000001e     grlib.lib : string.obj (.text:GrFontCodepageGet)
                  000040f2    00000002     --HOLE-- [fill = 0]
                  000040f4    0000001c     driverlib.lib : sysctl.obj (.text:_SysCtlMemTimingGet)
                  00004110    0000001c     rtsv7M4_T_le_v4SPD16_eabi.lib : memccpy.c.obj (.text:memccpy)
                  0000412c    0000001a                                   : s_copysign.c.obj (.text:copysign)
                  00004146    00000002     --HOLE-- [fill = 0]
                  00004148    0000001a     tm4c1294ncpdt_startup_ccs.obj (.text)
                  00004162    00000018     driverlib.lib : adc.obj (.text:ADCClockConfigSet)
                  0000417a    00000018                   : adc.obj (.text:ADCProcessorTrigger)
                  00004192    00000018                   : gpio.obj (.text:GPIOPinTypeGPIOOutput)
                  000041aa    00000018     rtsv7M4_T_le_v4SPD16_eabi.lib : snprintf.c.obj (.text:_outc)
                  000041c2    00000016     grlib.lib : string.obj (.text:GrStringDraw)
                  000041d8    00000016     rtsv7M4_T_le_v4SPD16_eabi.lib : strchr.c.obj (.text:strchr)
                  000041ee    00000002     --HOLE-- [fill = 0]
                  000041f0    00000014     driverlib.lib : timer.obj (.text:TimerDisable)
                  00004204    00000014     rtsv7M4_T_le_v4SPD16_eabi.lib : strlen.c.obj (.text:strlen)
                  00004218    00000012     driverlib.lib : gpio.obj (.text:GPIOPinTypeADC)
                  0000422a    00000012                   : gpio.obj (.text:GPIOPinTypeGPIOInput)
                  0000423c    00000012                   : gpio.obj (.text:GPIOPinTypeSSI)
                  0000424e    00000012                   : timer.obj (.text:TimerLoadSet)
                  00004260    00000012     rtsv7M4_T_le_v4SPD16_eabi.lib : wcslen.c.obj (.text:wcslen)
                  00004272    00000010     driverlib.lib : adc.obj (.text:ADCIntEnable)
                  00004282    00000002     --HOLE-- [fill = 0]
                  00004284    00000010                   : fpu.obj (.text:FPUEnable)
                  00004294    00000010                   : fpu.obj (.text:FPULazyStackingEnable)
                  000042a4    00000010                   : interrupt.obj (.text:IntMasterDisable)
                  000042b4    00000010                   : interrupt.obj (.text:IntMasterEnable)
                  000042c4    0000000e                   : adc.obj (.text:ADCSequenceDisable)
                  000042d2    0000000e                   : adc.obj (.text:ADCSequenceEnable)
                  000042e0    0000000e                   : timer.obj (.text:TimerEnable)
                  000042ee    0000000e     rtsv7M4_T_le_v4SPD16_eabi.lib : copy_decompress_none.c.obj (.text:decompress:none:__TI_decompress_none)
                  000042fc    0000000c     driverlib.lib : cpu.obj (.text:CPUcpsid)
                  00004308    0000000c                   : cpu.obj (.text:CPUcpsie)
                  00004314    0000000c     rtsv7M4_T_le_v4SPD16_eabi.lib : copy_zero_init.c.obj (.text:decompress:ZI:__TI_zero_init)
                  00004320    0000000a     driverlib.lib : adc.obj (.text:ADCIntClear)
                  0000432a    0000000a                   : ssi.obj (.text:SSIDataPut)
                  00004334    0000000a                   : ssi.obj (.text:SSIEnable)
                  0000433e    0000000a                   : timer.obj (.text:TimerIntStatus)
                  00004348    00000008     grlib.lib : charmap.obj (.text:GrMapISO8859_1_Unicode)
                  00004350    00000008     driverlib.lib : ssi.obj (.text:SSIBusy)
                  00004358    00000008                   : timer.obj (.text:TimerIntEnable)
                  00004360    00000008     rtsv7M4_T_le_v4SPD16_eabi.lib : errno.c.obj (.text:__aeabi_errno_addr)
                  00004368    00000006     driverlib.lib : gpio.obj (.text:GPIOPinWrite)
                  0000436e    00000006     grlib.lib : string.obj (.text:GrContextFontSet)
                  00004374    00000006     driverlib.lib : sysctl.obj (.text:SysCtlDelay)
                  0000437a    00000004                   : timer.obj (.text:TimerIntClear)
                  0000437e    00000004     rtsv7M4_T_le_v4SPD16_eabi.lib : pre_init.c.obj (.text:_system_pre_init)
                  00004382    00000004                                   : exit.c.obj (.text:abort:abort)

.const     0    00004388    00000894     
                  00004388    000002f8     grlib.lib : fontfixed6x8.obj (.const:.string:g_pui8FontFixed6x8Data)
                  00004680    00000120     driverlib.lib : sysctl.obj (.const:g_pppui32XTALtoVCO)
                  000047a0    00000101     rtsv7M4_T_le_v4SPD16_eabi.lib : ctype.c.obj (.const:.string:_ctypes_)
                  000048a1    00000003     --HOLE-- [fill = 0]
                  000048a4    000000c8     grlib.lib : fontfixed6x8.obj (.const:g_sFontFixed6x8)
                  0000496c    0000009c     driverlib.lib : interrupt.obj (.const:g_pui32Regs)
                  00004a08    00000090                   : gpio.obj (.const:g_pui32GPIOBaseAddrs)
                  00004a98    00000070                   : interrupt.obj (.const)
                  00004b08    0000006c                   : sysctl.obj (.const:g_pui32Xtals)
                  00004b74    00000030                   : sysctl.obj (.const:g_sXTALtoMEMTIM)
                  00004ba4    00000028     Crystalfontz128x128_ST7735.obj (.const:g_sCrystalfontz128x128)
                  00004bcc    00000028     main.obj (.const:us_divs)
                  00004bf4    00000010     grlib.lib : context.obj (.const)
                  00004c04    00000010     main.obj (.const:mV_divs)
                  00004c14    00000008     driverlib.lib : sysctl.obj (.const)

.cinit     0    00004c20    00000040     
                  00004c20    00000015     (.cinit..data.load) [load image, compression = lzss]
                  00004c35    00000003     --HOLE-- [fill = 0]
                  00004c38    0000000c     (__TI_handler_table)
                  00004c44    00000004     --HOLE-- [fill = 0]
                  00004c48    00000008     (.cinit..bss.load) [load image, compression = zero_init]
                  00004c50    00000010     (__TI_cinit_table)

.init_array 
*          0    00000000    00000000     UNINITIALIZED

.data      0    20000000    00008044     UNINITIALIZED
                  20000000    00008000     Crystalfontz128x128_ST7735.obj (.data:Lcd_buffer)
                  20008000    00000024     buttons.obj (.data:count$2)
                  20008024    00000008     buttons.obj (.data:gJoystick)
                  2000802c    00000008     sampling.obj (.data)
                  20008034    00000005     buttons.obj (.data)
                  20008039    00000003     --HOLE--
                  2000803c    00000004     main.obj (.data)
                  20008040    00000004     rtsv7M4_T_le_v4SPD16_eabi.lib : errno.c.obj (.data)

.bss       0    20008044    00001052     UNINITIALIZED
                  20008044    00001000     (.common:gADCBuffer)
                  20009044    00000014     buttons.obj (.bss:state$1)
                  20009058    00000010     (.common:gBtnStack)
                  20009068    00000010     (.common:gBtnStackBuf)
                  20009078    00000004     sampling.obj (.bss)
                  2000907c    00000004     (.common:gADCErrors)
                  20009080    00000004     (.common:gADCSamplingRate)
                  20009084    00000004     (.common:gSystemClock)
                  20009088    00000004     (.common:g_psGrLibDefaults)
                  2000908c    00000002     (.common:Lcd_ScreenHeigth)
                  2000908e    00000002     (.common:Lcd_ScreenWidth)
                  20009090    00000002     (.common:Lcd_TouchTrim)
                  20009092    00000001     (.common:Lcd_FlagRead)
                  20009093    00000001     (.common:Lcd_FontSolid)
                  20009094    00000001     (.common:Lcd_Orientation)
                  20009095    00000001     (.common:Lcd_PenSolid)

.stack     0    20009098    00000800     UNINITIALIZED
                  20009098    00000004     rtsv7M4_T_le_v4SPD16_eabi.lib : boot_cortex_m.c.obj (.stack)
                  2000909c    000007fc     --HOLE--

MODULE SUMMARY

       Module                                             code    ro data   rw data
       ------                                             ----    -------   -------
    .\
       Crystalfontz128x128_ST7735.obj                     1008    40        32778  
       sampling.obj                                       342     0         4112   
       buttons.obj                                        1608    0         105    
       main.obj                                           1056    56        8      
       tm4c1294ncpdt_startup_ccs.obj                      26      520       0      
       HAL_EK_TM4C1294XL_Crystalfontz128x128_ST7735.obj   382     0         0      
       sysctl_pll.obj                                     74      0         0      
    +--+--------------------------------------------------+-------+---------+---------+
       Total:                                             4496    616       37003  
                                                                                   
    C:/ti/tirtos_tivac_2_16_00_08/products/TivaWare_C_Series-2.1.1.71b/driverlib/ccs/Debug/driverlib.lib
       sysctl.obj                                         674     452       0      
       gpio.obj                                           508     144       0      
       interrupt.obj                                      276     268       0      
       adc.obj                                            362     0         0      
       timer.obj                                          170     0         0      
       ssi.obj                                            88      0         0      
       fpu.obj                                            32      0         0      
       cpu.obj                                            24      0         0      
    +--+--------------------------------------------------+-------+---------+---------+
       Total:                                             2134    864       0      
                                                                                   
    C:/ti/tirtos_tivac_2_16_00_08/products/TivaWare_C_Series-2.1.1.71b/grlib/ccs/Debug/grlib.lib
       string.obj                                         1192    0         0      
       fontfixed6x8.obj                                   0       960       0      
       line.obj                                           648     0         0      
       rectangle.obj                                      134     0         0      
       context.obj                                        104     16        4      
       charmap.obj                                        8       0         0      
    +--+--------------------------------------------------+-------+---------+---------+
       Total:                                             2086    976       4      
                                                                                   
    C:\ti\ccs910\ccs\tools\compiler\ti-cgt-arm_18.12.2.LTS\lib\rtsv7M4_T_le_v4SPD16_eabi.lib
       _printfi.c.obj                                     4851    0         0      
       fd_add_t2.asm.obj                                  438     0         0      
       fd_div_t2.asm.obj                                  310     0         0      
       s_scalbn.c.obj                                     272     0         0      
       fd_cmp_t2.asm.obj                                  268     0         0      
       ctype.c.obj                                        0       257       0      
       fd_mul_t2.asm.obj                                  252     0         0      
       memcpy_t2.asm.obj                                  156     0         0      
       ull_div_t2.asm.obj                                 150     0         0      
       snprintf.c.obj                                     148     0         0      
       s_floorf.c.obj                                     128     0         0      
       memset_t2.asm.obj                                  122     0         0      
       s_roundf.c.obj                                     110     0         0      
       copy_decompress_lzss.c.obj                         104     0         0      
       s_frexp.c.obj                                      100     0         0      
       ltoa.c.obj                                         84      0         0      
       atoi.c.obj                                         76      0         0      
       fd_toi_t2.asm.obj                                  72      0         0      
       autoinit.c.obj                                     68      0         0      
       fs_tod_t2.asm.obj                                  56      0         0      
       boot_cortex_m.c.obj                                52      0         0      
       i_tofd_t2.asm.obj                                  46      0         0      
       memccpy.c.obj                                      28      0         0      
       s_copysign.c.obj                                   26      0         0      
       strchr.c.obj                                       22      0         0      
       strlen.c.obj                                       20      0         0      
       wcslen.c.obj                                       18      0         0      
       copy_decompress_none.c.obj                         14      0         0      
       copy_zero_init.c.obj                               12      0         0      
       errno.c.obj                                        8       0         4      
       exit.c.obj                                         4       0         0      
       pre_init.c.obj                                     4       0         0      
       div0.asm.obj                                       2       0         0      
    +--+--------------------------------------------------+-------+---------+---------+
       Total:                                             8021    257       4      
                                                                                   
       Stack:                                             0       0         2048   
       Linker Generated:                                  0       57        0      
    +--+--------------------------------------------------+-------+---------+---------+
       Grand Total:                                       16737   2770      39059  


LINKER GENERATED COPY TABLES

__TI_cinit_table @ 00004c50 records: 2, size/record: 8, table size: 16
	.data: load addr=00004c20, load size=00000015 bytes, run addr=20000000, run size=00008044 bytes, compression=lzss
	.bss: load addr=00004c48, load size=00000008 bytes, run addr=20008044, run size=00001052 bytes, compression=zero_init


LINKER GENERATED HANDLER TABLE

__TI_handler_table @ 00004c38 records: 3, size/record: 4, table size: 12
	index: 0, handler: __TI_decompress_lzss
	index: 1, handler: __TI_decompress_none
	index: 2, handler: __TI_zero_init


GLOBAL SYMBOLS: SORTED ALPHABETICALLY BY Name 

address   name                              
-------   ----                              
00004163  ADCClockConfigSet                 
00004321  ADCIntClear                       
00004273  ADCIntEnable                      
00003f95  ADCIntStatus                      
0000417b  ADCProcessorTrigger               
00003d9d  ADCSequenceConfigure              
000040b7  ADCSequenceDataGet                
000042c5  ADCSequenceDisable                
000042d3  ADCSequenceEnable                 
00003539  ADCSequenceStepConfigure          
00002791  ADC_ISR                           
00002771  ADC_TRIGGER_ISR                   
00001131  ButtonAutoRepeat                  
000010c1  ButtonDebounce                    
000011b1  ButtonISR                         
00000fe1  ButtonReadJoystick                
00004383  C$$EXIT                           
000042fd  CPUcpsid                          
00004309  CPUcpsie                          
000019e9  Crystalfontz128x128_Init          
00001709  Crystalfontz128x128_SetDrawFrame  
000016c1  Crystalfontz128x128_SetOrientation
00004285  FPUEnable                         
00004295  FPULazyStackingEnable             
0000401f  GPIODirModeSet                    
00002a53  GPIOPadConfigSet                  
00003bf5  GPIOPinConfigure                  
00002503  GPIOPinRead                       
00004219  GPIOPinTypeADC                    
0000422b  GPIOPinTypeGPIOInput              
00004193  GPIOPinTypeGPIOOutput             
0000423d  GPIOPinTypeSSI                    
00004369  GPIOPinWrite                      
0000436f  GrContextFontSet                  
00003709  GrContextInit                     
00002fbb  GrDefaultStringRenderer           
000040d5  GrFontCodepageGet                 
00004095  GrFontGlyphDataGet                
00001d21  GrFontGlyphRender                 
00004049  GrFontInfoGet                     
00002db9  GrLineDraw                        
00003ccd  GrLineDrawH                       
00003d13  GrLineDrawV                       
00004349  GrMapISO8859_1_Unicode            
00003325  GrRectFill                        
000041c3  GrStringDraw                      
00003fc3  GrStringNextCharGet               
000025f9  HAL_LCD_PortInit                  
00002569  HAL_LCD_SpiInit                   
00002519  HAL_LCD_writeCommand              
00002509  HAL_LCD_writeData                 
00003771  IntDisable                        
000037d9  IntEnable                         
000042a5  IntMasterDisable                  
000042b5  IntMasterEnable                   
00004071  IntPrioritySet                    
20009092  Lcd_FlagRead                      
20009093  Lcd_FontSolid                     
20009094  Lcd_Orientation                   
20009095  Lcd_PenSolid                      
2000908c  Lcd_ScreenHeigth                  
2000908e  Lcd_ScreenWidth                   
20009090  Lcd_TouchTrim                     
20000000  Lcd_buffer                        
00000d09  PeripheralInit                    
00004149  ResetISR                          
00004351  SSIBusy                           
00003e19  SSIConfigSetExpClk                
0000432b  SSIDataPut                        
00004335  SSIEnable                         
00001f79  SysCtlClockFreqSet                
00004375  SysCtlDelay                       
00003ba9  SysCtlFrequencyGet                
00003efd  SysCtlPeripheralEnable            
0000390d  TimerConfigure                    
000041f1  TimerDisable                      
000042e1  TimerEnable                       
0000437b  TimerIntClear                     
00004359  TimerIntEnable                    
0000433f  TimerIntStatus                    
0000424f  TimerLoadSet                      
20009898  __STACK_END                       
00000800  __STACK_SIZE                      
20009298  __STACK_TOP                       
00004c50  __TI_CINIT_Base                   
00004c60  __TI_CINIT_Limit                  
00004c38  __TI_Handler_Table_Base           
00004c44  __TI_Handler_Table_Limit          
00003d59  __TI_auto_init_nobinit_nopinit    
00003841  __TI_decompress_lzss              
000042ef  __TI_decompress_none              
ffffffff  __TI_pprof_out_hndl               
00000209  __TI_printfi                      
ffffffff  __TI_prof_data_size               
ffffffff  __TI_prof_data_start              
00000000  __TI_static_base__                
00004315  __TI_zero_init                    
000033ab  __aeabi_cdcmpeq                   
000033ab  __aeabi_cdcmple                   
00003431  __aeabi_cdrcmple                  
00003c85  __aeabi_d2iz                      
00002357  __aeabi_dadd                      
0000291d  __aeabi_ddiv                      
00002ebf  __aeabi_dmul                      
0000234d  __aeabi_dsub                      
00004361  __aeabi_errno_addr                
00003e8f  __aeabi_f2d                       
00003ff1  __aeabi_i2d                       
00000c57  __aeabi_idiv0                     
00000c57  __aeabi_ldiv0                     
000035b3  __aeabi_memclr                    
000035b3  __aeabi_memclr4                   
000035b3  __aeabi_memclr8                   
000031f3  __aeabi_memcpy                    
000031f3  __aeabi_memcpy4                   
000031f3  __aeabi_memcpy8                   
000035b5  __aeabi_memset                    
000035b5  __aeabi_memset4                   
000035b5  __aeabi_memset8                   
0000328f  __aeabi_uldivmod                  
ffffffff  __binit__                         
ffffffff  __c_args__                        
UNDEFED   __mpu_init                        
20009098  __stack                           
00003f31  _c_int00_noargs                   
000047a0  _ctypes_                          
UNDEFED   _system_post_cinit                
0000437f  _system_pre_init                  
00004383  abort                             
00003ac5  atoi                              
ffffffff  binit                             
0000412d  copysign                          
0000412d  copysignl                         
000012a1  cpu_load                          
20008040  errno                             
000026e9  findTrigger                       
000034b9  floorf                            
000038a9  frexp                             
000038a9  frexpl                            
20008044  gADCBuffer                        
20008030  gADCBufferIndex                   
2000907c  gADCErrors                        
20009080  gADCSamplingRate                  
20009058  gBtnStack                         
20009068  gBtnStackBuf                      
20008034  gButtons                          
20008024  gJoystick                         
20009084  gSystemClock                      
2000803c  gTime                             
00000000  g_pfnVectors                      
00004bf4  g_psDefaultCodePointMapTable      
00004ba4  g_sCrystalfontz128x128            
000048a4  g_sFontFixed6x8                   
00002ca9  ldexp                             
00002ca9  ldexpl                            
00003a1d  ltoa                              
00004c04  mV_divs                           
000012d9  main                              
00004111  memccpy                           
000031f3  memcpy                            
000035bb  memset                            
0000369b  roundf                            
00002ca9  scalbn                            
00002ca9  scalbnl                           
00002689  scale_voltage                     
00003b11  snprintf                          
00000cf9  stack_init                        
00000cb9  stack_read                        
00000c59  stack_write                       
000041d9  strchr                            
00004205  strlen                            
00004bcc  us_divs                           
00004261  wcslen                            


GLOBAL SYMBOLS: SORTED BY Symbol Address 

address   name                              
-------   ----                              
00000000  __TI_static_base__                
00000000  g_pfnVectors                      
00000209  __TI_printfi                      
00000800  __STACK_SIZE                      
00000c57  __aeabi_idiv0                     
00000c57  __aeabi_ldiv0                     
00000c59  stack_write                       
00000cb9  stack_read                        
00000cf9  stack_init                        
00000d09  PeripheralInit                    
00000fe1  ButtonReadJoystick                
000010c1  ButtonDebounce                    
00001131  ButtonAutoRepeat                  
000011b1  ButtonISR                         
000012a1  cpu_load                          
000012d9  main                              
000016c1  Crystalfontz128x128_SetOrientation
00001709  Crystalfontz128x128_SetDrawFrame  
000019e9  Crystalfontz128x128_Init          
00001d21  GrFontGlyphRender                 
00001f79  SysCtlClockFreqSet                
0000234d  __aeabi_dsub                      
00002357  __aeabi_dadd                      
00002503  GPIOPinRead                       
00002509  HAL_LCD_writeData                 
00002519  HAL_LCD_writeCommand              
00002569  HAL_LCD_SpiInit                   
000025f9  HAL_LCD_PortInit                  
00002689  scale_voltage                     
000026e9  findTrigger                       
00002771  ADC_TRIGGER_ISR                   
00002791  ADC_ISR                           
0000291d  __aeabi_ddiv                      
00002a53  GPIOPadConfigSet                  
00002ca9  ldexp                             
00002ca9  ldexpl                            
00002ca9  scalbn                            
00002ca9  scalbnl                           
00002db9  GrLineDraw                        
00002ebf  __aeabi_dmul                      
00002fbb  GrDefaultStringRenderer           
000031f3  __aeabi_memcpy                    
000031f3  __aeabi_memcpy4                   
000031f3  __aeabi_memcpy8                   
000031f3  memcpy                            
0000328f  __aeabi_uldivmod                  
00003325  GrRectFill                        
000033ab  __aeabi_cdcmpeq                   
000033ab  __aeabi_cdcmple                   
00003431  __aeabi_cdrcmple                  
000034b9  floorf                            
00003539  ADCSequenceStepConfigure          
000035b3  __aeabi_memclr                    
000035b3  __aeabi_memclr4                   
000035b3  __aeabi_memclr8                   
000035b5  __aeabi_memset                    
000035b5  __aeabi_memset4                   
000035b5  __aeabi_memset8                   
000035bb  memset                            
0000369b  roundf                            
00003709  GrContextInit                     
00003771  IntDisable                        
000037d9  IntEnable                         
00003841  __TI_decompress_lzss              
000038a9  frexp                             
000038a9  frexpl                            
0000390d  TimerConfigure                    
00003a1d  ltoa                              
00003ac5  atoi                              
00003b11  snprintf                          
00003ba9  SysCtlFrequencyGet                
00003bf5  GPIOPinConfigure                  
00003c85  __aeabi_d2iz                      
00003ccd  GrLineDrawH                       
00003d13  GrLineDrawV                       
00003d59  __TI_auto_init_nobinit_nopinit    
00003d9d  ADCSequenceConfigure              
00003e19  SSIConfigSetExpClk                
00003e8f  __aeabi_f2d                       
00003efd  SysCtlPeripheralEnable            
00003f31  _c_int00_noargs                   
00003f95  ADCIntStatus                      
00003fc3  GrStringNextCharGet               
00003ff1  __aeabi_i2d                       
0000401f  GPIODirModeSet                    
00004049  GrFontInfoGet                     
00004071  IntPrioritySet                    
00004095  GrFontGlyphDataGet                
000040b7  ADCSequenceDataGet                
000040d5  GrFontCodepageGet                 
00004111  memccpy                           
0000412d  copysign                          
0000412d  copysignl                         
00004149  ResetISR                          
00004163  ADCClockConfigSet                 
0000417b  ADCProcessorTrigger               
00004193  GPIOPinTypeGPIOOutput             
000041c3  GrStringDraw                      
000041d9  strchr                            
000041f1  TimerDisable                      
00004205  strlen                            
00004219  GPIOPinTypeADC                    
0000422b  GPIOPinTypeGPIOInput              
0000423d  GPIOPinTypeSSI                    
0000424f  TimerLoadSet                      
00004261  wcslen                            
00004273  ADCIntEnable                      
00004285  FPUEnable                         
00004295  FPULazyStackingEnable             
000042a5  IntMasterDisable                  
000042b5  IntMasterEnable                   
000042c5  ADCSequenceDisable                
000042d3  ADCSequenceEnable                 
000042e1  TimerEnable                       
000042ef  __TI_decompress_none              
000042fd  CPUcpsid                          
00004309  CPUcpsie                          
00004315  __TI_zero_init                    
00004321  ADCIntClear                       
0000432b  SSIDataPut                        
00004335  SSIEnable                         
0000433f  TimerIntStatus                    
00004349  GrMapISO8859_1_Unicode            
00004351  SSIBusy                           
00004359  TimerIntEnable                    
00004361  __aeabi_errno_addr                
00004369  GPIOPinWrite                      
0000436f  GrContextFontSet                  
00004375  SysCtlDelay                       
0000437b  TimerIntClear                     
0000437f  _system_pre_init                  
00004383  C$$EXIT                           
00004383  abort                             
000047a0  _ctypes_                          
000048a4  g_sFontFixed6x8                   
00004ba4  g_sCrystalfontz128x128            
00004bcc  us_divs                           
00004bf4  g_psDefaultCodePointMapTable      
00004c04  mV_divs                           
00004c38  __TI_Handler_Table_Base           
00004c44  __TI_Handler_Table_Limit          
00004c50  __TI_CINIT_Base                   
00004c60  __TI_CINIT_Limit                  
20000000  Lcd_buffer                        
20008024  gJoystick                         
20008030  gADCBufferIndex                   
20008034  gButtons                          
2000803c  gTime                             
20008040  errno                             
20008044  gADCBuffer                        
20009058  gBtnStack                         
20009068  gBtnStackBuf                      
2000907c  gADCErrors                        
20009080  gADCSamplingRate                  
20009084  gSystemClock                      
2000908c  Lcd_ScreenHeigth                  
2000908e  Lcd_ScreenWidth                   
20009090  Lcd_TouchTrim                     
20009092  Lcd_FlagRead                      
20009093  Lcd_FontSolid                     
20009094  Lcd_Orientation                   
20009095  Lcd_PenSolid                      
20009098  __stack                           
20009298  __STACK_TOP                       
20009898  __STACK_END                       
ffffffff  __TI_pprof_out_hndl               
ffffffff  __TI_prof_data_size               
ffffffff  __TI_prof_data_start              
ffffffff  __binit__                         
ffffffff  __c_args__                        
ffffffff  binit                             
UNDEFED   __mpu_init                        
UNDEFED   _system_post_cinit                

[173 symbols]
