******************************************************************************
                  TI ARM Linker PC v18.12.2                    
******************************************************************************
>> Linked Mon Nov 11 21:10:21 2019

OUTPUT FILE NAME:   <ece3849_lab2_kjsmith.out>
ENTRY POINT SYMBOL: "_c_int00"  address: 00008659


MEMORY CONFIGURATION

         name            origin    length      used     unused   attr    fill
----------------------  --------  ---------  --------  --------  ----  --------
  FLASH                 00000000   00100000  0000d2e8  000f2d18  R  X
  SRAM                  20000000   00040000  00014868  0002b798  RW X


SEGMENT ALLOCATION MAP

run origin  load origin   length   init length attrs members
----------  ----------- ---------- ----------- ----- -------
00000000    00000000    0000d2f8   0000d2f8    r-x
  00000000    00000000    0000003c   0000003c    r-- .resetVecs
  00000040    00000040    0000a8ba   0000a8ba    r-x .text
  0000a900    0000a900    00002722   00002722    r-- .const
  0000d028    0000d028    000002d0   000002d0    r-- .cinit
20000000    20000000    00014870   00000000    rw-
  20000000    20000000    00000360   00000000    rw- .vecs
  20000360    20000360    0000bb66   00000000    rw- .bss
  2000bec8    2000bec8    000086a2   00000000    rw- .data
  20014570    20014570    00000300   00000000    rw- .stack


SECTION ALLOCATION MAP

 output                                  attributes/
section   page    origin      length       input sections
--------  ----  ----------  ----------   ----------------
.text      0    00000040    0000a8ba     
                  00000040    00000a4e     rtsv7M4_T_le_v4SPD16_eabi.lib : _printfi.c.obj (.text:__TI_printfi)
                  00000a8e    00000002                                   : _lock.c.obj (.text:_nop)
                  00000a90    00000738                                   : k_rem_pio2.c.obj (.text:__kernel_rem_pio2)
                  000011c8    000005dc                                   : s_cos.c.obj (.text:cos)
                  000017a4    000005c4                                   : s_sin.c.obj (.text:sin)
                  00001d68    00000430     sysbios.aem4f : BIOS.obj (.text:ti_sysbios_family_arm_m3_Hwi_excDumpRegs__I)
                  00002198    0000034c     ti.targets.arm.rtsarm.aem4f : System.oem4f (.text:xdc_runtime_System_doPrint__I)
                  000024e4    00000004     rtsv7M4_T_le_v4SPD16_eabi.lib : exit.c.obj (.text:abort:abort)
                  000024e8    000002a4     sysbios.aem4f : BIOS.obj (.text:ti_sysbios_knl_Semaphore_pend__E)
                  0000278c    00000004                   : BIOS.obj (.text:ti_sysbios_family_arm_lm4_Timer_masterEnable__I)
                  00002790    0000028e     kiss_fft.obj (.text:kf_bfly5)
                  00002a1e    00000002     rtsv7M4_T_le_v4SPD16_eabi.lib : div0.asm.obj (.text)
                  00002a20    00000270                                   : _printfi.c.obj (.text:_pconv_a)
                  00002c90    0000026c     sysbios.aem4f : BIOS.obj (.text:ti_sysbios_heaps_HeapMem_free__E)
                  00002efc    00000256     grlib.lib : string.obj (.text:GrFontGlyphRender)
                  00003152    00000006     driverlib.lib : gpio.obj (.text:GPIOPinRead)
                  00003158    00000250     sysbios.aem4f : BIOS.obj (.text:ti_sysbios_heaps_HeapMem_alloc__E)
                  000033a8    00000204     Boot.aem4f : Boot_sysctl.oem4f (.text:ti_catalog_arm_cortexm4_tiva_ce_Boot_sysCtlClockFreqSetI__I)
                  000035ac    00000004     ti.targets.arm.rtsarm.aem4f : Error.oem4f (.text:xdc_runtime_Error_getSite__E)
                  000035b0    000001f4     sysbios.aem4f : BIOS.obj (.text:ti_sysbios_family_arm_m3_Hwi_excHandlerMax__I)
                  000037a4    00000004     ti.targets.arm.rtsarm.aem4f : System.oem4f (.text:xdc_runtime_System_aprintf_va__F)
                  000037a8    000001f0     kiss_fft.obj (.text:kf_bfly4)
                  00003998    000001e0     main.obj (.text:task2_func)
                  00003b78    000001d0     rtsv7M4_T_le_v4SPD16_eabi.lib : _printfi.c.obj (.text:_pconv_g)
                  00003d48    000001cc     main.obj (.text:task4_func)
                  00003f14    000001b6     rtsv7M4_T_le_v4SPD16_eabi.lib : fd_add_t2.asm.obj (.text)
                  000040ca    00000006     driverlib.lib : gpio.obj (.text:GPIOPinWrite)
                  000040d0    000001b4     kiss_fft.obj (.text:kf_bfly3)
                  00004284    00000174     rtsv7M4_T_le_v4SPD16_eabi.lib : k_sin.c.obj (.text:__kernel_sin)
                  000043f8    00000174     sysbios.aem4f : BIOS.obj (.text:ti_sysbios_family_arm_m3_Hwi_excBusFault__I)
                  0000456c    0000016c     rtsv7M4_T_le_v4SPD16_eabi.lib : k_cos.c.obj (.text:__kernel_cos)
                  000046d8    00000164     sysbios.aem4f : BIOS.obj (.text:ti_sysbios_family_arm_m3_Hwi_excUsageFault__I)
                  0000483c    0000015c     rtsv7M4_T_le_v4SPD16_eabi.lib : e_log10f.c.obj (.text:log10f)
                  00004998    00000158     buttons.obj (.text:PeripheralInit)
                  00004af0    00000158     rtsv7M4_T_le_v4SPD16_eabi.lib : e_sqrt.c.obj (.text:sqrt)
                  00004c48    00000148     sysbios.aem4f : BIOS.obj (.text:ti_sysbios_family_arm_m3_Hwi_excMemFault__I)
                  00004d90    0000013c     rtsv7M4_T_le_v4SPD16_eabi.lib : _printfi.c.obj (.text:_pconv_e)
                  00004ecc    00000004     ti.targets.arm.rtsarm.aem4f : System.oem4f (.text:xdc_runtime_System_printf_va__F)
                  00004ed0    0000013c     sysbios.aem4f : BIOS.obj (.text:ti_sysbios_heaps_HeapMem_Instance_init__E)
                  0000500c    00000136     rtsv7M4_T_le_v4SPD16_eabi.lib : fd_div_t2.asm.obj (.text)
                  00005142    00000130     driverlib.lib : gpio.obj (.text:GPIOPadConfigSet)
                  00005272    00000002     --HOLE-- [fill = 0]
                  00005274    00000124     rtsv7M4_T_le_v4SPD16_eabi.lib : _printfi.c.obj (.text:fcvt)
                  00005398    00000118     ti.targets.arm.rtsarm.aem4f : Error.oem4f (.text:xdc_runtime_Error_policyDefault__E)
                  000054b0    00000110     rtsv7M4_T_le_v4SPD16_eabi.lib : s_scalbn.c.obj (.text:scalbn)
                  000055c0    00000108     sysbios.aem4f : BIOS.obj (.text:ti_sysbios_family_arm_lm4_Timer_start__E)
                  000056c8    00000106     grlib.lib : line.obj (.text:GrLineDraw)
                  000057ce    00000002     --HOLE-- [fill = 0]
                  000057d0    00000100     ti.targets.arm.rtsarm.aem4f : Core-mem.oem4f (.text:xdc_runtime_Core_createObject__I)
                  000058d0    000000fc     kiss_fft.obj (.text:kf_bfly_generic)
                  000059cc    000000fc     rtsv7M4_T_le_v4SPD16_eabi.lib : fd_mul_t2.asm.obj (.text)
                  00005ac8    000000fc     rtos_pem4f.oem4f (.text:xdc_runtime_System_printfExtend__I)
                  00005bc4    000000f8     rtsv7M4_T_le_v4SPD16_eabi.lib : s_floor.c.obj (.text:floor)
                  00005cbc    000000f8     ti.targets.arm.rtsarm.aem4f : Startup.oem4f (.text:xdc_runtime_Startup_startMods__I)
                  00005db4    000000f4     sysbios.aem4f : m3_Hwi_asm.obj (.text:ti_sysbios_family_arm_m3_Hwi_dispatch__I)
                  00005ea8    000000ec                   : BIOS.obj (.text:ti_sysbios_knl_Semaphore_post__E)
                  00005f94    00000004     --HOLE-- [fill = 0]
                  00005f98    000000e2     kiss_fft.obj (.text:kf_work)
                  0000607a    00000006     grlib.lib : string.obj (.text:GrContextFontSet)
                  00006080    000000dc     Crystalfontz128x128_ST7735.obj (.text:Crystalfontz128x128_PixelDrawMultiple)
                  0000615c    00000004     --HOLE-- [fill = 0]
                  00006160    000000d4     buttons.obj (.text:ButtonReadJoystick)
                  00006234    00000004     --HOLE-- [fill = 0]
                  00006238    000000d0     main.obj (.text:task0_func)
                  00006308    000000cc     kiss_fft.obj (.text:kiss_fft_alloc)
                  000063d4    000000cc     ti.targets.arm.rtsarm.aem4f : Core-smem.oem4f (.text:xdc_runtime_Core_constructObject__I)
                  000064a0    000000c4     grlib.lib : string.obj (.text:GrDefaultStringRenderer)
                  00006564    00000004     --HOLE-- [fill = 0]
                  00006568    000000c4     main.obj (.text:task1_func)
                  0000662c    000000c0     grlib.lib : line.obj (.text:GrLineClip)
                  000066ec    00000004     --HOLE-- [fill = 0]
                  000066f0    000000bc     Crystalfontz128x128_ST7735.obj (.text:Crystalfontz128x128_Init)
                  000067ac    00000004     --HOLE-- [fill = 0]
                  000067b0    000000bc     sysbios.aem4f : BIOS.obj (.text:ti_sysbios_family_arm_m3_Hwi_excDebugMon__I)
                  0000686c    00000004     --HOLE-- [fill = 0]
                  00006870    000000bc                   : BIOS.obj (.text:ti_sysbios_family_arm_m3_Hwi_excHardFault__I)
                  0000692c    00000004     --HOLE-- [fill = 0]
                  00006930    000000b8     main.obj (.text:task3_func)
                  000069e8    000000b4     rtsv7M4_T_le_v4SPD16_eabi.lib : s_cosf.c.obj (.text:cosf)
                  00006a9c    00000004     --HOLE-- [fill = 0]
                  00006aa0    000000b4     sysbios.aem4f : BIOS.obj (.text:ti_sysbios_gates_GateMutex_enter__E)
                  00006b54    00000004     --HOLE-- [fill = 0]
                  00006b58    000000b4                   : BIOS.obj (.text:ti_sysbios_knl_Task_checkStacks__E)
                  00006c0c    000000b1     rtsv7M4_T_le_v4SPD16_eabi.lib : _printfi.c.obj (.text:_ltostr)
                  00006cbd    00000003     --HOLE-- [fill = 0]
                  00006cc0    000000ac     sysbios.aem4f : BIOS.obj (.text:ti_sysbios_family_arm_lm4_Timer_enableTiva__I)
                  00006d6c    000000a0     auto_init.aem4f : auto_init.oem4f (.text)
                  00006e0c    000000a0     ti.targets.arm.rtsarm.aem4f : Text.oem4f (.text:xdc_runtime_Text_putMod__E)
                  00006eac    00000004     --HOLE-- [fill = 0]
                  00006eb0    0000009c     Crystalfontz128x128_ST7735.obj (.text:Crystalfontz128x128_SetDrawFrame)
                  00006f4c    0000009c     rtsv7M4_T_le_v4SPD16_eabi.lib : memcpy_t2.asm.obj (.text)
                  00006fe8    0000009c     sysbios.aem4f : BIOS.obj (.text:ti_sysbios_knl_Semaphore_Instance_init__E)
                  00007084    0000009a     ti.targets.arm.rtsarm.aem4f : Text.oem4f (.text:xdc_runtime_Text_putSite__E)
                  0000711e    00000002     --HOLE-- [fill = 0]
                  00007120    00000098     Boot.aem4f : Boot.oem4f (.text:ti_catalog_arm_cortexm4_tiva_ce_Boot_sysCtlClockFreqSet__E)
                  000071b8    00000096     rtsv7M4_T_le_v4SPD16_eabi.lib : ull_div_t2.asm.obj (.text)
                  0000724e    00000002     --HOLE-- [fill = 0]
                  00007250    00000094     sysbios.aem4f : BIOS.obj (.text:ti_sysbios_family_arm_m3_Hwi_initNVIC__E)
                  000072e4    0000008c                   : m3_TaskSupport_asm.obj (.text:ti_sysbios_family_arm_m3_TaskSupport_buildTaskStack)
                  00007370    0000008c                   : BIOS.obj (.text:ti_sysbios_knl_Task_postInit__I)
                  000073fc    00000004     --HOLE-- [fill = 0]
                  00007400    00000088     sampling.obj (.text:findTrigger)
                  00007488    00000088     sysbios.aem4f : BIOS.obj (.text:ti_sysbios_knl_Mailbox_post__E)
                  00007510    00000086     grlib.lib : rectangle.obj (.text:GrRectFill)
                  00007596    00000086     rtsv7M4_T_le_v4SPD16_eabi.lib : fd_cmp_t2.asm.obj (.text:__aeabi_cdcmple)
                  0000761c    00000086                                   : fd_cmp_t2.asm.obj (.text:__aeabi_cdrcmple)
                  000076a2    00000006     driverlib.lib : sysctl.obj (.text:SysCtlDelay)
                  000076a8    00000084     sysbios.aem4f : BIOS.obj (.text:ti_sysbios_family_arm_m3_Hwi_postInit__I)
                  0000772c    00000004     --HOLE-- [fill = 0]
                  00007730    00000080     Crystalfontz128x128_ST7735.obj (.text:Crystalfontz128x128_RectFill)
                  000077b0    00000080     rtsv7M4_T_le_v4SPD16_eabi.lib : s_floorf.c.obj (.text:floorf)
                  00007830    00000080     kiss_fft.obj (.text:kf_bfly2)
                  000078b0    0000007a     driverlib.lib : adc.obj (.text:ADCSequenceStepConfigure)
                  0000792a    0000007a     rtsv7M4_T_le_v4SPD16_eabi.lib : memset_t2.asm.obj (.text)
                  000079a4    00000004     --HOLE-- [fill = 0]
                  000079a8    00000078     HAL_EK_TM4C1294XL_Crystalfontz128x128_ST7735.obj (.text:HAL_LCD_PortInit)
                  00007a20    00000078     HAL_EK_TM4C1294XL_Crystalfontz128x128_ST7735.obj (.text:HAL_LCD_SpiInit)
                  00007a98    00000074     sysbios.aem4f : BIOS.obj (.text:ti_sysbios_knl_Mailbox_pend__E)
                  00007b0c    00000004     --HOLE-- [fill = 0]
                  00007b10    00000070                   : BIOS.obj (.text:ti_sysbios_knl_Clock_workFunc__E)
                  00007b80    00000070                   : BIOS.obj (.text:ti_sysbios_knl_Task_exit__E)
                  00007bf0    0000006e     rtsv7M4_T_le_v4SPD16_eabi.lib : _printfi.c.obj (.text:_mcpy)
                  00007c5e    0000006e                                   : s_roundf.c.obj (.text:roundf)
                  00007ccc    0000006e                                   : fd_tos_t2.asm.obj (.text)
                  00007d3a    00000002     --HOLE-- [fill = 0]
                  00007d3c    0000006d     ti.targets.arm.rtsarm.aem4f : System.oem4f (.text:xdc_runtime_System_formatNum__I)
                  00007da9    00000001     --HOLE-- [fill = 0]
                  00007daa    00000006                                 : System.oem4f (.text:xdc_runtime_System_Module_startup__E)
                  00007db0    0000006c     kiss_fft.obj (.text:kf_factor)
                  00007e1c    00000004     --HOLE-- [fill = 0]
                  00007e20    0000006c     sysbios.aem4f : BIOS.obj (.text:ti_sysbios_knl_Swi_restoreHwi__E)
                  00007e8c    0000006c     ti.targets.arm.rtsarm.aem4f : Error.oem4f (.text:xdc_runtime_Error_print__E)
                  00007ef8    0000006c                                 : Memory.oem4f (.text:xdc_runtime_Memory_alloc__E)
                  00007f64    00000068     grlib.lib : context.obj (.text:GrContextInit)
                  00007fcc    00000068     rtsv7M4_T_le_v4SPD16_eabi.lib : copy_decompress_lzss.c.obj (.text:decompress:lzss:__TI_decompress_lzss)
                  00008034    00000004     --HOLE-- [fill = 0]
                  00008038    00000068     main.obj (.text:main)
                  000080a0    00000068     sysbios.aem4f : BIOS.obj (.text:ti_sysbios_family_arm_lm4_TimestampProvider_initTimerHandle__I)
                  00008108    00000066     ti.targets.arm.rtsarm.aem4f : Core-mem.oem4f (.text:xdc_runtime_Core_deleteObject__I)
                  0000816e    00000002     --HOLE-- [fill = 0]
                  00008170    00000064     rtsv7M4_T_le_v4SPD16_eabi.lib : s_frexp.c.obj (.text:frexp)
                  000081d4    00000004     --HOLE-- [fill = 0]
                  000081d8    00000064     sysbios.aem4f : BIOS.obj (.text:ti_sysbios_family_arm_lm4_Timer_Module_startup__E)
                  0000823c    00000004     --HOLE-- [fill = 0]
                  00008240    00000064                   : BIOS.obj (.text:ti_sysbios_family_arm_m3_Hwi_dispatchC__I)
                  000082a4    00000004     --HOLE-- [fill = 0]
                  000082a8    00000060     buttons.obj (.text:ButtonDebounce)
                  00008308    00000060     sysbios.aem4f : BIOS.obj (.text:ti_sysbios_knl_Task_schedule__I)
                  00008368    0000005c     kiss_fft.obj (.text:kiss_fft_stride)
                  000083c4    00000004     --HOLE-- [fill = 0]
                  000083c8    0000005c     sysbios.aem4f : BIOS.obj (.text:ti_sysbios_knl_Swi_run__I)
                  00008424    00000004     --HOLE-- [fill = 0]
                  00008428    0000005c                   : BIOS.obj (.text:ti_sysbios_knl_Swi_schedule__I)
                  00008484    00000004     --HOLE-- [fill = 0]
                  00008488    0000005c                   : BIOS.obj (.text:ti_sysbios_knl_Task_Module_startup__E)
                  000084e4    00000004     --HOLE-- [fill = 0]
                  000084e8    0000005c                   : BIOS.obj (.text:ti_sysbios_knl_Task_startCore__E)
                  00008544    0000005b     ti.targets.arm.rtsarm.aem4f : Text.oem4f (.text:xdc_runtime_Text_putLab__E)
                  0000859f    00000001     --HOLE-- [fill = 0]
                  000085a0    0000005a     grlib.lib : string.obj (.text:FontWideGlyphDataGet)
                  000085fa    00000006     --HOLE-- [fill = 0]
                  00008600    00000058     buttons.obj (.text:ButtonAutoRepeat)
                  00008658    00000058     boot.aem4f : boot.oem4f (.text)
                  000086b0    00000058     rtsv7M4_T_le_v4SPD16_eabi.lib : hostwrite.c.obj (.text:HOSTwrite)
                  00008708    00000058     sampling.obj (.text:scale_voltage)
                  00008760    00000058     sysbios.aem4f : m3_Hwi_asm_switch.obj (.text:ti_sysbios_family_arm_m3_Hwi_initStacks__E)
                  000087b8    00000056     rtsv7M4_T_le_v4SPD16_eabi.lib : _printfi.c.obj (.text:_pconv_f)
                  0000880e    00000054                                   : ltoa.c.obj (.text:ltoa)
                  00008862    00000006     --HOLE-- [fill = 0]
                  00008868    00000054     main.obj (.text:m3Hwi0_int)
                  000088bc    00000004     --HOLE-- [fill = 0]
                  000088c0    00000054     sysbios.aem4f : BIOS.obj (.text:ti_sysbios_family_arm_lm4_Timer_initDevice__I)
                  00008914    00000054     ti.targets.arm.rtsarm.aem4f : Assert.oem4f (.text:xdc_runtime_Assert_raise__I)
                  00008968    00000052     rtsv7M4_T_le_v4SPD16_eabi.lib : _printfi.c.obj (.text:_ecpy)
                  000089ba    00000002     --HOLE-- [fill = 0]
                  000089bc    00000050     Boot.aem4f : Boot_sysctl.oem4f (.text:_SysCtlFrequencyGet)
                  00008a0c    00000004     --HOLE-- [fill = 0]
                  00008a10    00000050     sysbios.aem4f : BIOS.obj (.text:ti_sysbios_family_arm_m3_Hwi_Module_startup__E)
                  00008a60    00000050     ti.targets.arm.rtsarm.aem4f : Startup.oem4f (.text:xdc_runtime_Startup_exec__E)
                  00008ab0    00000050                                 : Text.oem4f (.text:xdc_runtime_Text_visitRope2__I)
                  00008b00    0000004c     rtsv7M4_T_le_v4SPD16_eabi.lib : atoi.c.obj (.text:atoi)
                  00008b4c    0000004c                                   : cpy_tbl.c.obj (.text:copy_in)
                  00008b98    0000004c                                   : snprintf.c.obj (.text:snprintf)
                  00008be4    00000004     --HOLE-- [fill = 0]
                  00008be8    0000004c     sysbios.aem4f : BIOS.obj (.text:ti_sysbios_heaps_HeapMem_getStats__E)
                  00008c34    00000004     --HOLE-- [fill = 0]
                  00008c38    0000004c                   : BIOS.obj (.text:ti_sysbios_knl_Swi_runLoop__I)
                  00008c84    00000004     --HOLE-- [fill = 0]
                  00008c88    0000004c                   : BIOS.obj (.text:ti_sysbios_knl_Task_allBlockedFunction__I)
                  00008cd4    0000004a     grlib.lib : string.obj (.text:UpdateContextCharMapping)
                  00008d1e    00000002     --HOLE-- [fill = 0]
                  00008d20    00000048     driverlib.lib : gpio.obj (.text:GPIOPinConfigure)
                  00008d68    00000048     HAL_EK_TM4C1294XL_Crystalfontz128x128_ST7735.obj (.text:HAL_LCD_writeCommand)
                  00008db0    00000048     sysctl_pll.obj (.text:SysCtlFrequencyGet)
                  00008df8    00000048     rtsv7M4_T_le_v4SPD16_eabi.lib : fd_toi_t2.asm.obj (.text)
                  00008e40    00000048     sysbios.aem4f : BIOS.obj (.text:ti_sysbios_family_arm_lm4_Timer_enableTimers__I)
                  00008e88    00000048                   : BIOS.obj (.text:ti_sysbios_family_arm_m3_Hwi_disableInterrupt__E)
                  00008ed0    00000048                   : BIOS.obj (.text:ti_sysbios_family_arm_m3_Hwi_enableInterrupt__E)
                  00008f18    00000048                   : BIOS.obj (.text:ti_sysbios_family_arm_m3_Hwi_excReserved__I)
                  00008f60    00000048                   : BIOS.obj (.text:ti_sysbios_knl_Mailbox_Module_startup__E)
                  00008fa8    00000046     grlib.lib : line.obj (.text:GrLineDrawH)
                  00008fee    00000046               : line.obj (.text:GrLineDrawV)
                  00009034    00000046     ti.targets.arm.rtsarm.aem4f : Core-params.oem4f (.text:xdc_runtime_Core_assignParams__I)
                  0000907a    00000006     --HOLE-- [fill = 0]
                  00009080    00000044     Crystalfontz128x128_ST7735.obj (.text:Crystalfontz128x128_SetOrientation)
                  000090c4    00000004     --HOLE-- [fill = 0]
                  000090c8    00000044     sysbios.aem4f : BIOS.obj (.text:ti_sysbios_family_arm_lm4_Timer_isrStub__E)
                  0000910c    00000004     --HOLE-- [fill = 0]
                  00009110    00000044                   : BIOS.obj (.text:ti_sysbios_family_arm_m3_Hwi_getStackInfo__E)
                  00009154    00000004     --HOLE-- [fill = 0]
                  00009158    00000044                   : BIOS.obj (.text:ti_sysbios_knl_Swi_post__E)
                  0000919c    00000044     ti.targets.arm.rtsarm.aem4f : Error.oem4f (.text:xdc_runtime_Error_setX__E)
                  000091e0    00000044                                 : SysMin.oem4f (.text:xdc_runtime_SysMin_flush__E)
                  00009224    00000044                                 : Text.oem4f (.text:xdc_runtime_Text_xprintf__I)
                  00009268    00000040     Crystalfontz128x128_ST7735.obj (.text:Crystalfontz128x128_LineDrawH)
                  000092a8    00000040     rtsv7M4_T_le_v4SPD16_eabi.lib : u_divt2.asm.obj (.text)
                  000092e8    00000040     sysbios.aem4f : BIOS.obj (.text:ti_sysbios_family_arm_lm4_Timer_startup__E)
                  00009328    0000003e     driverlib.lib : adc.obj (.text:ADCSequenceConfigure)
                  00009366    0000003e     rtsv7M4_T_le_v4SPD16_eabi.lib : _printfi.c.obj (.text:_fcpy)
                  000093a4    0000003c     driverlib.lib : ssi.obj (.text:SSIConfigSetExpClk)
                  000093e0    0000003c     sysbios.aem4f : BIOS.obj (.text:ti_sysbios_family_arm_m3_Hwi_excSvCall__I)
                  0000941c    00000004     --HOLE-- [fill = 0]
                  00009420    0000003c                   : BIOS.obj (.text:ti_sysbios_heaps_HeapMem_init__I)
                  0000945c    00000004     --HOLE-- [fill = 0]
                  00009460    0000003c                   : BIOS.obj (.text:ti_sysbios_knl_Swi_restore__E)
                  0000949c    0000003a     grlib.lib : string.obj (.text:FontGlyphDataGet)
                  000094d6    00000002     --HOLE-- [fill = 0]
                  000094d8    00000038     Crystalfontz128x128_ST7735.obj (.text:Crystalfontz128x128_Flush)
                  00009510    00000038     rtsv7M4_T_le_v4SPD16_eabi.lib : trgmsg.c.obj (.text:__TI_writemsg)
                  00009548    00000038                                   : fs_tod_t2.asm.obj (.text)
                  00009580    00000038     sysbios.aem4f : BIOS.obj (.text:ti_sysbios_family_arm_m3_Hwi_excNoIsr__I)
                  000095b8    00000038                   : BIOS.obj (.text:ti_sysbios_knl_Task_processVitalTaskFlag__I)
                  000095f0    00000038     ti.targets.arm.rtsarm.aem4f : SysMin.oem4f (.text:xdc_runtime_SysMin_putch__E)
                  00009628    00000038                                 : System.oem4f (.text:xdc_runtime_System_atexit__E)
                  00009660    00000036     grlib.lib : line.obj (.text:GrClipCodeGet)
                  00009696    00000002     --HOLE-- [fill = 0]
                  00009698    00000034     driverlib.lib : sysctl.obj (.text:SysCtlPeripheralEnable)
                  000096cc    00000034     rtsv7M4_T_le_v4SPD16_eabi.lib : trgmsg.c.obj (.text:__TI_readmsg)
                  00009700    00000034     sysbios.aem4f : BIOS.obj (.text:ti_sysbios_family_arm_m3_Hwi_excNmi__I)
                  00009734    00000034     ti.targets.arm.rtsarm.aem4f : Core-label.oem4f (.text:xdc_runtime_Core_assignLabel__I)
                  00009768    00000033                                 : Text.oem4f (.text:xdc_runtime_Text_printVisFxn__I)
                  0000979b    00000005     --HOLE-- [fill = 0]
                  000097a0    00000032     sysbios.aem4f : BIOS.obj (.text:ti_sysbios_hal_Hwi_initStack)
                  000097d2    00000030     rtsv7M4_T_le_v4SPD16_eabi.lib : snprintf.c.obj (.text:_outs)
                  00009802    00000006     --HOLE-- [fill = 0]
                  00009808    00000030     rtos_pem4f.oem4f (.text:ti_sysbios_BIOS_atExitFunc__I)
                  00009838    00000030     sysbios.aem4f : BIOS.obj (.text:ti_sysbios_family_arm_lm4_Timer_stop__E)
                  00009868    00000030                   : BIOS.obj (.text:ti_sysbios_family_arm_m3_TaskSupport_start__E)
                  00009898    00000030     rtos_pem4f.oem4f (.text:ti_sysbios_gates_GateHwi_Object__create__S)
                  000098c8    00000030     rtos_pem4f.oem4f (.text:ti_sysbios_gates_GateMutex_Object__create__S)
                  000098f8    00000030     rtos_pem4f.oem4f (.text:ti_sysbios_heaps_HeapMem_Object__create__S)
                  00009928    00000030     sysbios.aem4f : BIOS.obj (.text:ti_sysbios_knl_Mailbox_postInit__I)
                  00009958    00000030     rtos_pem4f.oem4f (.text:ti_sysbios_knl_Semaphore_construct)
                  00009988    00000030     sysbios.aem4f : BIOS.obj (.text:ti_sysbios_knl_Semaphore_pendTimeout__I)
                  000099b8    00000030                   : BIOS.obj (.text:ti_sysbios_knl_Task_unblockI__E)
                  000099e8    00000030     ti.targets.arm.rtsarm.aem4f : SysMin.oem4f (.text:xdc_runtime_SysMin_abort__E)
                  00009a18    00000030                                 : System.oem4f (.text:xdc_runtime_System_processAtExit__E)
                  00009a48    0000002e     driverlib.lib : adc.obj (.text:ADCIntStatus)
                  00009a76    0000002e     grlib.lib : string.obj (.text:GrStringNextCharGet)
                  00009aa4    00000004     --HOLE-- [fill = 0]
                  00009aa8    0000002e     rtos_pem4f.oem4f (.text:malloc)
                  00009ad6    0000002e     rtsv7M4_T_le_v4SPD16_eabi.lib : i_tofd_t2.asm.obj (.text)
                  00009b04    00000004     --HOLE-- [fill = 0]
                  00009b08    0000002c     rtos_pem4f.oem4f (.text:ti_sysbios_knl_Clock_doTick__I)
                  00009b34    00000004     --HOLE-- [fill = 0]
                  00009b38    0000002c     rtos_pem4f.oem4f (.text:ti_sysbios_knl_Queue_construct)
                  00009b64    00000004     --HOLE-- [fill = 0]
                  00009b68    0000002c     sysbios.aem4f : BIOS.obj (.text:ti_sysbios_knl_Task_restore__E)
                  00009b94    0000002c     ti.targets.arm.rtsarm.aem4f : Text.oem4f (.text:xdc_runtime_Text_cordText__E)
                  00009bc0    0000002a     driverlib.lib : gpio.obj (.text:GPIODirModeSet)
                  00009bea    0000002a     ti.targets.arm.rtsarm.aem4f : System.oem4f (.text:xdc_runtime_System_putchar__I)
                  00009c14    00000028     rtsv7M4_T_le_v4SPD16_eabi.lib : e_sqrtf.c.obj (.text:sqrtf)
                  00009c3c    00000004     --HOLE-- [fill = 0]
                  00009c40    00000028     sysbios.aem4f : BIOS.obj (.text:ti_sysbios_knl_Clock_addI__E)
                  00009c68    00000028                   : BIOS.obj (.text:ti_sysbios_knl_Swi_Module_startup__E)
                  00009c90    00000026     grlib.lib : string.obj (.text:GrFontInfoGet)
                  00009cb6    00000026     sysbios.aem4f : m3_Hwi_asm.obj (.text:ti_sysbios_family_arm_m3_Hwi_pendSV__I)
                  00009cdc    00000026     ti.targets.arm.rtsarm.aem4f : System.oem4f (.text:xdc_runtime_System_avprintf__E)
                  00009d02    00000006     --HOLE-- [fill = 0]
                  00009d08    00000024     rtos_pem4f.oem4f (.text:ti_sysbios_BIOS_errorRaiseHook__I)
                  00009d2c    00000004     --HOLE-- [fill = 0]
                  00009d30    00000024     rtos_pem4f.oem4f (.text:ti_sysbios_BIOS_registerRTSLock__I)
                  00009d54    00000004     --HOLE-- [fill = 0]
                  00009d58    00000024     rtos_pem4f.oem4f (.text:ti_sysbios_BIOS_removeRTSLock__I)
                  00009d7c    00000004     --HOLE-- [fill = 0]
                  00009d80    00000024     rtos_pem4f.oem4f (.text:ti_sysbios_BIOS_startFunc__I)
                  00009da4    00000004     --HOLE-- [fill = 0]
                  00009da8    00000024     rtos_pem4f.oem4f (.text:ti_sysbios_gates_GateMutex_Object__delete__S)
                  00009dcc    00000004     --HOLE-- [fill = 0]
                  00009dd0    00000024     sysbios.aem4f : BIOS.obj (.text:ti_sysbios_knl_Clock_Module_startup__E)
                  00009df4    00000004     --HOLE-- [fill = 0]
                  00009df8    00000024                   : BIOS.obj (.text:ti_sysbios_knl_Task_restoreHwi__E)
                  00009e1c    00000024     ti.targets.arm.rtsarm.aem4f : System.oem4f (.text:xdc_runtime_System_vprintf__E)
                  00009e40    00000022     grlib.lib : string.obj (.text:GrFontGlyphDataGet)
                  00009e62    00000006     --HOLE-- [fill = 0]
                  00009e68    00000022     sysbios.aem4f : BIOS.obj (.text:ti_sysbios_family_arm_lm4_Timer_write__I)
                  00009e8a    00000006     --HOLE-- [fill = 0]
                  00009e90    00000022     rtos_pem4f.oem4f (.text:xdc_runtime_SysMin_output__I)
                  00009eb2    00000002     --HOLE-- [fill = 0]
                  00009eb4    00000020     Boot.aem4f : Boot_sysctl.oem4f (.text:_SysCtlMemTimingGet)
                  00009ed4    00000004     --HOLE-- [fill = 0]
                  00009ed8    00000020     rtos_pem4f.oem4f (.text:ti_sysbios_BIOS_rtsLock__I)
                  00009ef8    00000020     sysbios.aem4f : m3_Hwi_asm.obj (.text:ti_sysbios_family_arm_m3_Hwi_excHandlerAsm__I)
                  00009f18    00000020                   : BIOS.obj (.text:ti_sysbios_family_arm_m3_Hwi_excHandler__I)
                  00009f38    00000020     rtos_pem4f.oem4f (.text:ti_sysbios_gates_GateHwi_Object__delete__S)
                  00009f58    00000020     rtos_pem4f.oem4f (.text:ti_sysbios_heaps_HeapMem_Object__delete__S)
                  00009f78    00000020     sysbios.aem4f : BIOS.obj (.text:ti_sysbios_knl_Idle_run__E)
                  00009f98    00000020     rtos_pem4f.oem4f (.text:ti_sysbios_knl_Semaphore_Object__destruct__S)
                  00009fb8    00000020     ti.targets.arm.rtsarm.aem4f : Registry.oem4f (.text:xdc_runtime_Registry_findById__E)
                  00009fd8    00000020                                 : SysMin.oem4f (.text:xdc_runtime_SysMin_Module_startup__E)
                  00009ff8    0000001e     driverlib.lib : adc.obj (.text:ADCSequenceDataGet)
                  0000a016    00000002     --HOLE-- [fill = 0]
                  0000a018    0000001e     Crystalfontz128x128_ST7735.obj (.text:Crystalfontz128x128_ColorTranslate)
                  0000a036    0000001e     grlib.lib : string.obj (.text:GrFontCodepageGet)
                  0000a054    0000001e     sysbios.aem4f : m3_Hwi_asm_switch.obj (.text:ti_sysbios_family_xxx_Hwi_switchAndRunFunc)
                  0000a072    00000006     --HOLE-- [fill = 0]
                  0000a078    0000001c     Crystalfontz128x128_ST7735.obj (.text:Crystalfontz128x128_LineDrawV)
                  0000a094    0000001c     rtsv7M4_T_le_v4SPD16_eabi.lib : memccpy.c.obj (.text:memccpy)
                  0000a0b0    0000001c     sysbios.aem4f : BIOS.obj (.text:ti_sysbios_gates_GateMutex_Instance_init__E)
                  0000a0cc    00000004     --HOLE-- [fill = 0]
                  0000a0d0    0000001c     rtos_pem4f.oem4f (.text:ti_sysbios_knl_Queue_Object__destruct__S)
                  0000a0ec    00000004     --HOLE-- [fill = 0]
                  0000a0f0    0000001c     sysbios.aem4f : BIOS.obj (.text:ti_sysbios_knl_Queue_get__E)
                  0000a10c    00000004     --HOLE-- [fill = 0]
                  0000a110    0000001c                   : BIOS.obj (.text:ti_sysbios_knl_Queue_put__E)
                  0000a12c    00000004     --HOLE-- [fill = 0]
                  0000a130    0000001c                   : BIOS.obj (.text:ti_sysbios_knl_Task_enter__I)
                  0000a14c    0000001c     ti.targets.arm.rtsarm.aem4f : Error.oem4f (.text:xdc_runtime_Error_raiseX__E)
                  0000a168    0000001c                                 : Memory.oem4f (.text:xdc_runtime_Memory_valloc__E)
                  0000a184    0000001c                                 : SysMin.oem4f (.text:xdc_runtime_SysMin_exit__E)
                  0000a1a0    0000001c                                 : System.oem4f (.text:xdc_runtime_System_abort__E)
                  0000a1bc    0000001a     rtsv7M4_T_le_v4SPD16_eabi.lib : s_copysign.c.obj (.text:copysign)
                  0000a1d6    00000002     --HOLE-- [fill = 0]
                  0000a1d8    0000001a     rtos_pem4f.oem4f (.text:free)
                  0000a1f2    00000006     --HOLE-- [fill = 0]
                  0000a1f8    0000001a     rtos_pem4f.oem4f (.text:ti_sysbios_family_arm_m3_Hwi_Handle__label__S)
                  0000a212    00000006     --HOLE-- [fill = 0]
                  0000a218    0000001a     rtos_pem4f.oem4f (.text:ti_sysbios_gates_GateHwi_Handle__label__S)
                  0000a232    00000006     --HOLE-- [fill = 0]
                  0000a238    0000001a     rtos_pem4f.oem4f (.text:ti_sysbios_gates_GateMutex_Handle__label__S)
                  0000a252    00000006     --HOLE-- [fill = 0]
                  0000a258    0000001a     rtos_pem4f.oem4f (.text:ti_sysbios_heaps_HeapMem_Handle__label__S)
                  0000a272    00000006     --HOLE-- [fill = 0]
                  0000a278    0000001a     rtos_pem4f.oem4f (.text:ti_sysbios_knl_Swi_Handle__label__S)
                  0000a292    00000006     --HOLE-- [fill = 0]
                  0000a298    0000001a     rtos_pem4f.oem4f (.text:ti_sysbios_knl_Task_Handle__label__S)
                  0000a2b2    00000006     --HOLE-- [fill = 0]
                  0000a2b8    0000001a     rtos_pem4f.oem4f (.text:xdc_runtime_System_aprintf__E)
                  0000a2d2    00000006     --HOLE-- [fill = 0]
                  0000a2d8    0000001a     rtos_pem4f.oem4f (.text:xdc_runtime_System_printf__E)
                  0000a2f2    00000018     driverlib.lib : adc.obj (.text:ADCClockConfigSet)
                  0000a30a    00000018                   : adc.obj (.text:ADCProcessorTrigger)
                  0000a322    00000018                   : gpio.obj (.text:GPIOPinTypeGPIOOutput)
                  0000a33a    00000002     --HOLE-- [fill = 0]
                  0000a33c    00000018     rtsv7M4_T_le_v4SPD16_eabi.lib : args_main.c.obj (.text:_args_main)
                  0000a354    00000018                                   : snprintf.c.obj (.text:_outc)
                  0000a36c    00000004     --HOLE-- [fill = 0]
                  0000a370    00000018     rtos_pem4f.oem4f (.text:ti_sysbios_BIOS_rtsUnlock__I)
                  0000a388    00000018     rtos_pem4f.oem4f (.text:ti_sysbios_family_arm_lm4_Timer_Module__startupDone__F)
                  0000a3a0    00000018     rtos_pem4f.oem4f (.text:ti_sysbios_family_arm_m3_Hwi_Module__startupDone__F)
                  0000a3b8    00000018     sysbios.aem4f : m3_TaskSupport_asm.obj (.text:ti_sysbios_family_arm_m3_TaskSupport_swap__E)
                  0000a3d0    00000018                   : BIOS.obj (.text:ti_sysbios_gates_GateMutex_leave__E)
                  0000a3e8    00000018     ti.targets.arm.rtsarm.aem4f : Error.oem4f (.text:xdc_runtime_Error_check__E)
                  0000a400    00000018                                 : System.oem4f (.text:xdc_runtime_System_exit__E)
                  0000a418    00000018                                 : Text.oem4f (.text:xdc_runtime_Text_ropeText__E)
                  0000a430    00000016     grlib.lib : string.obj (.text:GrStringDraw)
                  0000a446    00000016     rtsv7M4_T_le_v4SPD16_eabi.lib : strchr.c.obj (.text:strchr)
                  0000a45c    00000004     --HOLE-- [fill = 0]
                  0000a460    00000016     rtos_pem4f.oem4f (.text:ti_sysbios_BIOS_exitFunc__I)
                  0000a476    00000002     --HOLE-- [fill = 0]
                  0000a478    00000016     sysbios.aem4f : BIOS.obj (.text:ti_sysbios_knl_Task_unblock__E)
                  0000a48e    00000002     --HOLE-- [fill = 0]
                  0000a490    00000014     Crystalfontz128x128_ST7735.obj (.text:Crystalfontz128x128_PixelDraw)
                  0000a4a4    00000014     rtsv7M4_T_le_v4SPD16_eabi.lib : strlen.c.obj (.text:strlen)
                  0000a4b8    00000014     rtos_pem4f.oem4f (.text:ti_sysbios_family_arm_m3_Hwi_Object__get__S)
                  0000a4cc    00000004     --HOLE-- [fill = 0]
                  0000a4d0    00000014     sysbios.aem4f : BIOS.obj (.text:ti_sysbios_family_arm_m3_Hwi_switchFromBootStack__E)
                  0000a4e4    00000004     --HOLE-- [fill = 0]
                  0000a4e8    00000014     rtos_pem4f.oem4f (.text:ti_sysbios_heaps_HeapMem_Object__get__S)
                  0000a4fc    00000004     --HOLE-- [fill = 0]
                  0000a500    00000014     rtos_pem4f.oem4f (.text:ti_sysbios_knl_Mailbox_Object__get__S)
                  0000a514    00000004     --HOLE-- [fill = 0]
                  0000a518    00000014     rtos_pem4f.oem4f (.text:ti_sysbios_knl_Swi_Object__get__S)
                  0000a52c    00000012     driverlib.lib : gpio.obj (.text:GPIOPinTypeADC)
                  0000a53e    00000012                   : gpio.obj (.text:GPIOPinTypeGPIOInput)
                  0000a550    00000012                   : gpio.obj (.text:GPIOPinTypeSSI)
                  0000a562    00000006     --HOLE-- [fill = 0]
                  0000a568    00000012     sysbios.aem4f : BIOS.obj (.text:ti_sysbios_hal_Hwi_Module_startup__E)
                  0000a57a    00000012     rtsv7M4_T_le_v4SPD16_eabi.lib : wcslen.c.obj (.text:wcslen)
                  0000a58c    00000004     --HOLE-- [fill = 0]
                  0000a590    00000012     rtos_pem4f.oem4f (.text:xdc_runtime_Startup_exec__I)
                  0000a5a2    00000006     --HOLE-- [fill = 0]
                  0000a5a8    00000010     rtos_pem4f.oem4f (.text:.bootCodeSection:ti_catalog_arm_cortexm4_tiva_ce_Boot_init__I)
                  0000a5b8    00000010     driverlib.lib : adc.obj (.text:ADCIntEnable)
                  0000a5c8    00000010                   : interrupt.obj (.text:IntMasterDisable)
                  0000a5d8    00000010                   : interrupt.obj (.text:IntMasterEnable)
                  0000a5e8    00000010     sysbios.aem4f : BIOS.obj (.text:ti_sysbios_BIOS_setThreadType__E)
                  0000a5f8    00000010                   : BIOS.obj (.text:ti_sysbios_BIOS_start__E)
                  0000a608    00000010                   : m3_TaskSupport_asm.obj (.text:ti_sysbios_family_arm_m3_TaskSupport_glue)
                  0000a618    00000010                   : BIOS.obj (.text:ti_sysbios_gates_GateMutex_Instance_finalize__E)
                  0000a628    00000010                   : BIOS.obj (.text:ti_sysbios_knl_Semaphore_Instance_finalize__E)
                  0000a638    00000010                   : BIOS.obj (.text:ti_sysbios_knl_Swi_disable__E)
                  0000a648    00000010     rtos_pem4f.oem4f (.text:ti_sysbios_knl_Task_Object__get__S)
                  0000a658    00000010     sysbios.aem4f : BIOS.obj (.text:ti_sysbios_knl_Task_disable__E)
                  0000a668    00000010     ti.targets.arm.rtsarm.aem4f : Gate.oem4f (.text:xdc_runtime_Gate_leaveSystem__E)
                  0000a678    00000010                                 : Memory.oem4f (.text:xdc_runtime_Memory_free__E)
                  0000a688    00000010                                 : SysMin.oem4f (.text:xdc_runtime_SysMin_ready__E)
                  0000a698    00000010                                 : System.oem4f (.text:xdc_runtime_System_vsnprintf__E)
                  0000a6a8    00000010     rtos_pem4f.oem4f (.text:xdc_runtime_Text_visitRope__I)
                  0000a6b8    0000000e     driverlib.lib : adc.obj (.text:ADCSequenceDisable)
                  0000a6c6    0000000e                   : adc.obj (.text:ADCSequenceEnable)
                  0000a6d4    0000000e     rtsv7M4_T_le_v4SPD16_eabi.lib : copy_decompress_none.c.obj (.text:decompress:none:__TI_decompress_none)
                  0000a6e2    00000006     --HOLE-- [fill = 0]
                  0000a6e8    0000000e     sysbios.aem4f : BIOS.obj (.text:ti_sysbios_knl_Idle_loop__E)
                  0000a6f6    00000002     --HOLE-- [fill = 0]
                  0000a6f8    0000000e                   : BIOS.obj (.text:ti_sysbios_knl_Queue_empty__E)
                  0000a706    0000000c     driverlib.lib : cpu.obj (.text:CPUcpsid)
                  0000a712    0000000c                   : cpu.obj (.text:CPUcpsie)
                  0000a71e    00000002     --HOLE-- [fill = 0]
                  0000a720    0000000c     HAL_EK_TM4C1294XL_Crystalfontz128x128_ST7735.obj (.text:HAL_LCD_writeData)
                  0000a72c    0000000c     rtsv7M4_T_le_v4SPD16_eabi.lib : _lock.c.obj (.text:_register_lock)
                  0000a738    0000000c                                   : _lock.c.obj (.text:_register_unlock)
                  0000a744    00000004     --HOLE-- [fill = 0]
                  0000a748    0000000c     main.obj (.text:clock0_int)
                  0000a754    0000000c     rtsv7M4_T_le_v4SPD16_eabi.lib : copy_zero_init.c.obj (.text:decompress:ZI:__TI_zero_init)
                  0000a760    0000000c     sysbios.aem4f : BIOS.obj (.text:ti_sysbios_family_arm_lm4_Timer_getMaxTicks__E)
                  0000a76c    00000004     --HOLE-- [fill = 0]
                  0000a770    0000000c                   : BIOS.obj (.text:ti_sysbios_family_arm_m3_TaskSupport_checkStack__E)
                  0000a77c    00000004     --HOLE-- [fill = 0]
                  0000a780    0000000c                   : BIOS.obj (.text:ti_sysbios_gates_GateHwi_enter__E)
                  0000a78c    00000004     --HOLE-- [fill = 0]
                  0000a790    0000000c     rtos_pem4f.oem4f (.text:ti_sysbios_knl_Queue_Object__get__S)
                  0000a79c    0000000c     ti.targets.arm.rtsarm.aem4f : Error.oem4f (.text:xdc_runtime_Error_init__E)
                  0000a7a8    0000000c                                 : Gate.oem4f (.text:xdc_runtime_Gate_enterSystem__E)
                  0000a7b4    0000000c                                 : Memory.oem4f (.text:xdc_runtime_Memory_calloc__E)
                  0000a7c0    0000000c                                 : Memory.oem4f (.text:xdc_runtime_Memory_getMaxDefaultTypeAlign__E)
                  0000a7cc    0000000a     driverlib.lib : adc.obj (.text:ADCIntClear)
                  0000a7d6    0000000a                   : ssi.obj (.text:SSIDataPut)
                  0000a7e0    0000000a                   : ssi.obj (.text:SSIEnable)
                  0000a7ea    00000006     --HOLE-- [fill = 0]
                  0000a7f0    0000000a     rtos_pem4f.oem4f (.text:xdc_runtime_IHeap_alloc)
                  0000a7fa    00000006     --HOLE-- [fill = 0]
                  0000a800    0000000a     rtos_pem4f.oem4f (.text:xdc_runtime_IHeap_free)
                  0000a80a    00000008     grlib.lib : charmap.obj (.text:GrMapISO8859_1_Unicode)
                  0000a812    00000008     driverlib.lib : ssi.obj (.text:SSIBusy)
                  0000a81a    00000002     --HOLE-- [fill = 0]
                  0000a81c    00000008     rtsv7M4_T_le_v4SPD16_eabi.lib : errno.c.obj (.text:__aeabi_errno_addr)
                  0000a824    00000008     sysbios.aem4f : BIOS.obj (.text:ti_sysbios_family_arm_lm4_Timer_masterDisable__I)
                  0000a82c    00000004     --HOLE-- [fill = 0]
                  0000a830    00000008                   : BIOS.obj (.text:ti_sysbios_family_arm_m3_Hwi_doSwiRestore__I)
                  0000a838    00000008                   : BIOS.obj (.text:ti_sysbios_family_arm_m3_Hwi_startup__E)
                  0000a840    00000006     kiss_fft.obj (.text:kiss_fft)
                  0000a846    00000002     --HOLE-- [fill = 0]
                  0000a848    00000006     sysbios.aem4f : BIOS.obj (.text:ti_sysbios_family_arm_lm4_TimestampProvider_Module_startup__E)
                  0000a84e    00000002     --HOLE-- [fill = 0]
                  0000a850    00000006                   : BIOS.obj (.text:ti_sysbios_family_arm_m3_Hwi_doTaskRestore__I)
                  0000a856    00000002     --HOLE-- [fill = 0]
                  0000a858    00000006                   : BIOS.obj (.text:ti_sysbios_gates_GateHwi_leave__E)
                  0000a85e    00000002     --HOLE-- [fill = 0]
                  0000a860    00000006                   : BIOS.obj (.text:ti_sysbios_heaps_HeapMem_isBlocking__E)
                  0000a866    00000002     --HOLE-- [fill = 0]
                  0000a868    00000006                   : BIOS.obj (.text:ti_sysbios_knl_Queue_Instance_init__E)
                  0000a86e    00000002     --HOLE-- [fill = 0]
                  0000a870    00000006                   : BIOS.obj (.text:ti_sysbios_knl_Swi_startup__E)
                  0000a876    00000002     --HOLE-- [fill = 0]
                  0000a878    00000004     rtos_pem4f.oem4f (.text:ti_sysbios_BIOS_RtsGateProxy_enter__E)
                  0000a87c    00000004     --HOLE-- [fill = 0]
                  0000a880    00000004     rtos_pem4f.oem4f (.text:ti_sysbios_BIOS_RtsGateProxy_leave__E)
                  0000a884    00000004     --HOLE-- [fill = 0]
                  0000a888    00000004     rtos_pem4f.oem4f (.text:ti_sysbios_family_arm_m3_TaskSupport_Module__startupDone__S)
                  0000a88c    00000004     --HOLE-- [fill = 0]
                  0000a890    00000004     sysbios.aem4f : BIOS.obj (.text:ti_sysbios_gates_GateHwi_query__E)
                  0000a894    00000004     --HOLE-- [fill = 0]
                  0000a898    00000004                   : BIOS.obj (.text:ti_sysbios_gates_GateMutex_query__E)
                  0000a89c    00000004     --HOLE-- [fill = 0]
                  0000a8a0    00000004     rtos_pem4f.oem4f (.text:ti_sysbios_heaps_HeapMem_Module_GateProxy_enter__E)
                  0000a8a4    00000004     --HOLE-- [fill = 0]
                  0000a8a8    00000004     rtos_pem4f.oem4f (.text:ti_sysbios_heaps_HeapMem_Module_GateProxy_leave__E)
                  0000a8ac    00000004     --HOLE-- [fill = 0]
                  0000a8b0    00000004     rtos_pem4f.oem4f (.text:ti_sysbios_knl_Clock_TimerProxy_getMaxTicks__E)
                  0000a8b4    00000004     --HOLE-- [fill = 0]
                  0000a8b8    00000004     rtos_pem4f.oem4f (.text:ti_sysbios_knl_Queue_destruct)
                  0000a8bc    00000004     --HOLE-- [fill = 0]
                  0000a8c0    00000004     rtos_pem4f.oem4f (.text:ti_sysbios_knl_Semaphore_destruct)
                  0000a8c4    00000004     --HOLE-- [fill = 0]
                  0000a8c8    00000004     sysbios.aem4f : BIOS.obj (.text:ti_sysbios_knl_Task_startup__E)
                  0000a8cc    00000004     --HOLE-- [fill = 0]
                  0000a8d0    00000004     rtos_pem4f.oem4f (.text:xdc_runtime_System_Module_GateProxy_enter__E)
                  0000a8d4    00000004     --HOLE-- [fill = 0]
                  0000a8d8    00000004     rtos_pem4f.oem4f (.text:xdc_runtime_System_Module_GateProxy_leave__E)
                  0000a8dc    00000004     --HOLE-- [fill = 0]
                  0000a8e0    00000002     rtos_pem4f.oem4f (.text:ti_sysbios_BIOS_nullFunc__I)
                  0000a8e2    00000006     --HOLE-- [fill = 0]
                  0000a8e8    00000002     sysbios.aem4f : BIOS.obj (.text:ti_sysbios_gates_GateHwi_Instance_init__E)
                  0000a8ea    00000006     --HOLE-- [fill = 0]
                  0000a8f0    00000002                   : BIOS.obj (.text:ti_sysbios_knl_Clock_logTick__E)
                  0000a8f2    00000006     --HOLE-- [fill = 0]
                  0000a8f8    00000002     rtos_pem4f.oem4f (.text:xdc_runtime_Startup_reset__I)

.const     0    0000a900    00002722     
                  0000a900    00001969     rtos_pem4f.oem4f (.const:xdc_runtime_Text_charTab__A)
                  0000c269    000002f8     grlib.lib : fontfixed6x8.obj (.const:.string:g_pui8FontFixed6x8Data)
                  0000c561    00000001     rtos_pem4f.oem4f (.const:xdc_runtime_Error_policy__C)
                  0000c562    00000002     rtos_pem4f.oem4f (.const:ti_catalog_arm_cortexm4_tiva_ce_Boot_Module__id__C)
                  0000c564    00000004     rtos_pem4f.oem4f (.const:ti_catalog_arm_cortexm4_tiva_ce_Boot_A_mustNotUseEnhancedClockMode__C)
                  0000c568    00000158     rtsv7M4_T_le_v4SPD16_eabi.lib : k_rem_pio2.c.obj (.const:$O1$$)
                  0000c6c0    00000120     Boot.aem4f : Boot_sysctl.oem4f (.const:g_pppui32XTALtoVCO)
                  0000c7e0    00000101     rtsv7M4_T_le_v4SPD16_eabi.lib : ctype.c.obj (.const:.string:_ctypes_)
                  0000c8e1    00000001     --HOLE-- [fill = 0]
                  0000c8e2    00000002     rtos_pem4f.oem4f (.const:ti_sysbios_family_arm_lm4_TimestampProvider_Module__id__C)
                  0000c8e4    000000c8     grlib.lib : fontfixed6x8.obj (.const:g_sFontFixed6x8)
                  0000c9ac    000000c8     rtos_pem4f.oem4f (.const:xdc_runtime_Text_nodeTab__A)
                  0000ca74    00000090     driverlib.lib : gpio.obj (.const:g_pui32GPIOBaseAddrs)
                  0000cb04    0000006c     Boot.aem4f : Boot_sysctl.oem4f (.const:g_pui32Xtals)
                  0000cb70    00000048     rtos_pem4f.oem4f (.const:.string)
                  0000cbb8    00000030     Boot.aem4f : Boot_sysctl.oem4f (.const:g_sXTALtoMEMTIM)
                  0000cbe8    00000030     rtos_pem4f.oem4f (.const)
                  0000cc18    00000028     Crystalfontz128x128_ST7735.obj (.const:g_sCrystalfontz128x128)
                  0000cc40    00000028     rtos_pem4f.oem4f (.const:ti_sysbios_heaps_HeapMem_Module__FXNS__C)
                  0000cc68    00000028     rtos_pem4f.oem4f (.const:xdc_runtime_Startup_sfxnTab__A)
                  0000cc90    00000024     rtos_pem4f.oem4f (.const:ti_sysbios_gates_GateHwi_Module__FXNS__C)
                  0000ccb4    00000024     rtos_pem4f.oem4f (.const:ti_sysbios_gates_GateMutex_Module__FXNS__C)
                  0000ccd8    00000024     rtos_pem4f.oem4f (.const:ti_sysbios_heaps_HeapMem_Object__PARAMS__C)
                  0000ccfc    00000024     rtos_pem4f.oem4f (.const:ti_sysbios_knl_Semaphore_Object__PARAMS__C)
                  0000cd20    00000020     rtos_pem4f.oem4f (.const:ti_sysbios_gates_GateHwi_Object__DESC__C)
                  0000cd40    00000020     rtos_pem4f.oem4f (.const:ti_sysbios_gates_GateMutex_Object__DESC__C)
                  0000cd60    00000020     rtos_pem4f.oem4f (.const:ti_sysbios_heaps_HeapMem_Object__DESC__C)
                  0000cd80    00000020     rtos_pem4f.oem4f (.const:ti_sysbios_knl_Queue_Object__DESC__C)
                  0000cda0    00000020     rtos_pem4f.oem4f (.const:ti_sysbios_knl_Semaphore_Object__DESC__C)
                  0000cdc0    00000018     rtos_pem4f.oem4f (.const:ti_sysbios_gates_GateHwi_Object__PARAMS__C)
                  0000cdd8    00000018     rtos_pem4f.oem4f (.const:ti_sysbios_gates_GateMutex_Object__PARAMS__C)
                  0000cdf0    00000018     rtos_pem4f.oem4f (.const:ti_sysbios_knl_Queue_Object__PARAMS__C)
                  0000ce08    00000018     rtos_pem4f.oem4f (.const:xdc_runtime_Startup_firstFxns__A)
                  0000ce20    00000014     rtos_pem4f.oem4f (.const:xdc_runtime_Startup_sfxnRts__A)
                  0000ce34    00000010     main.obj (.const:gVoltageScaleArr)
                  0000ce44    00000010     grlib.lib : context.obj (.const)
                  0000ce54    00000008     Boot.aem4f : Boot_sysctl.oem4f (.const)
                  0000ce5c    00000008     rtos_pem4f.oem4f (.const:ti_sysbios_family_arm_m3_Hwi_excHookFuncs__A)
                  0000ce64    00000008     rtos_pem4f.oem4f (.const:ti_sysbios_knl_Idle_funcList__C)
                  0000ce6c    00000008     rtos_pem4f.oem4f (.const:xdc_runtime_Startup_firstFxns__C)
                  0000ce74    00000008     rtos_pem4f.oem4f (.const:xdc_runtime_Startup_lastFxns__C)
                  0000ce7c    00000004     rtos_pem4f.oem4f (.const:ti_catalog_arm_cortexm4_tiva_ce_Boot_Module__diagsEnabled__C)
                  0000ce80    00000004     rtos_pem4f.oem4f (.const:ti_catalog_arm_cortexm4_tiva_ce_Boot_Module__diagsIncluded__C)
                  0000ce84    00000004     rtos_pem4f.oem4f (.const:ti_catalog_arm_cortexm4_tiva_ce_Boot_Module__diagsMask__C)
                  0000ce88    00000004     rtos_pem4f.oem4f (.const:ti_sysbios_family_arm_lm4_Timer_enableFunc__C)
                  0000ce8c    00000004     rtos_pem4f.oem4f (.const:ti_sysbios_family_arm_lm4_Timer_numTimerDevices__C)
                  0000ce90    00000004     rtos_pem4f.oem4f (.const:ti_sysbios_family_arm_lm4_Timer_startupNeeded__C)
                  0000ce94    00000004     rtos_pem4f.oem4f (.const:ti_sysbios_family_arm_lm4_TimestampProvider_Module__diagsEnabled__C)
                  0000ce98    00000004     rtos_pem4f.oem4f (.const:ti_sysbios_family_arm_lm4_TimestampProvider_Module__diagsIncluded__C)
                  0000ce9c    00000004     rtos_pem4f.oem4f (.const:ti_sysbios_family_arm_lm4_TimestampProvider_Module__diagsMask__C)
                  0000cea0    00000004     rtos_pem4f.oem4f (.const:ti_sysbios_family_arm_m3_Hwi_E_NMI__C)
                  0000cea4    00000004     rtos_pem4f.oem4f (.const:ti_sysbios_family_arm_m3_Hwi_E_busFault__C)
                  0000cea8    00000004     rtos_pem4f.oem4f (.const:ti_sysbios_family_arm_m3_Hwi_E_debugMon__C)
                  0000ceac    00000004     rtos_pem4f.oem4f (.const:ti_sysbios_family_arm_m3_Hwi_E_hardFault__C)
                  0000ceb0    00000004     rtos_pem4f.oem4f (.const:ti_sysbios_family_arm_m3_Hwi_E_memFault__C)
                  0000ceb4    00000004     rtos_pem4f.oem4f (.const:ti_sysbios_family_arm_m3_Hwi_E_noIsr__C)
                  0000ceb8    00000004     rtos_pem4f.oem4f (.const:ti_sysbios_family_arm_m3_Hwi_E_reserved__C)
                  0000cebc    00000004     rtos_pem4f.oem4f (.const:ti_sysbios_family_arm_m3_Hwi_E_svCall__C)
                  0000cec0    00000004     rtos_pem4f.oem4f (.const:ti_sysbios_family_arm_m3_Hwi_E_usageFault__C)
                  0000cec4    00000004     rtos_pem4f.oem4f (.const:ti_sysbios_family_arm_m3_Hwi_NUM_INTERRUPTS__C)
                  0000cec8    00000004     rtos_pem4f.oem4f (.const:ti_sysbios_family_arm_m3_Hwi_Object__count__C)
                  0000cecc    00000004     rtos_pem4f.oem4f (.const:ti_sysbios_family_arm_m3_Hwi_ccr__C)
                  0000ced0    00000004     rtos_pem4f.oem4f (.const:ti_sysbios_family_arm_m3_Hwi_excHandlerFunc__C)
                  0000ced4    00000004     rtos_pem4f.oem4f (.const:ti_sysbios_family_arm_m3_Hwi_excHookFuncs__C)
                  0000ced8    00000004     rtos_pem4f.oem4f (.const:ti_sysbios_family_arm_m3_Hwi_nullIsrFunc__C)
                  0000cedc    00000004     rtos_pem4f.oem4f (.const:ti_sysbios_family_arm_m3_Hwi_priGroup__C)
                  0000cee0    00000004     rtos_pem4f.oem4f (.const:ti_sysbios_gates_GateMutex_A_badContext__C)
                  0000cee4    00000004     rtos_pem4f.oem4f (.const:ti_sysbios_gates_GateMutex_Instance_State_sem__O)
                  0000cee8    00000004     rtos_pem4f.oem4f (.const:ti_sysbios_gates_GateMutex_Module__diagsEnabled__C)
                  0000ceec    00000004     rtos_pem4f.oem4f (.const:ti_sysbios_gates_GateMutex_Module__diagsIncluded__C)
                  0000cef0    00000004     rtos_pem4f.oem4f (.const:ti_sysbios_gates_GateMutex_Module__diagsMask__C)
                  0000cef4    00000004     rtos_pem4f.oem4f (.const:ti_sysbios_heaps_HeapMem_A_align__C)
                  0000cef8    00000004     rtos_pem4f.oem4f (.const:ti_sysbios_heaps_HeapMem_A_heapSize__C)
                  0000cefc    00000004     rtos_pem4f.oem4f (.const:ti_sysbios_heaps_HeapMem_A_invalidFree__C)
                  0000cf00    00000004     rtos_pem4f.oem4f (.const:ti_sysbios_heaps_HeapMem_A_zeroBlock__C)
                  0000cf04    00000004     rtos_pem4f.oem4f (.const:ti_sysbios_heaps_HeapMem_E_memory__C)
                  0000cf08    00000004     rtos_pem4f.oem4f (.const:ti_sysbios_heaps_HeapMem_Module__diagsEnabled__C)
                  0000cf0c    00000004     rtos_pem4f.oem4f (.const:ti_sysbios_heaps_HeapMem_Module__diagsIncluded__C)
                  0000cf10    00000004     rtos_pem4f.oem4f (.const:ti_sysbios_heaps_HeapMem_Module__diagsMask__C)
                  0000cf14    00000004     rtos_pem4f.oem4f (.const:ti_sysbios_heaps_HeapMem_Module__gateObj__C)
                  0000cf18    00000004     rtos_pem4f.oem4f (.const:ti_sysbios_heaps_HeapMem_Object__count__C)
                  0000cf1c    00000004     rtos_pem4f.oem4f (.const:ti_sysbios_heaps_HeapMem_reqAlign__C)
                  0000cf20    00000004     rtos_pem4f.oem4f (.const:ti_sysbios_knl_Clock_Module_State_clockQ__O)
                  0000cf24    00000004     rtos_pem4f.oem4f (.const:ti_sysbios_knl_Mailbox_Instance_State_dataQue__O)
                  0000cf28    00000004     rtos_pem4f.oem4f (.const:ti_sysbios_knl_Mailbox_Instance_State_dataSem__O)
                  0000cf2c    00000004     rtos_pem4f.oem4f (.const:ti_sysbios_knl_Mailbox_Instance_State_freeQue__O)
                  0000cf30    00000004     rtos_pem4f.oem4f (.const:ti_sysbios_knl_Mailbox_Instance_State_freeSem__O)
                  0000cf34    00000004     rtos_pem4f.oem4f (.const:ti_sysbios_knl_Mailbox_Object__count__C)
                  0000cf38    00000004     rtos_pem4f.oem4f (.const:ti_sysbios_knl_Mailbox_maxTypeAlign__C)
                  0000cf3c    00000004     rtos_pem4f.oem4f (.const:ti_sysbios_knl_Semaphore_A_badContext__C)
                  0000cf40    00000004     rtos_pem4f.oem4f (.const:ti_sysbios_knl_Semaphore_A_noEvents__C)
                  0000cf44    00000004     rtos_pem4f.oem4f (.const:ti_sysbios_knl_Semaphore_A_overflow__C)
                  0000cf48    00000004     rtos_pem4f.oem4f (.const:ti_sysbios_knl_Semaphore_A_pendTaskDisabled__C)
                  0000cf4c    00000004     rtos_pem4f.oem4f (.const:ti_sysbios_knl_Semaphore_Instance_State_pendQ__O)
                  0000cf50    00000004     rtos_pem4f.oem4f (.const:ti_sysbios_knl_Semaphore_Module__diagsEnabled__C)
                  0000cf54    00000004     rtos_pem4f.oem4f (.const:ti_sysbios_knl_Semaphore_Module__diagsIncluded__C)
                  0000cf58    00000004     rtos_pem4f.oem4f (.const:ti_sysbios_knl_Semaphore_Module__diagsMask__C)
                  0000cf5c    00000004     rtos_pem4f.oem4f (.const:ti_sysbios_knl_Swi_Object__count__C)
                  0000cf60    00000004     rtos_pem4f.oem4f (.const:ti_sysbios_knl_Task_E_spOutOfBounds__C)
                  0000cf64    00000004     rtos_pem4f.oem4f (.const:ti_sysbios_knl_Task_E_stackOverflow__C)
                  0000cf68    00000004     rtos_pem4f.oem4f (.const:ti_sysbios_knl_Task_Module_State_inactiveQ__O)
                  0000cf6c    00000004     rtos_pem4f.oem4f (.const:ti_sysbios_knl_Task_Object__count__C)
                  0000cf70    00000004     rtos_pem4f.oem4f (.const:ti_sysbios_knl_Task_allBlockedFunc__C)
                  0000cf74    00000004     rtos_pem4f.oem4f (.const:ti_sysbios_knl_Task_numConstructedTasks__C)
                  0000cf78    00000004     rtos_pem4f.oem4f (.const:xdc_runtime_Assert_E_assertFailed__C)
                  0000cf7c    00000004     rtos_pem4f.oem4f (.const:xdc_runtime_Core_A_initializedParams__C)
                  0000cf80    00000004     rtos_pem4f.oem4f (.const:xdc_runtime_Core_Module__diagsEnabled__C)
                  0000cf84    00000004     rtos_pem4f.oem4f (.const:xdc_runtime_Core_Module__diagsIncluded__C)
                  0000cf88    00000004     rtos_pem4f.oem4f (.const:xdc_runtime_Core_Module__diagsMask__C)
                  0000cf8c    00000004     rtos_pem4f.oem4f (.const:xdc_runtime_Error_E_memory__C)
                  0000cf90    00000004     rtos_pem4f.oem4f (.const:xdc_runtime_Error_Module__diagsEnabled__C)
                  0000cf94    00000004     rtos_pem4f.oem4f (.const:xdc_runtime_Error_Module__diagsIncluded__C)
                  0000cf98    00000004     rtos_pem4f.oem4f (.const:xdc_runtime_Error_Module__diagsMask__C)
                  0000cf9c    00000004     rtos_pem4f.oem4f (.const:xdc_runtime_Error_Module__loggerFxn8__C)
                  0000cfa0    00000004     rtos_pem4f.oem4f (.const:xdc_runtime_Error_Module__loggerObj__C)
                  0000cfa4    00000004     rtos_pem4f.oem4f (.const:xdc_runtime_Error_policyFxn__C)
                  0000cfa8    00000004     rtos_pem4f.oem4f (.const:xdc_runtime_Error_raiseHook__C)
                  0000cfac    00000004     rtos_pem4f.oem4f (.const:xdc_runtime_IGateProvider_Interface__BASE__C)
                  0000cfb0    00000004     rtos_pem4f.oem4f (.const:xdc_runtime_IHeap_Interface__BASE__C)
                  0000cfb4    00000004     rtos_pem4f.oem4f (.const:xdc_runtime_IModule_Interface__BASE__C)
                  0000cfb8    00000004     rtos_pem4f.oem4f (.const:xdc_runtime_Log_L_error__C)
                  0000cfbc    00000004     rtos_pem4f.oem4f (.const:xdc_runtime_Memory_defaultHeapInstance__C)
                  0000cfc0    00000004     rtos_pem4f.oem4f (.const:xdc_runtime_Startup_execImpl__C)
                  0000cfc4    00000004     rtos_pem4f.oem4f (.const:xdc_runtime_Startup_maxPasses__C)
                  0000cfc8    00000004     rtos_pem4f.oem4f (.const:xdc_runtime_Startup_sfxnRts__C)
                  0000cfcc    00000004     rtos_pem4f.oem4f (.const:xdc_runtime_Startup_sfxnTab__C)
                  0000cfd0    00000004     rtos_pem4f.oem4f (.const:xdc_runtime_SysMin_bufSize__C)
                  0000cfd4    00000004     rtos_pem4f.oem4f (.const:xdc_runtime_SysMin_outputFunc__C)
                  0000cfd8    00000004     rtos_pem4f.oem4f (.const:xdc_runtime_System_Module__gateObj__C)
                  0000cfdc    00000004     rtos_pem4f.oem4f (.const:xdc_runtime_System_abortFxn__C)
                  0000cfe0    00000004     rtos_pem4f.oem4f (.const:xdc_runtime_System_exitFxn__C)
                  0000cfe4    00000004     rtos_pem4f.oem4f (.const:xdc_runtime_System_extendFxn__C)
                  0000cfe8    00000004     rtos_pem4f.oem4f (.const:xdc_runtime_System_maxAtexitHandlers__C)
                  0000cfec    00000004     rtos_pem4f.oem4f (.const:xdc_runtime_Text_charTab__C)
                  0000cff0    00000004     rtos_pem4f.oem4f (.const:xdc_runtime_Text_nameEmpty__C)
                  0000cff4    00000004     rtos_pem4f.oem4f (.const:xdc_runtime_Text_nameStatic__C)
                  0000cff8    00000004     rtos_pem4f.oem4f (.const:xdc_runtime_Text_nameUnknown__C)
                  0000cffc    00000004     rtos_pem4f.oem4f (.const:xdc_runtime_Text_nodeTab__C)
                  0000d000    00000004     rtos_pem4f.oem4f (.const:xdc_runtime_Text_visitRopeFxn__C)
                  0000d004    00000002     rtos_pem4f.oem4f (.const:ti_sysbios_family_arm_lm4_TimestampProvider_useClockTimer__C)
                  0000d006    00000002     rtos_pem4f.oem4f (.const:ti_sysbios_family_arm_m3_Hwi_Module__id__C)
                  0000d008    00000002     rtos_pem4f.oem4f (.const:ti_sysbios_gates_GateMutex_Module__id__C)
                  0000d00a    00000002     rtos_pem4f.oem4f (.const:ti_sysbios_heaps_HeapMem_Module__id__C)
                  0000d00c    00000002     rtos_pem4f.oem4f (.const:ti_sysbios_knl_Semaphore_Module__id__C)
                  0000d00e    00000002     rtos_pem4f.oem4f (.const:ti_sysbios_knl_Task_Module__id__C)
                  0000d010    00000002     rtos_pem4f.oem4f (.const:xdc_runtime_Core_Module__id__C)
                  0000d012    00000002     rtos_pem4f.oem4f (.const:xdc_runtime_Error_Module__loggerDefined__C)
                  0000d014    00000002     rtos_pem4f.oem4f (.const:xdc_runtime_Error_maxDepth__C)
                  0000d016    00000002     rtos_pem4f.oem4f (.const:xdc_runtime_Memory_Module__id__C)
                  0000d018    00000002     rtos_pem4f.oem4f (.const:xdc_runtime_SysMin_flushAtExit__C)
                  0000d01a    00000002     rtos_pem4f.oem4f (.const:xdc_runtime_Text_charCnt__C)
                  0000d01c    00000002     rtos_pem4f.oem4f (.const:xdc_runtime_Text_isLoaded__C)
                  0000d01e    00000002     rtos_pem4f.oem4f (.const:xdc_runtime_Text_registryModsLastId__C)
                  0000d020    00000002     rtos_pem4f.oem4f (.const:xdc_runtime_Text_unnamedModsLastId__C)

.cinit     0    0000d028    000002d0     
                  0000d028    0000029b     (.cinit..data.load) [load image, compression = lzss]
                  0000d2c3    00000001     --HOLE-- [fill = 0]
                  0000d2c4    0000000c     (__TI_handler_table)
                  0000d2d0    00000008     (.cinit..bss.load) [load image, compression = zero_init]
                  0000d2d8    00000008     (.cinit..vecs.load) [load image, compression = zero_init]
                  0000d2e0    00000018     (__TI_cinit_table)

.init_array 
*          0    00000000    00000000     UNINITIALIZED

.resetVecs 
*          0    00000000    0000003c     
                  00000000    0000003c     rtos_pem4f.oem4f (.resetVecs)

.bss       0    20000360    0000bb66     UNINITIALIZED
                  20000360    00002800     rtos_pem4f.oem4f (.bss:taskStackSection)
                  20002b60    00002108     main.obj (.bss:kiss_fft_cfg_buffer$2)
                  20004c68    00002000     main.obj (.bss:in$3)
                  20006c68    00002000     main.obj (.bss:out$4)
                  20008c68    00001000     main.obj (.bss:w$5)
                  20009c68    00001000     (.common:gADCBuffer)
                  2000ac68    00000800     (.common:gWaveformBuffer)
                  2000b468    00000400     (.common:ti_sysbios_heaps_HeapMem_Instance_State_0_buf__A)
                  2000b868    00000360     (.common:ti_sysbios_family_arm_m3_Hwi_dispatchTable)
                  2000bbc8    00000120     rtsv7M4_T_le_v4SPD16_eabi.lib : trgmsg.c.obj (.bss:_CIOBUF_)
                  2000bce8    00000100     (.common:ti_sysbios_knl_Mailbox_Instance_State_0_allocBuf__A)
                  2000bde8    00000080     (.common:xdc_runtime_SysMin_Module_State_0_outbuf__A)
                  2000be68    0000002c     (.common:sContext)
                  2000be94    00000014     buttons.obj (.bss:state$1)
                  2000bea8    00000008     (.common:parmbuf)
                  2000beb0    00000008     (.common:rectFullScreen)
                  2000beb8    00000004     (.common:g_psGrLibDefaults)
                  2000bebc    00000002     (.common:Lcd_ScreenHeigth)
                  2000bebe    00000002     (.common:Lcd_ScreenWidth)
                  2000bec0    00000002     (.common:Lcd_TouchTrim)
                  2000bec2    00000001     (.common:Lcd_FlagRead)
                  2000bec3    00000001     (.common:Lcd_FontSolid)
                  2000bec4    00000001     (.common:Lcd_Orientation)
                  2000bec5    00000001     (.common:Lcd_PenSolid)

.data      0    2000bec8    000086a2     UNINITIALIZED
                  2000bec8    00008000     Crystalfontz128x128_ST7735.obj (.data:Lcd_buffer)
                  20013ec8    000001c8     rtos_pem4f.oem4f (.data:ti_sysbios_knl_Task_Object__table__V)
                  20014090    00000080     rtos_pem4f.oem4f (.data:ti_sysbios_knl_Swi_Module_State_0_readyQ__A)
                  20014110    00000080     rtos_pem4f.oem4f (.data:ti_sysbios_knl_Task_Module_State_0_readyQ__A)
                  20014190    00000050     rtos_pem4f.oem4f (.data:ti_sysbios_knl_Mailbox_Object__table__V)
                  200141e0    00000050     rtos_pem4f.oem4f (.data:ti_sysbios_knl_Semaphore_Object__table__V)
                  20014230    00000044     rtos_pem4f.oem4f (.data:ti_sysbios_knl_Task_Module__state__V)
                  20014274    00000040     rtos_pem4f.oem4f (.data:ti_sysbios_family_arm_lm4_Timer_Module_State_0_device__A)
                  200142b4    00000040     rtos_pem4f.oem4f (.data:ti_sysbios_family_arm_lm4_Timer_Object__table__V)
                  200142f4    00000038     rtos_pem4f.oem4f (.data:ti_sysbios_gates_GateMutex_Object__table__V)
                  2001432c    00000034     rtos_pem4f.oem4f (.data:ti_sysbios_family_arm_m3_Hwi_Module__state__V)
                  20014360    00000030     rtos_pem4f.oem4f (.data:ti_sysbios_family_arm_m3_Hwi_Object__table__V)
                  20014390    00000030     rtos_pem4f.oem4f (.data:ti_sysbios_knl_Swi_Object__table__V)
                  200143c0    0000002c     rtos_pem4f.oem4f (.data:ti_sysbios_knl_Clock_Module__state__V)
                  200143ec    00000024     buttons.obj (.data:count$2)
                  20014410    00000024     rtos_pem4f.oem4f (.data:ti_sysbios_BIOS_Module__state__V)
                  20014434    00000020     rtos_pem4f.oem4f (.data:ti_sysbios_family_arm_lm4_Timer_Module_State_0_handles__A)
                  20014454    00000020     rtos_pem4f.oem4f (.data:ti_sysbios_knl_Clock_Object__table__V)
                  20014474    00000004     buttons.obj (.data)
                  20014478    0000001d     main.obj (.data)
                  20014495    00000001     --HOLE--
                  20014496    00000002     rtos_pem4f.oem4f (.data:ti_sysbios_family_arm_m3_Hwi_Module_State_0_excActive__A)
                  20014498    0000001c     rtos_pem4f.oem4f (.data:ti_sysbios_knl_Swi_Module__state__V)
                  200144b4    00000018     rtos_pem4f.oem4f (.data:ti_sysbios_heaps_HeapMem_Object__table__V)
                  200144cc    0000000c     rtos_pem4f.oem4f (.data:ti_sysbios_family_arm_lm4_Timer_Module__state__V)
                  200144d8    0000000c     rtos_pem4f.oem4f (.data:xdc_runtime_SysMin_Module__state__V)
                  200144e4    00000008     rtsv7M4_T_le_v4SPD16_eabi.lib : _lock.c.obj (.data:$O1$$)
                  200144ec    00000008     buttons.obj (.data:gJoystick)
                  200144f4    00000008     sampling.obj (.data)
                  200144fc    00000008     rtos_pem4f.oem4f (.data:ti_sysbios_family_arm_lm4_TimestampProvider_Module__state__V)
                  20014504    00000008     rtos_pem4f.oem4f (.data:ti_sysbios_gates_GateHwi_Module__root__V)
                  2001450c    00000008     rtos_pem4f.oem4f (.data:ti_sysbios_gates_GateMutex_Module__root__V)
                  20014514    00000008     rtos_pem4f.oem4f (.data:ti_sysbios_heaps_HeapMem_Module__root__V)
                  2001451c    00000008     rtos_pem4f.oem4f (.data:ti_sysbios_knl_Queue_Module__root__V)
                  20014524    00000008     rtos_pem4f.oem4f (.data:ti_sysbios_knl_Semaphore_Module__root__V)
                  2001452c    00000008     rtos_pem4f.oem4f (.data:xdc_runtime_Registry_Module__state__V)
                  20014534    00000008     rtos_pem4f.oem4f (.data:xdc_runtime_Startup_Module__state__V)
                  2001453c    00000008     rtos_pem4f.oem4f (.data:xdc_runtime_System_Module_State_0_atexitHandlers__A)
                  20014544    00000008     rtos_pem4f.oem4f (.data:xdc_runtime_System_Module__state__V)
                  2001454c    00000004     rtsv7M4_T_le_v4SPD16_eabi.lib : errno.c.obj (.data)
                  20014550    00000004                                   : stkdepth_vars.c.obj (.data)
                  20014554    00000004     rtos_pem4f.oem4f (.data:ti_sysbios_family_arm_m3_Hwi_Module_State_0_excContext__A)
                  20014558    00000004     rtos_pem4f.oem4f (.data:ti_sysbios_family_arm_m3_Hwi_Module_State_0_excStack__A)
                  2001455c    00000004     rtos_pem4f.oem4f (.data:ti_sysbios_gates_GateHwi_Object__table__V)
                  20014560    00000004     rtos_pem4f.oem4f (.data:ti_sysbios_knl_Task_Module_State_0_idleTask__A)
                  20014564    00000004     rtos_pem4f.oem4f (.data:xdc_runtime_Memory_Module__state__V)
                  20014568    00000002     rtos_pem4f.oem4f (.data:xdc_runtime_Error_Module__state__V)

.stack     0    20014570    00000300     UNINITIALIZED
                  20014570    00000300     --HOLE--

.bootVecs 
*          0    00000000    00000008     DSECT
                  00000000    00000008     boot.aem4f : boot.oem4f (.bootVecs)

.vecs      0    20000000    00000360     UNINITIALIZED
                  20000000    00000360     rtos_pem4f.oem4f (.vecs)

xdc.meta   0    00000000    000000e1     COPY SECTION
                  00000000    000000e1     rtos_pem4f.oem4f (xdc.meta)

MODULE SUMMARY

       Module                                             code    ro data   rw data
       ------                                             ----    -------   -------
    .\
       main.obj                                           1728    16        35161  
       Crystalfontz128x128_ST7735.obj                     958     40        32778  
       kiss_fft.obj                                       2602    0         0      
       buttons.obj                                        740     0         68     
       HAL_EK_TM4C1294XL_Crystalfontz128x128_ST7735.obj   324     0         0      
       sampling.obj                                       224     0         8      
       sysctl_pll.obj                                     72      0         0      
    +--+--------------------------------------------------+-------+---------+---------+
       Total:                                             6648    56        68015  
                                                                                   
    R:\ECE3849_WorkSpace\ece3849_lab2_kjsmith\Debug\configPkg\package\cfg\
       rtos_pem4f.oem4f                                   1546    7848      14972  
    +--+--------------------------------------------------+-------+---------+---------+
       Total:                                             1546    7848      14972  
                                                                                   
    C:/ti/tirtos_tivac_2_16_00_08/products/TivaWare_C_Series-2.1.1.71b/driverlib/ccs/Debug/driverlib.lib
       gpio.obj                                           508     144       0      
       adc.obj                                            362     0         0      
       ssi.obj                                            88      0         0      
       sysctl.obj                                         58      0         0      
       interrupt.obj                                      32      0         0      
       cpu.obj                                            24      0         0      
    +--+--------------------------------------------------+-------+---------+---------+
       Total:                                             1072    144       0      
                                                                                   
    C:/ti/tirtos_tivac_2_16_00_08/products/TivaWare_C_Series-2.1.1.71b/grlib/ccs/Debug/grlib.lib
       string.obj                                         1192    0         0      
       fontfixed6x8.obj                                   0       960       0      
       line.obj                                           648     0         0      
       rectangle.obj                                      134     0         0      
       context.obj                                        104     16        4      
       charmap.obj                                        8       0         0      
    +--+--------------------------------------------------+-------+---------+---------+
       Total:                                             2086    976       4      
                                                                                   
    C:\ti\ccs910\ccs\tools\compiler\ti-cgt-arm_18.12.2.LTS\lib\rtsv7M4_T_le_v4SPD16_eabi.lib
       _printfi.c.obj                                     4851    0         0      
       k_rem_pio2.c.obj                                   1848    344       0      
       s_cos.c.obj                                        1500    0         0      
       s_sin.c.obj                                        1476    0         0      
       fd_add_t2.asm.obj                                  438     0         0      
       trgmsg.c.obj                                       108     0         288    
       k_sin.c.obj                                        372     0         0      
       k_cos.c.obj                                        364     0         0      
       e_log10f.c.obj                                     348     0         0      
       e_sqrt.c.obj                                       344     0         0      
       fd_div_t2.asm.obj                                  310     0         0      
       s_scalbn.c.obj                                     272     0         0      
       fd_cmp_t2.asm.obj                                  268     0         0      
       ctype.c.obj                                        0       257       0      
       fd_mul_t2.asm.obj                                  252     0         0      
       s_floor.c.obj                                      248     0         0      
       s_cosf.c.obj                                       180     0         0      
       memcpy_t2.asm.obj                                  156     0         0      
       ull_div_t2.asm.obj                                 150     0         0      
       snprintf.c.obj                                     148     0         0      
       s_floorf.c.obj                                     128     0         0      
       memset_t2.asm.obj                                  122     0         0      
       fd_tos_t2.asm.obj                                  110     0         0      
       s_roundf.c.obj                                     110     0         0      
       copy_decompress_lzss.c.obj                         104     0         0      
       s_frexp.c.obj                                      100     0         0      
       hostwrite.c.obj                                    88      0         0      
       ltoa.c.obj                                         84      0         0      
       atoi.c.obj                                         76      0         0      
[...]
0000a8f1  ti_sysbios_knl_Clock_logTick__E                                      
0000a8f9  xdc_runtime_Startup_reset__I                                         
0000a900  xdc_runtime_Text_charTab__A                                          
0000c561  xdc_runtime_Error_policy__C                                          
0000c562  ti_catalog_arm_cortexm4_tiva_ce_Boot_Module__id__C                   
0000c564  ti_catalog_arm_cortexm4_tiva_ce_Boot_A_mustNotUseEnhancedClockMode__C
0000c7e0  _ctypes_                                                             
0000c8e2  ti_sysbios_family_arm_lm4_TimestampProvider_Module__id__C            
0000c8e4  g_sFontFixed6x8                                                      
0000c9ac  xdc_runtime_Text_nodeTab__A                                          
0000cbe8  m3Hwi0                                                               
0000cbec  clock0                                                               
0000cbf0  task0                                                                
0000cbf4  sem_button                                                           
0000cbf8  mailbox_button                                                       
0000cbfc  task1                                                                
0000cc00  task2                                                                
0000cc04  task3                                                                
0000cc08  task4                                                                
0000cc0c  sem_disp                                                             
0000cc10  sem_wave                                                             
0000cc14  sem_proc                                                             
0000cc18  g_sCrystalfontz128x128                                               
0000cc40  ti_sysbios_heaps_HeapMem_Module__FXNS__C                             
0000cc68  xdc_runtime_Startup_sfxnTab__A                                       
0000cc90  ti_sysbios_gates_GateHwi_Module__FXNS__C                             
0000ccb4  ti_sysbios_gates_GateMutex_Module__FXNS__C                           
0000ccd8  ti_sysbios_heaps_HeapMem_Object__PARAMS__C                           
0000ccfc  ti_sysbios_knl_Semaphore_Object__PARAMS__C                           
0000cd20  ti_sysbios_gates_GateHwi_Object__DESC__C                             
0000cd40  ti_sysbios_gates_GateMutex_Object__DESC__C                           
0000cd60  ti_sysbios_heaps_HeapMem_Object__DESC__C                             
0000cd80  ti_sysbios_knl_Queue_Object__DESC__C                                 
0000cda0  ti_sysbios_knl_Semaphore_Object__DESC__C                             
0000cdc0  ti_sysbios_gates_GateHwi_Object__PARAMS__C                           
0000cdd8  ti_sysbios_gates_GateMutex_Object__PARAMS__C                         
0000cdf0  ti_sysbios_knl_Queue_Object__PARAMS__C                               
0000ce08  xdc_runtime_Startup_firstFxns__A                                     
0000ce20  xdc_runtime_Startup_sfxnRts__A                                       
0000ce34  gVoltageScaleArr                                                     
0000ce44  g_psDefaultCodePointMapTable                                         
0000ce5c  ti_sysbios_family_arm_m3_Hwi_excHookFuncs__A                         
0000ce64  ti_sysbios_knl_Idle_funcList__C                                      
0000ce6c  xdc_runtime_Startup_firstFxns__C                                     
0000ce74  xdc_runtime_Startup_lastFxns__C                                      
0000ce7c  ti_catalog_arm_cortexm4_tiva_ce_Boot_Module__diagsEnabled__C         
0000ce80  ti_catalog_arm_cortexm4_tiva_ce_Boot_Module__diagsIncluded__C        
0000ce84  ti_catalog_arm_cortexm4_tiva_ce_Boot_Module__diagsMask__C            
0000ce88  ti_sysbios_family_arm_lm4_Timer_enableFunc__C                        
0000ce8c  ti_sysbios_family_arm_lm4_Timer_numTimerDevices__C                   
0000ce90  ti_sysbios_family_arm_lm4_Timer_startupNeeded__C                     
0000ce94  ti_sysbios_family_arm_lm4_TimestampProvider_Module__diagsEnabled__C  
0000ce98  ti_sysbios_family_arm_lm4_TimestampProvider_Module__diagsIncluded__C 
0000ce9c  ti_sysbios_family_arm_lm4_TimestampProvider_Module__diagsMask__C     
0000cea0  ti_sysbios_family_arm_m3_Hwi_E_NMI__C                                
0000cea4  ti_sysbios_family_arm_m3_Hwi_E_busFault__C                           
0000cea8  ti_sysbios_family_arm_m3_Hwi_E_debugMon__C                           
0000ceac  ti_sysbios_family_arm_m3_Hwi_E_hardFault__C                          
0000ceb0  ti_sysbios_family_arm_m3_Hwi_E_memFault__C                           
0000ceb4  ti_sysbios_family_arm_m3_Hwi_E_noIsr__C                              
0000ceb8  ti_sysbios_family_arm_m3_Hwi_E_reserved__C                           
0000cebc  ti_sysbios_family_arm_m3_Hwi_E_svCall__C                             
0000cec0  ti_sysbios_family_arm_m3_Hwi_E_usageFault__C                         
0000cec4  ti_sysbios_family_arm_m3_Hwi_NUM_INTERRUPTS__C                       
0000cec8  ti_sysbios_family_arm_m3_Hwi_Object__count__C                        
0000cecc  ti_sysbios_family_arm_m3_Hwi_ccr__C                                  
0000ced0  ti_sysbios_family_arm_m3_Hwi_excHandlerFunc__C                       
0000ced4  ti_sysbios_family_arm_m3_Hwi_excHookFuncs__C                         
0000ced8  ti_sysbios_family_arm_m3_Hwi_nullIsrFunc__C                          
0000cedc  ti_sysbios_family_arm_m3_Hwi_priGroup__C                             
0000cee0  ti_sysbios_gates_GateMutex_A_badContext__C                           
0000cee4  ti_sysbios_gates_GateMutex_Instance_State_sem__O                     
0000cee8  ti_sysbios_gates_GateMutex_Module__diagsEnabled__C                   
0000ceec  ti_sysbios_gates_GateMutex_Module__diagsIncluded__C                  
0000cef0  ti_sysbios_gates_GateMutex_Module__diagsMask__C                      
0000cef4  ti_sysbios_heaps_HeapMem_A_align__C                                  
0000cef8  ti_sysbios_heaps_HeapMem_A_heapSize__C                               
0000cefc  ti_sysbios_heaps_HeapMem_A_invalidFree__C                            
0000cf00  ti_sysbios_heaps_HeapMem_A_zeroBlock__C                              
0000cf04  ti_sysbios_heaps_HeapMem_E_memory__C                                 
0000cf08  ti_sysbios_heaps_HeapMem_Module__diagsEnabled__C                     
0000cf0c  ti_sysbios_heaps_HeapMem_Module__diagsIncluded__C                    
0000cf10  ti_sysbios_heaps_HeapMem_Module__diagsMask__C                        
0000cf14  ti_sysbios_heaps_HeapMem_Module__gateObj__C                          
0000cf18  ti_sysbios_heaps_HeapMem_Object__count__C                            
0000cf1c  ti_sysbios_heaps_HeapMem_reqAlign__C                                 
0000cf20  ti_sysbios_knl_Clock_Module_State_clockQ__O                          
0000cf24  ti_sysbios_knl_Mailbox_Instance_State_dataQue__O                     
0000cf28  ti_sysbios_knl_Mailbox_Instance_State_dataSem__O                     
0000cf2c  ti_sysbios_knl_Mailbox_Instance_State_freeQue__O                     
0000cf30  ti_sysbios_knl_Mailbox_Instance_State_freeSem__O                     
0000cf34  ti_sysbios_knl_Mailbox_Object__count__C                              
0000cf38  ti_sysbios_knl_Mailbox_maxTypeAlign__C                               
0000cf3c  ti_sysbios_knl_Semaphore_A_badContext__C                             
0000cf40  ti_sysbios_knl_Semaphore_A_noEvents__C                               
0000cf44  ti_sysbios_knl_Semaphore_A_overflow__C                               
0000cf48  ti_sysbios_knl_Semaphore_A_pendTaskDisabled__C                       
0000cf4c  ti_sysbios_knl_Semaphore_Instance_State_pendQ__O                     
0000cf50  ti_sysbios_knl_Semaphore_Module__diagsEnabled__C                     
0000cf54  ti_sysbios_knl_Semaphore_Module__diagsIncluded__C                    
0000cf58  ti_sysbios_knl_Semaphore_Module__diagsMask__C                        
0000cf5c  ti_sysbios_knl_Swi_Object__count__C                                  
0000cf60  ti_sysbios_knl_Task_E_spOutOfBounds__C                               
0000cf64  ti_sysbios_knl_Task_E_stackOverflow__C                               
0000cf68  ti_sysbios_knl_Task_Module_State_inactiveQ__O                        
0000cf6c  ti_sysbios_knl_Task_Object__count__C                                 
0000cf70  ti_sysbios_knl_Task_allBlockedFunc__C                                
0000cf74  ti_sysbios_knl_Task_numConstructedTasks__C                           
0000cf78  xdc_runtime_Assert_E_assertFailed__C                                 
0000cf7c  xdc_runtime_Core_A_initializedParams__C                              
0000cf80  xdc_runtime_Core_Module__diagsEnabled__C                             
0000cf84  xdc_runtime_Core_Module__diagsIncluded__C                            
0000cf88  xdc_runtime_Core_Module__diagsMask__C                                
0000cf8c  xdc_runtime_Error_E_memory__C                                        
0000cf90  xdc_runtime_Error_Module__diagsEnabled__C                            
0000cf94  xdc_runtime_Error_Module__diagsIncluded__C                           
0000cf98  xdc_runtime_Error_Module__diagsMask__C                               
0000cf9c  xdc_runtime_Error_Module__loggerFxn8__C                              
0000cfa0  xdc_runtime_Error_Module__loggerObj__C                               
0000cfa4  xdc_runtime_Error_policyFxn__C                                       
0000cfa8  xdc_runtime_Error_raiseHook__C                                       
0000cfac  xdc_runtime_IGateProvider_Interface__BASE__C                         
0000cfb0  xdc_runtime_IHeap_Interface__BASE__C                                 
0000cfb4  xdc_runtime_IModule_Interface__BASE__C                               
0000cfb8  xdc_runtime_Log_L_error__C                                           
0000cfbc  xdc_runtime_Memory_defaultHeapInstance__C                            
0000cfc0  xdc_runtime_Startup_execImpl__C                                      
0000cfc4  xdc_runtime_Startup_maxPasses__C                                     
0000cfc8  xdc_runtime_Startup_sfxnRts__C                                       
0000cfcc  xdc_runtime_Startup_sfxnTab__C                                       
0000cfd0  xdc_runtime_SysMin_bufSize__C                                        
0000cfd4  xdc_runtime_SysMin_outputFunc__C                                     
0000cfd8  xdc_runtime_System_Module__gateObj__C                                
0000cfdc  xdc_runtime_System_abortFxn__C                                       
0000cfe0  xdc_runtime_System_exitFxn__C                                        
0000cfe4  xdc_runtime_System_extendFxn__C                                      
0000cfe8  xdc_runtime_System_maxAtexitHandlers__C                              
0000cfec  xdc_runtime_Text_charTab__C                                          
0000cff0  xdc_runtime_Text_nameEmpty__C                                        
0000cff4  xdc_runtime_Text_nameStatic__C                                       
0000cff8  xdc_runtime_Text_nameUnknown__C                                      
0000cffc  xdc_runtime_Text_nodeTab__C                                          
0000d000  xdc_runtime_Text_visitRopeFxn__C                                     
0000d004  ti_sysbios_family_arm_lm4_TimestampProvider_useClockTimer__C         
0000d006  ti_sysbios_family_arm_m3_Hwi_Module__id__C                           
0000d008  ti_sysbios_gates_GateMutex_Module__id__C                             
0000d00a  ti_sysbios_heaps_HeapMem_Module__id__C                               
0000d00c  ti_sysbios_knl_Semaphore_Module__id__C                               
0000d00e  ti_sysbios_knl_Task_Module__id__C                                    
0000d010  xdc_runtime_Core_Module__id__C                                       
0000d012  xdc_runtime_Error_Module__loggerDefined__C                           
0000d014  xdc_runtime_Error_maxDepth__C                                        
0000d016  xdc_runtime_Memory_Module__id__C                                     
0000d018  xdc_runtime_SysMin_flushAtExit__C                                    
0000d01a  xdc_runtime_Text_charCnt__C                                          
0000d01c  xdc_runtime_Text_isLoaded__C                                         
0000d01e  xdc_runtime_Text_registryModsLastId__C                               
0000d020  xdc_runtime_Text_unnamedModsLastId__C                                
0000d028  __TI_static_base__                                                   
0000d2c4  __TI_Handler_Table_Base                                              
0000d2d0  __TI_Handler_Table_Limit                                             
0000d2e0  __TI_CINIT_Base                                                      
0000d2f8  __TI_CINIT_Limit                                                     
20000000  ti_sysbios_family_arm_m3_Hwi_ramVectors                              
20000360  ti_sysbios_knl_Task_Instance_State_0_stack__A                        
20000560  ti_sysbios_knl_Task_Instance_State_1_stack__A                        
20000760  ti_sysbios_knl_Task_Instance_State_2_stack__A                        
20001760  ti_sysbios_knl_Task_Instance_State_3_stack__A                        
20001960  ti_sysbios_knl_Task_Instance_State_4_stack__A                        
20002960  ti_sysbios_knl_Task_Instance_State_5_stack__A                        
20009c68  gADCBuffer                                                           
2000ac68  gWaveformBuffer                                                      
2000b468  ti_sysbios_heaps_HeapMem_Instance_State_0_buf__A                     
2000b868  ti_sysbios_family_arm_m3_Hwi_dispatchTable                           
2000bbc8  __CIOBUF_                                                            
2000bce8  ti_sysbios_knl_Mailbox_Instance_State_0_allocBuf__A                  
2000bde8  xdc_runtime_SysMin_Module_State_0_outbuf__A                          
2000be68  sContext                                                             
2000bea8  parmbuf                                                              
2000beb0  rectFullScreen                                                       
2000bebc  Lcd_ScreenHeigth                                                     
2000bebe  Lcd_ScreenWidth                                                      
2000bec0  Lcd_TouchTrim                                                        
2000bec2  Lcd_FlagRead                                                         
2000bec3  Lcd_FontSolid                                                        
2000bec4  Lcd_Orientation                                                      
2000bec5  Lcd_PenSolid                                                         
2000bec8  Lcd_buffer                                                           
20013ec8  ti_sysbios_knl_Task_Object__table__V                                 
20014090  ti_sysbios_knl_Swi_Module_State_0_readyQ__A                          
20014110  ti_sysbios_knl_Task_Module_State_0_readyQ__A                         
20014190  ti_sysbios_knl_Mailbox_Object__table__V                              
200141e0  ti_sysbios_knl_Semaphore_Object__table__V                            
20014230  ti_sysbios_knl_Task_Module__state__V                                 
20014274  ti_sysbios_family_arm_lm4_Timer_Module_State_0_device__A             
200142b4  ti_sysbios_family_arm_lm4_Timer_Object__table__V                     
200142f4  ti_sysbios_gates_GateMutex_Object__table__V                          
2001432c  ti_sysbios_family_arm_m3_Hwi_Module__state__V                        
20014360  ti_sysbios_family_arm_m3_Hwi_Object__table__V                        
20014390  ti_sysbios_knl_Swi_Object__table__V                                  
200143c0  ti_sysbios_knl_Clock_Module__state__V                                
20014410  ti_sysbios_BIOS_Module__state__V                                     
20014434  ti_sysbios_family_arm_lm4_Timer_Module_State_0_handles__A            
20014454  ti_sysbios_knl_Clock_Object__table__V                                
20014474  gButtons                                                             
20014478  gSystemClock                                                         
2001447c  gADCBufferIndex                                                      
20014480  gADCErrors                                                           
20014488  gRising                                                              
2001448c  gTriggerIdx                                                          
20014490  gVoltageScaleIdx                                                     
20014494  mode                                                                 
20014496  ti_sysbios_family_arm_m3_Hwi_Module_State_0_excActive__A             
20014498  ti_sysbios_knl_Swi_Module__state__V                                  
200144b4  ti_sysbios_heaps_HeapMem_Object__table__V                            
200144cc  ti_sysbios_family_arm_lm4_Timer_Module__state__V                     
200144d8  xdc_runtime_SysMin_Module__state__V                                  
200144e4  _lock                                                                
200144e8  _unlock                                                              
200144ec  gJoystick                                                            
200144fc  ti_sysbios_family_arm_lm4_TimestampProvider_Module__state__V         
20014504  ti_sysbios_gates_GateHwi_Module__root__V                             
2001450c  ti_sysbios_gates_GateMutex_Module__root__V                           
20014514  ti_sysbios_heaps_HeapMem_Module__root__V                             
2001451c  ti_sysbios_knl_Queue_Module__root__V                                 
20014524  ti_sysbios_knl_Semaphore_Module__root__V                             
2001452c  xdc_runtime_Registry_Module__state__V                                
20014534  xdc_runtime_Startup_Module__state__V                                 
2001453c  xdc_runtime_System_Module_State_0_atexitHandlers__A                  
20014544  xdc_runtime_System_Module__state__V                                  
2001454c  errno                                                                
20014550  main_func_sp                                                         
20014554  ti_sysbios_family_arm_m3_Hwi_Module_State_0_excContext__A            
20014558  ti_sysbios_family_arm_m3_Hwi_Module_State_0_excStack__A              
2001455c  ti_sysbios_gates_GateHwi_Object__table__V                            
20014560  ti_sysbios_knl_Task_Module_State_0_idleTask__A                       
20014564  xdc_runtime_Memory_Module__state__V                                  
20014568  xdc_runtime_Error_Module__state__V                                   
20014570  __stack                                                              
20014870  __STACK_END                                                          
e000e000  ti_sysbios_family_arm_m3_Hwi_nvic                                    
ffffffff  __TI_pprof_out_hndl                                                  
ffffffff  __TI_prof_data_size                                                  
ffffffff  __TI_prof_data_start                                                 
ffffffff  __binit__                                                            
ffffffff  __c_args__                                                           
ffffffff  binit                                                                
UNDEFED   SHT$$INIT_ARRAY$$Base                                                
UNDEFED   SHT$$INIT_ARRAY$$Limit                                               

[661 symbols]
