******************************************************************************
                  TI ARM Linker PC v18.12.2                    
******************************************************************************
>> Linked Wed Dec 11 10:15:50 2019

OUTPUT FILE NAME:   <ece3849_lab3_kjsmith.out>
ENTRY POINT SYMBOL: "_c_int00"  address: 0000a56d


MEMORY CONFIGURATION

         name            origin    length      used     unused   attr    fill
----------------------  --------  ---------  --------  --------  ----  --------
  FLASH                 00000000   00100000  0000f7ba  000f0846  R  X
  SRAM                  20000000   00040000  00015b20  0002a4e0  RW X


SEGMENT ALLOCATION MAP

run origin  load origin   length   init length attrs members
----------  ----------- ---------- ----------- ----- -------
00000000    00000000    0000f7c8   0000f7c8    r-x
  00000000    00000000    0000003c   0000003c    r-- .resetVecs
  00000040    00000040    0000ca6a   0000ca6a    r-x .text
  0000cab0    0000cab0    00002934   00002934    r-- .const
  0000f3e8    0000f3e8    000003e0   000003e0    r-- .cinit
20000000    20000000    00015b28   00000000    rw-
  20000000    20000000    00000360   00000000    rw- .vecs
  20000360    20000360    0000c79e   00000000    rw- .bss
  2000cb00    2000cb00    00008d22   00000000    rw- .data
  20015828    20015828    00000300   00000000    rw- .stack


SECTION ALLOCATION MAP

 output                                  attributes/
section   page    origin      length       input sections
--------  ----  ----------  ----------   ----------------
.text      0    00000040    0000ca6a     
                  00000040    00000a4e     rtsv7M4_T_le_v4SPD16_eabi.lib : _printfi.c.obj (.text:__TI_printfi)
                  00000a8e    00000002                                   : _lock.c.obj (.text:_nop)
                  00000a90    00000738                                   : k_rem_pio2.c.obj (.text:__kernel_rem_pio2)
                  000011c8    000005dc                                   : s_cos.c.obj (.text:cos)
                  000017a4    000005c4                                   : s_sin.c.obj (.text:sin)
                  00001d68    000004d8     kiss_fft.obj (.text:kf_bfly5)
                  00002240    00000430     sysbios.aem4f : BIOS.obj (.text:ti_sysbios_family_arm_m3_Hwi_excDumpRegs__I)
                  00002670    0000034c     ti.targets.arm.rtsarm.aem4f : System.oem4f (.text:xdc_runtime_System_doPrint__I)
                  000029bc    00000004     driverlib.lib : comp.obj (.text:ComparatorRefSet)
                  000029c0    00000334     kiss_fft.obj (.text:kf_bfly4)
                  00002cf4    00000004     driverlib.lib : timer.obj (.text:TimerIntClear)
                  00002cf8    00000304     main.obj (.text:task2_func)
                  00002ffc    00000004     rtsv7M4_T_le_v4SPD16_eabi.lib : exit.c.obj (.text:abort:abort)
                  00003000    000002d0     sysbios.aem4f : BIOS.obj (.text:ti_sysbios_knl_Semaphore_pend__E)
                  000032d0    00000294     kiss_fft.obj (.text:kf_bfly3)
                  00003564    00000270     rtsv7M4_T_le_v4SPD16_eabi.lib : _printfi.c.obj (.text:_pconv_a)
                  000037d4    00000004     sysbios.aem4f : BIOS.obj (.text:ti_sysbios_family_arm_lm4_Timer_masterEnable__I)
                  000037d8    0000026c                   : BIOS.obj (.text:ti_sysbios_heaps_HeapMem_free__E)
                  00003a44    00000004     ti.targets.arm.rtsarm.aem4f : Error.oem4f (.text:xdc_runtime_Error_getSite__E)
                  00003a48    00000258     main.obj (.text:task4_func)
                  00003ca0    00000256     grlib.lib : string.obj (.text:GrFontGlyphRender)
                  00003ef6    00000002     rtsv7M4_T_le_v4SPD16_eabi.lib : div0.asm.obj (.text)
                  00003ef8    00000250     sysbios.aem4f : BIOS.obj (.text:ti_sysbios_heaps_HeapMem_alloc__E)
                  00004148    0000023c     buttons.obj (.text:PeripheralInit)
                  00004384    00000204     Boot.aem4f : Boot_sysctl.oem4f (.text:ti_catalog_arm_cortexm4_tiva_ce_Boot_sysCtlClockFreqSetI__I)
                  00004588    000001f4     sysbios.aem4f : BIOS.obj (.text:ti_sysbios_family_arm_m3_Hwi_excHandlerMax__I)
                  0000477c    000001d0     rtsv7M4_T_le_v4SPD16_eabi.lib : _printfi.c.obj (.text:_pconv_g)
                  0000494c    000001b6                                   : fd_add_t2.asm.obj (.text)
                  00004b02    00000006     driverlib.lib : gpio.obj (.text:GPIOPinRead)
                  00004b08    000001ae     kiss_fft.obj (.text:kf_bfly_generic)
                  00004cb6    00000002     --HOLE-- [fill = 0]
                  00004cb8    000001a0     Crystalfontz128x128_ST7735.obj (.text:Crystalfontz128x128_PixelDrawMultiple)
                  00004e58    00000178     sysbios.aem4f : BIOS.obj (.text:ti_sysbios_family_arm_lm4_TimestampProvider_get64__E)
                  00004fd0    00000174     rtsv7M4_T_le_v4SPD16_eabi.lib : k_sin.c.obj (.text:__kernel_sin)
                  00005144    00000004     ti.targets.arm.rtsarm.aem4f : System.oem4f (.text:xdc_runtime_System_aprintf_va__F)
                  00005148    00000174     sysbios.aem4f : BIOS.obj (.text:ti_sysbios_family_arm_m3_Hwi_excBusFault__I)
                  000052bc    0000016c     rtsv7M4_T_le_v4SPD16_eabi.lib : k_cos.c.obj (.text:__kernel_cos)
                  00005428    00000164     sysbios.aem4f : BIOS.obj (.text:ti_sysbios_family_arm_m3_Hwi_excUsageFault__I)
                  0000558c    0000015c     rtsv7M4_T_le_v4SPD16_eabi.lib : e_log10f.c.obj (.text:log10f)
                  000056e8    00000158                                   : e_sqrt.c.obj (.text:sqrt)
                  00005840    00000148     kiss_fft.obj (.text:kiss_fft_alloc)
                  00005988    00000148     sysbios.aem4f : BIOS.obj (.text:ti_sysbios_family_arm_m3_Hwi_excMemFault__I)
                  00005ad0    0000013c     rtsv7M4_T_le_v4SPD16_eabi.lib : _printfi.c.obj (.text:_pconv_e)
                  00005c0c    00000004     ti.targets.arm.rtsarm.aem4f : System.oem4f (.text:xdc_runtime_System_printf_va__F)
                  00005c10    0000013c     sysbios.aem4f : BIOS.obj (.text:ti_sysbios_heaps_HeapMem_Instance_init__E)
                  00005d4c    00000138     ti.targets.arm.rtsarm.aem4f : LoggerBuf.oem4f (.text:xdc_runtime_LoggerBuf_write8__E)
                  00005e84    00000136     rtsv7M4_T_le_v4SPD16_eabi.lib : fd_div_t2.asm.obj (.text)
                  00005fba    00000130     driverlib.lib : gpio.obj (.text:GPIOPadConfigSet)
                  000060ea    00000002     --HOLE-- [fill = 0]
                  000060ec    00000124     rtsv7M4_T_le_v4SPD16_eabi.lib : _printfi.c.obj (.text:fcvt)
                  00006210    00000118     ti.targets.arm.rtsarm.aem4f : Error.oem4f (.text:xdc_runtime_Error_policyDefault__E)
                  00006328    00000114     sysbios.aem4f : BIOS.obj (.text:ti_sysbios_utils_Load_updateThreadContexts__E)
                  0000643c    00000004     --HOLE-- [fill = 0]
                  00006440    00000112     kiss_fft.obj (.text:kf_work)
                  00006552    00000002     --HOLE-- [fill = 0]
                  00006554    00000110     rtsv7M4_T_le_v4SPD16_eabi.lib : s_scalbn.c.obj (.text:scalbn)
                  00006664    00000004     --HOLE-- [fill = 0]
                  00006668    00000108     sysbios.aem4f : BIOS.obj (.text:ti_sysbios_family_arm_lm4_Timer_start__E)
                  00006770    00000106     grlib.lib : line.obj (.text:GrLineDraw)
                  00006876    00000002     --HOLE-- [fill = 0]
                  00006878    00000100     Crystalfontz128x128_ST7735.obj (.text:Crystalfontz128x128_RectFill)
                  00006978    00000100     ti.targets.arm.rtsarm.aem4f : Core-mem.oem4f (.text:xdc_runtime_Core_createObject__I)
                  00006a78    000000fc     rtsv7M4_T_le_v4SPD16_eabi.lib : fd_mul_t2.asm.obj (.text)
                  00006b74    00000004     --HOLE-- [fill = 0]
                  00006b78    000000fc     rtos_pem4f.oem4f (.text:xdc_runtime_System_printfExtend__I)
                  00006c74    000000f8     rtsv7M4_T_le_v4SPD16_eabi.lib : s_floor.c.obj (.text:floor)
                  00006d6c    000000f8     ti.targets.arm.rtsarm.aem4f : Startup.oem4f (.text:xdc_runtime_Startup_startMods__I)
                  00006e64    00000004     --HOLE-- [fill = 0]
                  00006e68    000000f4     Crystalfontz128x128_ST7735.obj (.text:Crystalfontz128x128_SetDrawFrame)
                  00006f5c    000000f4     sysbios.aem4f : m3_Hwi_asm.obj (.text:ti_sysbios_family_arm_m3_Hwi_dispatch__I)
                  00007050    000000ec     buttons.obj (.text:ButtonReadJoystick)
                  0000713c    00000004     --HOLE-- [fill = 0]
                  00007140    000000ec     main.obj (.text:task1_func)
                  0000722c    00000004     --HOLE-- [fill = 0]
                  00007230    000000ec     sysbios.aem4f : BIOS.obj (.text:ti_sysbios_knl_Semaphore_post__E)
                  0000731c    00000004     --HOLE-- [fill = 0]
                  00007320    000000ec                   : BIOS.obj (.text:ti_sysbios_knl_Task_postInit__I)
                  0000740c    00000004     --HOLE-- [fill = 0]
                  00007410    000000dc     main.obj (.text:task3_func)
                  000074ec    00000004     --HOLE-- [fill = 0]
                  000074f0    000000d8     sysbios.aem4f : BIOS.obj (.text:ti_sysbios_family_arm_lm4_TimestampProvider_get32__E)
                  000075c8    000000d8                   : BIOS.obj (.text:ti_sysbios_family_arm_m3_Hwi_postInit__I)
                  000076a0    000000d6     kiss_fft.obj (.text:kf_bfly2)
                  00007776    00000002     --HOLE-- [fill = 0]
                  00007778    000000d4     ti.targets.arm.rtsarm.aem4f : LoggerBuf.oem4f (.text:xdc_runtime_LoggerBuf_write4__E)
                  0000784c    00000004     --HOLE-- [fill = 0]
                  00007850    000000cc     sampling.obj (.text:findTrigger)
                  0000791c    00000004     --HOLE-- [fill = 0]
                  00007920    000000cc     main.obj (.text:task0_func)
                  000079ec    00000004     --HOLE-- [fill = 0]
                  000079f0    000000cc     sysbios.aem4f : BIOS.obj (.text:ti_sysbios_family_arm_m3_Hwi_dispatchC__I)
                  00007abc    000000cc     ti.targets.arm.rtsarm.aem4f : Core-smem.oem4f (.text:xdc_runtime_Core_constructObject__I)
                  00007b88    000000c4     Crystalfontz128x128_ST7735.obj (.text:Crystalfontz128x128_Init)
                  00007c4c    000000c4     grlib.lib : string.obj (.text:GrDefaultStringRenderer)
                  00007d10    000000c0               : line.obj (.text:GrLineClip)
                  00007dd0    000000c0     sysbios.aem4f : BIOS.obj (.text:ti_sysbios_knl_Swi_run__I)
                  00007e90    000000bc                   : BIOS.obj (.text:ti_sysbios_family_arm_m3_Hwi_excDebugMon__I)
                  00007f4c    00000004     --HOLE-- [fill = 0]
                  00007f50    000000bc                   : BIOS.obj (.text:ti_sysbios_family_arm_m3_Hwi_excHardFault__I)
                  0000800c    000000b4     rtsv7M4_T_le_v4SPD16_eabi.lib : s_cosf.c.obj (.text:cosf)
                  000080c0    000000b4     sysbios.aem4f : BIOS.obj (.text:ti_sysbios_gates_GateMutex_enter__E)
                  00008174    00000004     --HOLE-- [fill = 0]
                  00008178    000000b4                   : BIOS.obj (.text:ti_sysbios_knl_Task_checkStacks__E)
                  0000822c    000000b1     rtsv7M4_T_le_v4SPD16_eabi.lib : _printfi.c.obj (.text:_ltostr)
                  000082dd    00000003     --HOLE-- [fill = 0]
                  000082e0    000000b0     sysbios.aem4f : BIOS.obj (.text:ti_sysbios_utils_Load_idleFxn__E)
                  00008390    000000ac                   : BIOS.obj (.text:ti_sysbios_family_arm_lm4_Timer_enableTiva__I)
                  0000843c    00000004     --HOLE-- [fill = 0]
                  00008440    000000aa     kiss_fft.obj (.text:kf_factor)
                  000084ea    00000006     driverlib.lib : gpio.obj (.text:GPIOPinWrite)
                  000084f0    000000a8     sysbios.aem4f : BIOS.obj (.text:ti_sysbios_family_arm_lm4_Timer_enableTimers__I)
                  00008598    000000a0     auto_init.aem4f : auto_init.oem4f (.text)
                  00008638    000000a0     ti.targets.arm.rtsarm.aem4f : Text.oem4f (.text:xdc_runtime_Text_putMod__E)
                  000086d8    0000009c     rtsv7M4_T_le_v4SPD16_eabi.lib : memcpy_t2.asm.obj (.text)
                  00008774    00000004     --HOLE-- [fill = 0]
                  00008778    0000009c     sysbios.aem4f : BIOS.obj (.text:ti_sysbios_knl_Semaphore_Instance_init__E)
                  00008814    0000009c     ti.targets.arm.rtsarm.aem4f : LoggerBuf.oem4f (.text:xdc_runtime_LoggerBuf_setFilterLevel__E)
                  000088b0    0000009a                                 : Text.oem4f (.text:xdc_runtime_Text_putSite__E)
                  0000894a    00000002     --HOLE-- [fill = 0]
                  0000894c    00000098     Boot.aem4f : Boot.oem4f (.text:ti_catalog_arm_cortexm4_tiva_ce_Boot_sysCtlClockFreqSet__E)
                  000089e4    00000004     --HOLE-- [fill = 0]
                  000089e8    00000098     sysbios.aem4f : BIOS.obj (.text:ti_sysbios_knl_Task_schedule__I)
                  00008a80    00000096     rtsv7M4_T_le_v4SPD16_eabi.lib : ull_div_t2.asm.obj (.text)
                  00008b16    00000002     --HOLE-- [fill = 0]
                  00008b18    00000094     buttons.obj (.text:ButtonDebounce)
                  00008bac    00000004     --HOLE-- [fill = 0]
                  00008bb0    00000094     sysbios.aem4f : BIOS.obj (.text:ti_sysbios_family_arm_m3_Hwi_initNVIC__E)
                  00008c44    00000004     --HOLE-- [fill = 0]
                  00008c48    00000094                   : BIOS.obj (.text:ti_sysbios_knl_Task_exit__E)
                  00008cdc    00000004     --HOLE-- [fill = 0]
                  00008ce0    00000090     Crystalfontz128x128_ST7735.obj (.text:Crystalfontz128x128_LineDrawH)
                  00008d70    00000090     sysctl_pll.obj (.text:SysCtlFrequencyGet)
                  00008e00    00000090     sysbios.aem4f : BIOS.obj (.text:ti_sysbios_knl_Task_Module_startup__E)
                  00008e90    00000090                   : BIOS.obj (.text:ti_sysbios_knl_Task_startCore__E)
                  00008f20    00000090                   : BIOS.obj (.text:ti_sysbios_utils_Load_startup__E)
                  00008fb0    0000008c                   : m3_TaskSupport_asm.obj (.text:ti_sysbios_family_arm_m3_TaskSupport_buildTaskStack)
                  0000903c    00000004     --HOLE-- [fill = 0]
                  00009040    0000008c                   : BIOS.obj (.text:ti_sysbios_utils_Load_updateCurrentThreadTime__E)
                  000090cc    00000004     --HOLE-- [fill = 0]
                  000090d0    00000088     buttons.obj (.text:ButtonAutoRepeat)
                  00009158    00000088     sysbios.aem4f : BIOS.obj (.text:ti_sysbios_knl_Mailbox_Module_startup__E)
                  000091e0    00000088                   : BIOS.obj (.text:ti_sysbios_knl_Mailbox_pend__E)
                  00009268    00000088                   : BIOS.obj (.text:ti_sysbios_knl_Mailbox_post__E)
                  000092f0    00000086     grlib.lib : rectangle.obj (.text:GrRectFill)
                  00009376    00000086     rtsv7M4_T_le_v4SPD16_eabi.lib : fd_cmp_t2.asm.obj (.text:__aeabi_cdcmple)
                  000093fc    00000086                                   : fd_cmp_t2.asm.obj (.text:__aeabi_cdrcmple)
                  00009482    00000006     grlib.lib : string.obj (.text:GrContextFontSet)
                  00009488    00000084     main.obj (.text:task5_func)
                  0000950c    00000004     --HOLE-- [fill = 0]
                  00009510    00000084     sysbios.aem4f : BIOS.obj (.text:ti_sysbios_utils_Load_updateLoads__E)
                  00009594    00000080     rtsv7M4_T_le_v4SPD16_eabi.lib : s_floorf.c.obj (.text:floorf)
                  00009614    00000004     --HOLE-- [fill = 0]
                  00009618    00000080     main.obj (.text:main)
                  00009698    00000080     sysbios.aem4f : BIOS.obj (.text:ti_sysbios_knl_Swi_Module_startup__E)
                  00009718    0000007c     HAL_EK_TM4C1294XL_Crystalfontz128x128_ST7735.obj (.text:HAL_LCD_PortInit)
                  00009794    00000004     --HOLE-- [fill = 0]
                  00009798    0000007c     HAL_EK_TM4C1294XL_Crystalfontz128x128_ST7735.obj (.text:HAL_LCD_SpiInit)
                  00009814    0000007a     driverlib.lib : adc.obj (.text:ADCSequenceStepConfigure)
                  0000988e    0000007a     rtsv7M4_T_le_v4SPD16_eabi.lib : memset_t2.asm.obj (.text)
                  00009908    00000078     sysbios.aem4f : BIOS.obj (.text:ti_sysbios_knl_Swi_post__E)
                  00009980    00000074                   : BIOS.obj (.text:ti_sysbios_family_arm_m3_Hwi_Module_startup__E)
                  000099f4    00000074     ti.targets.arm.rtsarm.aem4f : LoggerBuf.oem4f (.text:xdc_runtime_LoggerBuf_getFilterLevel__E)
                  00009a68    00000070     sysbios.aem4f : BIOS.obj (.text:ti_sysbios_knl_Clock_workFunc__E)
                  00009ad8    0000006e     rtsv7M4_T_le_v4SPD16_eabi.lib : _printfi.c.obj (.text:_mcpy)
                  00009b46    0000006e                                   : s_roundf.c.obj (.text:roundf)
                  00009bb4    0000006e                                   : fd_tos_t2.asm.obj (.text)
                  00009c22    00000002     --HOLE-- [fill = 0]
                  00009c24    0000006d     ti.targets.arm.rtsarm.aem4f : System.oem4f (.text:xdc_runtime_System_formatNum__I)
                  00009c91    00000001     --HOLE-- [fill = 0]
                  00009c92    00000006     driverlib.lib : sysctl.obj (.text:SysCtlDelay)
                  00009c98    0000006c     sampling.obj (.text:scale_voltage)
                  00009d04    00000004     --HOLE-- [fill = 0]
                  00009d08    0000006c     sysbios.aem4f : BIOS.obj (.text:ti_sysbios_knl_Swi_restoreHwi__E)
                  00009d74    00000004     --HOLE-- [fill = 0]
                  00009d78    0000006c                   : BIOS.obj (.text:ti_sysbios_utils_Load_logLoads__I)
                  00009de4    00000004     --HOLE-- [fill = 0]
                  00009de8    0000006c                   : BIOS.obj (.text:ti_sysbios_utils_Load_taskCreateHook__E)
                  00009e54    0000006c     ti.targets.arm.rtsarm.aem4f : Error.oem4f (.text:xdc_runtime_Error_print__E)
                  00009ec0    0000006c                                 : Memory.oem4f (.text:xdc_runtime_Memory_alloc__E)
                  00009f2c    00000004     --HOLE-- [fill = 0]
                  00009f30    0000006a     kiss_fft.obj (.text:kiss_fft_stride)
                  00009f9a    00000002     --HOLE-- [fill = 0]
                  00009f9c    00000068     grlib.lib : context.obj (.text:GrContextInit)
                  0000a004    00000068     rtsv7M4_T_le_v4SPD16_eabi.lib : copy_decompress_lzss.c.obj (.text:decompress:lzss:__TI_decompress_lzss)
                  0000a06c    00000004     --HOLE-- [fill = 0]
                  0000a070    00000068     sysbios.aem4f : BIOS.obj (.text:ti_sysbios_family_arm_lm4_TimestampProvider_initTimerHandle__I)
                  0000a0d8    00000068                   : BIOS.obj (.text:ti_sysbios_utils_Load_addTask__E)
                  0000a140    00000066     ti.targets.arm.rtsarm.aem4f : Core-mem.oem4f (.text:xdc_runtime_Core_deleteObject__I)
                  0000a1a6    00000002     --HOLE-- [fill = 0]
                  0000a1a8    00000064     rtsv7M4_T_le_v4SPD16_eabi.lib : s_frexp.c.obj (.text:frexp)
                  0000a20c    00000004     --HOLE-- [fill = 0]
                  0000a210    00000064     sysbios.aem4f : BIOS.obj (.text:ti_sysbios_family_arm_lm4_Timer_Module_startup__E)
                  0000a274    00000004     --HOLE-- [fill = 0]
                  0000a278    00000060     Crystalfontz128x128_ST7735.obj (.text:Crystalfontz128x128_Flush)
                  0000a2d8    00000060     driverlib.lib : timer.obj (.text:TimerConfigure)
                  0000a338    00000060     main.obj (.text:m3Hwi0_int)
                  0000a398    0000005c     sysbios.aem4f : BIOS.obj (.text:ti_sysbios_knl_Swi_schedule__I)
                  0000a3f4    00000004     --HOLE-- [fill = 0]
                  0000a3f8    0000005c                   : BIOS.obj (.text:ti_sysbios_knl_Task_unblockI__E)
                  0000a454    00000004     --HOLE-- [fill = 0]
                  0000a458    0000005c     rtos_pem4f.oem4f (.text:xdc_runtime_LoggerBuf_Object__create__S)
                  0000a4b4    0000005b     ti.targets.arm.rtsarm.aem4f : Text.oem4f (.text:xdc_runtime_Text_putLab__E)
                  0000a50f    00000001     --HOLE-- [fill = 0]
                  0000a510    0000005a     grlib.lib : string.obj (.text:FontWideGlyphDataGet)
                  0000a56a    00000002     --HOLE-- [fill = 0]
                  0000a56c    00000058     boot.aem4f : boot.oem4f (.text)
                  0000a5c4    00000058     rtsv7M4_T_le_v4SPD16_eabi.lib : hostwrite.c.obj (.text:HOSTwrite)
                  0000a61c    00000058     sysbios.aem4f : m3_Hwi_asm_switch.obj (.text:ti_sysbios_family_arm_m3_Hwi_initStacks__E)
                  0000a674    00000004     --HOLE-- [fill = 0]
                  0000a678    00000058                   : BIOS.obj (.text:ti_sysbios_knl_Swi_postInit__I)
                  0000a6d0    00000058     rtos_pem4f.oem4f (.text:ti_sysbios_utils_Load_hwiBeginHook__E)
                  0000a728    00000056     rtsv7M4_T_le_v4SPD16_eabi.lib : _printfi.c.obj (.text:_pconv_f)
                  0000a77e    00000002     --HOLE-- [fill = 0]
                  0000a780    00000054     Crystalfontz128x128_ST7735.obj (.text:Crystalfontz128x128_SetOrientation)
                  0000a7d4    00000054     rtsv7M4_T_le_v4SPD16_eabi.lib : ltoa.c.obj (.text:ltoa)
                  0000a828    00000054     sysbios.aem4f : BIOS.obj (.text:ti_sysbios_utils_Load_taskSwitchHook__E)
                  0000a87c    00000054     ti.targets.arm.rtsarm.aem4f : Assert.oem4f (.text:xdc_runtime_Assert_raise__I)
                  0000a8d0    00000052     rtsv7M4_T_le_v4SPD16_eabi.lib : _printfi.c.obj (.text:_ecpy)
                  0000a922    00000002     --HOLE-- [fill = 0]
                  0000a924    00000050     Boot.aem4f : Boot_sysctl.oem4f (.text:_SysCtlFrequencyGet)
                  0000a974    00000050     ti.targets.arm.rtsarm.aem4f : Startup.oem4f (.text:xdc_runtime_Startup_exec__E)
                  0000a9c4    00000050                                 : Text.oem4f (.text:xdc_runtime_Text_visitRope2__I)
                  0000aa14    0000004c     rtsv7M4_T_le_v4SPD16_eabi.lib : atoi.c.obj (.text:atoi)
                  0000aa60    0000004c                                   : cpy_tbl.c.obj (.text:copy_in)
                  0000aaac    0000004c                                   : snprintf.c.obj (.text:snprintf)
                  0000aaf8    0000004c     sysbios.aem4f : BIOS.obj (.text:ti_sysbios_heaps_HeapMem_getStats__E)
                  0000ab44    00000004     --HOLE-- [fill = 0]
                  0000ab48    0000004c                   : BIOS.obj (.text:ti_sysbios_knl_Swi_runLoop__I)
                  0000ab94    00000004     --HOLE-- [fill = 0]
                  0000ab98    0000004c                   : BIOS.obj (.text:ti_sysbios_knl_Task_allBlockedFunction__I)
                  0000abe4    0000004a     grlib.lib : string.obj (.text:UpdateContextCharMapping)
                  0000ac2e    00000002     --HOLE-- [fill = 0]
                  0000ac30    00000048     driverlib.lib : gpio.obj (.text:GPIOPinConfigure)
                  0000ac78    00000048     HAL_EK_TM4C1294XL_Crystalfontz128x128_ST7735.obj (.text:HAL_LCD_writeCommand)
                  0000acc0    00000048     rtsv7M4_T_le_v4SPD16_eabi.lib : fd_toi_t2.asm.obj (.text)
                  0000ad08    00000048     sysbios.aem4f : BIOS.obj (.text:ti_sysbios_family_arm_m3_Hwi_disableInterrupt__E)
                  0000ad50    00000048                   : BIOS.obj (.text:ti_sysbios_family_arm_m3_Hwi_enableInterrupt__E)
                  0000ad98    00000048                   : BIOS.obj (.text:ti_sysbios_family_arm_m3_Hwi_excReserved__I)
                  0000ade0    00000048                   : BIOS.obj (.text:ti_sysbios_utils_Load_swiBeginHook__E)
                  0000ae28    00000048                   : BIOS.obj (.text:ti_sysbios_utils_Load_taskDeleteHook__E)
                  0000ae70    00000046     grlib.lib : line.obj (.text:GrLineDrawH)
                  0000aeb6    00000046               : line.obj (.text:GrLineDrawV)
                  0000aefc    00000046     ti.targets.arm.rtsarm.aem4f : Core-params.oem4f (.text:xdc_runtime_Core_assignParams__I)
                  0000af42    00000006                                 : System.oem4f (.text:xdc_runtime_System_Module_startup__E)
                  0000af48    00000044     main.obj (.text:m3Hwi1_int)
                  0000af8c    00000004     --HOLE-- [fill = 0]
                  0000af90    00000044     sysbios.aem4f : BIOS.obj (.text:ti_sysbios_family_arm_lm4_Timer_isrStub__E)
                  0000afd4    00000004     --HOLE-- [fill = 0]
                  0000afd8    00000044                   : BIOS.obj (.text:ti_sysbios_family_arm_m3_Hwi_getStackInfo__E)
                  0000b01c    00000004     --HOLE-- [fill = 0]
                  0000b020    00000044                   : BIOS.obj (.text:ti_sysbios_utils_Load_removeTask__E)
                  0000b064    00000044     ti.targets.arm.rtsarm.aem4f : Error.oem4f (.text:xdc_runtime_Error_setX__E)
                  0000b0a8    00000044                                 : LoggerBuf.oem4f (.text:xdc_runtime_LoggerBuf_filterOutEvent__I)
                  0000b0ec    00000044                                 : SysMin.oem4f (.text:xdc_runtime_SysMin_flush__E)
                  0000b130    00000044                                 : Text.oem4f (.text:xdc_runtime_Text_xprintf__I)
                  0000b174    00000004     --HOLE-- [fill = 0]
                  0000b178    00000040     Crystalfontz128x128_ST7735.obj (.text:Crystalfontz128x128_LineDrawV)
                  0000b1b8    00000040     rtsv7M4_T_le_v4SPD16_eabi.lib : u_divt2.asm.obj (.text)
                  0000b1f8    00000040     sysbios.aem4f : BIOS.obj (.text:ti_sysbios_family_arm_lm4_Timer_startup__E)
                  0000b238    0000003e     driverlib.lib : adc.obj (.text:ADCSequenceConfigure)
                  0000b276    0000003e     rtsv7M4_T_le_v4SPD16_eabi.lib : _printfi.c.obj (.text:_fcpy)
                  0000b2b4    0000003c     driverlib.lib : ssi.obj (.text:SSIConfigSetExpClk)
                  0000b2f0    0000003c     sysbios.aem4f : BIOS.obj (.text:ti_sysbios_family_arm_m3_Hwi_excSvCall__I)
                  0000b32c    00000004     --HOLE-- [fill = 0]
                  0000b330    0000003c                   : BIOS.obj (.text:ti_sysbios_heaps_HeapMem_init__I)
                  0000b36c    00000004     --HOLE-- [fill = 0]
                  0000b370    0000003c                   : BIOS.obj (.text:ti_sysbios_knl_Swi_restore__E)
                  0000b3ac    00000004     --HOLE-- [fill = 0]
                  0000b3b0    0000003c                   : BIOS.obj (.text:ti_sysbios_utils_Load_hwiEndHook__E)
                  0000b3ec    0000003a     grlib.lib : string.obj (.text:FontGlyphDataGet)
                  0000b426    0000003a     ti.targets.arm.rtsarm.aem4f : LoggerBuf.oem4f (.text:xdc_runtime_LoggerBuf_Instance_init__E)
                  0000b460    00000038     Crystalfontz128x128_ST7735.obj (.text:Crystalfontz128x128_ColorTranslate)
                  0000b498    00000038     rtsv7M4_T_le_v4SPD16_eabi.lib : trgmsg.c.obj (.text:__TI_writemsg)
                  0000b4d0    00000038     main.obj (.text:m3Hwi2_int)
                  0000b508    00000038     rtsv7M4_T_le_v4SPD16_eabi.lib : fs_tod_t2.asm.obj (.text)
                  0000b540    00000038     sysbios.aem4f : BIOS.obj (.text:ti_sysbios_family_arm_m3_Hwi_excNoIsr__I)
                  0000b578    00000038                   : BIOS.obj (.text:ti_sysbios_knl_Task_processVitalTaskFlag__I)
                  0000b5b0    00000038     ti.targets.arm.rtsarm.aem4f : SysMin.oem4f (.text:xdc_runtime_SysMin_putch__E)
                  0000b5e8    00000038                                 : System.oem4f (.text:xdc_runtime_System_atexit__E)
                  0000b620    00000036     grlib.lib : line.obj (.text:GrClipCodeGet)
                  0000b656    00000002     --HOLE-- [fill = 0]
                  0000b658    00000034     driverlib.lib : sysctl.obj (.text:SysCtlPeripheralEnable)
                  0000b68c    00000034     rtsv7M4_T_le_v4SPD16_eabi.lib : trgmsg.c.obj (.text:__TI_readmsg)
                  0000b6c0    00000034     main.obj (.text:getCPULoad)
                  0000b6f4    00000004     --HOLE-- [fill = 0]
                  0000b6f8    00000034     sysbios.aem4f : BIOS.obj (.text:ti_sysbios_family_arm_m3_Hwi_excNmi__I)
                  0000b72c    00000004     --HOLE-- [fill = 0]
                  0000b730    00000034                   : BIOS.obj (.text:ti_sysbios_hal_Hwi_checkStack)
                  0000b764    00000004     --HOLE-- [fill = 0]
                  0000b768    00000034                   : BIOS.obj (.text:ti_sysbios_utils_Load_swiEndHook__E)
                  0000b79c    00000034     ti.targets.arm.rtsarm.aem4f : Core-label.oem4f (.text:xdc_runtime_Core_assignLabel__I)
                  0000b7d0    00000033                                 : Text.oem4f (.text:xdc_runtime_Text_printVisFxn__I)
                  0000b803    00000005     --HOLE-- [fill = 0]
                  0000b808    00000032     sysbios.aem4f : BIOS.obj (.text:ti_sysbios_hal_Hwi_initStack)
                  0000b83a    00000006     --HOLE-- [fill = 0]
                  0000b840    00000032                   : BIOS.obj (.text:ti_sysbios_knl_Semaphore_pendTimeout__I)
                  0000b872    00000030     rtsv7M4_T_le_v4SPD16_eabi.lib : snprintf.c.obj (.text:_outs)
                  0000b8a2    00000006     --HOLE-- [fill = 0]
                  0000b8a8    00000030     rtos_pem4f.oem4f (.text:ti_sysbios_BIOS_atExitFunc__I)
                  0000b8d8    00000030     sysbios.aem4f : BIOS.obj (.text:ti_sysbios_family_arm_lm4_Timer_stop__E)
                  0000b908    00000030                   : BIOS.obj (.text:ti_sysbios_family_arm_m3_TaskSupport_start__E)
                  0000b938    00000030     rtos_pem4f.oem4f (.text:ti_sysbios_gates_GateHwi_Object__create__S)
                  0000b968    00000030     rtos_pem4f.oem4f (.text:ti_sysbios_gates_GateMutex_Object__create__S)
                  0000b998    00000030     rtos_pem4f.oem4f (.text:ti_sysbios_heaps_HeapMem_Object__create__S)
                  0000b9c8    00000030     rtos_pem4f.oem4f (.text:ti_sysbios_knl_Semaphore_construct)
                  0000b9f8    00000030     ti.targets.arm.rtsarm.aem4f : SysMin.oem4f (.text:xdc_runtime_SysMin_abort__E)
                  0000ba28    00000030                                 : System.oem4f (.text:xdc_runtime_System_processAtExit__E)
                  0000ba58    0000002e     driverlib.lib : adc.obj (.text:ADCIntStatus)
                  0000ba86    0000002e     grlib.lib : string.obj (.text:GrStringNextCharGet)
                  0000bab4    00000004     --HOLE-- [fill = 0]
                  0000bab8    0000002e     rtos_pem4f.oem4f (.text:malloc)
                  0000bae6    0000002e     rtsv7M4_T_le_v4SPD16_eabi.lib : i_tofd_t2.asm.obj (.text)
                  0000bb14    00000004     --HOLE-- [fill = 0]
                  0000bb18    0000002c     rtos_pem4f.oem4f (.text:ti_sysbios_knl_Clock_doTick__I)
                  0000bb44    00000004     --HOLE-- [fill = 0]
                  0000bb48    0000002c     rtos_pem4f.oem4f (.text:ti_sysbios_knl_Queue_construct)
                  0000bb74    00000004     --HOLE-- [fill = 0]
                  0000bb78    0000002c     sysbios.aem4f : BIOS.obj (.text:ti_sysbios_knl_Task_restore__E)
                  0000bba4    0000002c     ti.targets.arm.rtsarm.aem4f : Text.oem4f (.text:xdc_runtime_Text_cordText__E)
                  0000bbd0    0000002a     driverlib.lib : gpio.obj (.text:GPIODirModeSet)
                  0000bbfa    0000002a     ti.targets.arm.rtsarm.aem4f : System.oem4f (.text:xdc_runtime_System_putchar__I)
                  0000bc24    00000004     --HOLE-- [fill = 0]
                  0000bc28    00000028     Crystalfontz128x128_ST7735.obj (.text:Crystalfontz128x128_PixelDraw)
                  0000bc50    00000028     rtsv7M4_T_le_v4SPD16_eabi.lib : e_sqrtf.c.obj (.text:sqrtf)
                  0000bc78    00000028     rtos_pem4f.oem4f (.text:ti_sysbios_BIOS_startFunc__I)
                  0000bca0    00000028     ti.targets.arm.rtsarm.aem4f : LoggerBuf.oem4f (.text:xdc_runtime_LoggerBuf_Module_startup__E)
                  0000bcc8    00000026     grlib.lib : string.obj (.text:GrFontInfoGet)
                  0000bcee    00000026     sysbios.aem4f : m3_Hwi_asm.obj (.text:ti_sysbios_family_arm_m3_Hwi_pendSV__I)
                  0000bd14    00000026     ti.targets.arm.rtsarm.aem4f : System.oem4f (.text:xdc_runtime_System_avprintf__E)
                  0000bd3a    00000006     --HOLE-- [fill = 0]
                  0000bd40    00000024     rtos_pem4f.oem4f (.text:ti_sysbios_BIOS_errorRaiseHook__I)
                  0000bd64    00000004     --HOLE-- [fill = 0]
                  0000bd68    00000024     rtos_pem4f.oem4f (.text:ti_sysbios_BIOS_registerRTSLock__I)
                  0000bd8c    00000004     --HOLE-- [fill = 0]
                  0000bd90    00000024     rtos_pem4f.oem4f (.text:ti_sysbios_BIOS_removeRTSLock__I)
                  0000bdb4    00000004     --HOLE-- [fill = 0]
                  0000bdb8    00000024     rtos_pem4f.oem4f (.text:ti_sysbios_gates_GateMutex_Object__delete__S)
                  0000bddc    00000004     --HOLE-- [fill = 0]
                  0000bde0    00000024     sysbios.aem4f : BIOS.obj (.text:ti_sysbios_knl_Clock_Module_startup__E)
                  0000be04    00000004     --HOLE-- [fill = 0]
                  0000be08    00000024                   : BIOS.obj (.text:ti_sysbios_knl_Task_restoreHwi__E)
                  0000be2c    00000024     ti.targets.arm.rtsarm.aem4f : System.oem4f (.text:xdc_runtime_System_vprintf__E)
                  0000be50    00000022     grlib.lib : string.obj (.text:GrFontGlyphDataGet)
                  0000be72    00000006     --HOLE-- [fill = 0]
                  0000be78    00000022     sysbios.aem4f : BIOS.obj (.text:ti_sysbios_family_arm_lm4_Timer_write__I)
                  0000be9a    00000006     --HOLE-- [fill = 0]
                  0000bea0    00000022     rtos_pem4f.oem4f (.text:xdc_runtime_SysMin_output__I)
                  0000bec2    00000002     --HOLE-- [fill = 0]
                  0000bec4    00000020     Boot.aem4f : Boot_sysctl.oem4f (.text:_SysCtlMemTimingGet)
                  0000bee4    00000020     rtsv7M4_T_le_v4SPD16_eabi.lib : u_tofd_t2.asm.obj (.text)
                  0000bf04    00000004     --HOLE-- [fill = 0]
                  0000bf08    00000020     rtos_pem4f.oem4f (.text:ti_sysbios_BIOS_rtsLock__I)
                  0000bf28    00000020     sysbios.aem4f : m3_Hwi_asm.obj (.text:ti_sysbios_family_arm_m3_Hwi_excHandlerAsm__I)
                  0000bf48    00000020                   : BIOS.obj (.text:ti_sysbios_family_arm_m3_Hwi_excHandler__I)
                  0000bf68    00000020     rtos_pem4f.oem4f (.text:ti_sysbios_gates_GateHwi_Object__delete__S)
                  0000bf88    00000020     rtos_pem4f.oem4f (.text:ti_sysbios_heaps_HeapMem_Object__delete__S)
                  0000bfa8    00000020     sysbios.aem4f : BIOS.obj (.text:ti_sysbios_knl_Idle_run__E)
                  0000bfc8    00000020     rtos_pem4f.oem4f (.text:ti_sysbios_knl_Semaphore_Object__destruct__S)
                  0000bfe8    00000020     rtos_pem4f.oem4f (.text:xdc_runtime_LoggerBuf_Object__delete__S)
                  0000c008    00000020     ti.targets.arm.rtsarm.aem4f : LoggerBuf.oem4f (.text:xdc_runtime_LoggerBuf_reset__E)
                  0000c028    00000020                                 : Registry.oem4f (.text:xdc_runtime_Registry_findById__E)
                  0000c048    00000020                                 : SysMin.oem4f (.text:xdc_runtime_SysMin_Module_startup__E)
                  0000c068    0000001e     driverlib.lib : adc.obj (.text:ADCSequenceDataGet)
                  0000c086    0000001e     grlib.lib : string.obj (.text:GrFontCodepageGet)
                  0000c0a4    0000001e     sysbios.aem4f : m3_Hwi_asm_switch.obj (.text:ti_sysbios_family_xxx_Hwi_switchAndRunFunc)
                  0000c0c2    0000001c     rtsv7M4_T_le_v4SPD16_eabi.lib : memccpy.c.obj (.text:memccpy)
                  0000c0de    00000002     --HOLE-- [fill = 0]
                  0000c0e0    0000001c     sysbios.aem4f : BIOS.obj (.text:ti_sysbios_gates_GateMutex_Instance_init__E)
                  0000c0fc    00000004     --HOLE-- [fill = 0]
                  0000c100    0000001c     rtos_pem4f.oem4f (.text:ti_sysbios_knl_Queue_Object__destruct__S)
                  0000c11c    00000004     --HOLE-- [fill = 0]
                  0000c120    0000001c     sysbios.aem4f : BIOS.obj (.text:ti_sysbios_knl_Queue_put__E)
                  0000c13c    00000004     --HOLE-- [fill = 0]
                  0000c140    0000001c                   : BIOS.obj (.text:ti_sysbios_knl_Task_enter__I)
                  0000c15c    0000001c     ti.targets.arm.rtsarm.aem4f : Error.oem4f (.text:xdc_runtime_Error_raiseX__E)
                  0000c178    0000001c                                 : Memory.oem4f (.text:xdc_runtime_Memory_valloc__E)
                  0000c194    0000001c                                 : SysMin.oem4f (.text:xdc_runtime_SysMin_exit__E)
                  0000c1b0    0000001c                                 : System.oem4f (.text:xdc_runtime_System_abort__E)
                  0000c1cc    0000001a     rtsv7M4_T_le_v4SPD16_eabi.lib : s_copysign.c.obj (.text:copysign)
                  0000c1e6    00000002     --HOLE-- [fill = 0]
                  0000c1e8    0000001a     rtos_pem4f.oem4f (.text:free)
                  0000c202    00000006     --HOLE-- [fill = 0]
                  0000c208    0000001a     rtos_pem4f.oem4f (.text:ti_sysbios_family_arm_m3_Hwi_Handle__label__S)
                  0000c222    00000006     --HOLE-- [fill = 0]
                  0000c228    0000001a     rtos_pem4f.oem4f (.text:ti_sysbios_gates_GateHwi_Handle__label__S)
                  0000c242    00000006     --HOLE-- [fill = 0]
                  0000c248    0000001a     rtos_pem4f.oem4f (.text:ti_sysbios_gates_GateMutex_Handle__label__S)
                  0000c262    00000006     --HOLE-- [fill = 0]
                  0000c268    0000001a     rtos_pem4f.oem4f (.text:ti_sysbios_heaps_HeapMem_Handle__label__S)
                  0000c282    00000006     --HOLE-- [fill = 0]
                  0000c288    0000001a     rtos_pem4f.oem4f (.text:ti_sysbios_knl_Swi_Handle__label__S)
                  0000c2a2    00000006     --HOLE-- [fill = 0]
                  0000c2a8    0000001a     rtos_pem4f.oem4f (.text:ti_sysbios_knl_Task_Handle__label__S)
                  0000c2c2    00000006     --HOLE-- [fill = 0]
                  0000c2c8    0000001a     rtos_pem4f.oem4f (.text:xdc_runtime_LoggerBuf_Handle__label__S)
                  0000c2e2    00000006     --HOLE-- [fill = 0]
                  0000c2e8    0000001a     rtos_pem4f.oem4f (.text:xdc_runtime_System_aprintf__E)
                  0000c302    00000006     --HOLE-- [fill = 0]
                  0000c308    0000001a     rtos_pem4f.oem4f (.text:xdc_runtime_System_printf__E)
                  0000c322    00000018     driverlib.lib : adc.obj (.text:ADCClockConfigSet)
                  0000c33a    00000018                   : adc.obj (.text:ADCProcessorTrigger)
                  0000c352    00000018                   : gpio.obj (.text:GPIOPinTypeGPIOOutput)
                  0000c36a    00000006     --HOLE-- [fill = 0]
                  0000c370    00000018     HAL_EK_TM4C1294XL_Crystalfontz128x128_ST7735.obj (.text:HAL_LCD_writeData)
                  0000c388    00000018     rtsv7M4_T_le_v4SPD16_eabi.lib : args_main.c.obj (.text:_args_main)
                  0000c3a0    00000018                                   : snprintf.c.obj (.text:_outc)
                  0000c3b8    00000018     rtos_pem4f.oem4f (.text:ti_sysbios_BIOS_rtsUnlock__I)
                  0000c3d0    00000018     rtos_pem4f.oem4f (.text:ti_sysbios_family_arm_lm4_Timer_Module__startupDone__F)
                  0000c3e8    00000018     rtos_pem4f.oem4f (.text:ti_sysbios_family_arm_m3_Hwi_Module__startupDone__F)
                  0000c400    00000018     sysbios.aem4f : m3_TaskSupport_asm.obj (.text:ti_sysbios_family_arm_m3_TaskSupport_swap__E)
                  0000c418    00000018                   : BIOS.obj (.text:ti_sysbios_gates_GateMutex_leave__E)
                  0000c430    00000018     ti.targets.arm.rtsarm.aem4f : Error.oem4f (.text:xdc_runtime_Error_check__E)
                  0000c448    00000018                                 : System.oem4f (.text:xdc_runtime_System_exit__E)
                  0000c460    00000018                                 : Text.oem4f (.text:xdc_runtime_Text_ropeText__E)
                  0000c478    00000016     grlib.lib : string.obj (.text:GrStringDraw)
                  0000c48e    00000016     driverlib.lib : timer.obj (.text:TimerControlEvent)
                  0000c4a4    00000004     --HOLE-- [fill = 0]
                  0000c4a8    00000016     kiss_fft.obj (.text:kiss_fft)
                  0000c4be    00000016     rtsv7M4_T_le_v4SPD16_eabi.lib : strchr.c.obj (.text:strchr)
                  0000c4d4    00000004     --HOLE-- [fill = 0]
                  0000c4d8    00000016     rtos_pem4f.oem4f (.text:ti_sysbios_BIOS_exitFunc__I)
                  0000c4ee    00000002     --HOLE-- [fill = 0]
                  0000c4f0    00000014     driverlib.lib : timer.obj (.text:TimerDisable)
                  0000c504    00000014     rtsv7M4_T_le_v4SPD16_eabi.lib : strlen.c.obj (.text:strlen)
                  0000c518    00000014     rtos_pem4f.oem4f (.text:ti_sysbios_family_arm_m3_Hwi_Object__get__S)
                  0000c52c    00000004     --HOLE-- [fill = 0]
                  0000c530    00000014     sysbios.aem4f : BIOS.obj (.text:ti_sysbios_family_arm_m3_Hwi_switchFromBootStack__E)
                  0000c544    00000004     --HOLE-- [fill = 0]
                  0000c548    00000014     rtos_pem4f.oem4f (.text:ti_sysbios_heaps_HeapMem_Object__get__S)
                  0000c55c    00000004     --HOLE-- [fill = 0]
                  0000c560    00000014     rtos_pem4f.oem4f (.text:ti_sysbios_knl_Mailbox_Object__get__S)
                  0000c574    00000004     --HOLE-- [fill = 0]
                  0000c578    00000014     rtos_pem4f.oem4f (.text:ti_sysbios_knl_Swi_Object__get__S)
                  0000c58c    00000004     --HOLE-- [fill = 0]
                  0000c590    00000014     rtos_pem4f.oem4f (.text:ti_sysbios_knl_Task_Object__get__S)
                  0000c5a4    00000004     --HOLE-- [fill = 0]
                  0000c5a8    00000014     rtos_pem4f.oem4f (.text:xdc_runtime_LoggerBuf_Object__get__S)
                  0000c5bc    00000012     driverlib.lib : gpio.obj (.text:GPIOPinTypeADC)
                  0000c5ce    00000012                   : gpio.obj (.text:GPIOPinTypeComparator)
                  0000c5e0    00000012                   : gpio.obj (.text:GPIOPinTypeComparatorOutput)
                  0000c5f2    00000012                   : gpio.obj (.text:GPIOPinTypeGPIOInput)
                  0000c604    00000012                   : gpio.obj (.text:GPIOPinTypeSSI)
                  0000c616    00000012                   : gpio.obj (.text:GPIOPinTypeTimer)
                  0000c628    00000012                   : timer.obj (.text:TimerLoadSet)
                  0000c63a    00000012                   : timer.obj (.text:TimerPrescaleSet)
                  0000c64c    00000004     --HOLE-- [fill = 0]
                  0000c650    00000012     sysbios.aem4f : BIOS.obj (.text:ti_sysbios_hal_Hwi_Module_startup__E)
                  0000c662    00000012     rtsv7M4_T_le_v4SPD16_eabi.lib : wcslen.c.obj (.text:wcslen)
                  0000c674    00000012     ti.targets.arm.rtsarm.aem4f : LoggerBuf.oem4f (.text:xdc_runtime_LoggerBuf_Instance_finalize__E)
                  0000c686    00000012                                 : LoggerBuf.oem4f (.text:xdc_runtime_LoggerBuf_write1__E)
                  0000c698    00000012                                 : LoggerBuf.oem4f (.text:xdc_runtime_LoggerBuf_write2__E)
                  0000c6aa    00000006     --HOLE-- [fill = 0]
                  0000c6b0    00000012     rtos_pem4f.oem4f (.text:xdc_runtime_Startup_exec__I)
                  0000c6c2    00000006     --HOLE-- [fill = 0]
                  0000c6c8    00000010     rtos_pem4f.oem4f (.text:.bootCodeSection:ti_catalog_arm_cortexm4_tiva_ce_Boot_init__I)
                  0000c6d8    00000010     driverlib.lib : adc.obj (.text:ADCIntEnable)
                  0000c6e8    00000010                   : interrupt.obj (.text:IntMasterDisable)
                  0000c6f8    00000010                   : interrupt.obj (.text:IntMasterEnable)
                  0000c708    00000010     main.obj (.text:clock0_int)
                  0000c718    00000010     sysbios.aem4f : BIOS.obj (.text:ti_sysbios_BIOS_getCpuFreq__E)
                  0000c728    00000010                   : BIOS.obj (.text:ti_sysbios_BIOS_setThreadType__E)
                  0000c738    00000010                   : BIOS.obj (.text:ti_sysbios_BIOS_start__E)
                  0000c748    00000010                   : m3_TaskSupport_asm.obj (.text:ti_sysbios_family_arm_m3_TaskSupport_glue)
                  0000c758    00000010                   : BIOS.obj (.text:ti_sysbios_gates_GateMutex_Instance_finalize__E)
                  0000c768    00000010                   : BIOS.obj (.text:ti_sysbios_knl_Semaphore_Instance_finalize__E)
                  0000c778    00000010                   : BIOS.obj (.text:ti_sysbios_knl_Swi_disable__E)
                  0000c788    00000010                   : BIOS.obj (.text:ti_sysbios_knl_Task_disable__E)
                  0000c798    00000010     ti.targets.arm.rtsarm.aem4f : Gate.oem4f (.text:xdc_runtime_Gate_leaveSystem__E)
                  0000c7a8    00000010                                 : LoggerBuf.oem4f (.text:xdc_runtime_LoggerBuf_write0__E)
                  0000c7b8    00000010                                 : Memory.oem4f (.text:xdc_runtime_Memory_free__E)
                  0000c7c8    00000010                                 : SysMin.oem4f (.text:xdc_runtime_SysMin_ready__E)
                  0000c7d8    00000010                                 : System.oem4f (.text:xdc_runtime_System_vsnprintf__E)
                  0000c7e8    00000010     rtos_pem4f.oem4f (.text:xdc_runtime_Text_visitRope__I)
                  0000c7f8    0000000e     driverlib.lib : adc.obj (.text:ADCSequenceDisable)
                  0000c806    0000000e                   : adc.obj (.text:ADCSequenceEnable)
                  0000c814    0000000e                   : timer.obj (.text:TimerEnable)
                  0000c822    0000000e     rtsv7M4_T_le_v4SPD16_eabi.lib : copy_decompress_none.c.obj (.text:decompress:none:__TI_decompress_none)
                  0000c830    0000000e     sysbios.aem4f : BIOS.obj (.text:ti_sysbios_knl_Idle_loop__E)
                  0000c83e    00000002     --HOLE-- [fill = 0]
                  0000c840    0000000e                   : BIOS.obj (.text:ti_sysbios_knl_Queue_empty__E)
                  0000c84e    0000000c     driverlib.lib : cpu.obj (.text:CPUcpsid)
                  0000c85a    0000000c                   : cpu.obj (.text:CPUcpsie)
                  0000c866    00000002     --HOLE-- [fill = 0]
                  0000c868    0000000c     rtsv7M4_T_le_v4SPD16_eabi.lib : _lock.c.obj (.text:_register_lock)
                  0000c874    0000000c                                   : _lock.c.obj (.text:_register_unlock)
                  0000c880    0000000c                                   : copy_zero_init.c.obj (.text:decompress:ZI:__TI_zero_init)
                  0000c88c    00000004     --HOLE-- [fill = 0]
                  0000c890    0000000c     sysbios.aem4f : BIOS.obj (.text:ti_sysbios_family_arm_lm4_Timer_getMaxTicks__E)
                  0000c89c    00000004     --HOLE-- [fill = 0]
                  0000c8a0    0000000c                   : BIOS.obj (.text:ti_sysbios_family_arm_m3_Hwi_disableFxn__E)
                  0000c8ac    00000004     --HOLE-- [fill = 0]
                  0000c8b0    0000000c                   : BIOS.obj (.text:ti_sysbios_family_arm_m3_TaskSupport_checkStack__E)
                  0000c8bc    00000004     --HOLE-- [fill = 0]
                  0000c8c0    0000000c                   : BIOS.obj (.text:ti_sysbios_gates_GateHwi_enter__E)
                  0000c8cc    00000004     --HOLE-- [fill = 0]
                  0000c8d0    0000000c     rtos_pem4f.oem4f (.text:ti_sysbios_knl_Queue_Object__get__S)
                  0000c8dc    00000004     --HOLE-- [fill = 0]
                  0000c8e0    0000000c     sysbios.aem4f : BIOS.obj (.text:ti_sysbios_utils_Load_taskRegHook__E)
                  0000c8ec    0000000c     ti.targets.arm.rtsarm.aem4f : Error.oem4f (.text:xdc_runtime_Error_init__E)
                  0000c8f8    0000000c                                 : Gate.oem4f (.text:xdc_runtime_Gate_enterSystem__E)
                  0000c904    0000000c                                 : Memory.oem4f (.text:xdc_runtime_Memory_calloc__E)
                  0000c910    0000000c                                 : Memory.oem4f (.text:xdc_runtime_Memory_getMaxDefaultTypeAlign__E)
                  0000c91c    0000000a     driverlib.lib : adc.obj (.text:ADCIntClear)
                  0000c926    0000000a                   : ssi.obj (.text:SSIDataPut)
                  0000c930    0000000a                   : ssi.obj (.text:SSIEnable)
                  0000c93a    0000000a                   : timer.obj (.text:TimerIntStatus)
                  0000c944    0000000a                   : timer.obj (.text:TimerValueGet)
                  0000c94e    00000002     --HOLE-- [fill = 0]
                  0000c950    0000000a     rtos_pem4f.oem4f (.text:xdc_runtime_IHeap_alloc)
                  0000c95a    00000006     --HOLE-- [fill = 0]
                  0000c960    0000000a     rtos_pem4f.oem4f (.text:xdc_runtime_IHeap_free)
                  0000c96a    0000000a     ti.targets.arm.rtsarm.aem4f : LoggerBuf.oem4f (.text:xdc_runtime_LoggerBuf_disable__E)
                  0000c974    0000000a                                 : LoggerBuf.oem4f (.text:xdc_runtime_LoggerBuf_enable__E)
                  0000c97e    00000008     driverlib.lib : comp.obj (.text:ComparatorConfigure)
                  0000c986    00000008     grlib.lib : charmap.obj (.text:GrMapISO8859_1_Unicode)
                  0000c98e    00000008     driverlib.lib : ssi.obj (.text:SSIBusy)
                  0000c996    00000008                   : timer.obj (.text:TimerIntEnable)
                  0000c99e    00000002     --HOLE-- [fill = 0]
                  0000c9a0    00000008     rtsv7M4_T_le_v4SPD16_eabi.lib : errno.c.obj (.text:__aeabi_errno_addr)
                  0000c9a8    00000008     sysbios.aem4f : BIOS.obj (.text:ti_sysbios_family_arm_lm4_Timer_masterDisable__I)
                  0000c9b0    00000008                   : BIOS.obj (.text:ti_sysbios_family_arm_m3_Hwi_doSwiRestore__I)
                  0000c9b8    00000008                   : BIOS.obj (.text:ti_sysbios_family_arm_m3_Hwi_startup__E)
                  0000c9c0    00000008                   : BIOS.obj (.text:ti_sysbios_knl_Task_getHookContext__E)
                  0000c9c8    00000006                   : BIOS.obj (.text:ti_sysbios_family_arm_lm4_TimestampProvider_Module_startup__E)
                  0000c9ce    00000002     --HOLE-- [fill = 0]
                  0000c9d0    00000006                   : BIOS.obj (.text:ti_sysbios_family_arm_m3_Hwi_doTaskRestore__I)
                  0000c9d6    00000002     --HOLE-- [fill = 0]
                  0000c9d8    00000006                   : BIOS.obj (.text:ti_sysbios_family_arm_m3_Hwi_restoreFxn__E)
                  0000c9de    00000002     --HOLE-- [fill = 0]
                  0000c9e0    00000006                   : BIOS.obj (.text:ti_sysbios_gates_GateHwi_leave__E)
                  0000c9e6    00000002     --HOLE-- [fill = 0]
                  0000c9e8    00000006                   : BIOS.obj (.text:ti_sysbios_heaps_HeapMem_isBlocking__E)
                  0000c9ee    00000002     --HOLE-- [fill = 0]
                  0000c9f0    00000006                   : BIOS.obj (.text:ti_sysbios_knl_Queue_Instance_init__E)
                  0000c9f6    00000002     --HOLE-- [fill = 0]
                  0000c9f8    00000006                   : BIOS.obj (.text:ti_sysbios_knl_Swi_startup__E)
                  0000c9fe    00000002     --HOLE-- [fill = 0]
                  0000ca00    00000004     rtos_pem4f.oem4f (.text:ti_sysbios_BIOS_RtsGateProxy_enter__E)
                  0000ca04    00000004     --HOLE-- [fill = 0]
                  0000ca08    00000004     rtos_pem4f.oem4f (.text:ti_sysbios_BIOS_RtsGateProxy_leave__E)
                  0000ca0c    00000004     --HOLE-- [fill = 0]
                  0000ca10    00000004     sysbios.aem4f : BIOS.obj (.text:ti_sysbios_family_arm_lm4_Timer_getPeriod__E)
                  0000ca14    00000004     --HOLE-- [fill = 0]
                  0000ca18    00000004     rtos_pem4f.oem4f (.text:ti_sysbios_family_arm_m3_TaskSupport_Module__startupDone__S)
                  0000ca1c    00000004     --HOLE-- [fill = 0]
                  0000ca20    00000004     sysbios.aem4f : BIOS.obj (.text:ti_sysbios_gates_GateHwi_query__E)
                  0000ca24    00000004     --HOLE-- [fill = 0]
                  0000ca28    00000004                   : BIOS.obj (.text:ti_sysbios_gates_GateMutex_query__E)
                  0000ca2c    00000004     --HOLE-- [fill = 0]
                  0000ca30    00000004     rtos_pem4f.oem4f (.text:ti_sysbios_heaps_HeapMem_Module_GateProxy_enter__E)
                  0000ca34    00000004     --HOLE-- [fill = 0]
                  0000ca38    00000004     rtos_pem4f.oem4f (.text:ti_sysbios_heaps_HeapMem_Module_GateProxy_leave__E)
                  0000ca3c    00000004     --HOLE-- [fill = 0]
                  0000ca40    00000004     rtos_pem4f.oem4f (.text:ti_sysbios_knl_Clock_TimerProxy_getMaxTicks__E)
                  0000ca44    00000004     --HOLE-- [fill = 0]
                  0000ca48    00000004     rtos_pem4f.oem4f (.text:ti_sysbios_knl_Clock_TimerProxy_getPeriod__E)
                  0000ca4c    00000004     --HOLE-- [fill = 0]
                  0000ca50    00000004     rtos_pem4f.oem4f (.text:ti_sysbios_knl_Queue_destruct)
                  0000ca54    00000004     --HOLE-- [fill = 0]
                  0000ca58    00000004     rtos_pem4f.oem4f (.text:ti_sysbios_knl_Semaphore_destruct)
                  0000ca5c    00000004     --HOLE-- [fill = 0]
                  0000ca60    00000004     sysbios.aem4f : BIOS.obj (.text:ti_sysbios_knl_Task_startup__E)
                  0000ca64    00000004     --HOLE-- [fill = 0]
                  0000ca68    00000004     rtos_pem4f.oem4f (.text:xdc_runtime_LoggerBuf_Module_GateProxy_enter__E)
                  0000ca6c    00000004     --HOLE-- [fill = 0]
                  0000ca70    00000004     rtos_pem4f.oem4f (.text:xdc_runtime_LoggerBuf_Module_GateProxy_leave__E)
                  0000ca74    00000004     --HOLE-- [fill = 0]
                  0000ca78    00000004     rtos_pem4f.oem4f (.text:xdc_runtime_System_Module_GateProxy_enter__E)
                  0000ca7c    00000004     --HOLE-- [fill = 0]
                  0000ca80    00000004     rtos_pem4f.oem4f (.text:xdc_runtime_System_Module_GateProxy_leave__E)
                  0000ca84    00000004     --HOLE-- [fill = 0]
                  0000ca88    00000002     main.obj (.text:clock1_int)
                  0000ca8a    00000006     --HOLE-- [fill = 0]
                  0000ca90    00000002     rtos_pem4f.oem4f (.text:ti_sysbios_BIOS_nullFunc__I)
                  0000ca92    00000006     --HOLE-- [fill = 0]
                  0000ca98    00000002     sysbios.aem4f : BIOS.obj (.text:ti_sysbios_gates_GateHwi_Instance_init__E)
                  0000ca9a    00000006     --HOLE-- [fill = 0]
                  0000caa0    00000002                   : BIOS.obj (.text:ti_sysbios_knl_Clock_logTick__E)
                  0000caa2    00000006     --HOLE-- [fill = 0]
                  0000caa8    00000002     rtos_pem4f.oem4f (.text:xdc_runtime_Startup_reset__I)

.const     0    0000cab0    00002934     
                  0000cab0    00001a16     rtos_pem4f.oem4f (.const:xdc_runtime_Text_charTab__A)
                  0000e4c6    000002f8     grlib.lib : fontfixed6x8.obj (.const:.string:g_pui8FontFixed6x8Data)
                  0000e7be    00000002     rtos_pem4f.oem4f (.const:ti_catalog_arm_cortexm4_tiva_ce_Boot_Module__id__C)
                  0000e7c0    00000158     rtsv7M4_T_le_v4SPD16_eabi.lib : k_rem_pio2.c.obj (.const:$O1$$)
                  0000e918    00000120     Boot.aem4f : Boot_sysctl.oem4f (.const:g_pppui32XTALtoVCO)
                  0000ea38    00000101     rtsv7M4_T_le_v4SPD16_eabi.lib : ctype.c.obj (.const:.string:_ctypes_)
                  0000eb39    00000001     rtos_pem4f.oem4f (.const:xdc_runtime_Error_policy__C)
                  0000eb3a    000000e0     rtos_pem4f.oem4f (.const:xdc_runtime_Text_nodeTab__A)
                  0000ec1a    00000002     rtos_pem4f.oem4f (.const:ti_sysbios_family_arm_lm4_TimestampProvider_Module__id__C)
                  0000ec1c    000000c8     grlib.lib : fontfixed6x8.obj (.const:g_sFontFixed6x8)
                  0000ece4    00000090     driverlib.lib : gpio.obj (.const:g_pui32GPIOBaseAddrs)
                  0000ed74    0000006c     Boot.aem4f : Boot_sysctl.oem4f (.const:g_pui32Xtals)
                  0000ede0    00000048     rtos_pem4f.oem4f (.const:.string)
                  0000ee28    00000044     rtos_pem4f.oem4f (.const)
                  0000ee6c    0000003c     rtos_pem4f.oem4f (.const:xdc_runtime_LoggerBuf_Module__FXNS__C)
                  0000eea8    00000030     Boot.aem4f : Boot_sysctl.oem4f (.const:g_sXTALtoMEMTIM)
                  0000eed8    0000002c     rtos_pem4f.oem4f (.const:xdc_runtime_Startup_sfxnTab__A)
                  0000ef04    00000028     Crystalfontz128x128_ST7735.obj (.const:g_sCrystalfontz128x128)
                  0000ef2c    00000028     rtos_pem4f.oem4f (.const:ti_sysbios_heaps_HeapMem_Module__FXNS__C)
                  0000ef54    00000024     rtos_pem4f.oem4f (.const:ti_sysbios_gates_GateHwi_Module__FXNS__C)
                  0000ef78    00000024     rtos_pem4f.oem4f (.const:ti_sysbios_gates_GateMutex_Module__FXNS__C)
                  0000ef9c    00000024     rtos_pem4f.oem4f (.const:ti_sysbios_heaps_HeapMem_Object__PARAMS__C)
                  0000efc0    00000024     rtos_pem4f.oem4f (.const:ti_sysbios_knl_Semaphore_Object__PARAMS__C)
                  0000efe4    00000024     rtos_pem4f.oem4f (.const:xdc_runtime_LoggerBuf_Object__PARAMS__C)
                  0000f008    00000020     rtos_pem4f.oem4f (.const:ti_sysbios_gates_GateHwi_Object__DESC__C)
                  0000f028    00000020     rtos_pem4f.oem4f (.const:ti_sysbios_gates_GateMutex_Object__DESC__C)
                  0000f048    00000020     rtos_pem4f.oem4f (.const:ti_sysbios_heaps_HeapMem_Object__DESC__C)
                  0000f068    00000020     rtos_pem4f.oem4f (.const:ti_sysbios_knl_Queue_Object__DESC__C)
                  0000f088    00000020     rtos_pem4f.oem4f (.const:ti_sysbios_knl_Semaphore_Object__DESC__C)
                  0000f0a8    00000020     rtos_pem4f.oem4f (.const:xdc_runtime_LoggerBuf_Object__DESC__C)
                  0000f0c8    00000018     rtos_pem4f.oem4f (.const:ti_sysbios_gates_GateHwi_Object__PARAMS__C)
                  0000f0e0    00000018     rtos_pem4f.oem4f (.const:ti_sysbios_gates_GateMutex_Object__PARAMS__C)
                  0000f0f8    00000018     rtos_pem4f.oem4f (.const:ti_sysbios_knl_Queue_Object__PARAMS__C)
                  0000f110    00000018     rtos_pem4f.oem4f (.const:ti_sysbios_knl_Swi_hooks__A)
                  0000f128    00000018     rtos_pem4f.oem4f (.const:ti_sysbios_knl_Task_hooks__A)
                  0000f140    00000018     rtos_pem4f.oem4f (.const:xdc_runtime_Startup_firstFxns__A)
                  0000f158    00000016     rtos_pem4f.oem4f (.const:xdc_runtime_Startup_sfxnRts__A)
                  0000f16e    00000002     rtos_pem4f.oem4f (.const:ti_sysbios_family_arm_lm4_TimestampProvider_useClockTimer__C)
                  0000f170    00000014     rtos_pem4f.oem4f (.const:ti_sysbios_family_arm_m3_Hwi_hooks__A)
                  0000f184    00000010     main.obj (.const:gVoltageScaleArr)
                  0000f194    00000010     grlib.lib : context.obj (.const)
                  0000f1a4    00000008     main.obj (.const:$P$T0$1)
                  0000f1ac    00000008     Boot.aem4f : Boot_sysctl.oem4f (.const)
                  0000f1b4    00000008     rtos_pem4f.oem4f (.const:ti_sysbios_family_arm_m3_Hwi_excHookFuncs__A)
                  0000f1bc    00000008     rtos_pem4f.oem4f (.const:ti_sysbios_family_arm_m3_Hwi_hooks__C)
                  0000f1c4    00000008     rtos_pem4f.oem4f (.const:ti_sysbios_knl_Idle_funcList__A)
                  0000f1cc    00000008     rtos_pem4f.oem4f (.const:ti_sysbios_knl_Idle_funcList__C)
                  0000f1d4    00000008     rtos_pem4f.oem4f (.const:ti_sysbios_knl_Swi_hooks__C)
                  0000f1dc    00000008     rtos_pem4f.oem4f (.const:ti_sysbios_knl_Task_hooks__C)
                  0000f1e4    00000008     rtos_pem4f.oem4f (.const:xdc_runtime_Startup_firstFxns__C)
                  0000f1ec    00000008     rtos_pem4f.oem4f (.const:xdc_runtime_Startup_lastFxns__C)
                  0000f1f4    00000004     rtos_pem4f.oem4f (.const:ti_catalog_arm_cortexm4_tiva_ce_Boot_A_mustNotUseEnhancedClockMode__C)
                  0000f1f8    00000004     rtos_pem4f.oem4f (.const:ti_catalog_arm_cortexm4_tiva_ce_Boot_Module__diagsEnabled__C)
                  0000f1fc    00000004     rtos_pem4f.oem4f (.const:ti_catalog_arm_cortexm4_tiva_ce_Boot_Module__diagsIncluded__C)
                  0000f200    00000004     rtos_pem4f.oem4f (.const:ti_catalog_arm_cortexm4_tiva_ce_Boot_Module__diagsMask__C)
                  0000f204    00000004     rtos_pem4f.oem4f (.const:ti_sysbios_family_arm_lm4_Timer_enableFunc__C)
                  0000f208    00000004     rtos_pem4f.oem4f (.const:ti_sysbios_family_arm_lm4_Timer_numTimerDevices__C)
                  0000f20c    00000004     rtos_pem4f.oem4f (.const:ti_sysbios_family_arm_lm4_Timer_startupNeeded__C)
                  0000f210    00000004     rtos_pem4f.oem4f (.const:ti_sysbios_family_arm_lm4_TimestampProvider_Module__diagsEnabled__C)
                  0000f214    00000004     rtos_pem4f.oem4f (.const:ti_sysbios_family_arm_lm4_TimestampProvider_Module__diagsIncluded__C)
                  0000f218    00000004     rtos_pem4f.oem4f (.const:ti_sysbios_family_arm_lm4_TimestampProvider_Module__diagsMask__C)
                  0000f21c    00000004     rtos_pem4f.oem4f (.const:ti_sysbios_family_arm_m3_Hwi_E_NMI__C)
                  0000f220    00000004     rtos_pem4f.oem4f (.const:ti_sysbios_family_arm_m3_Hwi_E_busFault__C)
                  0000f224    00000004     rtos_pem4f.oem4f (.const:ti_sysbios_family_arm_m3_Hwi_E_debugMon__C)
                  0000f228    00000004     rtos_pem4f.oem4f (.const:ti_sysbios_family_arm_m3_Hwi_E_hardFault__C)
                  0000f22c    00000004     rtos_pem4f.oem4f (.const:ti_sysbios_family_arm_m3_Hwi_E_memFault__C)
                  0000f230    00000004     rtos_pem4f.oem4f (.const:ti_sysbios_family_arm_m3_Hwi_E_noIsr__C)
                  0000f234    00000004     rtos_pem4f.oem4f (.const:ti_sysbios_family_arm_m3_Hwi_E_reserved__C)
                  0000f238    00000004     rtos_pem4f.oem4f (.const:ti_sysbios_family_arm_m3_Hwi_E_svCall__C)
                  0000f23c    00000004     rtos_pem4f.oem4f (.const:ti_sysbios_family_arm_m3_Hwi_E_usageFault__C)
                  0000f240    00000004     rtos_pem4f.oem4f (.const:ti_sysbios_family_arm_m3_Hwi_NUM_INTERRUPTS__C)
                  0000f244    00000004     rtos_pem4f.oem4f (.const:ti_sysbios_family_arm_m3_Hwi_Object__count__C)
                  0000f248    00000004     rtos_pem4f.oem4f (.const:ti_sysbios_family_arm_m3_Hwi_ccr__C)
                  0000f24c    00000004     rtos_pem4f.oem4f (.const:ti_sysbios_family_arm_m3_Hwi_excHandlerFunc__C)
                  0000f250    00000004     rtos_pem4f.oem4f (.const:ti_sysbios_family_arm_m3_Hwi_excHookFuncs__C)
                  0000f254    00000004     rtos_pem4f.oem4f (.const:ti_sysbios_family_arm_m3_Hwi_nullIsrFunc__C)
                  0000f258    00000004     rtos_pem4f.oem4f (.const:ti_sysbios_family_arm_m3_Hwi_priGroup__C)
                  0000f25c    00000004     rtos_pem4f.oem4f (.const:ti_sysbios_gates_GateMutex_A_badContext__C)
                  0000f260    00000004     rtos_pem4f.oem4f (.const:ti_sysbios_gates_GateMutex_Instance_State_sem__O)
                  0000f264    00000004     rtos_pem4f.oem4f (.const:ti_sysbios_gates_GateMutex_Module__diagsEnabled__C)
                  0000f268    00000004     rtos_pem4f.oem4f (.const:ti_sysbios_gates_GateMutex_Module__diagsIncluded__C)
                  0000f26c    00000004     rtos_pem4f.oem4f (.const:ti_sysbios_gates_GateMutex_Module__diagsMask__C)
                  0000f270    00000004     rtos_pem4f.oem4f (.const:ti_sysbios_hal_Hwi_E_stackOverflow__C)
                  0000f274    00000004     rtos_pem4f.oem4f (.const:ti_sysbios_heaps_HeapMem_A_align__C)
                  0000f278    00000004     rtos_pem4f.oem4f (.const:ti_sysbios_heaps_HeapMem_A_heapSize__C)
                  0000f27c    00000004     rtos_pem4f.oem4f (.const:ti_sysbios_heaps_HeapMem_A_invalidFree__C)
                  0000f280    00000004     rtos_pem4f.oem4f (.const:ti_sysbios_heaps_HeapMem_A_zeroBlock__C)
                  0000f284    00000004     rtos_pem4f.oem4f (.const:ti_sysbios_heaps_HeapMem_E_memory__C)
                  0000f288    00000004     rtos_pem4f.oem4f (.const:ti_sysbios_heaps_HeapMem_Module__diagsEnabled__C)
                  0000f28c    00000004     rtos_pem4f.oem4f (.const:ti_sysbios_heaps_HeapMem_Module__diagsIncluded__C)
                  0000f290    00000004     rtos_pem4f.oem4f (.const:ti_sysbios_heaps_HeapMem_Module__diagsMask__C)
                  0000f294    00000004     rtos_pem4f.oem4f (.const:ti_sysbios_heaps_HeapMem_Module__gateObj__C)
                  0000f298    00000004     rtos_pem4f.oem4f (.const:ti_sysbios_heaps_HeapMem_Object__count__C)
                  0000f29c    00000004     rtos_pem4f.oem4f (.const:ti_sysbios_heaps_HeapMem_reqAlign__C)
                  0000f2a0    00000004     rtos_pem4f.oem4f (.const:ti_sysbios_knl_Clock_Module_State_clockQ__O)
                  0000f2a4    00000004     rtos_pem4f.oem4f (.const:ti_sysbios_knl_Mailbox_Instance_State_dataQue__O)
                  0000f2a8    00000004     rtos_pem4f.oem4f (.const:ti_sysbios_knl_Mailbox_Instance_State_dataSem__O)
                  0000f2ac    00000004     rtos_pem4f.oem4f (.const:ti_sysbios_knl_Mailbox_Instance_State_freeQue__O)
                  0000f2b0    00000004     rtos_pem4f.oem4f (.const:ti_sysbios_knl_Mailbox_Instance_State_freeSem__O)
                  0000f2b4    00000004     rtos_pem4f.oem4f (.const:ti_sysbios_knl_Mailbox_Object__count__C)
                  0000f2b8    00000004     rtos_pem4f.oem4f (.const:ti_sysbios_knl_Mailbox_maxTypeAlign__C)
                  0000f2bc    00000004     rtos_pem4f.oem4f (.const:ti_sysbios_knl_Semaphore_A_badContext__C)
                  0000f2c0    00000004     rtos_pem4f.oem4f (.const:ti_sysbios_knl_Semaphore_A_noEvents__C)
                  0000f2c4    00000004     rtos_pem4f.oem4f (.const:ti_sysbios_knl_Semaphore_A_overflow__C)
                  0000f2c8    00000004     rtos_pem4f.oem4f (.const:ti_sysbios_knl_Semaphore_A_pendTaskDisabled__C)
                  0000f2cc    00000004     rtos_pem4f.oem4f (.const:ti_sysbios_knl_Semaphore_Instance_State_pendQ__O)
                  0000f2d0    00000004     rtos_pem4f.oem4f (.const:ti_sysbios_knl_Semaphore_Module__diagsEnabled__C)
                  0000f2d4    00000004     rtos_pem4f.oem4f (.const:ti_sysbios_knl_Semaphore_Module__diagsIncluded__C)
                  0000f2d8    00000004     rtos_pem4f.oem4f (.const:ti_sysbios_knl_Semaphore_Module__diagsMask__C)
                  0000f2dc    00000004     rtos_pem4f.oem4f (.const:ti_sysbios_knl_Swi_Object__count__C)
                  0000f2e0    00000004     rtos_pem4f.oem4f (.const:ti_sysbios_knl_Swi_numConstructedSwis__C)
                  0000f2e4    00000004     rtos_pem4f.oem4f (.const:ti_sysbios_knl_Task_E_spOutOfBounds__C)
                  0000f2e8    00000004     rtos_pem4f.oem4f (.const:ti_sysbios_knl_Task_E_stackOverflow__C)
                  0000f2ec    00000004     rtos_pem4f.oem4f (.const:ti_sysbios_knl_Task_Module_State_inactiveQ__O)
                  0000f2f0    00000004     rtos_pem4f.oem4f (.const:ti_sysbios_knl_Task_Object__count__C)
                  0000f2f4    00000004     rtos_pem4f.oem4f (.const:ti_sysbios_knl_Task_Object__heap__C)
                  0000f2f8    00000004     rtos_pem4f.oem4f (.const:ti_sysbios_knl_Task_allBlockedFunc__C)
                  0000f2fc    00000004     rtos_pem4f.oem4f (.const:ti_sysbios_knl_Task_numConstructedTasks__C)
                  0000f300    00000004     rtos_pem4f.oem4f (.const:ti_sysbios_utils_Load_Module_State_taskList__O)
                  0000f304    00000004     rtos_pem4f.oem4f (.const:ti_sysbios_utils_Load_Module__diagsEnabled__C)
                  0000f308    00000004     rtos_pem4f.oem4f (.const:ti_sysbios_utils_Load_Module__diagsIncluded__C)
                  0000f30c    00000004     rtos_pem4f.oem4f (.const:ti_sysbios_utils_Load_Module__diagsMask__C)
                  0000f310    00000004     rtos_pem4f.oem4f (.const:ti_sysbios_utils_Load_postUpdate__C)
                  0000f314    00000004     rtos_pem4f.oem4f (.const:ti_sysbios_utils_Load_windowInMs__C)
                  0000f318    00000004     rtos_pem4f.oem4f (.const:xdc_runtime_Assert_E_assertFailed__C)
                  0000f31c    00000004     rtos_pem4f.oem4f (.const:xdc_runtime_Core_A_initializedParams__C)
                  0000f320    00000004     rtos_pem4f.oem4f (.const:xdc_runtime_Core_Module__diagsEnabled__C)
                  0000f324    00000004     rtos_pem4f.oem4f (.const:xdc_runtime_Core_Module__diagsIncluded__C)
                  0000f328    00000004     rtos_pem4f.oem4f (.const:xdc_runtime_Core_Module__diagsMask__C)
                  0000f32c    00000004     rtos_pem4f.oem4f (.const:xdc_runtime_Error_E_memory__C)
                  0000f330    00000004     rtos_pem4f.oem4f (.const:xdc_runtime_Error_Module__diagsEnabled__C)
                  0000f334    00000004     rtos_pem4f.oem4f (.const:xdc_runtime_Error_Module__diagsIncluded__C)
                  0000f338    00000004     rtos_pem4f.oem4f (.const:xdc_runtime_Error_Module__diagsMask__C)
                  0000f33c    00000004     rtos_pem4f.oem4f (.const:xdc_runtime_Error_Module__loggerFxn8__C)
                  0000f340    00000004     rtos_pem4f.oem4f (.const:xdc_runtime_Error_Module__loggerObj__C)
                  0000f344    00000004     rtos_pem4f.oem4f (.const:xdc_runtime_Error_policyFxn__C)
                  0000f348    00000004     rtos_pem4f.oem4f (.const:xdc_runtime_Error_raiseHook__C)
                  0000f34c    00000004     rtos_pem4f.oem4f (.const:xdc_runtime_IFilterLogger_Interface__BASE__C)
                  0000f350    00000004     rtos_pem4f.oem4f (.const:xdc_runtime_IGateProvider_Interface__BASE__C)
                  0000f354    00000004     rtos_pem4f.oem4f (.const:xdc_runtime_IHeap_Interface__BASE__C)
                  0000f358    00000004     rtos_pem4f.oem4f (.const:xdc_runtime_ILogger_Interface__BASE__C)
                  0000f35c    00000004     rtos_pem4f.oem4f (.const:xdc_runtime_IModule_Interface__BASE__C)
                  0000f360    00000004     rtos_pem4f.oem4f (.const:xdc_runtime_Log_L_error__C)
                  0000f364    00000004     rtos_pem4f.oem4f (.const:xdc_runtime_LoggerBuf_E_badLevel__C)
                  0000f368    00000004     rtos_pem4f.oem4f (.const:xdc_runtime_LoggerBuf_Module__gateObj__C)
                  0000f36c    00000004     rtos_pem4f.oem4f (.const:xdc_runtime_LoggerBuf_Object__count__C)
                  0000f370    00000004     rtos_pem4f.oem4f (.const:xdc_runtime_LoggerBuf_statusLogger__C)
                  0000f374    00000004     rtos_pem4f.oem4f (.const:xdc_runtime_Memory_defaultHeapInstance__C)
                  0000f378    00000004     rtos_pem4f.oem4f (.const:xdc_runtime_Startup_execImpl__C)
                  0000f37c    00000004     rtos_pem4f.oem4f (.const:xdc_runtime_Startup_maxPasses__C)
                  0000f380    00000004     rtos_pem4f.oem4f (.const:xdc_runtime_Startup_sfxnRts__C)
                  0000f384    00000004     rtos_pem4f.oem4f (.const:xdc_runtime_Startup_sfxnTab__C)
                  0000f388    00000004     rtos_pem4f.oem4f (.const:xdc_runtime_SysMin_bufSize__C)
                  0000f38c    00000004     rtos_pem4f.oem4f (.const:xdc_runtime_SysMin_outputFunc__C)
                  0000f390    00000004     rtos_pem4f.oem4f (.const:xdc_runtime_System_Module__gateObj__C)
                  0000f394    00000004     rtos_pem4f.oem4f (.const:xdc_runtime_System_abortFxn__C)
                  0000f398    00000004     rtos_pem4f.oem4f (.const:xdc_runtime_System_exitFxn__C)
                  0000f39c    00000004     rtos_pem4f.oem4f (.const:xdc_runtime_System_extendFxn__C)
                  0000f3a0    00000004     rtos_pem4f.oem4f (.const:xdc_runtime_System_maxAtexitHandlers__C)
                  0000f3a4    00000004     rtos_pem4f.oem4f (.const:xdc_runtime_Text_charTab__C)
                  0000f3a8    00000004     rtos_pem4f.oem4f (.const:xdc_runtime_Text_nameEmpty__C)
                  0000f3ac    00000004     rtos_pem4f.oem4f (.const:xdc_runtime_Text_nameStatic__C)
                  0000f3b0    00000004     rtos_pem4f.oem4f (.const:xdc_runtime_Text_nameUnknown__C)
                  0000f3b4    00000004     rtos_pem4f.oem4f (.const:xdc_runtime_Text_nodeTab__C)
                  0000f3b8    00000004     rtos_pem4f.oem4f (.const:xdc_runtime_Text_visitRopeFxn__C)
                  0000f3bc    00000002     rtos_pem4f.oem4f (.const:ti_sysbios_family_arm_m3_Hwi_Module__id__C)
                  0000f3be    00000002     rtos_pem4f.oem4f (.const:ti_sysbios_gates_GateMutex_Module__id__C)
                  0000f3c0    00000002     rtos_pem4f.oem4f (.const:ti_sysbios_hal_Hwi_Module__id__C)
                  0000f3c2    00000002     rtos_pem4f.oem4f (.const:ti_sysbios_heaps_HeapMem_Module__id__C)
                  0000f3c4    00000002     rtos_pem4f.oem4f (.const:ti_sysbios_knl_Semaphore_Module__id__C)
                  0000f3c6    00000002     rtos_pem4f.oem4f (.const:ti_sysbios_knl_Task_Module__id__C)
                  0000f3c8    00000002     rtos_pem4f.oem4f (.const:ti_sysbios_utils_Load_Module__id__C)
                  0000f3ca    00000002     rtos_pem4f.oem4f (.const:ti_sysbios_utils_Load_autoAddTasks__C)
                  0000f3cc    00000002     rtos_pem4f.oem4f (.const:ti_sysbios_utils_Load_updateInIdle__C)
                  0000f3ce    00000002     rtos_pem4f.oem4f (.const:xdc_runtime_Core_Module__id__C)
                  0000f3d0    00000002     rtos_pem4f.oem4f (.const:xdc_runtime_Error_Module__loggerDefined__C)
                  0000f3d2    00000002     rtos_pem4f.oem4f (.const:xdc_runtime_Error_maxDepth__C)
                  0000f3d4    00000002     rtos_pem4f.oem4f (.const:xdc_runtime_LoggerBuf_Module__id__C)
                  0000f3d6    00000002     rtos_pem4f.oem4f (.const:xdc_runtime_LoggerBuf_filterByLevel__C)
                  0000f3d8    00000002     rtos_pem4f.oem4f (.const:xdc_runtime_Memory_Module__id__C)
                  0000f3da    00000002     rtos_pem4f.oem4f (.const:xdc_runtime_SysMin_flushAtExit__C)
                  0000f3dc    00000002     rtos_pem4f.oem4f (.const:xdc_runtime_Text_charCnt__C)
                  0000f3de    00000002     rtos_pem4f.oem4f (.const:xdc_runtime_Text_isLoaded__C)
                  0000f3e0    00000002     rtos_pem4f.oem4f (.const:xdc_runtime_Text_registryModsLastId__C)
                  0000f3e2    00000002     rtos_pem4f.oem4f (.const:xdc_runtime_Text_unnamedModsLastId__C)

.cinit     0    0000f3e8    000003e0     
                  0000f3e8    000003a5     (.cinit..data.load) [load image, compression = lzss]
                  0000f78d    00000003     --HOLE-- [fill = 0]
                  0000f790    0000000c     (__TI_handler_table)
                  0000f79c    00000004     --HOLE-- [fill = 0]
                  0000f7a0    00000008     (.cinit..bss.load) [load image, compression = zero_init]
                  0000f7a8    00000008     (.cinit..vecs.load) [load image, compression = zero_init]
                  0000f7b0    00000018     (__TI_cinit_table)

.init_array 
*          0    00000000    00000000     UNINITIALIZED

.resetVecs 
*          0    00000000    0000003c     
                  00000000    0000003c     rtos_pem4f.oem4f (.resetVecs)

.bss       0    20000360    0000c79e     UNINITIALIZED
                  20000360    00002c00     rtos_pem4f.oem4f (.bss:taskStackSection)
                  20002f60    00002108     main.obj (.bss:kiss_fft_cfg_buffer$2)
                  20005068    00002000     main.obj (.bss:in$3)
                  20007068    00002000     main.obj (.bss:out$4)
                  20009068    00001000     main.obj (.bss:w$5)
                  2000a068    00001000     (.common:gADCBuffer)
                  2000b068    00000800     (.common:gWaveformBuffer)
                  2000b868    00000800     (.common:xdc_runtime_LoggerBuf_Instance_State_0_entryArr__A)
                  2000c068    00000400     (.common:ti_sysbios_heaps_HeapMem_Instance_State_0_buf__A)
                  2000c468    00000360     (.common:ti_sysbios_family_arm_m3_Hwi_dispatchTable)
                  2000c7c8    00000120     rtsv7M4_T_le_v4SPD16_eabi.lib : trgmsg.c.obj (.bss:_CIOBUF_)
                  2000c8e8    00000100     (.common:ti_sysbios_knl_Mailbox_Instance_State_0_allocBuf__A)
                  2000c9e8    00000080     (.common:xdc_runtime_SysMin_Module_State_0_outbuf__A)
                  2000ca68    0000002c     (.common:sContext)
                  2000ca94    00000014     buttons.obj (.bss:state$1)
                  2000caa8    00000008     (.common:parmbuf)
                  2000cab0    00000008     (.common:rectFullScreen)
                  2000cab8    00000004     (.common:g_psGrLibDefaults)
                  2000cabc    00000004     (.common:ti_sysbios_family_arm_m3_Hwi_Instance_State_0_hookEnv__A)
[...]
0000f208  ti_sysbios_family_arm_lm4_Timer_numTimerDevices__C                   
0000f20c  ti_sysbios_family_arm_lm4_Timer_startupNeeded__C                     
0000f210  ti_sysbios_family_arm_lm4_TimestampProvider_Module__diagsEnabled__C  
0000f214  ti_sysbios_family_arm_lm4_TimestampProvider_Module__diagsIncluded__C 
0000f218  ti_sysbios_family_arm_lm4_TimestampProvider_Module__diagsMask__C     
0000f21c  ti_sysbios_family_arm_m3_Hwi_E_NMI__C                                
0000f220  ti_sysbios_family_arm_m3_Hwi_E_busFault__C                           
0000f224  ti_sysbios_family_arm_m3_Hwi_E_debugMon__C                           
0000f228  ti_sysbios_family_arm_m3_Hwi_E_hardFault__C                          
0000f22c  ti_sysbios_family_arm_m3_Hwi_E_memFault__C                           
0000f230  ti_sysbios_family_arm_m3_Hwi_E_noIsr__C                              
0000f234  ti_sysbios_family_arm_m3_Hwi_E_reserved__C                           
0000f238  ti_sysbios_family_arm_m3_Hwi_E_svCall__C                             
0000f23c  ti_sysbios_family_arm_m3_Hwi_E_usageFault__C                         
0000f240  ti_sysbios_family_arm_m3_Hwi_NUM_INTERRUPTS__C                       
0000f244  ti_sysbios_family_arm_m3_Hwi_Object__count__C                        
0000f248  ti_sysbios_family_arm_m3_Hwi_ccr__C                                  
0000f24c  ti_sysbios_family_arm_m3_Hwi_excHandlerFunc__C                       
0000f250  ti_sysbios_family_arm_m3_Hwi_excHookFuncs__C                         
0000f254  ti_sysbios_family_arm_m3_Hwi_nullIsrFunc__C                          
0000f258  ti_sysbios_family_arm_m3_Hwi_priGroup__C                             
0000f25c  ti_sysbios_gates_GateMutex_A_badContext__C                           
0000f260  ti_sysbios_gates_GateMutex_Instance_State_sem__O                     
0000f264  ti_sysbios_gates_GateMutex_Module__diagsEnabled__C                   
0000f268  ti_sysbios_gates_GateMutex_Module__diagsIncluded__C                  
0000f26c  ti_sysbios_gates_GateMutex_Module__diagsMask__C                      
0000f270  ti_sysbios_hal_Hwi_E_stackOverflow__C                                
0000f274  ti_sysbios_heaps_HeapMem_A_align__C                                  
0000f278  ti_sysbios_heaps_HeapMem_A_heapSize__C                               
0000f27c  ti_sysbios_heaps_HeapMem_A_invalidFree__C                            
0000f280  ti_sysbios_heaps_HeapMem_A_zeroBlock__C                              
0000f284  ti_sysbios_heaps_HeapMem_E_memory__C                                 
0000f288  ti_sysbios_heaps_HeapMem_Module__diagsEnabled__C                     
0000f28c  ti_sysbios_heaps_HeapMem_Module__diagsIncluded__C                    
0000f290  ti_sysbios_heaps_HeapMem_Module__diagsMask__C                        
0000f294  ti_sysbios_heaps_HeapMem_Module__gateObj__C                          
0000f298  ti_sysbios_heaps_HeapMem_Object__count__C                            
0000f29c  ti_sysbios_heaps_HeapMem_reqAlign__C                                 
0000f2a0  ti_sysbios_knl_Clock_Module_State_clockQ__O                          
0000f2a4  ti_sysbios_knl_Mailbox_Instance_State_dataQue__O                     
0000f2a8  ti_sysbios_knl_Mailbox_Instance_State_dataSem__O                     
0000f2ac  ti_sysbios_knl_Mailbox_Instance_State_freeQue__O                     
0000f2b0  ti_sysbios_knl_Mailbox_Instance_State_freeSem__O                     
0000f2b4  ti_sysbios_knl_Mailbox_Object__count__C                              
0000f2b8  ti_sysbios_knl_Mailbox_maxTypeAlign__C                               
0000f2bc  ti_sysbios_knl_Semaphore_A_badContext__C                             
0000f2c0  ti_sysbios_knl_Semaphore_A_noEvents__C                               
0000f2c4  ti_sysbios_knl_Semaphore_A_overflow__C                               
0000f2c8  ti_sysbios_knl_Semaphore_A_pendTaskDisabled__C                       
0000f2cc  ti_sysbios_knl_Semaphore_Instance_State_pendQ__O                     
0000f2d0  ti_sysbios_knl_Semaphore_Module__diagsEnabled__C                     
0000f2d4  ti_sysbios_knl_Semaphore_Module__diagsIncluded__C                    
0000f2d8  ti_sysbios_knl_Semaphore_Module__diagsMask__C                        
0000f2dc  ti_sysbios_knl_Swi_Object__count__C                                  
0000f2e0  ti_sysbios_knl_Swi_numConstructedSwis__C                             
0000f2e4  ti_sysbios_knl_Task_E_spOutOfBounds__C                               
0000f2e8  ti_sysbios_knl_Task_E_stackOverflow__C                               
0000f2ec  ti_sysbios_knl_Task_Module_State_inactiveQ__O                        
0000f2f0  ti_sysbios_knl_Task_Object__count__C                                 
0000f2f4  ti_sysbios_knl_Task_Object__heap__C                                  
0000f2f8  ti_sysbios_knl_Task_allBlockedFunc__C                                
0000f2fc  ti_sysbios_knl_Task_numConstructedTasks__C                           
0000f300  ti_sysbios_utils_Load_Module_State_taskList__O                       
0000f304  ti_sysbios_utils_Load_Module__diagsEnabled__C                        
0000f308  ti_sysbios_utils_Load_Module__diagsIncluded__C                       
0000f30c  ti_sysbios_utils_Load_Module__diagsMask__C                           
0000f310  ti_sysbios_utils_Load_postUpdate__C                                  
0000f314  ti_sysbios_utils_Load_windowInMs__C                                  
0000f318  xdc_runtime_Assert_E_assertFailed__C                                 
0000f31c  xdc_runtime_Core_A_initializedParams__C                              
0000f320  xdc_runtime_Core_Module__diagsEnabled__C                             
0000f324  xdc_runtime_Core_Module__diagsIncluded__C                            
0000f328  xdc_runtime_Core_Module__diagsMask__C                                
0000f32c  xdc_runtime_Error_E_memory__C                                        
0000f330  xdc_runtime_Error_Module__diagsEnabled__C                            
0000f334  xdc_runtime_Error_Module__diagsIncluded__C                           
0000f338  xdc_runtime_Error_Module__diagsMask__C                               
0000f33c  xdc_runtime_Error_Module__loggerFxn8__C                              
0000f340  xdc_runtime_Error_Module__loggerObj__C                               
0000f344  xdc_runtime_Error_policyFxn__C                                       
0000f348  xdc_runtime_Error_raiseHook__C                                       
0000f34c  xdc_runtime_IFilterLogger_Interface__BASE__C                         
0000f350  xdc_runtime_IGateProvider_Interface__BASE__C                         
0000f354  xdc_runtime_IHeap_Interface__BASE__C                                 
0000f358  xdc_runtime_ILogger_Interface__BASE__C                               
0000f35c  xdc_runtime_IModule_Interface__BASE__C                               
0000f360  xdc_runtime_Log_L_error__C                                           
0000f364  xdc_runtime_LoggerBuf_E_badLevel__C                                  
0000f368  xdc_runtime_LoggerBuf_Module__gateObj__C                             
0000f36c  xdc_runtime_LoggerBuf_Object__count__C                               
0000f370  xdc_runtime_LoggerBuf_statusLogger__C                                
0000f374  xdc_runtime_Memory_defaultHeapInstance__C                            
0000f378  xdc_runtime_Startup_execImpl__C                                      
0000f37c  xdc_runtime_Startup_maxPasses__C                                     
0000f380  xdc_runtime_Startup_sfxnRts__C                                       
0000f384  xdc_runtime_Startup_sfxnTab__C                                       
0000f388  xdc_runtime_SysMin_bufSize__C                                        
0000f38c  xdc_runtime_SysMin_outputFunc__C                                     
0000f390  xdc_runtime_System_Module__gateObj__C                                
0000f394  xdc_runtime_System_abortFxn__C                                       
0000f398  xdc_runtime_System_exitFxn__C                                        
0000f39c  xdc_runtime_System_extendFxn__C                                      
0000f3a0  xdc_runtime_System_maxAtexitHandlers__C                              
0000f3a4  xdc_runtime_Text_charTab__C                                          
0000f3a8  xdc_runtime_Text_nameEmpty__C                                        
0000f3ac  xdc_runtime_Text_nameStatic__C                                       
0000f3b0  xdc_runtime_Text_nameUnknown__C                                      
0000f3b4  xdc_runtime_Text_nodeTab__C                                          
0000f3b8  xdc_runtime_Text_visitRopeFxn__C                                     
0000f3bc  ti_sysbios_family_arm_m3_Hwi_Module__id__C                           
0000f3be  ti_sysbios_gates_GateMutex_Module__id__C                             
0000f3c0  ti_sysbios_hal_Hwi_Module__id__C                                     
0000f3c2  ti_sysbios_heaps_HeapMem_Module__id__C                               
0000f3c4  ti_sysbios_knl_Semaphore_Module__id__C                               
0000f3c6  ti_sysbios_knl_Task_Module__id__C                                    
0000f3c8  ti_sysbios_utils_Load_Module__id__C                                  
0000f3ca  ti_sysbios_utils_Load_autoAddTasks__C                                
0000f3cc  ti_sysbios_utils_Load_updateInIdle__C                                
0000f3ce  xdc_runtime_Core_Module__id__C                                       
0000f3d0  xdc_runtime_Error_Module__loggerDefined__C                           
0000f3d2  xdc_runtime_Error_maxDepth__C                                        
0000f3d4  xdc_runtime_LoggerBuf_Module__id__C                                  
0000f3d6  xdc_runtime_LoggerBuf_filterByLevel__C                               
0000f3d8  xdc_runtime_Memory_Module__id__C                                     
0000f3da  xdc_runtime_SysMin_flushAtExit__C                                    
0000f3dc  xdc_runtime_Text_charCnt__C                                          
0000f3de  xdc_runtime_Text_isLoaded__C                                         
0000f3e0  xdc_runtime_Text_registryModsLastId__C                               
0000f3e2  xdc_runtime_Text_unnamedModsLastId__C                                
0000f3e8  __TI_static_base__                                                   
0000f790  __TI_Handler_Table_Base                                              
0000f79c  __TI_Handler_Table_Limit                                             
0000f7b0  __TI_CINIT_Base                                                      
0000f7c8  __TI_CINIT_Limit                                                     
20000000  ti_sysbios_family_arm_m3_Hwi_ramVectors                              
20000360  ti_sysbios_knl_Task_Instance_State_0_stack__A                        
20000760  ti_sysbios_knl_Task_Instance_State_1_stack__A                        
20000960  ti_sysbios_knl_Task_Instance_State_2_stack__A                        
20001960  ti_sysbios_knl_Task_Instance_State_3_stack__A                        
20001b60  ti_sysbios_knl_Task_Instance_State_4_stack__A                        
20002b60  ti_sysbios_knl_Task_Instance_State_5_stack__A                        
20002d60  ti_sysbios_knl_Task_Instance_State_6_stack__A                        
2000a068  gADCBuffer                                                           
2000b068  gWaveformBuffer                                                      
2000b868  xdc_runtime_LoggerBuf_Instance_State_0_entryArr__A                   
2000c068  ti_sysbios_heaps_HeapMem_Instance_State_0_buf__A                     
2000c468  ti_sysbios_family_arm_m3_Hwi_dispatchTable                           
2000c7c8  __CIOBUF_                                                            
2000c8e8  ti_sysbios_knl_Mailbox_Instance_State_0_allocBuf__A                  
2000c9e8  xdc_runtime_SysMin_Module_State_0_outbuf__A                          
2000ca68  sContext                                                             
2000caa8  parmbuf                                                              
2000cab0  rectFullScreen                                                       
2000cabc  ti_sysbios_family_arm_m3_Hwi_Instance_State_0_hookEnv__A             
2000cac0  ti_sysbios_family_arm_m3_Hwi_Instance_State_1_hookEnv__A             
2000cac4  ti_sysbios_family_arm_m3_Hwi_Instance_State_2_hookEnv__A             
2000cac8  ti_sysbios_family_arm_m3_Hwi_Instance_State_3_hookEnv__A             
2000cacc  ti_sysbios_knl_Swi_Instance_State_0_hookEnv__A                       
2000cad0  ti_sysbios_knl_Task_Instance_State_0_hookEnv__A                      
2000cad4  ti_sysbios_knl_Task_Instance_State_1_hookEnv__A                      
2000cad8  ti_sysbios_knl_Task_Instance_State_2_hookEnv__A                      
2000cadc  ti_sysbios_knl_Task_Instance_State_3_hookEnv__A                      
2000cae0  ti_sysbios_knl_Task_Instance_State_4_hookEnv__A                      
2000cae4  ti_sysbios_knl_Task_Instance_State_5_hookEnv__A                      
2000cae8  ti_sysbios_knl_Task_Instance_State_6_hookEnv__A                      
2000caec  timer0_elapsed                                                       
2000caf0  timer0_periods                                                       
2000caf4  Lcd_ScreenHeigth                                                     
2000caf6  Lcd_ScreenWidth                                                      
2000caf8  Lcd_TouchTrim                                                        
2000cafa  Lcd_FlagRead                                                         
2000cafb  Lcd_FontSolid                                                        
2000cafc  Lcd_Orientation                                                      
2000cafd  Lcd_PenSolid                                                         
2000cb00  Lcd_buffer                                                           
20014b00  gPWMWaveformTable                                                    
20014f00  ti_sysbios_knl_Task_Object__table__V                                 
20015130  ti_sysbios_utils_Load_Module_State_0_taskEnv__A                      
200151f4  ti_sysbios_utils_Load_Module__state__V                               
2001528c  ti_sysbios_knl_Swi_Module_State_0_readyQ__A                          
2001530c  ti_sysbios_knl_Task_Module_State_0_readyQ__A                         
2001538c  ti_sysbios_knl_Semaphore_Object__table__V                            
200153f0  ti_sysbios_family_arm_m3_Hwi_Object__table__V                        
20015450  ti_sysbios_knl_Mailbox_Object__table__V                              
200154a0  ti_sysbios_knl_Task_Module__state__V                                 
200154e4  ti_sysbios_family_arm_lm4_Timer_Module_State_0_device__A             
20015524  ti_sysbios_family_arm_lm4_Timer_Object__table__V                     
20015564  ti_sysbios_knl_Clock_Object__table__V                                
200155a4  gButtons                                                             
200155a8  gPhase                                                               
200155ac  gPhaseIncrement                                                      
200155b0  gDMAPrimary                                                          
200155b4  gCPULoad                                                             
200155b8  gFreq                                                                
200155c0  gSystemClock                                                         
200155c4  gADCBufferIndex                                                      
200155c8  gADCErrors                                                           
200155d0  gRising                                                              
200155d4  gTriggerIdx                                                          
200155d8  gVoltageScaleIdx                                                     
200155dc  mode                                                                 
200155e4  ti_sysbios_gates_GateMutex_Object__table__V                          
2001561c  ti_sysbios_family_arm_m3_Hwi_Module__state__V                        
20015650  ti_sysbios_knl_Swi_Object__table__V                                  
20015680  ti_sysbios_knl_Clock_Module__state__V                                
200156d0  ti_sysbios_BIOS_Module__state__V                                     
200156f4  xdc_runtime_LoggerBuf_Object__table__V                               
20015718  ti_sysbios_family_arm_lm4_Timer_Module_State_0_handles__A            
20015738  ti_sysbios_knl_Swi_Module__state__V                                  
20015754  ti_sysbios_heaps_HeapMem_Object__table__V                            
2001576c  ti_sysbios_family_arm_lm4_Timer_Module__state__V                     
20015778  xdc_runtime_SysMin_Module__state__V                                  
20015784  _lock                                                                
20015788  _unlock                                                              
2001578c  gJoystick                                                            
2001579c  ti_sysbios_family_arm_lm4_TimestampProvider_Module__state__V         
200157a4  ti_sysbios_gates_GateHwi_Module__root__V                             
200157ac  ti_sysbios_gates_GateMutex_Module__root__V                           
200157b4  ti_sysbios_heaps_HeapMem_Module__root__V                             
200157bc  ti_sysbios_knl_Queue_Module__root__V                                 
200157c4  ti_sysbios_knl_Semaphore_Module__root__V                             
200157cc  xdc_runtime_LoggerBuf_Module__root__V                                
200157d4  xdc_runtime_Registry_Module__state__V                                
200157dc  xdc_runtime_Startup_Module__state__V                                 
200157e4  xdc_runtime_System_Module_State_0_atexitHandlers__A                  
200157ec  xdc_runtime_System_Module__state__V                                  
200157f4  xdc_runtime_LoggerBuf_Module__state__V                               
200157fa  ti_sysbios_family_arm_m3_Hwi_Module_State_0_excActive__A             
200157fc  errno                                                                
20015800  main_func_sp                                                         
20015804  ti_sysbios_family_arm_m3_Hwi_Module_State_0_excContext__A            
20015808  ti_sysbios_family_arm_m3_Hwi_Module_State_0_excStack__A              
2001580c  ti_sysbios_gates_GateHwi_Object__table__V                            
20015810  ti_sysbios_knl_Task_Module_State_0_idleTask__A                       
20015814  ti_sysbios_utils_Load_Module_State_0_runningTask__A                  
20015818  ti_sysbios_utils_Load_Module_State_0_taskStartTime__A                
2001581c  xdc_runtime_Memory_Module__state__V                                  
20015820  xdc_runtime_Error_Module__state__V                                   
20015828  __stack                                                              
20015b28  __STACK_END                                                          
e000e000  ti_sysbios_family_arm_m3_Hwi_nvic                                    
ffffffff  __TI_pprof_out_hndl                                                  
ffffffff  __TI_prof_data_size                                                  
ffffffff  __TI_prof_data_start                                                 
ffffffff  __binit__                                                            
ffffffff  __c_args__                                                           
ffffffff  binit                                                                
UNDEFED   SHT$$INIT_ARRAY$$Base                                                
UNDEFED   SHT$$INIT_ARRAY$$Limit                                               

[805 symbols]
