******************************************************************************
                  TI ARM Linker PC v18.12.2                    
******************************************************************************
>> Linked Tue Nov 19 10:57:21 2019

OUTPUT FILE NAME:   <ece3849_lab2_kjsmith.out>
ENTRY POINT SYMBOL: "_c_int00"  address: 000087c1


MEMORY CONFIGURATION

         name            origin    length      used     unused   attr    fill
----------------------  --------  ---------  --------  --------  ----  --------
  FLASH                 00000000   00100000  0000d522  000f2ade  R  X
  SRAM                  20000000   00040000  000148e2  0002b71e  RW X


SEGMENT ALLOCATION MAP

run origin  load origin   length   init length attrs members
----------  ----------- ---------- ----------- ----- -------
00000000    00000000    0000d530   0000d530    r-x
  00000000    00000000    0000003c   0000003c    r-- .resetVecs
  00000040    00000040    0000aac2   0000aac2    r-x .text
  0000ab08    0000ab08    0000272c   0000272c    r-- .const
  0000d238    0000d238    000002f8   000002f8    r-- .cinit
20000000    20000000    000148e8   00000000    rw-
  20000000    20000000    00000360   00000000    rw- .vecs
  20000360    20000360    0000bb66   00000000    rw- .bss
  2000bec8    2000bec8    0000871c   00000000    rw- .data
  200145e8    200145e8    00000300   00000000    rw- .stack


SECTION ALLOCATION MAP

 output                                  attributes/
section   page    origin      length       input sections
--------  ----  ----------  ----------   ----------------
.text      0    00000040    0000aac2     
                  00000040    00000a4e     rtsv7M4_T_le_v4SPD16_eabi.lib : _printfi.c.obj (.text:__TI_printfi)
                  00000a8e    00000002                                   : _lock.c.obj (.text:_nop)
                  00000a90    00000738                                   : k_rem_pio2.c.obj (.text:__kernel_rem_pio2)
                  000011c8    000005dc                                   : s_cos.c.obj (.text:cos)
                  000017a4    000005c4                                   : s_sin.c.obj (.text:sin)
                  00001d68    00000430     sysbios.aem4f : BIOS.obj (.text:ti_sysbios_family_arm_m3_Hwi_excDumpRegs__I)
                  00002198    0000034c     ti.targets.arm.rtsarm.aem4f : System.oem4f (.text:xdc_runtime_System_doPrint__I)
                  000024e4    00000004     rtsv7M4_T_le_v4SPD16_eabi.lib : exit.c.obj (.text:abort:abort)
                  000024e8    000002a4     sysbios.aem4f : BIOS.obj (.text:ti_sysbios_knl_Semaphore_pend__E)
                  0000278c    00000004                   : BIOS.obj (.text:ti_sysbios_family_arm_lm4_Timer_masterEnable__I)
                  00002790    0000028e     kiss_fft.obj (.text:kf_bfly5)
                  00002a1e    00000002     rtsv7M4_T_le_v4SPD16_eabi.lib : div0.asm.obj (.text)
                  00002a20    00000270                                   : _printfi.c.obj (.text:_pconv_a)
                  00002c90    0000026c     sysbios.aem4f : BIOS.obj (.text:ti_sysbios_heaps_HeapMem_free__E)
                  00002efc    00000256     grlib.lib : string.obj (.text:GrFontGlyphRender)
                  00003152    00000006     driverlib.lib : gpio.obj (.text:GPIOPinRead)
                  00003158    00000250     sysbios.aem4f : BIOS.obj (.text:ti_sysbios_heaps_HeapMem_alloc__E)
                  000033a8    00000204     Boot.aem4f : Boot_sysctl.oem4f (.text:ti_catalog_arm_cortexm4_tiva_ce_Boot_sysCtlClockFreqSetI__I)
                  000035ac    00000004     ti.targets.arm.rtsarm.aem4f : Error.oem4f (.text:xdc_runtime_Error_getSite__E)
                  000035b0    000001f4     sysbios.aem4f : BIOS.obj (.text:ti_sysbios_family_arm_m3_Hwi_excHandlerMax__I)
                  000037a4    00000004     ti.targets.arm.rtsarm.aem4f : System.oem4f (.text:xdc_runtime_System_aprintf_va__F)
                  000037a8    000001f0     kiss_fft.obj (.text:kf_bfly4)
                  00003998    000001e0     main.obj (.text:task2_func)
                  00003b78    000001d0     rtsv7M4_T_le_v4SPD16_eabi.lib : _printfi.c.obj (.text:_pconv_g)
                  00003d48    000001cc     main.obj (.text:task4_func)
                  00003f14    000001b6     rtsv7M4_T_le_v4SPD16_eabi.lib : fd_add_t2.asm.obj (.text)
                  000040ca    00000006     driverlib.lib : gpio.obj (.text:GPIOPinWrite)
                  000040d0    000001b4     kiss_fft.obj (.text:kf_bfly3)
                  00004284    00000174     rtsv7M4_T_le_v4SPD16_eabi.lib : k_sin.c.obj (.text:__kernel_sin)
                  000043f8    00000174     main.obj (.text:task0_func)
                  0000456c    00000004     ti.targets.arm.rtsarm.aem4f : System.oem4f (.text:xdc_runtime_System_printf_va__F)
                  00004570    00000174     sysbios.aem4f : BIOS.obj (.text:ti_sysbios_family_arm_m3_Hwi_excBusFault__I)
                  000046e4    0000016c     rtsv7M4_T_le_v4SPD16_eabi.lib : k_cos.c.obj (.text:__kernel_cos)
                  00004850    00000164     sysbios.aem4f : BIOS.obj (.text:ti_sysbios_family_arm_m3_Hwi_excUsageFault__I)
                  000049b4    0000015c     rtsv7M4_T_le_v4SPD16_eabi.lib : e_log10f.c.obj (.text:log10f)
                  00004b10    00000158     buttons.obj (.text:PeripheralInit)
                  00004c68    00000158     rtsv7M4_T_le_v4SPD16_eabi.lib : e_sqrt.c.obj (.text:sqrt)
                  00004dc0    00000148     sysbios.aem4f : BIOS.obj (.text:ti_sysbios_family_arm_m3_Hwi_excMemFault__I)
                  00004f08    0000013c     rtsv7M4_T_le_v4SPD16_eabi.lib : _printfi.c.obj (.text:_pconv_e)
                  00005044    00000004     --HOLE-- [fill = 0]
                  00005048    0000013c     sysbios.aem4f : BIOS.obj (.text:ti_sysbios_heaps_HeapMem_Instance_init__E)
                  00005184    00000136     rtsv7M4_T_le_v4SPD16_eabi.lib : fd_div_t2.asm.obj (.text)
                  000052ba    00000130     driverlib.lib : gpio.obj (.text:GPIOPadConfigSet)
                  000053ea    00000002     --HOLE-- [fill = 0]
                  000053ec    00000124     rtsv7M4_T_le_v4SPD16_eabi.lib : _printfi.c.obj (.text:fcvt)
                  00005510    00000118     ti.targets.arm.rtsarm.aem4f : Error.oem4f (.text:xdc_runtime_Error_policyDefault__E)
                  00005628    00000110     rtsv7M4_T_le_v4SPD16_eabi.lib : s_scalbn.c.obj (.text:scalbn)
                  00005738    00000110     main.obj (.text:task3_func)
                  00005848    00000108     sysbios.aem4f : BIOS.obj (.text:ti_sysbios_family_arm_lm4_Timer_start__E)
                  00005950    00000106     grlib.lib : line.obj (.text:GrLineDraw)
                  00005a56    00000002     --HOLE-- [fill = 0]
                  00005a58    00000100     ti.targets.arm.rtsarm.aem4f : Core-mem.oem4f (.text:xdc_runtime_Core_createObject__I)
                  00005b58    000000fc     kiss_fft.obj (.text:kf_bfly_generic)
                  00005c54    000000fc     rtsv7M4_T_le_v4SPD16_eabi.lib : fd_mul_t2.asm.obj (.text)
                  00005d50    000000fc     rtos_pem4f.oem4f (.text:xdc_runtime_System_printfExtend__I)
                  00005e4c    000000f8     rtsv7M4_T_le_v4SPD16_eabi.lib : s_floor.c.obj (.text:floor)
                  00005f44    000000f8     ti.targets.arm.rtsarm.aem4f : Startup.oem4f (.text:xdc_runtime_Startup_startMods__I)
                  0000603c    000000f4     sysbios.aem4f : m3_Hwi_asm.obj (.text:ti_sysbios_family_arm_m3_Hwi_dispatch__I)
                  00006130    000000ec                   : BIOS.obj (.text:ti_sysbios_knl_Semaphore_post__E)
                  0000621c    00000004     --HOLE-- [fill = 0]
                  00006220    000000e2     kiss_fft.obj (.text:kf_work)
                  00006302    00000006     grlib.lib : string.obj (.text:GrContextFontSet)
                  00006308    000000dc     Crystalfontz128x128_ST7735.obj (.text:Crystalfontz128x128_PixelDrawMultiple)
                  000063e4    00000004     --HOLE-- [fill = 0]
                  000063e8    000000d8     sysbios.aem4f : BIOS.obj (.text:ti_sysbios_family_arm_lm4_TimestampProvider_get32__E)
                  000064c0    000000d4     buttons.obj (.text:ButtonReadJoystick)
                  00006594    00000004     --HOLE-- [fill = 0]
                  00006598    000000cc     kiss_fft.obj (.text:kiss_fft_alloc)
                  00006664    000000cc     ti.targets.arm.rtsarm.aem4f : Core-smem.oem4f (.text:xdc_runtime_Core_constructObject__I)
                  00006730    000000c4     grlib.lib : string.obj (.text:GrDefaultStringRenderer)
                  000067f4    00000004     --HOLE-- [fill = 0]
                  000067f8    000000c4     main.obj (.text:task1_func)
                  000068bc    000000c0     grlib.lib : line.obj (.text:GrLineClip)
                  0000697c    00000004     --HOLE-- [fill = 0]
                  00006980    000000bc     Crystalfontz128x128_ST7735.obj (.text:Crystalfontz128x128_Init)
                  00006a3c    00000004     --HOLE-- [fill = 0]
                  00006a40    000000bc     sysbios.aem4f : BIOS.obj (.text:ti_sysbios_family_arm_m3_Hwi_excDebugMon__I)
                  00006afc    00000004     --HOLE-- [fill = 0]
                  00006b00    000000bc                   : BIOS.obj (.text:ti_sysbios_family_arm_m3_Hwi_excHardFault__I)
                  00006bbc    000000b4     rtsv7M4_T_le_v4SPD16_eabi.lib : s_cosf.c.obj (.text:cosf)
                  00006c70    000000b4     sysbios.aem4f : BIOS.obj (.text:ti_sysbios_gates_GateMutex_enter__E)
                  00006d24    00000004     --HOLE-- [fill = 0]
                  00006d28    000000b4                   : BIOS.obj (.text:ti_sysbios_knl_Task_checkStacks__E)
                  00006ddc    000000b1     rtsv7M4_T_le_v4SPD16_eabi.lib : _printfi.c.obj (.text:_ltostr)
                  00006e8d    00000003     --HOLE-- [fill = 0]
                  00006e90    000000ac     sysbios.aem4f : BIOS.obj (.text:ti_sysbios_family_arm_lm4_Timer_enableTiva__I)
                  00006f3c    000000a0     auto_init.aem4f : auto_init.oem4f (.text)
                  00006fdc    000000a0     ti.targets.arm.rtsarm.aem4f : Text.oem4f (.text:xdc_runtime_Text_putMod__E)
                  0000707c    00000004     --HOLE-- [fill = 0]
                  00007080    0000009c     Crystalfontz128x128_ST7735.obj (.text:Crystalfontz128x128_SetDrawFrame)
                  0000711c    0000009c     rtsv7M4_T_le_v4SPD16_eabi.lib : memcpy_t2.asm.obj (.text)
                  000071b8    0000009c     sysbios.aem4f : BIOS.obj (.text:ti_sysbios_knl_Semaphore_Instance_init__E)
                  00007254    0000009a     ti.targets.arm.rtsarm.aem4f : Text.oem4f (.text:xdc_runtime_Text_putSite__E)
                  000072ee    00000002     --HOLE-- [fill = 0]
                  000072f0    00000098     Boot.aem4f : Boot.oem4f (.text:ti_catalog_arm_cortexm4_tiva_ce_Boot_sysCtlClockFreqSet__E)
                  00007388    00000096     rtsv7M4_T_le_v4SPD16_eabi.lib : ull_div_t2.asm.obj (.text)
                  0000741e    00000002     --HOLE-- [fill = 0]
                  00007420    00000094     sysbios.aem4f : BIOS.obj (.text:ti_sysbios_family_arm_m3_Hwi_initNVIC__E)
                  000074b4    0000008c                   : m3_TaskSupport_asm.obj (.text:ti_sysbios_family_arm_m3_TaskSupport_buildTaskStack)
                  00007540    0000008c                   : BIOS.obj (.text:ti_sysbios_knl_Task_postInit__I)
                  000075cc    00000004     --HOLE-- [fill = 0]
                  000075d0    00000088     sampling.obj (.text:findTrigger)
                  00007658    00000088     sysbios.aem4f : BIOS.obj (.text:ti_sysbios_knl_Mailbox_post__E)
                  000076e0    00000086     grlib.lib : rectangle.obj (.text:GrRectFill)
                  00007766    00000086     rtsv7M4_T_le_v4SPD16_eabi.lib : fd_cmp_t2.asm.obj (.text:__aeabi_cdcmple)
                  000077ec    00000086                                   : fd_cmp_t2.asm.obj (.text:__aeabi_cdrcmple)
                  00007872    00000006     driverlib.lib : sysctl.obj (.text:SysCtlDelay)
                  00007878    00000084     sysbios.aem4f : BIOS.obj (.text:ti_sysbios_family_arm_m3_Hwi_postInit__I)
                  000078fc    00000004     --HOLE-- [fill = 0]
                  00007900    00000080     Crystalfontz128x128_ST7735.obj (.text:Crystalfontz128x128_RectFill)
                  00007980    00000080     rtsv7M4_T_le_v4SPD16_eabi.lib : s_floorf.c.obj (.text:floorf)
                  00007a00    00000080     kiss_fft.obj (.text:kf_bfly2)
                  00007a80    0000007a     driverlib.lib : adc.obj (.text:ADCSequenceStepConfigure)
                  00007afa    0000007a     rtsv7M4_T_le_v4SPD16_eabi.lib : memset_t2.asm.obj (.text)
                  00007b74    00000004     --HOLE-- [fill = 0]
                  00007b78    00000078     HAL_EK_TM4C1294XL_Crystalfontz128x128_ST7735.obj (.text:HAL_LCD_PortInit)
                  00007bf0    00000078     HAL_EK_TM4C1294XL_Crystalfontz128x128_ST7735.obj (.text:HAL_LCD_SpiInit)
                  00007c68    00000074     sysbios.aem4f : BIOS.obj (.text:ti_sysbios_knl_Mailbox_pend__E)
                  00007cdc    00000004     --HOLE-- [fill = 0]
                  00007ce0    00000070                   : BIOS.obj (.text:ti_sysbios_knl_Clock_workFunc__E)
                  00007d50    00000070                   : BIOS.obj (.text:ti_sysbios_knl_Task_exit__E)
                  00007dc0    0000006e     rtsv7M4_T_le_v4SPD16_eabi.lib : _printfi.c.obj (.text:_mcpy)
                  00007e2e    0000006e                                   : s_roundf.c.obj (.text:roundf)
                  00007e9c    0000006e                                   : fd_tos_t2.asm.obj (.text)
                  00007f0a    00000002     --HOLE-- [fill = 0]
                  00007f0c    0000006d     ti.targets.arm.rtsarm.aem4f : System.oem4f (.text:xdc_runtime_System_formatNum__I)
                  00007f79    00000001     --HOLE-- [fill = 0]
                  00007f7a    00000006                                 : System.oem4f (.text:xdc_runtime_System_Module_startup__E)
                  00007f80    0000006c     kiss_fft.obj (.text:kf_factor)
                  00007fec    00000004     --HOLE-- [fill = 0]
                  00007ff0    0000006c     sysbios.aem4f : BIOS.obj (.text:ti_sysbios_knl_Swi_restoreHwi__E)
                  0000805c    0000006c     ti.targets.arm.rtsarm.aem4f : Error.oem4f (.text:xdc_runtime_Error_print__E)
                  000080c8    0000006c                                 : Memory.oem4f (.text:xdc_runtime_Memory_alloc__E)
                  00008134    00000068     grlib.lib : context.obj (.text:GrContextInit)
                  0000819c    00000068     rtsv7M4_T_le_v4SPD16_eabi.lib : copy_decompress_lzss.c.obj (.text:decompress:lzss:__TI_decompress_lzss)
                  00008204    00000004     --HOLE-- [fill = 0]
                  00008208    00000068     main.obj (.text:main)
                  00008270    00000066     ti.targets.arm.rtsarm.aem4f : Core-mem.oem4f (.text:xdc_runtime_Core_deleteObject__I)
                  000082d6    00000002     --HOLE-- [fill = 0]
                  000082d8    00000064     rtsv7M4_T_le_v4SPD16_eabi.lib : s_frexp.c.obj (.text:frexp)
                  0000833c    00000004     --HOLE-- [fill = 0]
                  00008340    00000064     sysbios.aem4f : BIOS.obj (.text:ti_sysbios_family_arm_lm4_Timer_Module_startup__E)
                  000083a4    00000004     --HOLE-- [fill = 0]
                  000083a8    00000064                   : BIOS.obj (.text:ti_sysbios_family_arm_m3_Hwi_dispatchC__I)
                  0000840c    00000004     --HOLE-- [fill = 0]
                  00008410    00000060     buttons.obj (.text:ButtonDebounce)
                  00008470    00000060     sysbios.aem4f : BIOS.obj (.text:ti_sysbios_knl_Task_schedule__I)
                  000084d0    0000005c     kiss_fft.obj (.text:kiss_fft_stride)
                  0000852c    00000004     --HOLE-- [fill = 0]
                  00008530    0000005c     sysbios.aem4f : BIOS.obj (.text:ti_sysbios_knl_Swi_run__I)
                  0000858c    00000004     --HOLE-- [fill = 0]
                  00008590    0000005c                   : BIOS.obj (.text:ti_sysbios_knl_Swi_schedule__I)
                  000085ec    00000004     --HOLE-- [fill = 0]
                  000085f0    0000005c                   : BIOS.obj (.text:ti_sysbios_knl_Task_Module_startup__E)
                  0000864c    00000004     --HOLE-- [fill = 0]
                  00008650    0000005c                   : BIOS.obj (.text:ti_sysbios_knl_Task_startCore__E)
                  000086ac    0000005b     ti.targets.arm.rtsarm.aem4f : Text.oem4f (.text:xdc_runtime_Text_putLab__E)
                  00008707    00000001     --HOLE-- [fill = 0]
                  00008708    0000005a     grlib.lib : string.obj (.text:FontWideGlyphDataGet)
                  00008762    00000006     --HOLE-- [fill = 0]
                  00008768    00000058     buttons.obj (.text:ButtonAutoRepeat)
                  000087c0    00000058     boot.aem4f : boot.oem4f (.text)
                  00008818    00000058     rtsv7M4_T_le_v4SPD16_eabi.lib : hostwrite.c.obj (.text:HOSTwrite)
                  00008870    00000058     sampling.obj (.text:scale_voltage)
                  000088c8    00000058     sysbios.aem4f : m3_Hwi_asm_switch.obj (.text:ti_sysbios_family_arm_m3_Hwi_initStacks__E)
                  00008920    00000056     rtsv7M4_T_le_v4SPD16_eabi.lib : _printfi.c.obj (.text:_pconv_f)
                  00008976    00000054                                   : ltoa.c.obj (.text:ltoa)
                  000089ca    00000006     --HOLE-- [fill = 0]
                  000089d0    00000054     main.obj (.text:m3Hwi0_int)
                  00008a24    00000004     --HOLE-- [fill = 0]
                  00008a28    00000054     sysbios.aem4f : BIOS.obj (.text:ti_sysbios_family_arm_lm4_Timer_initDevice__I)
                  00008a7c    00000054     ti.targets.arm.rtsarm.aem4f : Assert.oem4f (.text:xdc_runtime_Assert_raise__I)
                  00008ad0    00000052     rtsv7M4_T_le_v4SPD16_eabi.lib : _printfi.c.obj (.text:_ecpy)
                  00008b22    00000002     --HOLE-- [fill = 0]
                  00008b24    00000050     Boot.aem4f : Boot_sysctl.oem4f (.text:_SysCtlFrequencyGet)
                  00008b74    00000004     --HOLE-- [fill = 0]
                  00008b78    00000050     sysbios.aem4f : BIOS.obj (.text:ti_sysbios_family_arm_m3_Hwi_Module_startup__E)
                  00008bc8    00000050     ti.targets.arm.rtsarm.aem4f : Startup.oem4f (.text:xdc_runtime_Startup_exec__E)
                  00008c18    00000050                                 : Text.oem4f (.text:xdc_runtime_Text_visitRope2__I)
                  00008c68    0000004c     rtsv7M4_T_le_v4SPD16_eabi.lib : atoi.c.obj (.text:atoi)
                  00008cb4    0000004c                                   : cpy_tbl.c.obj (.text:copy_in)
                  00008d00    0000004c                                   : snprintf.c.obj (.text:snprintf)
                  00008d4c    00000004     --HOLE-- [fill = 0]
                  00008d50    0000004c     sysbios.aem4f : BIOS.obj (.text:ti_sysbios_heaps_HeapMem_getStats__E)
                  00008d9c    00000004     --HOLE-- [fill = 0]
                  00008da0    0000004c                   : BIOS.obj (.text:ti_sysbios_knl_Swi_runLoop__I)
                  00008dec    00000004     --HOLE-- [fill = 0]
                  00008df0    0000004c                   : BIOS.obj (.text:ti_sysbios_knl_Task_allBlockedFunction__I)
                  00008e3c    0000004a     grlib.lib : string.obj (.text:UpdateContextCharMapping)
                  00008e86    00000002     --HOLE-- [fill = 0]
                  00008e88    00000048     driverlib.lib : gpio.obj (.text:GPIOPinConfigure)
                  00008ed0    00000048     HAL_EK_TM4C1294XL_Crystalfontz128x128_ST7735.obj (.text:HAL_LCD_writeCommand)
                  00008f18    00000048     sysctl_pll.obj (.text:SysCtlFrequencyGet)
                  00008f60    00000048     rtsv7M4_T_le_v4SPD16_eabi.lib : fd_toi_t2.asm.obj (.text)
                  00008fa8    00000048     sysbios.aem4f : BIOS.obj (.text:ti_sysbios_family_arm_lm4_Timer_enableTimers__I)
                  00008ff0    00000048                   : BIOS.obj (.text:ti_sysbios_family_arm_m3_Hwi_disableInterrupt__E)
                  00009038    00000048                   : BIOS.obj (.text:ti_sysbios_family_arm_m3_Hwi_enableInterrupt__E)
                  00009080    00000048                   : BIOS.obj (.text:ti_sysbios_family_arm_m3_Hwi_excReserved__I)
                  000090c8    00000048                   : BIOS.obj (.text:ti_sysbios_knl_Mailbox_Module_startup__E)
                  00009110    00000046     grlib.lib : line.obj (.text:GrLineDrawH)
                  00009156    00000046               : line.obj (.text:GrLineDrawV)
                  0000919c    00000046     ti.targets.arm.rtsarm.aem4f : Core-params.oem4f (.text:xdc_runtime_Core_assignParams__I)
                  000091e2    00000006     --HOLE-- [fill = 0]
                  000091e8    00000044     Crystalfontz128x128_ST7735.obj (.text:Crystalfontz128x128_SetOrientation)
                  0000922c    00000004     --HOLE-- [fill = 0]
                  00009230    00000044     sysbios.aem4f : BIOS.obj (.text:ti_sysbios_family_arm_lm4_Timer_isrStub__E)
                  00009274    00000004     --HOLE-- [fill = 0]
                  00009278    00000044                   : BIOS.obj (.text:ti_sysbios_family_arm_m3_Hwi_getStackInfo__E)
                  000092bc    00000004     --HOLE-- [fill = 0]
                  000092c0    00000044                   : BIOS.obj (.text:ti_sysbios_knl_Swi_post__E)
                  00009304    00000044     ti.targets.arm.rtsarm.aem4f : Error.oem4f (.text:xdc_runtime_Error_setX__E)
                  00009348    00000044                                 : SysMin.oem4f (.text:xdc_runtime_SysMin_flush__E)
                  0000938c    00000044                                 : Text.oem4f (.text:xdc_runtime_Text_xprintf__I)
                  000093d0    00000040     Crystalfontz128x128_ST7735.obj (.text:Crystalfontz128x128_LineDrawH)
                  00009410    00000040     rtsv7M4_T_le_v4SPD16_eabi.lib : u_divt2.asm.obj (.text)
                  00009450    00000040     sysbios.aem4f : BIOS.obj (.text:ti_sysbios_family_arm_lm4_Timer_startup__E)
                  00009490    0000003e     driverlib.lib : adc.obj (.text:ADCSequenceConfigure)
                  000094ce    0000003e     rtsv7M4_T_le_v4SPD16_eabi.lib : _printfi.c.obj (.text:_fcpy)
                  0000950c    0000003c     driverlib.lib : ssi.obj (.text:SSIConfigSetExpClk)
                  00009548    0000003c     sysbios.aem4f : BIOS.obj (.text:ti_sysbios_family_arm_m3_Hwi_excSvCall__I)
                  00009584    00000004     --HOLE-- [fill = 0]
                  00009588    0000003c                   : BIOS.obj (.text:ti_sysbios_heaps_HeapMem_init__I)
                  000095c4    00000004     --HOLE-- [fill = 0]
                  000095c8    0000003c                   : BIOS.obj (.text:ti_sysbios_knl_Swi_restore__E)
                  00009604    0000003a     grlib.lib : string.obj (.text:FontGlyphDataGet)
                  0000963e    00000002     --HOLE-- [fill = 0]
                  00009640    00000038     Crystalfontz128x128_ST7735.obj (.text:Crystalfontz128x128_Flush)
                  00009678    00000038     rtsv7M4_T_le_v4SPD16_eabi.lib : trgmsg.c.obj (.text:__TI_writemsg)
                  000096b0    00000038                                   : fs_tod_t2.asm.obj (.text)
                  000096e8    00000038     sysbios.aem4f : BIOS.obj (.text:ti_sysbios_family_arm_m3_Hwi_excNoIsr__I)
                  00009720    00000038                   : BIOS.obj (.text:ti_sysbios_knl_Task_processVitalTaskFlag__I)
                  00009758    00000038     ti.targets.arm.rtsarm.aem4f : SysMin.oem4f (.text:xdc_runtime_SysMin_putch__E)
                  00009790    00000038                                 : System.oem4f (.text:xdc_runtime_System_atexit__E)
                  000097c8    00000036     grlib.lib : line.obj (.text:GrClipCodeGet)
                  000097fe    00000002     --HOLE-- [fill = 0]
                  00009800    00000034     driverlib.lib : sysctl.obj (.text:SysCtlPeripheralEnable)
                  00009834    00000034     rtsv7M4_T_le_v4SPD16_eabi.lib : trgmsg.c.obj (.text:__TI_readmsg)
                  00009868    00000034     sysbios.aem4f : BIOS.obj (.text:ti_sysbios_family_arm_m3_Hwi_excNmi__I)
                  0000989c    00000004     --HOLE-- [fill = 0]
                  000098a0    00000034                   : BIOS.obj (.text:ti_sysbios_hal_Hwi_checkStack)
                  000098d4    00000034     ti.targets.arm.rtsarm.aem4f : Core-label.oem4f (.text:xdc_runtime_Core_assignLabel__I)
                  00009908    00000033                                 : Text.oem4f (.text:xdc_runtime_Text_printVisFxn__I)
                  0000993b    00000005     --HOLE-- [fill = 0]
                  00009940    00000032     sysbios.aem4f : BIOS.obj (.text:ti_sysbios_hal_Hwi_initStack)
                  00009972    00000030     rtsv7M4_T_le_v4SPD16_eabi.lib : snprintf.c.obj (.text:_outs)
                  000099a2    00000006     --HOLE-- [fill = 0]
                  000099a8    00000030     rtos_pem4f.oem4f (.text:ti_sysbios_BIOS_atExitFunc__I)
                  000099d8    00000030     sysbios.aem4f : BIOS.obj (.text:ti_sysbios_family_arm_lm4_Timer_stop__E)
                  00009a08    00000030                   : BIOS.obj (.text:ti_sysbios_family_arm_m3_TaskSupport_start__E)
                  00009a38    00000030     rtos_pem4f.oem4f (.text:ti_sysbios_gates_GateHwi_Object__create__S)
                  00009a68    00000030     rtos_pem4f.oem4f (.text:ti_sysbios_gates_GateMutex_Object__create__S)
                  00009a98    00000030     rtos_pem4f.oem4f (.text:ti_sysbios_heaps_HeapMem_Object__create__S)
                  00009ac8    00000030     sysbios.aem4f : BIOS.obj (.text:ti_sysbios_knl_Mailbox_postInit__I)
                  00009af8    00000030     rtos_pem4f.oem4f (.text:ti_sysbios_knl_Semaphore_construct)
                  00009b28    00000030     sysbios.aem4f : BIOS.obj (.text:ti_sysbios_knl_Semaphore_pendTimeout__I)
                  00009b58    00000030                   : BIOS.obj (.text:ti_sysbios_knl_Task_unblockI__E)
                  00009b88    00000030     ti.targets.arm.rtsarm.aem4f : SysMin.oem4f (.text:xdc_runtime_SysMin_abort__E)
                  00009bb8    00000030                                 : System.oem4f (.text:xdc_runtime_System_processAtExit__E)
                  00009be8    0000002e     driverlib.lib : adc.obj (.text:ADCIntStatus)
                  00009c16    0000002e     grlib.lib : string.obj (.text:GrStringNextCharGet)
                  00009c44    00000004     --HOLE-- [fill = 0]
                  00009c48    0000002e     rtos_pem4f.oem4f (.text:malloc)
                  00009c76    0000002e     rtsv7M4_T_le_v4SPD16_eabi.lib : i_tofd_t2.asm.obj (.text)
                  00009ca4    00000004     --HOLE-- [fill = 0]
                  00009ca8    0000002c     rtos_pem4f.oem4f (.text:ti_sysbios_knl_Clock_doTick__I)
                  00009cd4    00000004     --HOLE-- [fill = 0]
                  00009cd8    0000002c     rtos_pem4f.oem4f (.text:ti_sysbios_knl_Queue_construct)
                  00009d04    00000004     --HOLE-- [fill = 0]
                  00009d08    0000002c     sysbios.aem4f : BIOS.obj (.text:ti_sysbios_knl_Task_restore__E)
                  00009d34    0000002c     ti.targets.arm.rtsarm.aem4f : Text.oem4f (.text:xdc_runtime_Text_cordText__E)
                  00009d60    0000002a     driverlib.lib : gpio.obj (.text:GPIODirModeSet)
                  00009d8a    0000002a     ti.targets.arm.rtsarm.aem4f : System.oem4f (.text:xdc_runtime_System_putchar__I)
                  00009db4    00000028     rtsv7M4_T_le_v4SPD16_eabi.lib : e_sqrtf.c.obj (.text:sqrtf)
                  00009ddc    00000004     --HOLE-- [fill = 0]
                  00009de0    00000028     sysbios.aem4f : BIOS.obj (.text:ti_sysbios_knl_Clock_addI__E)
                  00009e08    00000028                   : BIOS.obj (.text:ti_sysbios_knl_Swi_Module_startup__E)
                  00009e30    00000026     grlib.lib : string.obj (.text:GrFontInfoGet)
                  00009e56    00000026     sysbios.aem4f : m3_Hwi_asm.obj (.text:ti_sysbios_family_arm_m3_Hwi_pendSV__I)
                  00009e7c    00000026     ti.targets.arm.rtsarm.aem4f : System.oem4f (.text:xdc_runtime_System_avprintf__E)
                  00009ea2    00000006     --HOLE-- [fill = 0]
                  00009ea8    00000024     rtos_pem4f.oem4f (.text:ti_sysbios_BIOS_errorRaiseHook__I)
                  00009ecc    00000004     --HOLE-- [fill = 0]
                  00009ed0    00000024     rtos_pem4f.oem4f (.text:ti_sysbios_BIOS_registerRTSLock__I)
                  00009ef4    00000004     --HOLE-- [fill = 0]
                  00009ef8    00000024     rtos_pem4f.oem4f (.text:ti_sysbios_BIOS_removeRTSLock__I)
                  00009f1c    00000004     --HOLE-- [fill = 0]
                  00009f20    00000024     rtos_pem4f.oem4f (.text:ti_sysbios_BIOS_startFunc__I)
                  00009f44    00000004     --HOLE-- [fill = 0]
                  00009f48    00000024     rtos_pem4f.oem4f (.text:ti_sysbios_gates_GateMutex_Object__delete__S)
                  00009f6c    00000004     --HOLE-- [fill = 0]
                  00009f70    00000024     sysbios.aem4f : BIOS.obj (.text:ti_sysbios_knl_Clock_Module_startup__E)
                  00009f94    00000004     --HOLE-- [fill = 0]
                  00009f98    00000024                   : BIOS.obj (.text:ti_sysbios_knl_Task_restoreHwi__E)
                  00009fbc    00000024     ti.targets.arm.rtsarm.aem4f : System.oem4f (.text:xdc_runtime_System_vprintf__E)
                  00009fe0    00000022     grlib.lib : string.obj (.text:GrFontGlyphDataGet)
                  0000a002    00000006     --HOLE-- [fill = 0]
                  0000a008    00000022     sysbios.aem4f : BIOS.obj (.text:ti_sysbios_family_arm_lm4_Timer_write__I)
                  0000a02a    00000006     --HOLE-- [fill = 0]
                  0000a030    00000022     rtos_pem4f.oem4f (.text:xdc_runtime_SysMin_output__I)
                  0000a052    00000002     --HOLE-- [fill = 0]
                  0000a054    00000020     Boot.aem4f : Boot_sysctl.oem4f (.text:_SysCtlMemTimingGet)
                  0000a074    00000020     rtsv7M4_T_le_v4SPD16_eabi.lib : u_tofd_t2.asm.obj (.text)
                  0000a094    00000004     --HOLE-- [fill = 0]
                  0000a098    00000020     rtos_pem4f.oem4f (.text:ti_sysbios_BIOS_rtsLock__I)
                  0000a0b8    00000020     sysbios.aem4f : m3_Hwi_asm.obj (.text:ti_sysbios_family_arm_m3_Hwi_excHandlerAsm__I)
                  0000a0d8    00000020                   : BIOS.obj (.text:ti_sysbios_family_arm_m3_Hwi_excHandler__I)
                  0000a0f8    00000020     rtos_pem4f.oem4f (.text:ti_sysbios_gates_GateHwi_Object__delete__S)
                  0000a118    00000020     rtos_pem4f.oem4f (.text:ti_sysbios_heaps_HeapMem_Object__delete__S)
                  0000a138    00000020     sysbios.aem4f : BIOS.obj (.text:ti_sysbios_knl_Idle_run__E)
                  0000a158    00000020     rtos_pem4f.oem4f (.text:ti_sysbios_knl_Semaphore_Object__destruct__S)
                  0000a178    00000020     ti.targets.arm.rtsarm.aem4f : Registry.oem4f (.text:xdc_runtime_Registry_findById__E)
                  0000a198    00000020                                 : SysMin.oem4f (.text:xdc_runtime_SysMin_Module_startup__E)
                  0000a1b8    0000001e     driverlib.lib : adc.obj (.text:ADCSequenceDataGet)
                  0000a1d6    00000002     --HOLE-- [fill = 0]
                  0000a1d8    0000001e     Crystalfontz128x128_ST7735.obj (.text:Crystalfontz128x128_ColorTranslate)
                  0000a1f6    0000001e     grlib.lib : string.obj (.text:GrFontCodepageGet)
                  0000a214    0000001e     sysbios.aem4f : m3_Hwi_asm_switch.obj (.text:ti_sysbios_family_xxx_Hwi_switchAndRunFunc)
                  0000a232    00000006     --HOLE-- [fill = 0]
                  0000a238    0000001c     Crystalfontz128x128_ST7735.obj (.text:Crystalfontz128x128_LineDrawV)
                  0000a254    0000001c     rtsv7M4_T_le_v4SPD16_eabi.lib : memccpy.c.obj (.text:memccpy)
                  0000a270    0000001c     sysbios.aem4f : BIOS.obj (.text:ti_sysbios_gates_GateMutex_Instance_init__E)
                  0000a28c    00000004     --HOLE-- [fill = 0]
                  0000a290    0000001c     rtos_pem4f.oem4f (.text:ti_sysbios_knl_Queue_Object__destruct__S)
                  0000a2ac    00000004     --HOLE-- [fill = 0]
                  0000a2b0    0000001c     sysbios.aem4f : BIOS.obj (.text:ti_sysbios_knl_Queue_get__E)
                  0000a2cc    00000004     --HOLE-- [fill = 0]
                  0000a2d0    0000001c                   : BIOS.obj (.text:ti_sysbios_knl_Queue_put__E)
                  0000a2ec    00000004     --HOLE-- [fill = 0]
                  0000a2f0    0000001c                   : BIOS.obj (.text:ti_sysbios_knl_Task_enter__I)
                  0000a30c    0000001c     ti.targets.arm.rtsarm.aem4f : Error.oem4f (.text:xdc_runtime_Error_raiseX__E)
                  0000a328    0000001c                                 : Memory.oem4f (.text:xdc_runtime_Memory_valloc__E)
                  0000a344    0000001c                                 : SysMin.oem4f (.text:xdc_runtime_SysMin_exit__E)
                  0000a360    0000001c                                 : System.oem4f (.text:xdc_runtime_System_abort__E)
                  0000a37c    0000001a     rtsv7M4_T_le_v4SPD16_eabi.lib : s_copysign.c.obj (.text:copysign)
                  0000a396    00000002     --HOLE-- [fill = 0]
                  0000a398    0000001a     rtos_pem4f.oem4f (.text:free)
                  0000a3b2    00000006     --HOLE-- [fill = 0]
                  0000a3b8    0000001a     rtos_pem4f.oem4f (.text:ti_sysbios_family_arm_m3_Hwi_Handle__label__S)
                  0000a3d2    00000006     --HOLE-- [fill = 0]
                  0000a3d8    0000001a     rtos_pem4f.oem4f (.text:ti_sysbios_gates_GateHwi_Handle__label__S)
                  0000a3f2    00000006     --HOLE-- [fill = 0]
                  0000a3f8    0000001a     rtos_pem4f.oem4f (.text:ti_sysbios_gates_GateMutex_Handle__label__S)
                  0000a412    00000006     --HOLE-- [fill = 0]
                  0000a418    0000001a     rtos_pem4f.oem4f (.text:ti_sysbios_heaps_HeapMem_Handle__label__S)
                  0000a432    00000006     --HOLE-- [fill = 0]
                  0000a438    0000001a     rtos_pem4f.oem4f (.text:ti_sysbios_knl_Swi_Handle__label__S)
                  0000a452    00000006     --HOLE-- [fill = 0]
                  0000a458    0000001a     rtos_pem4f.oem4f (.text:ti_sysbios_knl_Task_Handle__label__S)
                  0000a472    00000006     --HOLE-- [fill = 0]
                  0000a478    0000001a     rtos_pem4f.oem4f (.text:xdc_runtime_System_aprintf__E)
                  0000a492    00000006     --HOLE-- [fill = 0]
                  0000a498    0000001a     rtos_pem4f.oem4f (.text:xdc_runtime_System_printf__E)
                  0000a4b2    00000018     driverlib.lib : adc.obj (.text:ADCClockConfigSet)
                  0000a4ca    00000018                   : adc.obj (.text:ADCProcessorTrigger)
                  0000a4e2    00000018                   : gpio.obj (.text:GPIOPinTypeGPIOOutput)
                  0000a4fa    00000002     --HOLE-- [fill = 0]
                  0000a4fc    00000018     rtsv7M4_T_le_v4SPD16_eabi.lib : args_main.c.obj (.text:_args_main)
                  0000a514    00000018                                   : snprintf.c.obj (.text:_outc)
                  0000a52c    00000004     --HOLE-- [fill = 0]
                  0000a530    00000018     rtos_pem4f.oem4f (.text:ti_sysbios_BIOS_rtsUnlock__I)
                  0000a548    00000018     rtos_pem4f.oem4f (.text:ti_sysbios_family_arm_lm4_Timer_Module__startupDone__F)
                  0000a560    00000018     rtos_pem4f.oem4f (.text:ti_sysbios_family_arm_m3_Hwi_Module__startupDone__F)
                  0000a578    00000018     sysbios.aem4f : m3_TaskSupport_asm.obj (.text:ti_sysbios_family_arm_m3_TaskSupport_swap__E)
                  0000a590    00000018                   : BIOS.obj (.text:ti_sysbios_gates_GateMutex_leave__E)
                  0000a5a8    00000018     ti.targets.arm.rtsarm.aem4f : Error.oem4f (.text:xdc_runtime_Error_check__E)
                  0000a5c0    00000018                                 : System.oem4f (.text:xdc_runtime_System_exit__E)
                  0000a5d8    00000018                                 : Text.oem4f (.text:xdc_runtime_Text_ropeText__E)
                  0000a5f0    00000016     grlib.lib : string.obj (.text:GrStringDraw)
                  0000a606    00000016     rtsv7M4_T_le_v4SPD16_eabi.lib : strchr.c.obj (.text:strchr)
                  0000a61c    00000004     --HOLE-- [fill = 0]
                  0000a620    00000016     rtos_pem4f.oem4f (.text:ti_sysbios_BIOS_exitFunc__I)
                  0000a636    00000002     --HOLE-- [fill = 0]
                  0000a638    00000016     sysbios.aem4f : BIOS.obj (.text:ti_sysbios_knl_Task_unblock__E)
                  0000a64e    00000002     --HOLE-- [fill = 0]
                  0000a650    00000014     Crystalfontz128x128_ST7735.obj (.text:Crystalfontz128x128_PixelDraw)
                  0000a664    00000014     rtsv7M4_T_le_v4SPD16_eabi.lib : strlen.c.obj (.text:strlen)
                  0000a678    00000014     rtos_pem4f.oem4f (.text:ti_sysbios_family_arm_m3_Hwi_Object__get__S)
                  0000a68c    00000004     --HOLE-- [fill = 0]
                  0000a690    00000014     sysbios.aem4f : BIOS.obj (.text:ti_sysbios_family_arm_m3_Hwi_switchFromBootStack__E)
                  0000a6a4    00000004     --HOLE-- [fill = 0]
                  0000a6a8    00000014     rtos_pem4f.oem4f (.text:ti_sysbios_heaps_HeapMem_Object__get__S)
                  0000a6bc    00000004     --HOLE-- [fill = 0]
                  0000a6c0    00000014     rtos_pem4f.oem4f (.text:ti_sysbios_knl_Mailbox_Object__get__S)
                  0000a6d4    00000004     --HOLE-- [fill = 0]
                  0000a6d8    00000014     rtos_pem4f.oem4f (.text:ti_sysbios_knl_Swi_Object__get__S)
                  0000a6ec    00000012     driverlib.lib : gpio.obj (.text:GPIOPinTypeADC)
                  0000a6fe    00000012                   : gpio.obj (.text:GPIOPinTypeGPIOInput)
                  0000a710    00000012                   : gpio.obj (.text:GPIOPinTypeSSI)
                  0000a722    00000006     --HOLE-- [fill = 0]
                  0000a728    00000012     sysbios.aem4f : BIOS.obj (.text:ti_sysbios_hal_Hwi_Module_startup__E)
                  0000a73a    00000012     rtsv7M4_T_le_v4SPD16_eabi.lib : wcslen.c.obj (.text:wcslen)
                  0000a74c    00000004     --HOLE-- [fill = 0]
                  0000a750    00000012     rtos_pem4f.oem4f (.text:xdc_runtime_Startup_exec__I)
                  0000a762    00000006     --HOLE-- [fill = 0]
                  0000a768    00000010     rtos_pem4f.oem4f (.text:.bootCodeSection:ti_catalog_arm_cortexm4_tiva_ce_Boot_init__I)
                  0000a778    00000010     driverlib.lib : adc.obj (.text:ADCIntEnable)
                  0000a788    00000010                   : interrupt.obj (.text:IntMasterDisable)
                  0000a798    00000010                   : interrupt.obj (.text:IntMasterEnable)
                  0000a7a8    00000010     sysbios.aem4f : BIOS.obj (.text:ti_sysbios_BIOS_setThreadType__E)
                  0000a7b8    00000010                   : BIOS.obj (.text:ti_sysbios_BIOS_start__E)
                  0000a7c8    00000010                   : BIOS.obj (.text:ti_sysbios_family_arm_lm4_TimestampProvider_rolloverFunc__E)
                  0000a7d8    00000010                   : m3_TaskSupport_asm.obj (.text:ti_sysbios_family_arm_m3_TaskSupport_glue)
                  0000a7e8    00000010                   : BIOS.obj (.text:ti_sysbios_gates_GateMutex_Instance_finalize__E)
                  0000a7f8    00000010                   : BIOS.obj (.text:ti_sysbios_knl_Semaphore_Instance_finalize__E)
                  0000a808    00000010                   : BIOS.obj (.text:ti_sysbios_knl_Swi_disable__E)
                  0000a818    00000010     rtos_pem4f.oem4f (.text:ti_sysbios_knl_Task_Object__get__S)
                  0000a828    00000010     sysbios.aem4f : BIOS.obj (.text:ti_sysbios_knl_Task_disable__E)
                  0000a838    00000010     ti.targets.arm.rtsarm.aem4f : Gate.oem4f (.text:xdc_runtime_Gate_leaveSystem__E)
                  0000a848    00000010                                 : Memory.oem4f (.text:xdc_runtime_Memory_free__E)
                  0000a858    00000010                                 : SysMin.oem4f (.text:xdc_runtime_SysMin_ready__E)
                  0000a868    00000010                                 : System.oem4f (.text:xdc_runtime_System_vsnprintf__E)
                  0000a878    00000010     rtos_pem4f.oem4f (.text:xdc_runtime_Text_visitRope__I)
                  0000a888    0000000e     driverlib.lib : adc.obj (.text:ADCSequenceDisable)
                  0000a896    0000000e                   : adc.obj (.text:ADCSequenceEnable)
                  0000a8a4    0000000e     rtsv7M4_T_le_v4SPD16_eabi.lib : copy_decompress_none.c.obj (.text:decompress:none:__TI_decompress_none)
                  0000a8b2    00000006     --HOLE-- [fill = 0]
                  0000a8b8    0000000e     sysbios.aem4f : BIOS.obj (.text:ti_sysbios_knl_Idle_loop__E)
                  0000a8c6    00000002     --HOLE-- [fill = 0]
                  0000a8c8    0000000e                   : BIOS.obj (.text:ti_sysbios_knl_Queue_empty__E)
                  0000a8d6    0000000c     driverlib.lib : cpu.obj (.text:CPUcpsid)
                  0000a8e2    0000000c                   : cpu.obj (.text:CPUcpsie)
                  0000a8ee    00000002     --HOLE-- [fill = 0]
                  0000a8f0    0000000c     HAL_EK_TM4C1294XL_Crystalfontz128x128_ST7735.obj (.text:HAL_LCD_writeData)
                  0000a8fc    0000000c     rtsv7M4_T_le_v4SPD16_eabi.lib : _lock.c.obj (.text:_register_lock)
                  0000a908    0000000c                                   : _lock.c.obj (.text:_register_unlock)
                  0000a914    00000004     --HOLE-- [fill = 0]
                  0000a918    0000000c     main.obj (.text:clock0_int)
                  0000a924    0000000c     rtsv7M4_T_le_v4SPD16_eabi.lib : copy_zero_init.c.obj (.text:decompress:ZI:__TI_zero_init)
                  0000a930    0000000c     sysbios.aem4f : BIOS.obj (.text:ti_sysbios_family_arm_lm4_Timer_getMaxTicks__E)
                  0000a93c    00000004     --HOLE-- [fill = 0]
                  0000a940    0000000c                   : BIOS.obj (.text:ti_sysbios_family_arm_lm4_TimestampProvider_startTimer__E)
                  0000a94c    00000004     --HOLE-- [fill = 0]
                  0000a950    0000000c                   : BIOS.obj (.text:ti_sysbios_family_arm_m3_TaskSupport_checkStack__E)
                  0000a95c    00000004     --HOLE-- [fill = 0]
                  0000a960    0000000c                   : BIOS.obj (.text:ti_sysbios_gates_GateHwi_enter__E)
                  0000a96c    00000004     --HOLE-- [fill = 0]
                  0000a970    0000000c                   : BIOS.obj (.text:ti_sysbios_knl_Clock_getTickPeriod__E)
                  0000a97c    00000004     --HOLE-- [fill = 0]
                  0000a980    0000000c     rtos_pem4f.oem4f (.text:ti_sysbios_knl_Queue_Object__get__S)
                  0000a98c    0000000c     ti.targets.arm.rtsarm.aem4f : Error.oem4f (.text:xdc_runtime_Error_init__E)
                  0000a998    0000000c                                 : Gate.oem4f (.text:xdc_runtime_Gate_enterSystem__E)
                  0000a9a4    0000000c                                 : Memory.oem4f (.text:xdc_runtime_Memory_calloc__E)
                  0000a9b0    0000000c                                 : Memory.oem4f (.text:xdc_runtime_Memory_getMaxDefaultTypeAlign__E)
                  0000a9bc    0000000a     driverlib.lib : adc.obj (.text:ADCIntClear)
                  0000a9c6    0000000a                   : ssi.obj (.text:SSIDataPut)
                  0000a9d0    0000000a                   : ssi.obj (.text:SSIEnable)
                  0000a9da    00000006     --HOLE-- [fill = 0]
                  0000a9e0    0000000a     rtos_pem4f.oem4f (.text:xdc_runtime_IHeap_alloc)
                  0000a9ea    00000006     --HOLE-- [fill = 0]
                  0000a9f0    0000000a     rtos_pem4f.oem4f (.text:xdc_runtime_IHeap_free)
                  0000a9fa    00000008     grlib.lib : charmap.obj (.text:GrMapISO8859_1_Unicode)
                  0000aa02    00000008     driverlib.lib : ssi.obj (.text:SSIBusy)
                  0000aa0a    00000002     --HOLE-- [fill = 0]
                  0000aa0c    00000008     rtsv7M4_T_le_v4SPD16_eabi.lib : errno.c.obj (.text:__aeabi_errno_addr)
                  0000aa14    00000008     sysbios.aem4f : BIOS.obj (.text:ti_sysbios_family_arm_lm4_Timer_masterDisable__I)
                  0000aa1c    00000004     --HOLE-- [fill = 0]
                  0000aa20    00000008                   : BIOS.obj (.text:ti_sysbios_family_arm_m3_Hwi_doSwiRestore__I)
                  0000aa28    00000008                   : BIOS.obj (.text:ti_sysbios_family_arm_m3_Hwi_startup__E)
                  0000aa30    00000006     kiss_fft.obj (.text:kiss_fft)
                  0000aa36    00000002     --HOLE-- [fill = 0]
                  0000aa38    00000006     sysbios.aem4f : BIOS.obj (.text:ti_sysbios_family_arm_lm4_TimestampProvider_Module_startup__E)
                  0000aa3e    00000002     --HOLE-- [fill = 0]
                  0000aa40    00000006                   : BIOS.obj (.text:ti_sysbios_family_arm_m3_Hwi_doTaskRestore__I)
                  0000aa46    00000002     --HOLE-- [fill = 0]
                  0000aa48    00000006                   : BIOS.obj (.text:ti_sysbios_gates_GateHwi_leave__E)
                  0000aa4e    00000002     --HOLE-- [fill = 0]
                  0000aa50    00000006                   : BIOS.obj (.text:ti_sysbios_heaps_HeapMem_isBlocking__E)
                  0000aa56    00000002     --HOLE-- [fill = 0]
                  0000aa58    00000006                   : BIOS.obj (.text:ti_sysbios_knl_Queue_Instance_init__E)
                  0000aa5e    00000002     --HOLE-- [fill = 0]
                  0000aa60    00000006                   : BIOS.obj (.text:ti_sysbios_knl_Swi_startup__E)
                  0000aa66    00000002     --HOLE-- [fill = 0]
                  0000aa68    00000004     rtos_pem4f.oem4f (.text:ti_sysbios_BIOS_RtsGateProxy_enter__E)
                  0000aa6c    00000004     --HOLE-- [fill = 0]
                  0000aa70    00000004     rtos_pem4f.oem4f (.text:ti_sysbios_BIOS_RtsGateProxy_leave__E)
                  0000aa74    00000004     --HOLE-- [fill = 0]
                  0000aa78    00000004     sysbios.aem4f : BIOS.obj (.text:ti_sysbios_family_arm_lm4_Timer_getPeriod__E)
                  0000aa7c    00000004     --HOLE-- [fill = 0]
                  0000aa80    00000004     rtos_pem4f.oem4f (.text:ti_sysbios_family_arm_m3_TaskSupport_Module__startupDone__S)
                  0000aa84    00000004     --HOLE-- [fill = 0]
                  0000aa88    00000004     sysbios.aem4f : BIOS.obj (.text:ti_sysbios_gates_GateHwi_query__E)
                  0000aa8c    00000004     --HOLE-- [fill = 0]
                  0000aa90    00000004                   : BIOS.obj (.text:ti_sysbios_gates_GateMutex_query__E)
                  0000aa94    00000004     --HOLE-- [fill = 0]
                  0000aa98    00000004     rtos_pem4f.oem4f (.text:ti_sysbios_heaps_HeapMem_Module_GateProxy_enter__E)
                  0000aa9c    00000004     --HOLE-- [fill = 0]
                  0000aaa0    00000004     rtos_pem4f.oem4f (.text:ti_sysbios_heaps_HeapMem_Module_GateProxy_leave__E)
                  0000aaa4    00000004     --HOLE-- [fill = 0]
                  0000aaa8    00000004     rtos_pem4f.oem4f (.text:ti_sysbios_knl_Clock_TimerProxy_getMaxTicks__E)
                  0000aaac    00000004     --HOLE-- [fill = 0]
                  0000aab0    00000004     rtos_pem4f.oem4f (.text:ti_sysbios_knl_Clock_TimerProxy_getPeriod__E)
                  0000aab4    00000004     --HOLE-- [fill = 0]
                  0000aab8    00000004     rtos_pem4f.oem4f (.text:ti_sysbios_knl_Queue_destruct)
                  0000aabc    00000004     --HOLE-- [fill = 0]
                  0000aac0    00000004     rtos_pem4f.oem4f (.text:ti_sysbios_knl_Semaphore_destruct)
                  0000aac4    00000004     --HOLE-- [fill = 0]
                  0000aac8    00000004     sysbios.aem4f : BIOS.obj (.text:ti_sysbios_knl_Semaphore_getCount__E)
                  0000aacc    00000004     --HOLE-- [fill = 0]
                  0000aad0    00000004                   : BIOS.obj (.text:ti_sysbios_knl_Task_startup__E)
                  0000aad4    00000004     --HOLE-- [fill = 0]
                  0000aad8    00000004     rtos_pem4f.oem4f (.text:xdc_runtime_System_Module_GateProxy_enter__E)
                  0000aadc    00000004     --HOLE-- [fill = 0]
                  0000aae0    00000004     rtos_pem4f.oem4f (.text:xdc_runtime_System_Module_GateProxy_leave__E)
                  0000aae4    00000004     --HOLE-- [fill = 0]
                  0000aae8    00000002     rtos_pem4f.oem4f (.text:ti_sysbios_BIOS_nullFunc__I)
                  0000aaea    00000006     --HOLE-- [fill = 0]
                  0000aaf0    00000002     sysbios.aem4f : BIOS.obj (.text:ti_sysbios_gates_GateHwi_Instance_init__E)
                  0000aaf2    00000006     --HOLE-- [fill = 0]
                  0000aaf8    00000002                   : BIOS.obj (.text:ti_sysbios_knl_Clock_logTick__E)
                  0000aafa    00000006     --HOLE-- [fill = 0]
                  0000ab00    00000002     rtos_pem4f.oem4f (.text:xdc_runtime_Startup_reset__I)

.const     0    0000ab08    0000272c     
                  0000ab08    00001973     rtos_pem4f.oem4f (.const:xdc_runtime_Text_charTab__A)
                  0000c47b    000002f8     grlib.lib : fontfixed6x8.obj (.const:.string:g_pui8FontFixed6x8Data)
                  0000c773    00000001     rtos_pem4f.oem4f (.const:xdc_runtime_Error_policy__C)
                  0000c774    00000004     rtos_pem4f.oem4f (.const:ti_catalog_arm_cortexm4_tiva_ce_Boot_A_mustNotUseEnhancedClockMode__C)
                  0000c778    00000158     rtsv7M4_T_le_v4SPD16_eabi.lib : k_rem_pio2.c.obj (.const:$O1$$)
                  0000c8d0    00000120     Boot.aem4f : Boot_sysctl.oem4f (.const:g_pppui32XTALtoVCO)
                  0000c9f0    00000101     rtsv7M4_T_le_v4SPD16_eabi.lib : ctype.c.obj (.const:.string:_ctypes_)
                  0000caf1    00000001     --HOLE-- [fill = 0]
                  0000caf2    000000cc     rtos_pem4f.oem4f (.const:xdc_runtime_Text_nodeTab__A)
                  0000cbbe    00000002     rtos_pem4f.oem4f (.const:ti_catalog_arm_cortexm4_tiva_ce_Boot_Module__id__C)
                  0000cbc0    000000c8     grlib.lib : fontfixed6x8.obj (.const:g_sFontFixed6x8)
                  0000cc88    00000090     driverlib.lib : gpio.obj (.const:g_pui32GPIOBaseAddrs)
                  0000cd18    0000006c     Boot.aem4f : Boot_sysctl.oem4f (.const:g_pui32Xtals)
                  0000cd84    00000048     rtos_pem4f.oem4f (.const:.string)
                  0000cdcc    00000030     Boot.aem4f : Boot_sysctl.oem4f (.const:g_sXTALtoMEMTIM)
                  0000cdfc    00000030     rtos_pem4f.oem4f (.const)
                  0000ce2c    00000028     Crystalfontz128x128_ST7735.obj (.const:g_sCrystalfontz128x128)
                  0000ce54    00000028     rtos_pem4f.oem4f (.const:ti_sysbios_heaps_HeapMem_Module__FXNS__C)
                  0000ce7c    00000028     rtos_pem4f.oem4f (.const:xdc_runtime_Startup_sfxnTab__A)
                  0000cea4    00000024     rtos_pem4f.oem4f (.const:ti_sysbios_gates_GateHwi_Module__FXNS__C)
                  0000cec8    00000024     rtos_pem4f.oem4f (.const:ti_sysbios_gates_GateMutex_Module__FXNS__C)
                  0000ceec    00000024     rtos_pem4f.oem4f (.const:ti_sysbios_heaps_HeapMem_Object__PARAMS__C)
                  0000cf10    00000024     rtos_pem4f.oem4f (.const:ti_sysbios_knl_Semaphore_Object__PARAMS__C)
                  0000cf34    00000020     rtos_pem4f.oem4f (.const:ti_sysbios_gates_GateHwi_Object__DESC__C)
                  0000cf54    00000020     rtos_pem4f.oem4f (.const:ti_sysbios_gates_GateMutex_Object__DESC__C)
                  0000cf74    00000020     rtos_pem4f.oem4f (.const:ti_sysbios_heaps_HeapMem_Object__DESC__C)
                  0000cf94    00000020     rtos_pem4f.oem4f (.const:ti_sysbios_knl_Queue_Object__DESC__C)
                  0000cfb4    00000020     rtos_pem4f.oem4f (.const:ti_sysbios_knl_Semaphore_Object__DESC__C)
                  0000cfd4    00000018     rtos_pem4f.oem4f (.const:ti_sysbios_gates_GateHwi_Object__PARAMS__C)
                  0000cfec    00000018     rtos_pem4f.oem4f (.const:ti_sysbios_gates_GateMutex_Object__PARAMS__C)
                  0000d004    00000018     rtos_pem4f.oem4f (.const:ti_sysbios_knl_Queue_Object__PARAMS__C)
                  0000d01c    00000014     rtos_pem4f.oem4f (.const:xdc_runtime_Startup_firstFxns__A)
                  0000d030    00000014     rtos_pem4f.oem4f (.const:xdc_runtime_Startup_sfxnRts__A)
                  0000d044    00000010     main.obj (.const:gVoltageScaleArr)
                  0000d054    00000010     grlib.lib : context.obj (.const)
                  0000d064    00000008     Boot.aem4f : Boot_sysctl.oem4f (.const)
                  0000d06c    00000008     rtos_pem4f.oem4f (.const:ti_sysbios_family_arm_m3_Hwi_excHookFuncs__A)
                  0000d074    00000008     rtos_pem4f.oem4f (.const:ti_sysbios_knl_Idle_funcList__C)
                  0000d07c    00000008     rtos_pem4f.oem4f (.const:xdc_runtime_Startup_firstFxns__C)
                  0000d084    00000008     rtos_pem4f.oem4f (.const:xdc_runtime_Startup_lastFxns__C)
                  0000d08c    00000004     rtos_pem4f.oem4f (.const:ti_catalog_arm_cortexm4_tiva_ce_Boot_Module__diagsEnabled__C)
                  0000d090    00000004     rtos_pem4f.oem4f (.const:ti_catalog_arm_cortexm4_tiva_ce_Boot_Module__diagsIncluded__C)
                  0000d094    00000004     rtos_pem4f.oem4f (.const:ti_catalog_arm_cortexm4_tiva_ce_Boot_Module__diagsMask__C)
                  0000d098    00000004     rtos_pem4f.oem4f (.const:ti_sysbios_family_arm_lm4_Timer_enableFunc__C)
                  0000d09c    00000004     rtos_pem4f.oem4f (.const:ti_sysbios_family_arm_lm4_Timer_numTimerDevices__C)
                  0000d0a0    00000004     rtos_pem4f.oem4f (.const:ti_sysbios_family_arm_lm4_Timer_startupNeeded__C)
                  0000d0a4    00000004     rtos_pem4f.oem4f (.const:ti_sysbios_family_arm_m3_Hwi_E_NMI__C)
                  0000d0a8    00000004     rtos_pem4f.oem4f (.const:ti_sysbios_family_arm_m3_Hwi_E_busFault__C)
                  0000d0ac    00000004     rtos_pem4f.oem4f (.const:ti_sysbios_family_arm_m3_Hwi_E_debugMon__C)
                  0000d0b0    00000004     rtos_pem4f.oem4f (.const:ti_sysbios_family_arm_m3_Hwi_E_hardFault__C)
                  0000d0b4    00000004     rtos_pem4f.oem4f (.const:ti_sysbios_family_arm_m3_Hwi_E_memFault__C)
                  0000d0b8    00000004     rtos_pem4f.oem4f (.const:ti_sysbios_family_arm_m3_Hwi_E_noIsr__C)
                  0000d0bc    00000004     rtos_pem4f.oem4f (.const:ti_sysbios_family_arm_m3_Hwi_E_reserved__C)
                  0000d0c0    00000004     rtos_pem4f.oem4f (.const:ti_sysbios_family_arm_m3_Hwi_E_svCall__C)
                  0000d0c4    00000004     rtos_pem4f.oem4f (.const:ti_sysbios_family_arm_m3_Hwi_E_usageFault__C)
                  0000d0c8    00000004     rtos_pem4f.oem4f (.const:ti_sysbios_family_arm_m3_Hwi_NUM_INTERRUPTS__C)
                  0000d0cc    00000004     rtos_pem4f.oem4f (.const:ti_sysbios_family_arm_m3_Hwi_Object__count__C)
                  0000d0d0    00000004     rtos_pem4f.oem4f (.const:ti_sysbios_family_arm_m3_Hwi_ccr__C)
                  0000d0d4    00000004     rtos_pem4f.oem4f (.const:ti_sysbios_family_arm_m3_Hwi_excHandlerFunc__C)
                  0000d0d8    00000004     rtos_pem4f.oem4f (.const:ti_sysbios_family_arm_m3_Hwi_excHookFuncs__C)
                  0000d0dc    00000004     rtos_pem4f.oem4f (.const:ti_sysbios_family_arm_m3_Hwi_nullIsrFunc__C)
                  0000d0e0    00000004     rtos_pem4f.oem4f (.const:ti_sysbios_family_arm_m3_Hwi_priGroup__C)
                  0000d0e4    00000004     rtos_pem4f.oem4f (.const:ti_sysbios_gates_GateMutex_A_badContext__C)
                  0000d0e8    00000004     rtos_pem4f.oem4f (.const:ti_sysbios_gates_GateMutex_Instance_State_sem__O)
                  0000d0ec    00000004     rtos_pem4f.oem4f (.const:ti_sysbios_gates_GateMutex_Module__diagsEnabled__C)
                  0000d0f0    00000004     rtos_pem4f.oem4f (.const:ti_sysbios_gates_GateMutex_Module__diagsIncluded__C)
                  0000d0f4    00000004     rtos_pem4f.oem4f (.const:ti_sysbios_gates_GateMutex_Module__diagsMask__C)
                  0000d0f8    00000004     rtos_pem4f.oem4f (.const:ti_sysbios_hal_Hwi_E_stackOverflow__C)
                  0000d0fc    00000004     rtos_pem4f.oem4f (.const:ti_sysbios_heaps_HeapMem_A_align__C)
                  0000d100    00000004     rtos_pem4f.oem4f (.const:ti_sysbios_heaps_HeapMem_A_heapSize__C)
                  0000d104    00000004     rtos_pem4f.oem4f (.const:ti_sysbios_heaps_HeapMem_A_invalidFree__C)
                  0000d108    00000004     rtos_pem4f.oem4f (.const:ti_sysbios_heaps_HeapMem_A_zeroBlock__C)
                  0000d10c    00000004     rtos_pem4f.oem4f (.const:ti_sysbios_heaps_HeapMem_E_memory__C)
                  0000d110    00000004     rtos_pem4f.oem4f (.const:ti_sysbios_heaps_HeapMem_Module__diagsEnabled__C)
                  0000d114    00000004     rtos_pem4f.oem4f (.const:ti_sysbios_heaps_HeapMem_Module__diagsIncluded__C)
                  0000d118    00000004     rtos_pem4f.oem4f (.const:ti_sysbios_heaps_HeapMem_Module__diagsMask__C)
                  0000d11c    00000004     rtos_pem4f.oem4f (.const:ti_sysbios_heaps_HeapMem_Module__gateObj__C)
                  0000d120    00000004     rtos_pem4f.oem4f (.const:ti_sysbios_heaps_HeapMem_Object__count__C)
                  0000d124    00000004     rtos_pem4f.oem4f (.const:ti_sysbios_heaps_HeapMem_reqAlign__C)
                  0000d128    00000004     rtos_pem4f.oem4f (.const:ti_sysbios_knl_Clock_Module_State_clockQ__O)
                  0000d12c    00000004     rtos_pem4f.oem4f (.const:ti_sysbios_knl_Idle_funcList__A)
                  0000d130    00000004     rtos_pem4f.oem4f (.const:ti_sysbios_knl_Mailbox_Instance_State_dataQue__O)
                  0000d134    00000004     rtos_pem4f.oem4f (.const:ti_sysbios_knl_Mailbox_Instance_State_dataSem__O)
                  0000d138    00000004     rtos_pem4f.oem4f (.const:ti_sysbios_knl_Mailbox_Instance_State_freeQue__O)
                  0000d13c    00000004     rtos_pem4f.oem4f (.const:ti_sysbios_knl_Mailbox_Instance_State_freeSem__O)
                  0000d140    00000004     rtos_pem4f.oem4f (.const:ti_sysbios_knl_Mailbox_Object__count__C)
                  0000d144    00000004     rtos_pem4f.oem4f (.const:ti_sysbios_knl_Mailbox_maxTypeAlign__C)
                  0000d148    00000004     rtos_pem4f.oem4f (.const:ti_sysbios_knl_Semaphore_A_badContext__C)
                  0000d14c    00000004     rtos_pem4f.oem4f (.const:ti_sysbios_knl_Semaphore_A_noEvents__C)
                  0000d150    00000004     rtos_pem4f.oem4f (.const:ti_sysbios_knl_Semaphore_A_overflow__C)
                  0000d154    00000004     rtos_pem4f.oem4f (.const:ti_sysbios_knl_Semaphore_A_pendTaskDisabled__C)
                  0000d158    00000004     rtos_pem4f.oem4f (.const:ti_sysbios_knl_Semaphore_Instance_State_pendQ__O)
                  0000d15c    00000004     rtos_pem4f.oem4f (.const:ti_sysbios_knl_Semaphore_Module__diagsEnabled__C)
                  0000d160    00000004     rtos_pem4f.oem4f (.const:ti_sysbios_knl_Semaphore_Module__diagsIncluded__C)
                  0000d164    00000004     rtos_pem4f.oem4f (.const:ti_sysbios_knl_Semaphore_Module__diagsMask__C)
                  0000d168    00000004     rtos_pem4f.oem4f (.const:ti_sysbios_knl_Swi_Object__count__C)
                  0000d16c    00000004     rtos_pem4f.oem4f (.const:ti_sysbios_knl_Task_E_spOutOfBounds__C)
                  0000d170    00000004     rtos_pem4f.oem4f (.const:ti_sysbios_knl_Task_E_stackOverflow__C)
                  0000d174    00000004     rtos_pem4f.oem4f (.const:ti_sysbios_knl_Task_Module_State_inactiveQ__O)
                  0000d178    00000004     rtos_pem4f.oem4f (.const:ti_sysbios_knl_Task_Object__count__C)
                  0000d17c    00000004     rtos_pem4f.oem4f (.const:ti_sysbios_knl_Task_allBlockedFunc__C)
                  0000d180    00000004     rtos_pem4f.oem4f (.const:ti_sysbios_knl_Task_numConstructedTasks__C)
                  0000d184    00000004     rtos_pem4f.oem4f (.const:xdc_runtime_Assert_E_assertFailed__C)
                  0000d188    00000004     rtos_pem4f.oem4f (.const:xdc_runtime_Core_A_initializedParams__C)
                  0000d18c    00000004     rtos_pem4f.oem4f (.const:xdc_runtime_Core_Module__diagsEnabled__C)
                  0000d190    00000004     rtos_pem4f.oem4f (.const:xdc_runtime_Core_Module__diagsIncluded__C)
                  0000d194    00000004     rtos_pem4f.oem4f (.const:xdc_runtime_Core_Module__diagsMask__C)
                  0000d198    00000004     rtos_pem4f.oem4f (.const:xdc_runtime_Error_E_memory__C)
                  0000d19c    00000004     rtos_pem4f.oem4f (.const:xdc_runtime_Error_Module__diagsEnabled__C)
                  0000d1a0    00000004     rtos_pem4f.oem4f (.const:xdc_runtime_Error_Module__diagsIncluded__C)
                  0000d1a4    00000004     rtos_pem4f.oem4f (.const:xdc_runtime_Error_Module__diagsMask__C)
                  0000d1a8    00000004     rtos_pem4f.oem4f (.const:xdc_runtime_Error_Module__loggerFxn8__C)
                  0000d1ac    00000004     rtos_pem4f.oem4f (.const:xdc_runtime_Error_Module__loggerObj__C)
                  0000d1b0    00000004     rtos_pem4f.oem4f (.const:xdc_runtime_Error_policyFxn__C)
                  0000d1b4    00000004     rtos_pem4f.oem4f (.const:xdc_runtime_Error_raiseHook__C)
                  0000d1b8    00000004     rtos_pem4f.oem4f (.const:xdc_runtime_IGateProvider_Interface__BASE__C)
                  0000d1bc    00000004     rtos_pem4f.oem4f (.const:xdc_runtime_IHeap_Interface__BASE__C)
                  0000d1c0    00000004     rtos_pem4f.oem4f (.const:xdc_runtime_IModule_Interface__BASE__C)
                  0000d1c4    00000004     rtos_pem4f.oem4f (.const:xdc_runtime_Log_L_error__C)
                  0000d1c8    00000004     rtos_pem4f.oem4f (.const:xdc_runtime_Memory_defaultHeapInstance__C)
                  0000d1cc    00000004     rtos_pem4f.oem4f (.const:xdc_runtime_Startup_execImpl__C)
                  0000d1d0    00000004     rtos_pem4f.oem4f (.const:xdc_runtime_Startup_lastFxns__A)
                  0000d1d4    00000004     rtos_pem4f.oem4f (.const:xdc_runtime_Startup_maxPasses__C)
                  0000d1d8    00000004     rtos_pem4f.oem4f (.const:xdc_runtime_Startup_sfxnRts__C)
                  0000d1dc    00000004     rtos_pem4f.oem4f (.const:xdc_runtime_Startup_sfxnTab__C)
                  0000d1e0    00000004     rtos_pem4f.oem4f (.const:xdc_runtime_SysMin_bufSize__C)
                  0000d1e4    00000004     rtos_pem4f.oem4f (.const:xdc_runtime_SysMin_outputFunc__C)
                  0000d1e8    00000004     rtos_pem4f.oem4f (.const:xdc_runtime_System_Module__gateObj__C)
                  0000d1ec    00000004     rtos_pem4f.oem4f (.const:xdc_runtime_System_abortFxn__C)
                  0000d1f0    00000004     rtos_pem4f.oem4f (.const:xdc_runtime_System_exitFxn__C)
                  0000d1f4    00000004     rtos_pem4f.oem4f (.const:xdc_runtime_System_extendFxn__C)
                  0000d1f8    00000004     rtos_pem4f.oem4f (.const:xdc_runtime_System_maxAtexitHandlers__C)
                  0000d1fc    00000004     rtos_pem4f.oem4f (.const:xdc_runtime_Text_charTab__C)
                  0000d200    00000004     rtos_pem4f.oem4f (.const:xdc_runtime_Text_nameEmpty__C)
                  0000d204    00000004     rtos_pem4f.oem4f (.const:xdc_runtime_Text_nameStatic__C)
                  0000d208    00000004     rtos_pem4f.oem4f (.const:xdc_runtime_Text_nameUnknown__C)
                  0000d20c    00000004     rtos_pem4f.oem4f (.const:xdc_runtime_Text_nodeTab__C)
                  0000d210    00000004     rtos_pem4f.oem4f (.const:xdc_runtime_Text_visitRopeFxn__C)
                  0000d214    00000002     rtos_pem4f.oem4f (.const:ti_sysbios_family_arm_lm4_TimestampProvider_useClockTimer__C)
                  0000d216    00000002     rtos_pem4f.oem4f (.const:ti_sysbios_family_arm_m3_Hwi_Module__id__C)
                  0000d218    00000002     rtos_pem4f.oem4f (.const:ti_sysbios_gates_GateMutex_Module__id__C)
                  0000d21a    00000002     rtos_pem4f.oem4f (.const:ti_sysbios_hal_Hwi_Module__id__C)
                  0000d21c    00000002     rtos_pem4f.oem4f (.const:ti_sysbios_heaps_HeapMem_Module__id__C)
                  0000d21e    00000002     rtos_pem4f.oem4f (.const:ti_sysbios_knl_Semaphore_Module__id__C)
                  0000d220    00000002     rtos_pem4f.oem4f (.const:ti_sysbios_knl_Task_Module__id__C)
                  0000d222    00000002     rtos_pem4f.oem4f (.const:xdc_runtime_Core_Module__id__C)
                  0000d224    00000002     rtos_pem4f.oem4f (.const:xdc_runtime_Error_Module__loggerDefined__C)
                  0000d226    00000002     rtos_pem4f.oem4f (.const:xdc_runtime_Error_maxDepth__C)
                  0000d228    00000002     rtos_pem4f.oem4f (.const:xdc_runtime_Memory_Module__id__C)
                  0000d22a    00000002     rtos_pem4f.oem4f (.const:xdc_runtime_SysMin_flushAtExit__C)
                  0000d22c    00000002     rtos_pem4f.oem4f (.const:xdc_runtime_Text_charCnt__C)
                  0000d22e    00000002     rtos_pem4f.oem4f (.const:xdc_runtime_Text_isLoaded__C)
                  0000d230    00000002     rtos_pem4f.oem4f (.const:xdc_runtime_Text_registryModsLastId__C)
                  0000d232    00000002     rtos_pem4f.oem4f (.const:xdc_runtime_Text_unnamedModsLastId__C)

.cinit     0    0000d238    000002f8     
                  0000d238    000002c0     (.cinit..data.load) [load image, compression = lzss]
                  0000d4f8    0000000c     (__TI_handler_table)
                  0000d504    00000004     --HOLE-- [fill = 0]
                  0000d508    00000008     (.cinit..bss.load) [load image, compression = zero_init]
                  0000d510    00000008     (.cinit..vecs.load) [load image, compression = zero_init]
                  0000d518    00000018     (__TI_cinit_table)

.init_array 
*          0    00000000    00000000     UNINITIALIZED

.resetVecs 
*          0    00000000    0000003c     
                  00000000    0000003c     rtos_pem4f.oem4f (.resetVecs)

.bss       0    20000360    0000bb66     UNINITIALIZED
                  20000360    00002800     rtos_pem4f.oem4f (.bss:taskStackSection)
                  20002b60    00002108     main.obj (.bss:kiss_fft_cfg_buffer$2)
                  20004c68    00002000     main.obj (.bss:in$3)
                  20006c68    00002000     main.obj (.bss:out$4)
                  20008c68    00001000     main.obj (.bss:w$5)
                  20009c68    00001000     (.common:gADCBuffer)
                  2000ac68    00000800     (.common:gWaveformBuffer)
                  2000b468    00000400     (.common:ti_sysbios_heaps_HeapMem_Instance_State_0_buf__A)
                  2000b868    00000360     (.common:ti_sysbios_family_arm_m3_Hwi_dispatchTable)
                  2000bbc8    00000120     rtsv7M4_T_le_v4SPD16_eabi.lib : trgmsg.c.obj (.bss:_CIOBUF_)
                  2000bce8    00000100     (.common:ti_sysbios_knl_Mailbox_Instance_State_0_allocBuf__A)
                  2000bde8    00000080     (.common:xdc_runtime_SysMin_Module_State_0_outbuf__A)
                  2000be68    0000002c     (.common:sContext)
                  2000be94    00000014     buttons.obj (.bss:state$1)
                  2000bea8    00000008     (.common:parmbuf)
                  2000beb0    00000008     (.common:rectFullScreen)
                  2000beb8    00000004     (.common:g_psGrLibDefaults)
                  2000bebc    00000002     (.common:Lcd_ScreenHeigth)
                  2000bebe    00000002     (.common:Lcd_ScreenWidth)
                  2000bec0    00000002     (.common:Lcd_TouchTrim)
                  2000bec2    00000001     (.common:Lcd_FlagRead)
                  2000bec3    00000001     (.common:Lcd_FontSolid)
                  2000bec4    00000001     (.common:Lcd_Orientation)
                  2000bec5    00000001     (.common:Lcd_PenSolid)

.data      0    2000bec8    0000871c     UNINITIALIZED
                  2000bec8    00008000     Crystalfontz128x128_ST7735.obj (.data:Lcd_buffer)
                  20013ec8    000001c8     rtos_pem4f.oem4f (.data:ti_sysbios_knl_Task_Object__table__V)
                  20014090    00000080     rtos_pem4f.oem4f (.data:ti_sysbios_family_arm_lm4_Timer_Object__table__V)
                  20014110    00000080     rtos_pem4f.oem4f (.data:ti_sysbios_knl_Swi_Module_State_0_readyQ__A)
                  20014190    00000080     rtos_pem4f.oem4f (.data:ti_sysbios_knl_Task_Module_State_0_readyQ__A)
                  20014210    00000050     rtos_pem4f.oem4f (.data:ti_sysbios_knl_Mailbox_Object__table__V)
                  20014260    00000050     rtos_pem4f.oem4f (.data:ti_sysbios_knl_Semaphore_Object__table__V)
                  200142b0    00000048     rtos_pem4f.oem4f (.data:ti_sysbios_family_arm_m3_Hwi_Object__table__V)
                  200142f8    00000044     rtos_pem4f.oem4f (.data:ti_sysbios_knl_Task_Module__state__V)
                  2001433c    00000004     buttons.obj (.data)
                  20014340    00000040     main.obj (.data)
                  20014380    00000040     rtos_pem4f.oem4f (.data:ti_sysbios_family_arm_lm4_Timer_Module_State_0_device__A)
                  200143c0    00000038     rtos_pem4f.oem4f (.data:ti_sysbios_gates_GateMutex_Object__table__V)
                  200143f8    00000034     rtos_pem4f.oem4f (.data:ti_sysbios_family_arm_m3_Hwi_Module__state__V)
                  2001442c    00000030     rtos_pem4f.oem4f (.data:ti_sysbios_knl_Swi_Object__table__V)
                  2001445c    0000002c     rtos_pem4f.oem4f (.data:ti_sysbios_knl_Clock_Module__state__V)
                  20014488    00000024     buttons.obj (.data:count$2)
                  200144ac    00000024     rtos_pem4f.oem4f (.data:ti_sysbios_BIOS_Module__state__V)
                  200144d0    00000020     rtos_pem4f.oem4f (.data:ti_sysbios_family_arm_lm4_Timer_Module_State_0_handles__A)
                  200144f0    00000020     rtos_pem4f.oem4f (.data:ti_sysbios_knl_Clock_Object__table__V)
                  20014510    0000001c     rtos_pem4f.oem4f (.data:ti_sysbios_knl_Swi_Module__state__V)
                  2001452c    00000018     rtos_pem4f.oem4f (.data:ti_sysbios_heaps_HeapMem_Object__table__V)
                  20014544    0000000c     rtos_pem4f.oem4f (.data:ti_sysbios_family_arm_lm4_Timer_Module__state__V)
                  20014550    0000000c     rtos_pem4f.oem4f (.data:xdc_runtime_SysMin_Module__state__V)
                  2001455c    00000008     rtsv7M4_T_le_v4SPD16_eabi.lib : _lock.c.obj (.data:$O1$$)
                  20014564    00000008     buttons.obj (.data:gJoystick)
                  2001456c    00000008     sampling.obj (.data)
                  20014574    00000008     rtos_pem4f.oem4f (.data:ti_sysbios_family_arm_lm4_TimestampProvider_Module__state__V)
                  2001457c    00000008     rtos_pem4f.oem4f (.data:ti_sysbios_gates_GateHwi_Module__root__V)
                  20014584    00000008     rtos_pem4f.oem4f (.data:ti_sysbios_gates_GateMutex_Module__root__V)
                  2001458c    00000008     rtos_pem4f.oem4f (.data:ti_sysbios_heaps_HeapMem_Module__root__V)
                  20014594    00000008     rtos_pem4f.oem4f (.data:ti_sysbios_knl_Queue_Module__root__V)
                  2001459c    00000008     rtos_pem4f.oem4f (.data:ti_sysbios_knl_Semaphore_Module__root__V)
                  200145a4    00000008     rtos_pem4f.oem4f (.data:xdc_runtime_Registry_Module__state__V)
                  200145ac    00000008     rtos_pem4f.oem4f (.data:xdc_runtime_Startup_Module__state__V)
                  200145b4    00000008     rtos_pem4f.oem4f (.data:xdc_runtime_System_Module_State_0_atexitHandlers__A)
                  200145bc    00000008     rtos_pem4f.oem4f (.data:xdc_runtime_System_Module__state__V)
                  200145c4    00000004     rtsv7M4_T_le_v4SPD16_eabi.lib : errno.c.obj (.data)
                  200145c8    00000004                                   : stkdepth_vars.c.obj (.data)
                  200145cc    00000004     rtos_pem4f.oem4f (.data:ti_sysbios_family_arm_m3_Hwi_Module_State_0_excContext__A)
                  200145d0    00000004     rtos_pem4f.oem4f (.data:ti_sysbios_family_arm_m3_Hwi_Module_State_0_excStack__A)
                  200145d4    00000004     rtos_pem4f.oem4f (.data:ti_sysbios_gates_GateHwi_Object__table__V)
                  200145d8    00000004     rtos_pem4f.oem4f (.data:ti_sysbios_knl_Task_Module_State_0_idleTask__A)
                  200145dc    00000004     rtos_pem4f.oem4f (.data:xdc_runtime_Memory_Module__state__V)
                  200145e0    00000002     rtos_pem4f.oem4f (.data:ti_sysbios_family_arm_m3_Hwi_Module_State_0_excActive__A)
                  200145e2    00000002     rtos_pem4f.oem4f (.data:xdc_runtime_Error_Module__state__V)

.stack     0    200145e8    00000300     UNINITIALIZED
                  200145e8    00000300     --HOLE--

.bootVecs 
*          0    00000000    00000008     DSECT
                  00000000    00000008     boot.aem4f : boot.oem4f (.bootVecs)

.vecs      0    20000000    00000360     UNINITIALIZED
                  20000000    00000360     rtos_pem4f.oem4f (.vecs)

xdc.meta   0    00000000    000000e8     COPY SECTION
                  00000000    000000e8     rtos_pem4f.oem4f (xdc.meta)

MODULE SUMMARY

       Module                                             code    ro data   rw data
       ------                                             ----    -------   -------
    .\
       main.obj                                           1980    16        35196  
       Crystalfontz128x128_ST7735.obj                     958     40        32778  
       kiss_fft.obj                                       2602    0         0      
       buttons.obj                                        740     0         68     
       HAL_EK_TM4C1294XL_Crystalfontz128x128_ST7735.obj   324     0         0      
       sampling.obj                                       224     0         8      
       sysctl_pll.obj                                     72      0         0      
    +--+--------------------------------------------------+-------+---------+---------+
       Total:                                             6900    56        68050  
                                                                                   
    C:\Users\Kyle Smith\Desktop\ece3849_lab2_starter\Debug\configPkg\package\cfg\
       rtos_pem4f.oem4f                                   1550    7858      15060  
    +--+--------------------------------------------------+-------+---------+---------+
       Total:                                             1550    7858      15060  
                                                                                   
    C:/ti/tirtos_tivac_2_16_00_08/products/TivaWare_C_Series-2.1.1.71b/driverlib/ccs/Debug/driverlib.lib
       gpio.obj                                           508     144       0      
       adc.obj                                            362     0         0      
       ssi.obj                                            88      0         0      
       sysctl.obj                                         58      0         0      
       interrupt.obj                                      32      0         0      
       cpu.obj                                            24      0         0      
    +--+--------------------------------------------------+-------+---------+---------+
       Total:                                             1072    144       0      
                                                                                   
    C:/ti/tirtos_tivac_2_16_00_08/products/TivaWare_C_Series-2.1.1.71b/grlib/ccs/Debug/grlib.lib
       string.obj                                         1192    0         0      
       fontfixed6x8.obj                                   0       960       0      
       line.obj                                           648     0         0      
       rectangle.obj                                      134     0         0      
       context.obj                                        104     16        4      
       charmap.obj                                        8       0         0      
    +--+--------------------------------------------------+-------+---------+---------+
       Total:                                             2086    976       4      
                                                                                   
    C:\Users\Kyle Smith\Desktop\ece3849_lab2_starter\src\sysbios\sysbios.aem4f
       BIOS.obj                                           10764   0         0      
       m3_Hwi_asm.obj                                     314     0         0      
       m3_TaskSupport_asm.obj                             180     0         0      
       m3_Hwi_asm_switch.obj                              118     0         0      
    +--+--------------------------------------------------+-------+---------+---------+
       Total:                                             11376   0         0      
                                                                                   
    C:\ti\ccs910\ccs\tools\compiler\ti-cgt-arm_18.12.2.LTS\lib\rtsv7M4_T_le_v4SPD16_eabi.lib
       _printfi.c.obj                                     4851    0         0      
       k_rem_pio2.c.obj                                   1848    344       0      
       s_cos.c.obj                                        1500    0         0      
       s_sin.c.obj                                        1476    0         0      
       fd_add_t2.asm.obj                                  438     0         0      
       trgmsg.c.obj                                       108     0         288    
       k_sin.c.obj                                        372     0         0      
       k_cos.c.obj                                        364     0         0      
       e_log10f.c.obj                                     348     0         0      
[...]
0000c9f0  _ctypes_                                                             
0000caf2  xdc_runtime_Text_nodeTab__A                                          
0000cbbe  ti_catalog_arm_cortexm4_tiva_ce_Boot_Module__id__C                   
0000cbc0  g_sFontFixed6x8                                                      
0000cdfc  m3Hwi0                                                               
0000ce00  clock0                                                               
0000ce04  task0                                                                
0000ce08  sem_button                                                           
0000ce0c  mailbox_button                                                       
0000ce10  task1                                                                
0000ce14  task2                                                                
0000ce18  task3                                                                
0000ce1c  task4                                                                
0000ce20  sem_disp                                                             
0000ce24  sem_wave                                                             
0000ce28  sem_proc                                                             
0000ce2c  g_sCrystalfontz128x128                                               
0000ce54  ti_sysbios_heaps_HeapMem_Module__FXNS__C                             
0000ce7c  xdc_runtime_Startup_sfxnTab__A                                       
0000cea4  ti_sysbios_gates_GateHwi_Module__FXNS__C                             
0000cec8  ti_sysbios_gates_GateMutex_Module__FXNS__C                           
0000ceec  ti_sysbios_heaps_HeapMem_Object__PARAMS__C                           
0000cf10  ti_sysbios_knl_Semaphore_Object__PARAMS__C                           
0000cf34  ti_sysbios_gates_GateHwi_Object__DESC__C                             
0000cf54  ti_sysbios_gates_GateMutex_Object__DESC__C                           
0000cf74  ti_sysbios_heaps_HeapMem_Object__DESC__C                             
0000cf94  ti_sysbios_knl_Queue_Object__DESC__C                                 
0000cfb4  ti_sysbios_knl_Semaphore_Object__DESC__C                             
0000cfd4  ti_sysbios_gates_GateHwi_Object__PARAMS__C                           
0000cfec  ti_sysbios_gates_GateMutex_Object__PARAMS__C                         
0000d004  ti_sysbios_knl_Queue_Object__PARAMS__C                               
0000d01c  xdc_runtime_Startup_firstFxns__A                                     
0000d030  xdc_runtime_Startup_sfxnRts__A                                       
0000d044  gVoltageScaleArr                                                     
0000d054  g_psDefaultCodePointMapTable                                         
0000d06c  ti_sysbios_family_arm_m3_Hwi_excHookFuncs__A                         
0000d074  ti_sysbios_knl_Idle_funcList__C                                      
0000d07c  xdc_runtime_Startup_firstFxns__C                                     
0000d084  xdc_runtime_Startup_lastFxns__C                                      
0000d08c  ti_catalog_arm_cortexm4_tiva_ce_Boot_Module__diagsEnabled__C         
0000d090  ti_catalog_arm_cortexm4_tiva_ce_Boot_Module__diagsIncluded__C        
0000d094  ti_catalog_arm_cortexm4_tiva_ce_Boot_Module__diagsMask__C            
0000d098  ti_sysbios_family_arm_lm4_Timer_enableFunc__C                        
0000d09c  ti_sysbios_family_arm_lm4_Timer_numTimerDevices__C                   
0000d0a0  ti_sysbios_family_arm_lm4_Timer_startupNeeded__C                     
0000d0a4  ti_sysbios_family_arm_m3_Hwi_E_NMI__C                                
0000d0a8  ti_sysbios_family_arm_m3_Hwi_E_busFault__C                           
0000d0ac  ti_sysbios_family_arm_m3_Hwi_E_debugMon__C                           
0000d0b0  ti_sysbios_family_arm_m3_Hwi_E_hardFault__C                          
0000d0b4  ti_sysbios_family_arm_m3_Hwi_E_memFault__C                           
0000d0b8  ti_sysbios_family_arm_m3_Hwi_E_noIsr__C                              
0000d0bc  ti_sysbios_family_arm_m3_Hwi_E_reserved__C                           
0000d0c0  ti_sysbios_family_arm_m3_Hwi_E_svCall__C                             
0000d0c4  ti_sysbios_family_arm_m3_Hwi_E_usageFault__C                         
0000d0c8  ti_sysbios_family_arm_m3_Hwi_NUM_INTERRUPTS__C                       
0000d0cc  ti_sysbios_family_arm_m3_Hwi_Object__count__C                        
0000d0d0  ti_sysbios_family_arm_m3_Hwi_ccr__C                                  
0000d0d4  ti_sysbios_family_arm_m3_Hwi_excHandlerFunc__C                       
0000d0d8  ti_sysbios_family_arm_m3_Hwi_excHookFuncs__C                         
0000d0dc  ti_sysbios_family_arm_m3_Hwi_nullIsrFunc__C                          
0000d0e0  ti_sysbios_family_arm_m3_Hwi_priGroup__C                             
0000d0e4  ti_sysbios_gates_GateMutex_A_badContext__C                           
0000d0e8  ti_sysbios_gates_GateMutex_Instance_State_sem__O                     
0000d0ec  ti_sysbios_gates_GateMutex_Module__diagsEnabled__C                   
0000d0f0  ti_sysbios_gates_GateMutex_Module__diagsIncluded__C                  
0000d0f4  ti_sysbios_gates_GateMutex_Module__diagsMask__C                      
0000d0f8  ti_sysbios_hal_Hwi_E_stackOverflow__C                                
0000d0fc  ti_sysbios_heaps_HeapMem_A_align__C                                  
0000d100  ti_sysbios_heaps_HeapMem_A_heapSize__C                               
0000d104  ti_sysbios_heaps_HeapMem_A_invalidFree__C                            
0000d108  ti_sysbios_heaps_HeapMem_A_zeroBlock__C                              
0000d10c  ti_sysbios_heaps_HeapMem_E_memory__C                                 
0000d110  ti_sysbios_heaps_HeapMem_Module__diagsEnabled__C                     
0000d114  ti_sysbios_heaps_HeapMem_Module__diagsIncluded__C                    
0000d118  ti_sysbios_heaps_HeapMem_Module__diagsMask__C                        
0000d11c  ti_sysbios_heaps_HeapMem_Module__gateObj__C                          
0000d120  ti_sysbios_heaps_HeapMem_Object__count__C                            
0000d124  ti_sysbios_heaps_HeapMem_reqAlign__C                                 
0000d128  ti_sysbios_knl_Clock_Module_State_clockQ__O                          
0000d12c  ti_sysbios_knl_Idle_funcList__A                                      
0000d130  ti_sysbios_knl_Mailbox_Instance_State_dataQue__O                     
0000d134  ti_sysbios_knl_Mailbox_Instance_State_dataSem__O                     
0000d138  ti_sysbios_knl_Mailbox_Instance_State_freeQue__O                     
0000d13c  ti_sysbios_knl_Mailbox_Instance_State_freeSem__O                     
0000d140  ti_sysbios_knl_Mailbox_Object__count__C                              
0000d144  ti_sysbios_knl_Mailbox_maxTypeAlign__C                               
0000d148  ti_sysbios_knl_Semaphore_A_badContext__C                             
0000d14c  ti_sysbios_knl_Semaphore_A_noEvents__C                               
0000d150  ti_sysbios_knl_Semaphore_A_overflow__C                               
0000d154  ti_sysbios_knl_Semaphore_A_pendTaskDisabled__C                       
0000d158  ti_sysbios_knl_Semaphore_Instance_State_pendQ__O                     
0000d15c  ti_sysbios_knl_Semaphore_Module__diagsEnabled__C                     
0000d160  ti_sysbios_knl_Semaphore_Module__diagsIncluded__C                    
0000d164  ti_sysbios_knl_Semaphore_Module__diagsMask__C                        
0000d168  ti_sysbios_knl_Swi_Object__count__C                                  
0000d16c  ti_sysbios_knl_Task_E_spOutOfBounds__C                               
0000d170  ti_sysbios_knl_Task_E_stackOverflow__C                               
0000d174  ti_sysbios_knl_Task_Module_State_inactiveQ__O                        
0000d178  ti_sysbios_knl_Task_Object__count__C                                 
0000d17c  ti_sysbios_knl_Task_allBlockedFunc__C                                
0000d180  ti_sysbios_knl_Task_numConstructedTasks__C                           
0000d184  xdc_runtime_Assert_E_assertFailed__C                                 
0000d188  xdc_runtime_Core_A_initializedParams__C                              
0000d18c  xdc_runtime_Core_Module__diagsEnabled__C                             
0000d190  xdc_runtime_Core_Module__diagsIncluded__C                            
0000d194  xdc_runtime_Core_Module__diagsMask__C                                
0000d198  xdc_runtime_Error_E_memory__C                                        
0000d19c  xdc_runtime_Error_Module__diagsEnabled__C                            
0000d1a0  xdc_runtime_Error_Module__diagsIncluded__C                           
0000d1a4  xdc_runtime_Error_Module__diagsMask__C                               
0000d1a8  xdc_runtime_Error_Module__loggerFxn8__C                              
0000d1ac  xdc_runtime_Error_Module__loggerObj__C                               
0000d1b0  xdc_runtime_Error_policyFxn__C                                       
0000d1b4  xdc_runtime_Error_raiseHook__C                                       
0000d1b8  xdc_runtime_IGateProvider_Interface__BASE__C                         
0000d1bc  xdc_runtime_IHeap_Interface__BASE__C                                 
0000d1c0  xdc_runtime_IModule_Interface__BASE__C                               
0000d1c4  xdc_runtime_Log_L_error__C                                           
0000d1c8  xdc_runtime_Memory_defaultHeapInstance__C                            
0000d1cc  xdc_runtime_Startup_execImpl__C                                      
0000d1d0  xdc_runtime_Startup_lastFxns__A                                      
0000d1d4  xdc_runtime_Startup_maxPasses__C                                     
0000d1d8  xdc_runtime_Startup_sfxnRts__C                                       
0000d1dc  xdc_runtime_Startup_sfxnTab__C                                       
0000d1e0  xdc_runtime_SysMin_bufSize__C                                        
0000d1e4  xdc_runtime_SysMin_outputFunc__C                                     
0000d1e8  xdc_runtime_System_Module__gateObj__C                                
0000d1ec  xdc_runtime_System_abortFxn__C                                       
0000d1f0  xdc_runtime_System_exitFxn__C                                        
0000d1f4  xdc_runtime_System_extendFxn__C                                      
0000d1f8  xdc_runtime_System_maxAtexitHandlers__C                              
0000d1fc  xdc_runtime_Text_charTab__C                                          
0000d200  xdc_runtime_Text_nameEmpty__C                                        
0000d204  xdc_runtime_Text_nameStatic__C                                       
0000d208  xdc_runtime_Text_nameUnknown__C                                      
0000d20c  xdc_runtime_Text_nodeTab__C                                          
0000d210  xdc_runtime_Text_visitRopeFxn__C                                     
0000d214  ti_sysbios_family_arm_lm4_TimestampProvider_useClockTimer__C         
0000d216  ti_sysbios_family_arm_m3_Hwi_Module__id__C                           
0000d218  ti_sysbios_gates_GateMutex_Module__id__C                             
0000d21a  ti_sysbios_hal_Hwi_Module__id__C                                     
0000d21c  ti_sysbios_heaps_HeapMem_Module__id__C                               
0000d21e  ti_sysbios_knl_Semaphore_Module__id__C                               
0000d220  ti_sysbios_knl_Task_Module__id__C                                    
0000d222  xdc_runtime_Core_Module__id__C                                       
0000d224  xdc_runtime_Error_Module__loggerDefined__C                           
0000d226  xdc_runtime_Error_maxDepth__C                                        
0000d228  xdc_runtime_Memory_Module__id__C                                     
0000d22a  xdc_runtime_SysMin_flushAtExit__C                                    
0000d22c  xdc_runtime_Text_charCnt__C                                          
0000d22e  xdc_runtime_Text_isLoaded__C                                         
0000d230  xdc_runtime_Text_registryModsLastId__C                               
0000d232  xdc_runtime_Text_unnamedModsLastId__C                                
0000d238  __TI_static_base__                                                   
0000d4f8  __TI_Handler_Table_Base                                              
0000d504  __TI_Handler_Table_Limit                                             
0000d518  __TI_CINIT_Base                                                      
0000d530  __TI_CINIT_Limit                                                     
20000000  ti_sysbios_family_arm_m3_Hwi_ramVectors                              
20000360  ti_sysbios_knl_Task_Instance_State_0_stack__A                        
20000560  ti_sysbios_knl_Task_Instance_State_1_stack__A                        
20000760  ti_sysbios_knl_Task_Instance_State_2_stack__A                        
20001760  ti_sysbios_knl_Task_Instance_State_3_stack__A                        
20001960  ti_sysbios_knl_Task_Instance_State_4_stack__A                        
20002960  ti_sysbios_knl_Task_Instance_State_5_stack__A                        
20009c68  gADCBuffer                                                           
2000ac68  gWaveformBuffer                                                      
2000b468  ti_sysbios_heaps_HeapMem_Instance_State_0_buf__A                     
2000b868  ti_sysbios_family_arm_m3_Hwi_dispatchTable                           
2000bbc8  __CIOBUF_                                                            
2000bce8  ti_sysbios_knl_Mailbox_Instance_State_0_allocBuf__A                  
2000bde8  xdc_runtime_SysMin_Module_State_0_outbuf__A                          
2000be68  sContext                                                             
2000bea8  parmbuf                                                              
2000beb0  rectFullScreen                                                       
2000bebc  Lcd_ScreenHeigth                                                     
2000bebe  Lcd_ScreenWidth                                                      
2000bec0  Lcd_TouchTrim                                                        
2000bec2  Lcd_FlagRead                                                         
2000bec3  Lcd_FontSolid                                                        
2000bec4  Lcd_Orientation                                                      
2000bec5  Lcd_PenSolid                                                         
2000bec8  Lcd_buffer                                                           
20013ec8  ti_sysbios_knl_Task_Object__table__V                                 
20014090  ti_sysbios_family_arm_lm4_Timer_Object__table__V                     
20014110  ti_sysbios_knl_Swi_Module_State_0_readyQ__A                          
20014190  ti_sysbios_knl_Task_Module_State_0_readyQ__A                         
20014210  ti_sysbios_knl_Mailbox_Object__table__V                              
20014260  ti_sysbios_knl_Semaphore_Object__table__V                            
200142b0  ti_sysbios_family_arm_m3_Hwi_Object__table__V                        
200142f8  ti_sysbios_knl_Task_Module__state__V                                 
2001433c  gButtons                                                             
20014340  gSystemClock                                                         
20014344  gADCBufferIndex                                                      
20014348  gADCErrors                                                           
20014350  gRising                                                              
20014354  gTriggerIdx                                                          
20014358  gVoltageScaleIdx                                                     
2001435c  mode                                                                 
20014360  task_button_latency                                                  
20014368  task_button_missed_deadlines                                         
2001436c  task_waveform_missed_deadlines                                       
20014370  task_button_response_time                                            
20014378  task_waveform_response_time                                          
20014380  ti_sysbios_family_arm_lm4_Timer_Module_State_0_device__A             
200143c0  ti_sysbios_gates_GateMutex_Object__table__V                          
200143f8  ti_sysbios_family_arm_m3_Hwi_Module__state__V                        
2001442c  ti_sysbios_knl_Swi_Object__table__V                                  
2001445c  ti_sysbios_knl_Clock_Module__state__V                                
200144ac  ti_sysbios_BIOS_Module__state__V                                     
200144d0  ti_sysbios_family_arm_lm4_Timer_Module_State_0_handles__A            
200144f0  ti_sysbios_knl_Clock_Object__table__V                                
20014510  ti_sysbios_knl_Swi_Module__state__V                                  
2001452c  ti_sysbios_heaps_HeapMem_Object__table__V                            
20014544  ti_sysbios_family_arm_lm4_Timer_Module__state__V                     
20014550  xdc_runtime_SysMin_Module__state__V                                  
2001455c  _lock                                                                
20014560  _unlock                                                              
20014564  gJoystick                                                            
20014574  ti_sysbios_family_arm_lm4_TimestampProvider_Module__state__V         
2001457c  ti_sysbios_gates_GateHwi_Module__root__V                             
20014584  ti_sysbios_gates_GateMutex_Module__root__V                           
2001458c  ti_sysbios_heaps_HeapMem_Module__root__V                             
20014594  ti_sysbios_knl_Queue_Module__root__V                                 
2001459c  ti_sysbios_knl_Semaphore_Module__root__V                             
200145a4  xdc_runtime_Registry_Module__state__V                                
200145ac  xdc_runtime_Startup_Module__state__V                                 
200145b4  xdc_runtime_System_Module_State_0_atexitHandlers__A                  
200145bc  xdc_runtime_System_Module__state__V                                  
200145c4  errno                                                                
200145c8  main_func_sp                                                         
200145cc  ti_sysbios_family_arm_m3_Hwi_Module_State_0_excContext__A            
200145d0  ti_sysbios_family_arm_m3_Hwi_Module_State_0_excStack__A              
200145d4  ti_sysbios_gates_GateHwi_Object__table__V                            
200145d8  ti_sysbios_knl_Task_Module_State_0_idleTask__A                       
200145dc  xdc_runtime_Memory_Module__state__V                                  
200145e0  ti_sysbios_family_arm_m3_Hwi_Module_State_0_excActive__A             
200145e2  xdc_runtime_Error_Module__state__V                                   
200145e8  __stack                                                              
200148e8  __STACK_END                                                          
e000e000  ti_sysbios_family_arm_m3_Hwi_nvic                                    
ffffffff  __TI_pprof_out_hndl                                                  
ffffffff  __TI_prof_data_size                                                  
ffffffff  __TI_prof_data_start                                                 
ffffffff  __binit__                                                            
ffffffff  __c_args__                                                           
ffffffff  binit                                                                
UNDEFED   SHT$$INIT_ARRAY$$Base                                                
UNDEFED   SHT$$INIT_ARRAY$$Limit                                               

[676 symbols]
